11-18 14:09:25.165   847   847 D ACDB-LOADER: ACDB -> ACDB_CMD_GET_AFE_TOPOLOGIES: size:0x0 ret=-18 
11-18 14:09:25.165   847   847 D ACDB-LOADER: ACDB -> AUDIO_SET_AFE_CUSTOM_TOPOLOGY
11-18 14:09:25.165   847   847 D ACDB-LOADER: ACDB -> send_adm_custom_topology
11-18 14:09:25.165   847   847 D ACDB-LOADER: ACDB -> ACDB_CMD_GET_AUDIO_COPP_TOPOLOGIES
11-18 14:09:25.165   847   847 D ACDB-LOADER: ACDB -> AUDIO_SET_ADM_CUSTOM_TOPOLOGY
11-18 14:09:25.165   847   847 D ACDB-LOADER: ACDB -> send_asm_custom_topology
11-18 14:09:25.165   847   847 D ACDB-LOADER: ACDB -> ACDB_CMD_GET_AUDIO_POPP_TOPOLOGIES
11-18 14:09:25.165   847   847 D ACDB-LOADER: ACDB -> AUDIO_SET_ASM_CUSTOM_TOPOLOGY
11-18 14:09:25.165   847   847 D ACDB-LOADER: ACDB -> send_lsm_custom_topology
11-18 14:09:25.165   847   847 D ACDB-LOADER: ACDB -> ACDB_CMD_GET_LSM_TOPOLOGIES
11-18 14:09:25.165   847   847 D ACDB-LOADER: ACDB -> AUDIO_SET_LSM_CUSTOM_TOPOLOGY
11-18 14:09:25.165   847   847 D ACDB-LOADER: ACDB -> send_meta_info Enter
11-18 14:09:25.165   847   847 E ACDB-LOADER: Fail to allocate memory for metainfo
11-18 14:09:25.165   847   847 D ACDB-LOADER: ACDB -> send_meta_info failed
11-18 14:09:25.165   847   847 D ACDB-LOADER: ACDB -> init done!
11-18 14:09:25.165   847   847 D msm8974_platform: ACDB initialized
11-18 14:09:25.165   847   847 D msm8974_platform: hw_util_open Opening device /dev/snd/hwC0D1000
11-18 14:09:25.165   847   847 D msm8974_platform: hw_util_open success
11-18 14:09:25.165   847   847 D ACDB-LOADER: ACDB -> ACDB_CMD_GET_ANC_SETTING
11-18 14:09:25.165   847   847 D anc_map : convert_anc_acdb_to_reg:enter, inut size  2
11-18 14:09:25.165   847   847 D anc_map : Setwcd9xxxANC_IIRCoeffs:enter
11-18 14:09:25.165   847   847 D anc_map : Setwcd9xxxANC_IIRCoeffs:leave
11-18 14:09:25.165   847   847 D anc_map : Setwcd9xxxANC_IIRCoeffs:enter
11-18 14:09:25.165   847   847 D anc_map : Setwcd9xxxANC_IIRCoeffs:leave
11-18 14:09:25.165   847   847 D anc_map : convert_anc_acdb_to_reg:leave
11-18 14:09:25.165   847   847 D ACDB-LOADER: ACDB -> ACDB_CMD_GET_ANC_SETTING
11-18 14:09:25.166   847   847 D anc_map : convert_anc_acdb_to_reg:enter, inut size  2
11-18 14:09:25.166   847   847 D anc_map : Setwcd9xxxANC_IIRCoeffs:enter
11-18 14:09:25.166   847   847 D anc_map : Setwcd9xxxANC_IIRCoeffs:leave
11-18 14:09:25.166   847   847 D anc_map : Setwcd9xxxANC_IIRCoeffs:enter
11-18 14:09:25.166   847   847 D anc_map : Setwcd9xxxANC_IIRCoeffs:leave
11-18 14:09:25.166   847   847 D anc_map : convert_anc_acdb_to_reg:leave
11-18 14:09:25.166   847   847 D ACDB-LOADER: ACDB -> ACDB_CMD_GET_ANC_SETTING
11-18 14:09:25.166   847   847 D anc_map : convert_anc_acdb_to_reg:enter, inut size  2
11-18 14:09:25.166   847   847 D anc_map : Setwcd9xxxANC_IIRCoeffs:enter
11-18 14:09:25.166   847   847 D anc_map : Setwcd9xxxANC_IIRCoeffs:leave
11-18 14:09:25.166   847   847 D anc_map : Setwcd9xxxANC_IIRCoeffs:enter
11-18 14:09:25.166   847   847 D anc_map : Setwcd9xxxANC_IIRCoeffs:leave
11-18 14:09:25.166   847   847 D anc_map : convert_anc_acdb_to_reg:leave
11-18 14:09:25.166   847   847 D ACDB-LOADER: ACDB -> ACDB_CMD_GET_ANC_SETTING
11-18 14:09:25.166   847   847 D anc_map : convert_anc_acdb_to_reg:enter, inut size  2
11-18 14:09:25.166   847   847 D anc_map : Setwcd9xxxANC_IIRCoeffs:enter
11-18 14:09:25.166   847   847 D anc_map : Setwcd9xxxANC_IIRCoeffs:leave
11-18 14:09:25.166   847   847 D anc_map : Setwcd9xxxANC_IIRCoeffs:enter
11-18 14:09:25.166   847   847 D anc_map : Setwcd9xxxANC_IIRCoeffs:leave
11-18 14:09:25.166   847   847 D anc_map : convert_anc_acdb_to_reg:leave
11-18 14:09:25.166   847   847 D ACDB-LOADER: ACDB -> ACDB_CMD_GET_ANC_SETTING
11-18 14:09:25.166   847   847 D anc_map : convert_anc_acdb_to_reg:enter, inut size  2
11-18 14:09:25.166   847   847 D anc_map : Setwcd9xxxANC_IIRCoeffs:enter
11-18 14:09:25.166   847   847 D anc_map : Setwcd9xxxANC_IIRCoeffs:leave
11-18 14:09:25.166   847   847 D anc_map : Setwcd9xxxANC_IIRCoeffs:enter
11-18 14:09:25.166   847   847 D anc_map : Setwcd9xxxANC_IIRCoeffs:leave
11-18 14:09:25.166   847   847 D anc_map : convert_anc_acdb_to_reg:leave
11-18 14:09:25.166   847   847 D ACDB-LOADER: ACDB -> ACDB_CMD_GET_ANC_SETTING
11-18 14:09:25.166   847   847 D anc_map : convert_anc_acdb_to_reg:enter, inut size  2
11-18 14:09:25.166   847   847 D anc_map : Setwcd9xxxANC_IIRCoeffs:enter
11-18 14:09:25.166   847   847 D anc_map : Setwcd9xxxANC_IIRCoeffs:leave
11-18 14:09:25.166   847   847 D anc_map : Setwcd9xxxANC_IIRCoeffs:enter
11-18 14:09:25.166   847   847 D anc_map : Setwcd9xxxANC_IIRCoeffs:leave
11-18 14:09:25.167   847   847 D anc_map : convert_anc_acdb_to_reg:leave
11-18 14:09:25.167   847   847 D ACDB-LOADER: ACDB -> ACDB_CMD_GET_ANC_SETTING
11-18 14:09:25.167   847   847 D anc_map : convert_anc_acdb_to_reg:enter, inut size  2
11-18 14:09:25.167   847   847 D anc_map : Setwcd9xxxANC_IIRCoeffs:enter
11-18 14:09:25.167   847   847 D anc_map : Setwcd9xxxANC_IIRCoeffs:leave
11-18 14:09:25.167   847   847 D anc_map : Setwcd9xxxANC_IIRCoeffs:enter
11-18 14:09:25.167   847   847 D anc_map : Setwcd9xxxANC_IIRCoeffs:leave
11-18 14:09:25.167   847   847 D anc_map : convert_anc_acdb_to_reg:leave
11-18 14:09:25.167   847   847 D ACDB-LOADER: ACDB -> ACDB_CMD_GET_ANC_SETTING
11-18 14:09:25.167   847   847 D anc_map : convert_anc_acdb_to_reg:enter, inut size  2
11-18 14:09:25.167   847   847 D anc_map : Setwcd9xxxANC_IIRCoeffs:enter
11-18 14:09:25.167   847   847 D anc_map : Setwcd9xxxANC_IIRCoeffs:leave
11-18 14:09:25.167   847   847 D anc_map : Setwcd9xxxANC_IIRCoeffs:enter
11-18 14:09:25.167   847   847 D anc_map : Setwcd9xxxANC_IIRCoeffs:leave
11-18 14:09:25.167   847   847 D anc_map : convert_anc_acdb_to_reg:leave
11-18 14:09:25.167   847   847 D ACDB-LOADER: ACDB -> ACDB_CMD_GET_ANC_SETTING
11-18 14:09:25.167   847   847 D anc_map : convert_anc_acdb_to_reg:enter, inut size  2
11-18 14:09:25.167   847   847 D anc_map : Setwcd9xxxANC_IIRCoeffs:enter
11-18 14:09:25.167   847   847 D anc_map : Setwcd9xxxANC_IIRCoeffs:leave
11-18 14:09:25.167   847   847 D anc_map : Setwcd9xxxANC_IIRCoeffs:enter
11-18 14:09:25.167   847   847 D anc_map : Setwcd9xxxANC_IIRCoeffs:leave
11-18 14:09:25.167   847   847 D anc_map : convert_anc_acdb_to_reg:leave
11-18 14:09:25.167   847   847 D msm8974_platform: send_codec_cal: anc_cal cal sent successfully
11-18 14:09:25.167   847   847 D ACDB-LOADER: send mbhc data
11-18 14:09:25.167   847   847 D ACDB-LOADER: ACDB -> MBHC ACDB_PID_GENERAL_CONFIG
11-18 14:09:25.167   847   847 D ACDB-LOADER: ACDB -> MBHC ACDB_PID_PLUG_REMOVAL_DETECTION
11-18 14:09:25.167   847   847 D ACDB-LOADER: ACDB -> MBHC ACDB_PID_PLUG_TYPE_DETECTION
11-18 14:09:25.167   847   847 D ACDB-LOADER: ACDB -> MBHC ACDB_PID_BUTTON_PRESS_DETECTION
11-18 14:09:25.167   847   847 D ACDB-LOADER: ACDB -> MBHC ACDB_PID_IMPEDANCE_DETECTION
11-18 14:09:25.167   847   847 D msm8974_platform: send_codec_cal: mbhc_cal cal sent successfully
11-18 14:09:25.167   847   847 D ACDB-LOADER: send vbat data
11-18 14:09:25.168   847   847 D ACDB-LOADER: ACDB -> VBAT ACDB_PID_ADC_CAL
11-18 14:09:25.168   847   847 D ACDB-LOADER: ACDB -> VBAT ACDB_PID_GAIN_PROC
11-18 14:09:25.168   847   847 D ACDB-LOADER: send vbat data, calling convert_vbat_data
11-18 14:09:25.168   847   847 D ACDB-LOADER: copied vbat cal size =72
11-18 14:09:25.168   847   847 D msm8974_platform: send_codec_cal: vbat_cal cal sent successfully
11-18 14:09:25.180   847   847 D msm8974_platform: platform_set_native_support: na_props.platform_na_prop_enabled: 1
11-18 14:09:25.180   847   847 D msm8974_platform: platform_set_snd_device_backend: backend_tag_table[headphones]: old = headphones new = headphones
11-18 14:09:25.180   847   847 D msm8974_platform: platform_set_snd_device_backend: hw_interface_table[8] = SLIMBUS_6_RX
11-18 14:09:25.180   847   847 D msm8974_platform: platform_set_snd_device_backend: backend_tag_table[anc-headphones]: old = null new = anc-headphones
11-18 14:09:25.180   847   847 D msm8974_platform: platform_set_snd_device_backend: hw_interface_table[31] = SLIMBUS_6_RX
11-18 14:09:25.180   847   847 D msm8974_platform: platform_set_snd_device_backend: backend_tag_table[line]: old = null new = headphones
11-18 14:09:25.180   847   847 D msm8974_platform: platform_set_snd_device_backend: hw_interface_table[7] = SLIMBUS_6_RX
11-18 14:09:25.180   847   847 D msm8974_platform: platform_set_snd_device_backend: backend_tag_table[speaker-and-headphones]: old = speaker-and-headphones new = speaker-and-headphones
11-18 14:09:25.180   847   847 D msm8974_platform: platform_set_snd_device_backend: hw_interface_table[10] = SLIMBUS_0_RX-and-SLIMBUS_6_RX
11-18 14:09:25.180   847   847 D msm8974_platform: platform_set_snd_device_backend: backend_tag_table[speaker-and-anc-headphones]: old = null new = speaker-and-anc-headphones
11-18 14:09:25.181   847   847 D msm8974_platform: platform_set_snd_device_backend: hw_interface_table[35] = SLIMBUS_0_RX-and-SLIMBUS_6_RX
11-18 14:09:25.181   847   847 D msm8974_platform: platform_set_snd_device_backend: backend_tag_table[speaker-and-line]: old = null new = speaker-and-headphones
11-18 14:09:25.181   847   847 D msm8974_platform: platform_set_snd_device_backend: hw_interface_table[11] = SLIMBUS_0_RX-and-SLIMBUS_6_RX
11-18 14:09:25.181   847   847 D msm8974_platform: platform_set_snd_device_backend: backend_tag_table[voice-headphones]: old = null new = headphones
11-18 14:09:25.181   847   847 D msm8974_platform: platform_set_snd_device_backend: hw_interface_table[17] = SLIMBUS_6_RX
11-18 14:09:25.181   847   847 D msm8974_platform: platform_set_snd_device_backend: backend_tag_table[voice-anc-headphones]: old = null new = voice-anc-headphones
11-18 14:09:25.181   847   847 D msm8974_platform: platform_set_snd_device_backend: hw_interface_table[33] = SLIMBUS_6_RX
11-18 14:09:25.181   847   847 D msm8974_platform: platform_set_snd_device_backend: backend_tag_table[voice-line]: old = null new = headphones
11-18 14:09:25.181   847   847 D msm8974_platform: platform_set_snd_device_backend: hw_interface_table[18] = SLIMBUS_6_RX
11-18 14:09:25.181   847   847 D msm8974_platform: platform_set_snd_device_backend: backend_tag_table[voice-tty-full-headphones]: old = null new = headphones
11-18 14:09:25.181   847   847 D msm8974_platform: platform_set_snd_device_backend: hw_interface_table[23] = SLIMBUS_6_RX
11-18 14:09:25.181   847   847 D msm8974_platform: platform_set_snd_device_backend: backend_tag_table[voice-tty-vco-headphones]: old = null new = headphones
11-18 14:09:25.181   847   847 D msm8974_platform: platform_set_snd_device_backend: hw_interface_table[24] = SLIMBUS_6_RX
11-18 14:09:25.183   847   847 D audio_hw_ssr: audio_extn_ssr_update_enabled: surround sound recording is not supported
11-18 14:09:25.183   847   847 D audio_hw_spkr_prot: audio_extn_spkr_prot_init: Initialize speaker protection module
11-18 14:09:25.183   847   847 D audio_hw_spkr_prot: audio_extn_spkr_prot_init: Speaker protection disabled
11-18 14:09:25.183   847   847 E DAP_HAL : dap_hal_set_hw_info: dmid=0
11-18 14:09:25.183   847   847 E DAP_HAL :  key 00x
11-18 14:09:25.193   847   847 I soundtrigger: audio_extn_sound_trigger_init: Enter
11-18 14:09:25.194   847   847 I soundtrigger: audio_extn_sound_trigger_init: DLOPEN successful for /system/vendor/lib/hw/sound_trigger.primary.msm8996.so
11-18 14:09:25.198   847   847 E audio_hw_extn: audio_extn_perf_lock_init: Perf lock handles Success 
11-18 14:09:25.198   847   847 I AudioFlinger: loadHwModule() Loaded primary audio interface from QCOM Audio HAL (audio) handle 1
11-18 14:09:25.198   847   847 D audio_hw_primary: adev_open_output_stream: enter: sample_rate(48000) channel_mask(0x3) devices(0x2) flags(0x6)        stream_handle(0xf4803380)
11-18 14:09:25.198   847   847 D audio_hw_primary: adev_open_output_stream: Stream (0xf4803380) picks up usecase (low-latency-playback)
11-18 14:09:25.199   847   847 I AudioFlinger: AudioStreamOut::open(), mHalFormatIsLinearPcm = 1
11-18 14:09:25.199   847   847 I AudioFlinger: HAL output buffer size 192 frames, normal sink buffer size 960 frames
11-18 14:09:25.214   847  1729 D aud_dev_arbi: runSocketThread: entered
11-18 14:09:25.225   847   847 W EffectsFactory: Error querying effect 7d1580bd-297f-4683-9239-e475b6d1d69f on lib offload_bundle
11-18 14:09:25.225   847   847 I BufferProvider: found effect "Multichannel Downmix To Stereo" from The Android Open Source Project
11-18 14:09:25.226   847   847 E MonoPipe: Failed to fetch local time frequency when constructing a MonoPipe (res = -32).  getNextWriteTimestamp calls will be non-functional
11-18 14:09:25.226   847   847 I AudioFlinger: Using module 1 has the primary audio interface
11-18 14:09:25.226   847   847 D APM::AudioPolicyManager: setOutputDevice() device 0002 delayMs 0
11-18 14:09:25.226   847  1733 I AudioFlinger: AudioFlinger's thread 0xf3bc0000 ready to run
11-18 14:09:25.226   847  1733 V SRS_Proc: ParamSet string: bluetooth_enabled=0
11-18 14:09:25.226   847  1733 V SRS_ProcWS: SRS_Processing - SourceOutAdd - No Available Slot for 0xf3bc0000
11-18 14:09:25.226   847  1733 D audio_hw_primary: out_set_parameters: enter: usecase(1: low-latency-playback) kvpairs: routing=2
11-18 14:09:25.227   847  1733 D audio_hw_extn: audio_extn_set_anc_parameters: anc_enabled:0
11-18 14:09:25.227   847  1733 D audio_hw_spkr_prot: audio_extn_fbsp_set_parameters: Speaker protection disabled
11-18 14:09:25.227   847  1733 D audio_hw_primary: out_standby: enter: stream (0xf4803380) usecase(1: low-latency-playback)
11-18 14:09:25.227   847  1733 E AudioFlinger: no wake lock to update!
11-18 14:09:25.228   847   847 D audio_hw_primary: adev_open_output_stream: enter: sample_rate(48000) channel_mask(0x3) devices(0x2) flags(0x104)        stream_handle(0xf4803500)
11-18 14:09:25.228   847   847 D audio_hw_primary: adev_open_output_stream: Stream (0xf4803500) picks up usecase (audio-ull-playback)
11-18 14:09:25.228   847   847 I AudioFlinger: AudioStreamOut::open(), mHalFormatIsLinearPcm = 1
11-18 14:09:25.228   847   847 I AudioFlinger: HAL output buffer size 192 frames, normal sink buffer size 960 frames
11-18 14:09:25.228   847   847 D APM::AudioPolicyManager: setOutputDevice() device 0002 delayMs 0
11-18 14:09:25.234   847  1736 I AudioFlinger: AudioFlinger's thread 0xf37c0000 ready to run
11-18 14:09:25.235   847  1736 V SRS_Proc: ParamSet string: bluetooth_enabled=0
11-18 14:09:25.235   847  1736 V SRS_ProcWS: SRS_Processing - SourceOutAdd - No Available Slot for 0xf37c0000
11-18 14:09:25.235   847  1736 D audio_hw_primary: out_set_parameters: enter: usecase(12: audio-ull-playback) kvpairs: routing=2
11-18 14:09:25.254   847  1736 D audio_hw_primary: out_standby: enter: stream (0xf4803500) usecase(12: audio-ull-playback)
11-18 14:09:25.255   847  1736 E AudioFlinger: no wake lock to update!
11-18 14:09:25.255   847   847 D audio_hw_primary: adev_open_output_stream: enter: sample_rate(48000) channel_mask(0x3) devices(0x2) flags(0x8)        stream_handle(0xf4803680)
11-18 14:09:25.255   847   847 D audio_hw_primary: adev_open_output_stream: Stream (0xf4803680) picks up usecase (deep-buffer-playback)
11-18 14:09:25.255   847   847 I AudioFlinger: AudioStreamOut::open(), mHalFormatIsLinearPcm = 1
11-18 14:09:25.255   847   847 I AudioFlinger: HAL output buffer size 960 frames, normal sink buffer size 960 frames
11-18 14:09:25.256   847   847 D APM::AudioPolicyManager: setOutputDevice() device 0002 delayMs 0
11-18 14:09:25.264   847  1738 I AudioFlinger: AudioFlinger's thread 0xf34c0000 ready to run
11-18 14:09:25.264   847  1738 V SRS_Proc: ParamSet string: bluetooth_enabled=0
11-18 14:09:25.264   847  1738 V SRS_ProcWS: SRS_Processing - SourceOutAdd - No Available Slot for 0xf34c0000
11-18 14:09:25.264   847  1738 D audio_hw_primary: out_set_parameters: enter: usecase(0: deep-buffer-playback) kvpairs: routing=2
11-18 14:09:25.264   847  1738 D audio_hw_primary: out_standby: enter: stream (0xf4803680) usecase(0: deep-buffer-playback)
11-18 14:09:25.265   847  1738 E AudioFlinger: no wake lock to update!
11-18 14:09:25.265   847   847 D audio_hw_primary: adev_open_output_stream: enter: sample_rate(48000) channel_mask(0x3) devices(0x10000) flags(0)        stream_handle(0xf4803800)
11-18 14:09:25.265   847   847 D audio_hw_primary: adev_open_output_stream: Stream (0xf4803800) picks up usecase (afe-proxy-playback)
11-18 14:09:25.265   847   847 I AudioFlinger: AudioStreamOut::open(), mHalFormatIsLinearPcm = 1
11-18 14:09:25.265   847   847 I AudioFlinger: HAL output buffer size 768 frames, normal sink buffer size 1152 frames
11-18 14:09:25.266   847   847 D APM::AudioPolicyManager: setOutputDevice() device 10000 delayMs 0
11-18 14:09:25.272   847  1741 I AudioFlinger: AudioFlinger's thread 0xf3340000 ready to run
11-18 14:09:25.272   847  1741 V SRS_Proc: ParamSet string: bluetooth_enabled=0
11-18 14:09:25.272   847  1741 V SRS_ProcWS: SRS_Processing - SourceOutAdd - No Available Slot for 0xf3340000
11-18 14:09:25.272   847  1741 D audio_hw_primary: out_set_parameters: enter: usecase(38: afe-proxy-playback) kvpairs: routing=65536
11-18 14:09:25.272   847  1741 D audio_hw_primary: out_standby: enter: stream (0xf4803800) usecase(38: afe-proxy-playback)
11-18 14:09:25.273   847   847 D audio_hw_primary: adev_open_input_stream: enter: sample_rate(48000) channel_mask(0xc) devices(0x80002000)        stream_handle(0xf47f0a80) io_handle(10) source(1)
11-18 14:09:25.274   847   847 D AudioFlinger: ThreadBase::setParameters() AppRecTy=-1
11-18 14:09:25.274   847  1741 E AudioFlinger: no wake lock to update!
11-18 14:09:25.278   847  1745 I AudioFlinger: AudioFlinger's thread 0xf3000000 ready to run
11-18 14:09:25.278   847  1745 D audio_hw_primary: in_standby: enter: stream (0xf47f0a80) usecase(16: audio-record)
11-18 14:09:25.278   847  1745 D audio_hw_primary: in_set_parameters: enter: kvpairs=AppRecTy=-1
11-18 14:09:25.278   847  1745 I audio_hw_primary: APP RECODER TYPE:-1
11-18 14:09:25.279   847  1745 D audio_hw_primary: in_standby: enter: stream (0xf47f0a80) usecase(16: audio-record)
11-18 14:09:25.279   847   847 D audio_hw_primary: adev_close_input_stream: enter:stream_handle(0xf47f0a80)
11-18 14:09:25.279   847   847 D audio_hw_primary: in_standby: enter: stream (0xf47f0a80) usecase(16: audio-record)
11-18 14:09:25.279   847   847 D audio_hw_primary: adev_open_input_stream: enter: sample_rate(48000) channel_mask(0xfc) devices(0x80000004)        stream_handle(0xf47f0a80) io_handle(11) source(1)
11-18 14:09:25.280   847   847 D AudioFlinger: ThreadBase::setParameters() AppRecTy=-1
11-18 14:09:25.280   847  1746 I AudioFlinger: AudioFlinger's thread 0xf2e80000 ready to run
11-18 14:09:25.281   847  1746 D audio_hw_primary: in_standby: enter: stream (0xf47f0a80) usecase(16: audio-record)
11-18 14:09:25.281   847  1746 D audio_hw_primary: in_set_parameters: enter: kvpairs=AppRecTy=-1
11-18 14:09:25.281   847  1746 I audio_hw_primary: APP RECODER TYPE:-1
11-18 14:09:25.281   847  1746 D audio_hw_primary: in_standby: enter: stream (0xf47f0a80) usecase(16: audio-record)
11-18 14:09:25.281   847   847 D audio_hw_primary: adev_close_input_stream: enter:stream_handle(0xf47f0a80)
11-18 14:09:25.281   847   847 D audio_hw_primary: in_standby: enter: stream (0xf47f0a80) usecase(16: audio-record)
11-18 14:09:25.281   847   847 D audio_hw_primary: adev_open_input_stream: enter: sample_rate(48000) channel_mask(0xc) devices(0x80000040)        stream_handle(0xf47f0a80) io_handle(12) source(1)
11-18 14:09:25.281   847   847 D audio_hw_primary: adev_open_input_stream: enter: sample_rate(48000) channel_mask(0xc) devices(0x80000040)        stream_handle(0xf47f0a80) io_handle(12) source(1)
11-18 14:09:25.281   847   847 W APM::AudioPolicyManager: Cannot open input stream for device 80000040 on hw module primary
11-18 14:09:25.286   847   847 I bt_a2dp_hw: adev_open:  adev_open in A2dp_hw module
11-18 14:09:25.286   847   847 I AudioFlinger: loadHwModule() Loaded a2dp audio interface from A2DP Audio HW HAL (audio) handle 13
11-18 14:09:25.290   847   847 I AudioFlinger: loadHwModule() Loaded usb audio interface from USB audio HW HAL (audio) handle 14
11-18 14:09:25.292   847   847 I r_submix: adev_open(name=audio_hw_if)
11-18 14:09:25.292   847   847 I r_submix: adev_init_check()
11-18 14:09:25.292   847   847 I AudioFlinger: loadHwModule() Loaded r_submix audio interface from Wifi Display audio HAL (audio) handle 15
11-18 14:09:25.292   847   847 D r_submix: adev_open_input_stream(addr=0)
11-18 14:09:25.292   847   847 D r_submix: submix_audio_device_create_pipe_l(addr=0, idx=9)
11-18 14:09:25.292   847   847 D r_submix:   now using address 0 for route 9
11-18 14:09:25.292   847   847 D AudioFlinger: ThreadBase::setParameters() AppRecTy=-1
11-18 14:09:25.299   847  1749 I AudioFlinger: AudioFlinger's thread 0xf2e80000 ready to run
11-18 14:09:25.300   847  1749 I r_submix: in_standby()
11-18 14:09:25.300   847  1749 I r_submix: in_standby()
11-18 14:09:25.300   847   847 D r_submix: adev_close_input_stream()
11-18 14:09:25.300   847   847 D r_submix: submix_audio_device_release_pipe_l(idx=9) addr=0
11-18 14:09:25.300   847   847 D r_submix: submix_audio_device_destroy_pipe_l(): pipe destroyed
11-18 14:09:25.300   847   847 I AudioPolicyManagerCustom: removing AUDIO_CHANNEL_IN_5POINT1 from input profile as SSR(surround sound record) is not supported on this chipset variant
11-18 14:09:25.301   847   847 D mediaserver: mediaserver AudioPolicyService init need time 581 ms
11-18 14:09:25.302   847   847 D sound_trigger_hw: stdev_open: Enter
11-18 14:09:25.302   847   847 I sound_trigger_platform: platform_stdev_init: Enter
11-18 14:09:25.620   847   847 E audio_route: Control 'CPE AFE MAD Enable' doesn't exist - skipping
11-18 14:09:25.621   847   847 E audio_route: Control 'CPE AFE MAD Enable' doesn't exist - skipping
11-18 14:09:25.621   847   847 E audio_route: Control 'CPE AFE MAD Enable' doesn't exist - skipping
11-18 14:09:25.633   847   847 I sound_trigger_platform: platform_stdev_init: acdb_init: msm8996-tasha-mtp-snd-card
11-18 14:09:25.634   847   847 D ACDB-LOADER: ACDB -> already initialized, exit
11-18 14:09:25.634   847   847 D sound_trigger_platform: platform_stdev_init Opening device /dev/snd/hwC0D1000
11-18 14:09:25.634   847   847 D sound_trigger_platform: get_codec_version: codec version WCD9335_2_0
11-18 14:09:25.634   847   847 I sound_trigger_hw: stdev_get_properties
11-18 14:09:25.634   847   847 I SoundTriggerHwService: loaded default module Sound Trigger HAL, handle 1
11-18 14:09:25.635   847   847 D mediaserver: mediaserver SoundTriggerHwService init need time 333 ms
11-18 14:09:25.635   847   847 I RadioService: RadioService
11-18 14:09:25.635   847   847 I RadioService: onFirstRef
11-18 14:09:25.635   847   847 E RadioService: couldn't load radio module radio.primary (No such file or directory)
11-18 14:09:25.636   847   847 D mediaserver: mediaserver RadioService and ListenService init need time 0 ms
11-18 14:09:25.636   847   847 D mediaserver: mediaserver complete init need time 6606 ms
11-18 14:09:25.883   914  1044 E slim_daemon: [NDK] bindNDKSensors: Sensor server is unavailable.
11-18 14:09:26.883   914  1044 E slim_daemon: [NDK] bindNDKSensors: Sensor server is unavailable.
11-18 14:09:27.527   868   868 I ServiceManager: Waiting for service AtCmdFwd...
11-18 14:09:27.883   914  1044 E slim_daemon: [NDK] bindNDKSensors: Sensor server is unavailable.
11-18 14:09:28.528   868   868 I ServiceManager: Waiting for service AtCmdFwd...
11-18 14:09:28.879   862   862 I chatty  : uid=0(root) main expire 58 lines
11-18 14:09:28.884   914  1044 E slim_daemon: [NDK] bindNDKSensors: Sensor server is unavailable.
11-18 14:09:28.961  1792  1792 I chatty  : uid=0(root) expire 4 lines
11-18 14:09:29.528   868   868 I ServiceManager: Waiting for service AtCmdFwd...
11-18 14:09:29.884   914  1044 E slim_daemon: [NDK] bindNDKSensors: Sensor server is unavailable.
11-18 14:09:29.998  1792  1794 I chatty  : uid=0(root) expire 4 lines
11-18 14:09:29.999  1792  1796 I chatty  : uid=0(root) expire 17 lines
11-18 14:09:29.999  1792  1794 I chatty  : uid=0(root) expire 28 lines
11-18 14:09:30.000  1792  1792 I chatty  : uid=0(root) expire 34 lines
11-18 14:09:30.000  1792  1795 I chatty  : uid=0(root) expire 9 lines
11-18 14:09:30.180   532   532 I chatty  : uid=0(root) /system/bin/oemlogkit expire 11 lines
11-18 14:09:30.528   868   868 I ServiceManager: Waiting for service AtCmdFwd...
11-18 14:09:30.885   914  1044 E slim_daemon: [NDK] bindNDKSensors: Sensor server is unavailable.
11-18 14:09:31.529   868   868 I ServiceManager: Waiting for service AtCmdFwd...
11-18 14:09:31.885   914  1044 E slim_daemon: [NDK] bindNDKSensors: Sensor server is unavailable.
11-18 14:09:32.529   868   868 W Atfwd_Sendcmd: AtCmdFwd service not published, waiting... retryCnt : 2
11-18 14:09:32.886   914  1044 E slim_daemon: [NDK] bindNDKSensors: Sensor server is unavailable.
11-18 14:09:33.886   914  1044 E slim_daemon: [NDK] bindNDKSensors: Sensor server is unavailable.
11-18 14:09:34.887   914  1044 E slim_daemon: [NDK] bindNDKSensors: Sensor server is unavailable.
11-18 14:09:35.312  1437  1462 I chatty  : uid=0(root) expire 11 lines
11-18 14:09:35.313  1437  1437 I chatty  : uid=0(root) expire 7 lines
11-18 14:09:35.313  1437  1460 I chatty  : uid=0(root) expire 4 lines
11-18 14:09:35.313  1437  1461 I chatty  : uid=0(root) expire 6 lines
11-18 14:09:35.887   914  1044 E slim_daemon: [NDK] bindNDKSensors: Sensor server is unavailable.
11-18 14:09:36.888   914  1044 E slim_daemon: [NDK] bindNDKSensors: Sensor server is unavailable.
11-18 14:09:37.888   914  1044 E slim_daemon: [NDK] bindNDKSensors: Sensor server is unavailable.
11-18 14:09:38.888   914  1044 E slim_daemon: [NDK] bindNDKSensors: Sensor server is unavailable.
11-18 14:09:38.945   861   861 I chatty  : uid=0(root) expire 11 lines
11-18 14:09:39.008  1801  1801 I chatty  : uid=0(root) expire 2 lines
11-18 14:09:39.431  1810  1810 D idmap   : error: no read access to /vendor/overlay: No such file or directory
11-18 14:09:39.530  1811  1811 I chatty  : uid=0(root) expire 2 lines
11-18 14:09:39.665  1816  1816 I chatty  : uid=0(root) expire 2 lines
11-18 14:09:39.889   914  1044 E slim_daemon: [NDK] bindNDKSensors: Sensor server is unavailable.
11-18 14:09:40.889   914  1044 E slim_daemon: [NDK] bindNDKSensors: Sensor server is unavailable.
11-18 14:09:41.183   532   532 I chatty  : uid=0(root) /system/bin/oemlogkit expire 11 lines
11-18 14:09:41.430  1821  1821 I chatty  : uid=0(root) expire 2 lines
11-18 14:09:41.890   914  1044 E slim_daemon: [NDK] bindNDKSensors: Sensor server is unavailable.
11-18 14:09:41.936  1826  1826 I chatty  : uid=0(root) expire 2 lines
11-18 14:09:42.530   868   868 I ServiceManager: Waiting for service AtCmdFwd...
11-18 14:09:42.652  1831  1831 I chatty  : uid=0(root) expire 2 lines
11-18 14:09:42.890   914  1044 E slim_daemon: [NDK] bindNDKSensors: Sensor server is unavailable.
11-18 14:09:43.099  1831  1834 I chatty  : uid=0(root) expire 3 lines
11-18 14:09:43.530   868   868 I ServiceManager: Waiting for service AtCmdFwd...
11-18 14:09:43.891   914  1044 E slim_daemon: [NDK] bindNDKSensors: Sensor server is unavailable.
11-18 14:09:44.530   868   868 I ServiceManager: Waiting for service AtCmdFwd...
11-18 14:09:44.855   598   663 I chatty  : uid=0(root) /system/bin/sensors.qcom expire 2 lines
11-18 14:09:44.862   598   704 I chatty  : uid=0(root) /system/bin/sensors.qcom expire 2 lines
11-18 14:09:44.863   598   706 I chatty  : uid=0(root) /system/bin/sensors.qcom expire 2 lines
11-18 14:09:44.863   598   708 I chatty  : uid=0(root) /system/bin/sensors.qcom expire 2 lines
11-18 14:09:44.891   914  1044 E slim_daemon: [NDK] bindNDKSensors: Sensor server is unavailable.
11-18 14:09:45.534   868   868 I ServiceManager: Waiting for service AtCmdFwd...
11-18 14:09:45.891   914  1044 E slim_daemon: [NDK] bindNDKSensors: Sensor server is unavailable.
11-18 14:09:46.534   868   868 I ServiceManager: Waiting for service AtCmdFwd...
11-18 14:09:46.892   914  1044 E slim_daemon: [NDK] bindNDKSensors: Sensor server is unavailable.
11-18 14:09:47.534   868   868 W Atfwd_Sendcmd: AtCmdFwd service not published, waiting... retryCnt : 3
11-18 14:09:47.892   914  1044 E slim_daemon: [NDK] bindNDKSensors: Sensor server is unavailable.
11-18 14:09:48.893   914  1044 E slim_daemon: [NDK] bindNDKSensors: Sensor server is unavailable.
11-18 14:09:49.893   914  1044 E slim_daemon: [NDK] bindNDKSensors: Sensor server is unavailable.
11-18 14:09:50.069  1831  1835 I chatty  : uid=0(root) expire 2 lines
11-18 14:09:50.576  1831  1833 I chatty  : uid=0(root) expire 1 line
11-18 14:09:50.893   914  1044 E slim_daemon: [NDK] bindNDKSensors: Sensor server is unavailable.
11-18 14:09:51.816  1792  1792 I chatty  : uid=0(root) expire 11 lines
11-18 14:09:51.816  1792  1796 I chatty  : uid=0(root) expire 11 lines
11-18 14:09:51.819  1792  1794 I chatty  : uid=0(root) expire 1 line
11-18 14:09:51.894   914  1044 E slim_daemon: [NDK] bindNDKSensors: Sensor server is unavailable.
11-18 14:09:52.189   532   532 I chatty  : uid=0(root) /system/bin/oemlogkit expire 4 lines
11-18 14:09:52.894   914  1044 E slim_daemon: [NDK] bindNDKSensors: Sensor server is unavailable.
11-18 14:09:53.142   861   861 I chatty  : uid=0(root) expire 41 lines
11-18 14:09:53.196  1840  1840 I chatty  : uid=0(root) expire 2 lines
11-18 14:09:53.790   865   891 E QC-QMI  : qmi_client [865]: unable to bind to client socket, rc = -1 errno[13:Permission denied]
11-18 14:09:53.790   865   891 E QC-QMI  : qmi_qmux_if_pwr_up_init_ex:  Initialization failed, rc = -1
11-18 14:09:53.791   865   891 E QMI_FW  : QMUXD: WARNING qmi_qmux_if_pwr_up_init failed! rc=-1
11-18 14:09:53.791   865   891 E QC-QMI  : qmi_client [865]: unable to bind to client socket, rc = -1 errno[13:Permission denied]
11-18 14:09:53.791   865   891 E QC-QMI  : qmi_qmux_if_pwr_up_init_ex:  Initialization failed, rc = -1
11-18 14:09:53.791   865   891 E QMI_FW  : QMUXD: WARNING qmi_qmux_if_pwr_up_init failed! rc=-1
11-18 14:09:53.791   865   891 E QC-QMI  : qmi_client [865]: unable to bind to client socket, rc = -1 errno[13:Permission denied]
11-18 14:09:53.791   865   891 E QC-QMI  : qmi_qmux_if_pwr_up_init_ex:  Initialization failed, rc = -1
11-18 14:09:53.791   865   891 E QMI_FW  : QMUXD: WARNING qmi_qmux_if_pwr_up_init failed! rc=-1
11-18 14:09:53.895   914  1044 E slim_daemon: [NDK] bindNDKSensors: Sensor server is unavailable.
11-18 14:09:54.317  1847  1847 I chatty  : uid=0(root) expire 2 lines
11-18 14:09:54.895   914  1044 E slim_daemon: [NDK] bindNDKSensors: Sensor server is unavailable.
11-18 14:09:55.589   862   862 I chatty  : uid=0(root) main expire 5 lines
11-18 14:09:55.630  1852  1852 I chatty  : uid=0(root) expire 2 lines
11-18 14:09:55.887  1857  1857 I chatty  : uid=0(root) expire 2 lines
11-18 14:09:55.896   914  1044 E slim_daemon: [NDK] bindNDKSensors: Sensor server is unavailable.
11-18 14:09:55.925  1863  1863 D idmap   : error: no read access to /vendor/overlay: No such file or directory
11-18 14:09:55.968  1867  1867 I chatty  : uid=0(root) expire 2 lines
11-18 14:09:56.082  1872  1872 I chatty  : uid=0(root) expire 1 line
11-18 14:09:56.126   861   861 I chatty  : uid=0(root) expire 254 lines
11-18 14:09:56.190   532   532 I chatty  : uid=0(root) /system/bin/oemlogkit expire 1 line
11-18 14:09:56.421   861   861 I chatty  : uid=0(root) expire 317 lines
11-18 14:09:56.896   914  1044 E slim_daemon: [NDK] bindNDKSensors: Sensor server is unavailable.
11-18 14:09:57.020   861  1809 I chatty  : uid=0(root) expire 1 line
--------- beginning of crash
11-18 14:09:57.081   861   861 F libc    : Fatal signal 6 (SIGABRT), code -6 in tid 861 (main)
11-18 14:09:57.135   844   844 F DEBUG   : *** *** *** *** *** *** *** *** *** *** *** *** *** *** *** ***
11-18 14:09:57.136   844   844 F DEBUG   : Build fingerprint: 'OnePlus/OnePlus3/OnePlus3:6.0.1/MXB48T/361013:user/release-keys'
11-18 14:09:57.136   844   844 F DEBUG   : Revision: '0'
11-18 14:09:57.136   844   844 F DEBUG   : ABI: 'arm64'
11-18 14:09:57.136   844   844 F DEBUG   : pid: 861, tid: 861, name: main  >>> zygote64 <<<
11-18 14:09:57.136   844   844 F DEBUG   : signal 6 (SIGABRT), code -6 (SI_TKILL), fault addr --------
11-18 14:09:57.146   844   844 F DEBUG   : Abort message: 'art/runtime/jni_internal.cc:497] JNI FatalError called: frameworks/base/core/jni/com_android_internal_os_Zygote.cpp:483: Unable to construct file descriptor table.'
11-18 14:09:57.146   844   844 F DEBUG   :     x0   0000000000000000  x1   000000000000035d  x2   0000000000000006  x3   0000000000000000
11-18 14:09:57.146   844   844 F DEBUG   :     x4   0000000000000000  x5   0000000000000001  x6   0000000000000000  x7   0000000000000000
11-18 14:09:57.146   844   844 F DEBUG   :     x8   0000000000000083  x9   0000000000017a00  x10  00000000037c77b8  x11  00000000037c78f8
11-18 14:09:57.146   844   844 F DEBUG   :     x12  0000000000000000  x13  0000007f90655000  x14  0000000000000000  x15  0000000000000000
11-18 14:09:57.146   844   844 F DEBUG   :     x16  0000007f90647568  x17  0000007f905da2fc  x18  0000007f90658f50  x19  0000007f90a430a8
11-18 14:09:57.146   844   844 F DEBUG   :     x20  0000007f90a42fe8  x21  0000000000000002  x22  0000000000000006  x23  0000007f8d7bba00
11-18 14:09:57.146   844   844 F DEBUG   :     x24  0000007f8cfd7a00  x25  0000000000000000  x26  0000007f8cfec000  x27  0000000000000000
11-18 14:09:57.146   844   844 F DEBUG   :     x28  0000007f8d7bba00  x29  0000007fd04c5450  x30  0000007f905d7a98
11-18 14:09:57.147   844   844 F DEBUG   :     sp   0000007fd04c5450  pc   0000007f905da304  pstate 0000000020000000
11-18 14:09:57.152   844   844 F DEBUG   : 
11-18 14:09:57.152   844   844 F DEBUG   : backtrace:
11-18 14:09:57.152   844   844 F DEBUG   :     #00 pc 0000000000069304  /system/lib64/libc.so (tgkill+8)
11-18 14:09:57.152   844   844 F DEBUG   :     #01 pc 0000000000066a94  /system/lib64/libc.so (pthread_kill+68)
11-18 14:09:57.152   844   844 F DEBUG   :     #02 pc 00000000000239f8  /system/lib64/libc.so (raise+28)
11-18 14:09:57.152  1872  1872 I chatty  : uid=0(root) expire 1 line
11-18 14:09:57.152   844   844 F DEBUG   :     #03 pc 000000000001e198  /system/lib64/libc.so (abort+60)
11-18 14:09:57.152   844   844 F DEBUG   :     #04 pc 00000000004336c0  /system/lib64/libart.so (_ZN3art7Runtime5AbortEv+324)
11-18 14:09:57.152   844   844 F DEBUG   :     #05 pc 0000000000136f78  /system/lib64/libart.so (_ZN3art10LogMessageD2Ev+3176)
11-18 14:09:57.152   844   844 F DEBUG   :     #06 pc 000000000032c048  /system/lib64/libart.so (_ZN3art3JNI10FatalErrorEP7_JNIEnvPKc+108)
11-18 14:09:57.152   844   844 F DEBUG   :     #07 pc 0000000000132870  /system/lib64/libandroid_runtime.so
11-18 14:09:57.152   844   844 F DEBUG   :     #08 pc 0000000000133d8c  /system/lib64/libandroid_runtime.so
11-18 14:09:57.152   844   844 F DEBUG   :     #09 pc 0000000000134570  /system/lib64/libandroid_runtime.so
11-18 14:09:57.152   844   844 F DEBUG   :     #10 pc 0000000073e98c94  /data/dalvik-cache/arm64/system@framework@boot.oat (offset 0x20d4000)
11-18 14:09:57.168   862   862 I chatty  : uid=0(root) main expire 6 lines
11-18 14:09:57.190   532   532 I chatty  : uid=0(root) /system/bin/oemlogkit expire 2 lines
11-18 14:09:57.201  1877  1877 I chatty  : uid=0(root) expire 2 lines
11-18 14:09:57.210   844   844 F DEBUG   : 
11-18 14:09:57.210   844   844 F DEBUG   : Tombstone written to: /data/tombstones/tombstone_03
11-18 14:09:57.234   522   522 I ServiceManager: service 'user.xposed.app' died
11-18 14:09:57.234   522   522 I ServiceManager: service 'user.xposed.system' died
11-18 14:09:57.238   522   522 I ServiceManager: service 'media.sound_trigger_hw' died
11-18 14:09:57.238   522   522 I ServiceManager: service 'media.radio' died
11-18 14:09:57.238   522   522 I ServiceManager: service 'media.audio_flinger' died
11-18 14:09:57.238   522   522 I ServiceManager: service 'media.player' died
11-18 14:09:57.238   522   522 I ServiceManager: service 'media.resource_manager' died
11-18 14:09:57.238   522   522 I ServiceManager: service 'media.camera' died
11-18 14:09:57.238   522   522 I ServiceManager: service 'media.audio_policy' died
11-18 14:09:57.583  1882  1882 I chatty  : uid=0(root) expire 168 lines
11-18 14:09:57.584  1883  1883 I Dpps    : static DppsServer *DppsServer::GetInstance(): DppsServer ref count increased to 1
11-18 14:09:57.585  1883  1883 I Dpps    : AbaContext():18 ABA context instantiation
11-18 14:09:57.585  1883  1883 I Dpps    : AmbientLightContext():17 AL context instantiation
11-18 14:09:57.585  1883  1883 I Dpps    : InitFeatureContext():171 Initialize feature context
11-18 14:09:57.585  1883  1883 I Dpps    : InitContext():80 display fd 5 histogram bins 256  components 1 Lut size 256 panel 0 sensor type 1
11-18 14:09:57.585  1883  1883 I Dpps    : OpenCommonSysfsFds():341 lcd_bl_event_fd_ is 6
11-18 14:09:57.585  1883  1883 I Dpps    : OpenCommonSysfsFds():350 blank_event_fd_ is 7
11-18 14:09:57.585  1883  1883 I Dpps    : OpenCommonSysfsFds():358 lcd_brightness_fd_ is 8
11-18 14:09:57.585  1883  1883 I Dpps    : InitContext():107 hist_sysfs_fd_ is 9
11-18 14:09:57.585  1883  1883 I Dpps    : InitContext():180 Context Initialization successfull
11-18 14:09:57.585  1883  1883 I Dpps    : CreateAbaThread():61 Create ABA thread
11-18 14:09:57.586  1883  1883 I Dpps    : CreateAbaThread():84 Create ABA thread done ret 0
11-18 14:09:57.586  1883  1883 I Dpps    : InitContext():69 display_fd 5, panel 0, sensor type 1 display_type 0
11-18 14:09:57.586  1883  1883 I Dpps    : OpenCommonSysfsFds():341 lcd_bl_event_fd_ is 16
11-18 14:09:57.586  1883  1883 I Dpps    : OpenCommonSysfsFds():350 blank_event_fd_ is 17
11-18 14:09:57.586  1883  1883 I Dpps    : OpenCommonSysfsFds():358 lcd_brightness_fd_ is 18
11-18 14:09:57.586  1883  1883 I Dpps    : SelectLightSensor():468 sensor_type 1
11-18 14:09:57.586  1883  1883 I Dpps    : SelectLightSensor():471 sensor_type_ 1
11-18 14:09:57.586  1883  1883 I Dpps    : InitLightSensor():503 sensor_type_ 1
11-18 14:09:57.586  1883  1883 I Dpps    : InitLightSensor():506 SensorTypeSimulation
11-18 14:09:57.586  1883  1883 I Dpps    : InitLightSensor():524 light sensor initialization ret 0
11-18 14:09:57.586  1883  1883 I Dpps    : CreateAmbientLightThread():141 Create AL thread
11-18 14:09:57.586  1883  1883 I Dpps    : CreateAmbientLightThread():160 Create AL thread done ret 0
11-18 14:09:57.586  1883  1883 I Dpps    : InitFeatureContext():223 Initialize feature context done ret 0
11-18 14:09:57.587  1883  1888 I Dpps    : ProcessAmbientLightThread():98 AL thread execution started
11-18 14:09:57.587  1883  1887 I Dpps    : ProcessAbaThread():253 ABA thread execution started
11-18 14:09:57.595  1884  1884 D SRS_Spools_V2: DSEC_DMO_Token ERR: Unable to open key file. - /system/etc/srs/dts.lic
11-18 14:09:57.595  1884  1884 D SRS_Spools_V2: DSEC_RET_Token ERR: Unable to open key file. - /system/etc/srs/dts.lic
11-18 14:09:57.595  1884  1884 D SRS_Spools_V2: DSEC_DMO_Token ERR: Unable to open key file. - /system/etc/srs/dts.lic
11-18 14:09:57.595  1884  1884 D SRS_Spools_V2: DSEC_RET_Token ERR: Unable to open key file. - /system/etc/srs/dts.lic
11-18 14:09:57.596  1884  1884 V SRS_ProcT: TRUMEDIA_DSP_VERSION_STRING = v3.1.6.0
11-18 14:09:57.648  1884  1884 D SRS_QDSP_Adapter: Control used - SRS TruMedia
11-18 14:09:57.648  1884  1884 W SRS_QDSP_Adapter: Mixer opened 0xf6316000
11-18 14:09:57.648  1884  1884 W SRS_QDSP_Adapter: SRS TruMedia ctl opened 0xf632132c
11-18 14:09:57.648  1884  1884 W SRS_QDSP_Adapter: Not creating SRS DSP thread.
11-18 14:09:57.649  1884  1884 V MediaUtils: physMem: 4294967295
11-18 14:09:57.649  1884  1884 V MediaUtils: requested limit: 2791728680
11-18 14:09:57.649  1884  1884 V MediaUtils: actual limit: 2791728680
11-18 14:09:57.649  1884  1884 V MediaUtils: original limits: 4294967295/4294967295
11-18 14:09:57.649  1884  1884 V MediaUtils: new limits: 2791728680/4294967295
11-18 14:09:57.650  1884  1884 I mediaserver: ServiceManager: 0xf634e620
11-18 14:09:57.651  1884  1884 D mediaserver: mediaserver get Service Manager need time 1 ms
11-18 14:09:57.651  1884  1884 I AudioFlinger: Using default 3000 mSec as standby time.
11-18 14:09:57.651  1884  1884 D mediaserver: mediaserver audio flinger init need time 0 ms
11-18 14:09:57.652  1884  1884 E         : batterystats service unavailable!
11-18 14:09:57.652  1884  1884 E         : batterystats service unavailable!
11-18 14:09:57.652  1884  1884 E ExtendedServiceUtils: player_type 6
11-18 14:09:57.652  1884  1884 E ExtendedServiceUtils: Creating DashPlayer Factory
11-18 14:09:57.652  1884  1884 D mediaserver: mediaserver media player service init need time 0 ms
11-18 14:09:57.652  1884  1884 D mediaserver: mediaserver ResourceManagerService init need time 0 ms
11-18 14:09:57.652  1884  1884 I CameraService: CameraService started (pid=1884)
11-18 14:09:57.652  1884  1884 I CameraService: CameraService process starting
11-18 14:09:57.653  1884  1884 E         : batterystats service unavailable!
11-18 14:09:57.653  1884  1884 E         : batterystats service unavailable!
11-18 14:09:57.661  1884  1884 I QCamera : <MCI><INFO> get_num_of_cameras: 1848: dev_info[id=0,name='video2']
11-18 14:09:57.662  1884  1884 I QCamera : <MCI><INFO> get_num_of_cameras: 1848: dev_info[id=1,name='video3']
11-18 14:09:57.662  1884  1884 I QCamera : <MCI><INFO> sort_camera_info: 1696: Camera id: 0 facing: 0, type: 1 is_yuv: 0
11-18 14:09:57.662  1884  1884 I QCamera : <MCI><INFO> sort_camera_info: 1696: Camera id: 1 facing: 1, type: 0 is_yuv: 0
11-18 14:09:57.662  1884  1884 I QCamera : <MCI><INFO> sort_camera_info: 1699: Number of cameras 2 sorted 2
11-18 14:09:57.662  1884  1884 I QCamera : <MCI><INFO> get_num_of_cameras: 1870: num_cameras=2
11-18 14:09:57.662  1884  1884 I CameraService: Loaded "QCamera Module" camera module
11-18 14:09:57.662  1884  1884 I QCamera : <HAL><INFO> int qcamera::QCamera2Factory::getCameraInfo(int, camera_info*): 316: Camera id 0 API version 768
11-18 14:09:57.677   875  1908 I mm-camera-CORE: dlopen libopcamera_native_modules.so
11-18 14:09:57.692  1897  1897 I chatty  : uid=0(root) expire 2 lines
11-18 14:09:57.717  1902  1902 I chatty  : uid=0(root) expire 8 lines
11-18 14:09:57.718   875  1908 I OPCAMERA_SENSOR: init_module: module=0xf18a3018 private=0xf1899080 list=0xf0c3f180
11-18 14:09:57.728   875   875 I mm-camera-CORE: af_core_init
11-18 14:09:57.729   875  1918 I OPCAMERA_SENSOR: add_listener: listener=(0x0, 0xf1c545d0)
11-18 14:09:57.730   875  1922 E mm-camera: <CPP   ><ERROR> 2235: cpp_module_notify_add_stream: failed, CPP current version can not support rotation
11-18 14:09:57.731   875  1922 I mm-camera-CORE: q3a_thread_aecawb_start Enter
11-18 14:09:57.732   875  1924 I ServiceManager: Waiting for service permission...
11-18 14:09:57.741  1921  1921 D idmap   : error: no read access to /vendor/overlay: No such file or directory
11-18 14:09:57.756   875  1923 E mm-camera: <SENSOR><ERROR> 2937: sensor_get_cur_chromatix_name: Sensor name:imx298,sensor id:0x0, vendor id:4, lens id:0
11-18 14:09:57.757   875  1923 E         : name = imx298_common
11-18 14:09:57.757   875  1923 E         : name = imx298_snapshot
11-18 14:09:57.757   875  1923 E         : name = imx298_cpp_preview
11-18 14:09:57.757   875  1923 E         : name = imx298_cpp_snapshot
11-18 14:09:57.757   875  1923 E         : name = imx298_cpp_snapshot_flash
11-18 14:09:57.757   875  1923 E         : name = imx298_cpp_snapshot
11-18 14:09:57.757   875  1923 E         : name = imx298_cpp_snapshot
11-18 14:09:57.757   875  1923 E         : name = imx298_cpp_snapshot
11-18 14:09:57.757   875  1923 E         : name = imx298_cpp_snapshot
11-18 14:09:57.757   875  1923 E         : name = imx298_cpp_snapshot
11-18 14:09:57.757   875  1923 E         : name = imx298_cpp_video
11-18 14:09:57.757   875  1923 E         : name = imx298_postproc
11-18 14:09:57.757   875  1923 E         : name = imx298_zsl_preview
11-18 14:09:57.757   875  1923 E mm-camera: <SENSOR><ERROR> 2893: sensor_get_cur_chromatix_name_for_type: chromatix for res_idx = 0 special_mode_mask = 0     module = 4 chromatix_type = 0 is NULL
11-18 14:09:57.757   875  1923 E         : name = imx298_snapshot
11-18 14:09:57.758   875  1923 E mm-camera: <SENSOR><ERROR> 3088: sensor_get_cur_chromatix_name: 3A chromatix : imx298_zsl_preview
11-18 14:09:57.758   875  1923 I         : processFpsTable: fps[0]=30.00/30.00 30.00/30.00
11-18 14:09:57.758   875  1923 I         : processFpsTable: fps[1]=15.00/30.02 15.00/30.02
11-18 14:09:57.758   875  1923 I         : processFpsTable: fps[2]=15.00/30.03 15.00/30.03
11-18 14:09:57.758   875  1923 I         : processFpsTable: fps[3]=15.00/60.00 15.00/60.00
11-18 14:09:57.758   875  1923 I         : processFpsTable: fps[4]=15.00/120.00 15.00/120.00
11-18 14:09:57.759  1884  1926 D         : cmdtype=MM_CAMERA_CMD_TYPE_EXIT
11-18 14:09:57.876   875  1905 E mm-camera: <SENSOR><ERROR> 739: eeprom_process: failed NULL pointer detected: eeprom_ctrl : 
11-18 14:09:57.877   875  1905 E mm-camera: <SENSOR><ERROR> 324: module_sensor_offload_ois_init_calibrate: Get Is OIS calibration failed
11-18 14:09:57.896   914  1044 E slim_daemon: [NDK] bindNDKSensors: Sensor server is unavailable.
11-18 14:09:58.283  1974  1974 I chatty  : uid=0(root) expire 2 lines
11-18 14:09:58.445  1974  1983 I chatty  : uid=0(root) expire 1 line
11-18 14:09:58.485  1882  1882 I chatty  : uid=0(root) expire 509 lines
11-18 14:09:58.733   875  1924 I ServiceManager: Waiting for service permission...
11-18 14:09:58.898   914  1044 E slim_daemon: [NDK] bindNDKSensors: Sensor server is unavailable.
11-18 14:09:59.022  1882  1901 I chatty  : uid=0(root) expire 1 line
11-18 14:09:59.075  1882  1882 I chatty  : uid=0(root) expire 1 line
11-18 14:09:59.075  1882  1882 F libc    : Fatal signal 6 (SIGABRT), code -6 in tid 1882 (main)
11-18 14:09:59.127   844   844 F DEBUG   : *** *** *** *** *** *** *** *** *** *** *** *** *** *** *** ***
11-18 14:09:59.127   844   844 F DEBUG   : Build fingerprint: 'OnePlus/OnePlus3/OnePlus3:6.0.1/MXB48T/361013:user/release-keys'
11-18 14:09:59.127   844   844 F DEBUG   : Revision: '0'
11-18 14:09:59.127   844   844 F DEBUG   : ABI: 'arm64'
11-18 14:09:59.128   844   844 F DEBUG   : pid: 1882, tid: 1882, name: main  >>> zygote64 <<<
11-18 14:09:59.128   844   844 F DEBUG   : signal 6 (SIGABRT), code -6 (SI_TKILL), fault addr --------
11-18 14:09:59.141   844   844 F DEBUG   : Abort message: 'art/runtime/jni_internal.cc:497] JNI FatalError called: frameworks/base/core/jni/com_android_internal_os_Zygote.cpp:483: Unable to construct file descriptor table.'
11-18 14:09:59.142   844   844 F DEBUG   :     x0   0000000000000000  x1   000000000000075a  x2   0000000000000006  x3   0000000000000000
11-18 14:09:59.142   844   844 F DEBUG   :     x4   0000000000000000  x5   0000000000000001  x6   0000000000000000  x7   0000000000000000
11-18 14:09:59.142   844   844 F DEBUG   :     x8   0000000000000083  x9   0000000000017b40  x10  0000000003794040  x11  0000000003794180
11-18 14:09:59.142   844   844 F DEBUG   :     x12  0000000000000000  x13  0000007fb549b000  x14  0000000000000000  x15  0000000000000000
11-18 14:09:59.142   844   844 F DEBUG   :     x16  0000007fb548d568  x17  0000007fb54202fc  x18  0000007fb549ef50  x19  0000007fb58890a8
11-18 14:09:59.142   844   844 F DEBUG   :     x20  0000007fb5888fe8  x21  0000000000000002  x22  0000000000000006  x23  0000007fb25fba00
11-18 14:09:59.142   844   844 F DEBUG   :     x24  0000007fb1e17b40  x25  0000000000000000  x26  0000007fb1e2c000  x27  0000000000000000
11-18 14:09:59.142   844   844 F DEBUG   :     x28  0000007fb25fba00  x29  0000007fed57d9b0  x30  0000007fb541da98
11-18 14:09:59.142   844   844 F DEBUG   :     sp   0000007fed57d9b0  pc   0000007fb5420304  pstate 0000000020000000
11-18 14:09:59.149   844   844 F DEBUG   : 
11-18 14:09:59.149   844   844 F DEBUG   : backtrace:
11-18 14:09:59.149   844   844 F DEBUG   :     #00 pc 0000000000069304  /system/lib64/libc.so (tgkill+8)
11-18 14:09:59.149   844   844 F DEBUG   :     #01 pc 0000000000066a94  /system/lib64/libc.so (pthread_kill+68)
11-18 14:09:59.149   844   844 F DEBUG   :     #02 pc 00000000000239f8  /system/lib64/libc.so (raise+28)
11-18 14:09:59.149   844   844 F DEBUG   :     #03 pc 000000000001e198  /system/lib64/libc.so (abort+60)
11-18 14:09:59.149   844   844 F DEBUG   :     #04 pc 00000000004336c0  /system/lib64/libart.so (_ZN3art7Runtime5AbortEv+324)
11-18 14:09:59.149   844   844 F DEBUG   :     #05 pc 0000000000136f78  /system/lib64/libart.so (_ZN3art10LogMessageD2Ev+3176)
11-18 14:09:59.149   844   844 F DEBUG   :     #06 pc 000000000032c048  /system/lib64/libart.so (_ZN3art3JNI10FatalErrorEP7_JNIEnvPKc+108)
11-18 14:09:59.149   844   844 F DEBUG   :     #07 pc 0000000000132870  /system/lib64/libandroid_runtime.so
11-18 14:09:59.149   844   844 F DEBUG   :     #08 pc 0000000000133d8c  /system/lib64/libandroid_runtime.so
11-18 14:09:59.150   844   844 F DEBUG   :     #09 pc 0000000000134570  /system/lib64/libandroid_runtime.so
11-18 14:09:59.150   844   844 F DEBUG   :     #10 pc 0000000073e98c94  /data/dalvik-cache/arm64/system@framework@boot.oat (offset 0x20d4000)
