11-18 14:10:48.560  4244  4244 W Resources: Preloaded drawable resource #0x10803c3 (android:drawable/ic_menu_cut_holo_light) that varies with configuration!!
11-18 14:10:48.561  4244  4244 W Resources: Preloaded drawable resource #0x1080045 (android:drawable/ic_menu_more) that varies with configuration!!
11-18 14:10:48.561  4244  4244 W Resources: Preloaded drawable resource #0x10803dc (android:drawable/ic_menu_moreoverflow_normal_holo_dark) that varies with configuration!!
11-18 14:10:48.561  4244  4244 W Resources: Preloaded drawable resource #0x10803d7 (android:drawable/ic_menu_moreoverflow_holo_dark) that varies with configuration!!
11-18 14:10:48.562  4244  4244 W Resources: Preloaded drawable resource #0x10803dd (android:drawable/ic_menu_moreoverflow_normal_holo_light) that varies with configuration!!
11-18 14:10:48.562  4244  4244 W Resources: Preloaded drawable resource #0x10803d8 (android:drawable/ic_menu_moreoverflow_holo_light) that varies with configuration!!
11-18 14:10:48.563  4244  4244 W Resources: Preloaded drawable resource #0x10803e0 (android:drawable/ic_menu_paste_holo_dark) that varies with configuration!!
11-18 14:10:48.563  4244  4244 W Resources: Preloaded drawable resource #0x10803e1 (android:drawable/ic_menu_paste_holo_light) that varies with configuration!!
11-18 14:10:48.564  4244  4244 W Resources: Preloaded drawable resource #0x10803ea (android:drawable/ic_menu_selectall_holo_light) that varies with configuration!!
11-18 14:10:48.565  4244  4244 W Resources: Preloaded drawable resource #0x10803e9 (android:drawable/ic_menu_selectall_holo_dark) that varies with configuration!!
11-18 14:10:48.567  4244  4244 W Resources: Preloaded drawable resource #0x108031b (android:drawable/ic_clear_disabled) that varies with configuration!!
11-18 14:10:48.568  4244  4244 W Resources: Preloaded drawable resource #0x1080320 (android:drawable/ic_clear_normal) that varies with configuration!!
11-18 14:10:48.568  4244  4244 W Resources: Preloaded drawable resource #0x108031a (android:drawable/ic_clear) that varies with configuration!!
11-18 14:10:48.569  4244  4244 W Resources: Preloaded drawable resource #0x108031b (android:drawable/ic_clear_disabled) that varies with configuration!!
11-18 14:10:48.570  4244  4244 W Resources: Preloaded drawable resource #0x1080320 (android:drawable/ic_clear_normal) that varies with configuration!!
11-18 14:10:48.570  4244  4244 W Resources: Preloaded drawable resource #0x1080422 (android:drawable/ic_search_api_holo_dark) that varies with configuration!!
11-18 14:10:48.571  4244  4244 W Resources: Preloaded drawable resource #0x1080423 (android:drawable/ic_search_api_holo_light) that varies with configuration!!
11-18 14:10:48.571  4244  4244 W Resources: Preloaded drawable resource #0x108034c (android:drawable/ic_go) that varies with configuration!!
11-18 14:10:48.572  4244  4244 W Resources: Preloaded drawable resource #0x108043a (android:drawable/ic_voice_search_api_holo_dark) that varies with configuration!!
11-18 14:10:48.572  4244  4244 W Resources: Preloaded drawable resource #0x108043b (android:drawable/ic_voice_search_api_holo_light) that varies with configuration!!
11-18 14:10:48.573  4244  4244 W Resources: Preloaded drawable resource #0x108026f (android:drawable/dialog_bottom_holo_dark) that varies with configuration!!
11-18 14:10:48.574  4244  4244 W Resources: Preloaded drawable resource #0x1080270 (android:drawable/dialog_bottom_holo_light) that varies with configuration!!
11-18 14:10:48.575  4244  4244 W Resources: Preloaded drawable resource #0x108027d (android:drawable/dialog_middle_holo_dark) that varies with configuration!!
11-18 14:10:48.576  4244  4244 W Resources: Preloaded drawable resource #0x108027e (android:drawable/dialog_middle_holo_light) that varies with configuration!!
11-18 14:10:48.577  4244  4244 W Resources: Preloaded drawable resource #0x108027f (android:drawable/dialog_top_holo_dark) that varies with configuration!!
11-18 14:10:48.578  4244  4244 W Resources: Preloaded drawable resource #0x1080280 (android:drawable/dialog_top_holo_light) that varies with configuration!!
11-18 14:10:48.578  4244  4244 W Resources: Preloaded drawable resource #0x1080337 (android:drawable/ic_dialog_alert_holo_dark) that varies with configuration!!
11-18 14:10:48.578  4244  4244 W Resources: Preloaded drawable resource #0x1080338 (android:drawable/ic_dialog_alert_holo_light) that varies with configuration!!
11-18 14:10:48.579  4244  4244 W Resources: Preloaded drawable resource #0x1080495 (android:drawable/list_divider_holo_dark) that varies with configuration!!
11-18 14:10:48.579  4244  4244 W Resources: Preloaded drawable resource #0x1080496 (android:drawable/list_divider_holo_light) that varies with configuration!!
11-18 14:10:48.579  4244  4244 W Resources: Preloaded drawable resource #0x1080496 (android:drawable/list_divider_holo_light) that varies with configuration!!
11-18 14:10:48.580  4244  4244 W Resources: Preloaded drawable resource #0x10800c1 (android:drawable/ab_transparent_dark_holo) that varies with configuration!!
11-18 14:10:48.580  4244  4244 W Resources: Preloaded drawable resource #0x10800bf (android:drawable/ab_stacked_transparent_dark_holo) that varies with configuration!!
11-18 14:10:48.580  4244  4244 W Resources: Preloaded drawable resource #0x10800a1 (android:drawable/ab_bottom_transparent_dark_holo) that varies with configuration!!
11-18 14:10:48.581  4244  4244 W Resources: Preloaded drawable resource #0x10800b7 (android:drawable/ab_solid_dark_holo) that varies with configuration!!
11-18 14:10:48.581  4244  4244 W Resources: Preloaded drawable resource #0x10800bc (android:drawable/ab_stacked_solid_dark_holo) that varies with configuration!!
11-18 14:10:48.581  4244  4244 W Resources: Preloaded drawable resource #0x108009e (android:drawable/ab_bottom_solid_dark_holo) that varies with configuration!!
11-18 14:10:48.582  4244  4244 W Resources: Preloaded drawable resource #0x10800c2 (android:drawable/ab_transparent_light_holo) that varies with configuration!!
11-18 14:10:48.582  4244  4244 W Resources: Preloaded drawable resource #0x10800c0 (android:drawable/ab_stacked_transparent_light_holo) that varies with configuration!!
11-18 14:10:48.582  4244  4244 W Resources: Preloaded drawable resource #0x10800a2 (android:drawable/ab_bottom_transparent_light_holo) that varies with configuration!!
11-18 14:10:48.583  4244  4244 W Resources: Preloaded drawable resource #0x10800b8 (android:drawable/ab_solid_light_holo) that varies with configuration!!
11-18 14:10:48.583  4244  4244 W Resources: Preloaded drawable resource #0x10800be (android:drawable/ab_stacked_solid_light_holo) that varies with configuration!!
11-18 14:10:48.584  4244  4244 W Resources: Preloaded drawable resource #0x10800a0 (android:drawable/ab_bottom_solid_light_holo) that varies with configuration!!
11-18 14:10:48.584  4244  4244 W Resources: Preloaded drawable resource #0x10800b9 (android:drawable/ab_solid_shadow_holo) that varies with configuration!!
11-18 14:10:48.585  4244  4244 W Resources: Preloaded drawable resource #0x10804c1 (android:drawable/list_selector_disabled_holo_dark) that varies with configuration!!
11-18 14:10:48.585  4244  4244 W Resources: Preloaded drawable resource #0x10804c1 (android:drawable/list_selector_disabled_holo_dark) that varies with configuration!!
11-18 14:10:48.586  4244  4244 W Resources: Preloaded drawable resource #0x1080499 (android:drawable/list_focused_holo) that varies with configuration!!
11-18 14:10:48.586  4244  4244 W Resources: Preloaded drawable resource #0x1080450 (android:drawable/item_background_holo_dark) that varies with configuration!!
11-18 14:10:48.587  4244  4244 W Resources: Preloaded drawable resource #0x10804c2 (android:drawable/list_selector_disabled_holo_light) that varies with configuration!!
11-18 14:10:48.587  4244  4244 W Resources: Preloaded drawable resource #0x10804c2 (android:drawable/list_selector_disabled_holo_light) that varies with configuration!!
11-18 14:10:48.588  4244  4244 W Resources: Preloaded drawable resource #0x1080499 (android:drawable/list_focused_holo) that varies with configuration!!
11-18 14:10:48.588  4244  4244 W Resources: Preloaded drawable resource #0x1080451 (android:drawable/item_background_holo_light) that varies with configuration!!
11-18 14:10:48.588  4244  4244 W Resources: Preloaded drawable resource #0x10802d2 (android:drawable/fastscroll_thumb_pressed_holo) that varies with configuration!!
11-18 14:10:48.589  4244  4244 W Resources: Preloaded drawable resource #0x10802cf (android:drawable/fastscroll_thumb_default_holo) that varies with configuration!!
11-18 14:10:48.589  4244  4244 W Resources: Preloaded drawable resource #0x10802d0 (android:drawable/fastscroll_thumb_holo) that varies with configuration!!
11-18 14:10:48.590  4244  4244 W Resources: Preloaded drawable resource #0x10802d2 (android:drawable/fastscroll_thumb_pressed_holo) that varies with configuration!!
11-18 14:10:48.590  4244  4244 W Resources: Preloaded drawable resource #0x10802cf (android:drawable/fastscroll_thumb_default_holo) that varies with configuration!!
11-18 14:10:48.591  4244  4244 W Resources: Preloaded drawable resource #0x10802d8 (android:drawable/fastscroll_track_pressed_holo_dark) that varies with configuration!!
11-18 14:10:48.591  4244  4244 W Resources: Preloaded drawable resource #0x10802d3 (android:drawable/fastscroll_track_default_holo_dark) that varies with configuration!!
11-18 14:10:48.591  4244  4244 W Resources: Preloaded drawable resource #0x10802d5 (android:drawable/fastscroll_track_holo_dark) that varies with configuration!!
11-18 14:10:48.591  4244  4244 W Resources: Preloaded drawable resource #0x10802d8 (android:drawable/fastscroll_track_pressed_holo_dark) that varies with configuration!!
11-18 14:10:48.591  4244  4244 W Resources: Preloaded drawable resource #0x10802d3 (android:drawable/fastscroll_track_default_holo_dark) that varies with configuration!!
11-18 14:10:48.592  4244  4244 W Resources: Preloaded drawable resource #0x10802d9 (android:drawable/fastscroll_track_pressed_holo_light) that varies with configuration!!
11-18 14:10:48.592  4244  4244 W Resources: Preloaded drawable resource #0x10802d4 (android:drawable/fastscroll_track_default_holo_light) that varies with configuration!!
11-18 14:10:48.592  4244  4244 W Resources: Preloaded drawable resource #0x10802d6 (android:drawable/fastscroll_track_holo_light) that varies with configuration!!
11-18 14:10:48.593  4244  4244 W Resources: Preloaded drawable resource #0x10802d9 (android:drawable/fastscroll_track_pressed_holo_light) that varies with configuration!!
11-18 14:10:48.593  4244  4244 W Resources: Preloaded drawable resource #0x10802d4 (android:drawable/fastscroll_track_default_holo_light) that varies with configuration!!
11-18 14:10:48.594  4244  4244 W Resources: Preloaded drawable resource #0x10802aa (android:drawable/editbox_dropdown_background_dark) that varies with configuration!!
11-18 14:10:48.595  4244  4244 W Resources: Preloaded drawable resource #0x108072f (android:drawable/textfield_search_selected_holo_dark) that varies with configuration!!
11-18 14:10:48.595  4244  4244 W Resources: Preloaded drawable resource #0x1080721 (android:drawable/textfield_search_default_holo_dark) that varies with configuration!!
11-18 14:10:48.596  4244  4244 W Resources: Preloaded drawable resource #0x1080731 (android:drawable/textfield_searchview_holo_dark) that varies with configuration!!
11-18 14:10:48.596  4244  4244 W Resources: Preloaded drawable resource #0x108072c (android:drawable/textfield_search_right_selected_holo_dark) that varies with configuration!!
11-18 14:10:48.597  4244  4244 W Resources: Preloaded drawable resource #0x108072a (android:drawable/textfield_search_right_default_holo_dark) that varies with configuration!!
11-18 14:10:48.597  4244  4244 W Resources: Preloaded drawable resource #0x1080733 (android:drawable/textfield_searchview_right_holo_dark) that varies with configuration!!
11-18 14:10:48.598  4244  4244 W Resources: Preloaded drawable resource #0x1080730 (android:drawable/textfield_search_selected_holo_light) that varies with configuration!!
11-18 14:10:48.598  4244  4244 W Resources: Preloaded drawable resource #0x1080722 (android:drawable/textfield_search_default_holo_light) that varies with configuration!!
11-18 14:10:48.598  4244  4244 W Resources: Preloaded drawable resource #0x1080732 (android:drawable/textfield_searchview_holo_light) that varies with configuration!!
11-18 14:10:48.599  4244  4244 W Resources: Preloaded drawable resource #0x108072d (android:drawable/textfield_search_right_selected_holo_light) that varies with configuration!!
11-18 14:10:48.599  4244  4244 W Resources: Preloaded drawable resource #0x108072b (android:drawable/textfield_search_right_default_holo_light) that varies with configuration!!
11-18 14:10:48.599  4244  4244 W Resources: Preloaded drawable resource #0x1080734 (android:drawable/textfield_searchview_right_holo_light) that varies with configuration!!
11-18 14:10:48.600  4244  4244 W Resources: Preloaded drawable resource #0x108072f (android:drawable/textfield_search_selected_holo_dark) that varies with configuration!!
11-18 14:10:48.600  4244  4244 W Resources: Preloaded drawable resource #0x1080721 (android:drawable/textfield_search_default_holo_dark) that varies with configuration!!
11-18 14:10:48.600  4244  4244 W Resources: Preloaded drawable resource #0x108072c (android:drawable/textfield_search_right_selected_holo_dark) that varies with configuration!!
11-18 14:10:48.601  4244  4244 W Resources: Preloaded drawable resource #0x108072a (android:drawable/textfield_search_right_default_holo_dark) that varies with configuration!!
11-18 14:10:48.601  4244  4244 W Resources: Preloaded drawable resource #0x1080730 (android:drawable/textfield_search_selected_holo_light) that varies with configuration!!
11-18 14:10:48.601  4244  4244 W Resources: Preloaded drawable resource #0x1080722 (android:drawable/textfield_search_default_holo_light) that varies with configuration!!
11-18 14:10:48.601  4244  4244 W Resources: Preloaded drawable resource #0x108072d (android:drawable/textfield_search_right_selected_holo_light) that varies with configuration!!
11-18 14:10:48.602  4244  4244 W Resources: Preloaded drawable resource #0x108072b (android:drawable/textfield_search_right_default_holo_light) that varies with configuration!!
11-18 14:10:48.602  4244  4244 W Resources: Preloaded drawable resource #0x10806ec (android:drawable/tab_unselected_holo) that varies with configuration!!
11-18 14:10:48.603  4244  4244 W Resources: Preloaded drawable resource #0x10806e7 (android:drawable/tab_selected_holo) that varies with configuration!!
11-18 14:10:48.603  4244  4244 W Resources: Preloaded drawable resource #0x10806eb (android:drawable/tab_unselected_focused_holo) that varies with configuration!!
11-18 14:10:48.603  4244  4244 W Resources: Preloaded drawable resource #0x10806e6 (android:drawable/tab_selected_focused_holo) that varies with configuration!!
11-18 14:10:48.603  4244  4244 W Resources: Preloaded drawable resource #0x10806ed (android:drawable/tab_unselected_pressed_holo) that varies with configuration!!
11-18 14:10:48.604  4244  4244 W Resources: Preloaded drawable resource #0x10806e8 (android:drawable/tab_selected_pressed_holo) that varies with configuration!!
11-18 14:10:48.604  4244  4244 W Resources: Preloaded drawable resource #0x10806ed (android:drawable/tab_unselected_pressed_holo) that varies with configuration!!
11-18 14:10:48.604  4244  4244 W Resources: Preloaded drawable resource #0x10806e8 (android:drawable/tab_selected_pressed_holo) that varies with configuration!!
11-18 14:10:48.605  4244  4244 W Resources: Preloaded drawable resource #0x10806d9 (android:drawable/tab_indicator_holo) that varies with configuration!!
11-18 14:10:48.605  4244  4244 W Resources: Preloaded drawable resource #0x10806ec (android:drawable/tab_unselected_holo) that varies with configuration!!
11-18 14:10:48.605  4244  4244 W Resources: Preloaded drawable resource #0x10806e7 (android:drawable/tab_selected_holo) that varies with configuration!!
11-18 14:10:48.605  4244  4244 W Resources: Preloaded drawable resource #0x10806eb (android:drawable/tab_unselected_focused_holo) that varies with configuration!!
11-18 14:10:48.605  4244  4244 W Resources: Preloaded drawable resource #0x10806e6 (android:drawable/tab_selected_focused_holo) that varies with configuration!!
11-18 14:10:48.606  4244  4244 W Resources: Preloaded drawable resource #0x10806ed (android:drawable/tab_unselected_pressed_holo) that varies with configuration!!
11-18 14:10:48.606  4244  4244 W Resources: Preloaded drawable resource #0x10806e8 (android:drawable/tab_selected_pressed_holo) that varies with configuration!!
11-18 14:10:48.607  4244  4244 W Resources: Preloaded drawable resource #0x1080599 (android:drawable/quickcontact_badge_overlay_pressed_dark) that varies with configuration!!
11-18 14:10:48.607  4244  4244 W Resources: Preloaded drawable resource #0x1080590 (android:drawable/quickcontact_badge_overlay_focused_dark) that varies with configuration!!
11-18 14:10:48.608  4244  4244 W Resources: Preloaded drawable resource #0x1080595 (android:drawable/quickcontact_badge_overlay_normal_dark) that varies with configuration!!
11-18 14:10:48.608  4244  4244 W Resources: Preloaded drawable resource #0x108058f (android:drawable/quickcontact_badge_overlay_dark) that varies with configuration!!
11-18 14:10:48.609  4244  4244 W Resources: Preloaded drawable resource #0x1080595 (android:drawable/quickcontact_badge_overlay_normal_dark) that varies with configuration!!
11-18 14:10:48.609  4244  4244 W Resources: Preloaded drawable resource #0x1080599 (android:drawable/quickcontact_badge_overlay_pressed_dark) that varies with configuration!!
11-18 14:10:48.610  4244  4244 W Resources: Preloaded drawable resource #0x108059b (android:drawable/quickcontact_badge_overlay_pressed_light) that varies with configuration!!
11-18 14:10:48.611  4244  4244 W Resources: Preloaded drawable resource #0x1080592 (android:drawable/quickcontact_badge_overlay_focused_light) that varies with configuration!!
11-18 14:10:48.611  4244  4244 W Resources: Preloaded drawable resource #0x1080597 (android:drawable/quickcontact_badge_overlay_normal_light) that varies with configuration!!
11-18 14:10:48.612  4244  4244 W Resources: Preloaded drawable resource #0x1080594 (android:drawable/quickcontact_badge_overlay_light) that varies with configuration!!
11-18 14:10:48.612  4244  4244 W Resources: Preloaded drawable resource #0x1080597 (android:drawable/quickcontact_badge_overlay_normal_light) that varies with configuration!!
11-18 14:10:48.613  4244  4244 W Resources: Preloaded drawable resource #0x108059b (android:drawable/quickcontact_badge_overlay_pressed_light) that varies with configuration!!
11-18 14:10:48.613  4244  4244 W Resources: Preloaded drawable resource #0x10800b5 (android:drawable/ab_share_pack_material) that varies with configuration!!
11-18 14:10:48.614  4244  4244 W Resources: Preloaded drawable resource #0x10800ba (android:drawable/ab_solid_shadow_material) that varies with configuration!!
11-18 14:10:48.633  4244  4244 W Resources: Preloaded drawable resource #0x1080181 (android:drawable/btn_radio_material_anim) that varies with configuration!!
11-18 14:10:48.634  4244  4244 W Resources: Preloaded drawable resource #0x10801f5 (android:drawable/btn_star_material) that varies with configuration!!
11-18 14:10:48.635  4244  4244 W Resources: Preloaded drawable resource #0x1080250 (android:drawable/cab_background_bottom_material) that varies with configuration!!
11-18 14:10:48.636  4244  4244 W Resources: Preloaded drawable resource #0x1080254 (android:drawable/cab_background_top_material) that varies with configuration!!
11-18 14:10:48.637  4244  4244 W Resources: Preloaded drawable resource #0x10802a7 (android:drawable/edit_text_material) that varies with configuration!!
11-18 14:10:48.639  4244  4244 W Resources: Preloaded drawable resource #0x10802c3 (android:drawable/expander_group_material) that varies with configuration!!
11-18 14:10:48.642  4244  4244 W Resources: Preloaded drawable resource #0x108032a (android:drawable/ic_commit_search_api_material) that varies with configuration!!
11-18 14:10:48.644  4244  4244 W Resources: Preloaded drawable resource #0x1080344 (android:drawable/ic_find_next_material) that varies with configuration!!
11-18 14:10:48.644  4244  4244 W Resources: Preloaded drawable resource #0x1080348 (android:drawable/ic_find_previous_material) that varies with configuration!!
11-18 14:10:48.646  4244  4244 W Resources: Preloaded drawable resource #0x1080398 (android:drawable/ic_media_route_connecting_material) that varies with configuration!!
11-18 14:10:48.648  4244  4244 W Resources: Preloaded drawable resource #0x1080398 (android:drawable/ic_media_route_connecting_material) that varies with configuration!!
11-18 14:10:48.649  4244  4244 W Resources: Preloaded drawable resource #0x108039e (android:drawable/ic_media_route_material) that varies with configuration!!
11-18 14:10:48.651  4244  4244 W Resources: Preloaded drawable resource #0x10803ca (android:drawable/ic_menu_find_material) that varies with configuration!!
11-18 14:10:48.653  4244  4244 W Resources: Preloaded drawable resource #0x10803e7 (android:drawable/ic_menu_search_material) that varies with configuration!!
11-18 14:10:48.658  4244  4244 W Resources: Preloaded drawable resource #0x10804a4 (android:drawable/list_section_divider_material) that varies with configuration!!
11-18 14:10:48.663  4244  4244 W Resources: Preloaded drawable resource #0x10805c8 (android:drawable/ratingbar_material) that varies with configuration!!
11-18 14:10:48.665  4244  4244 W Resources: Preloaded drawable resource #0x10805cc (android:drawable/ratingbar_small_material) that varies with configuration!!
11-18 14:10:48.666  4244  4244 W Resources: Preloaded drawable resource #0x10805c7 (android:drawable/ratingbar_indicator_material) that varies with configuration!!
11-18 14:10:48.671  4244  4244 W Resources: Preloaded drawable resource #0x10802a7 (android:drawable/edit_text_material) that varies with configuration!!
11-18 14:10:48.671  4244  4244 W Resources: Preloaded drawable resource #0x108063c (android:drawable/spinner_textfield_background_material) that varies with configuration!!
11-18 14:10:48.685  4244  4244 W Resources: Preloaded drawable resource #0x10806ac (android:drawable/switch_thumb_material_anim) that varies with configuration!!
11-18 14:10:48.688  4244  4244 W Resources: Preloaded drawable resource #0x1080728 (android:drawable/textfield_search_material) that varies with configuration!!
11-18 14:10:48.688  4244  4244 W Resources: Preloaded drawable resource #0x10806f6 (android:drawable/text_select_handle_left_material) that varies with configuration!!
11-18 14:10:48.689  4244  4244 W Resources: Preloaded drawable resource #0x10806f9 (android:drawable/text_select_handle_middle_material) that varies with configuration!!
11-18 14:10:48.690  4244  4244 W Resources: Preloaded drawable resource #0x10806fc (android:drawable/text_select_handle_right_material) that varies with configuration!!
11-18 14:10:48.690  4244  4244 I Zygote  : ...preloaded 342 resources in 350ms.
11-18 14:10:48.695  4244  4244 I Zygote  : ...preloaded 41 resources in 5ms.
11-18 14:10:48.696  4244  4244 D libEGL  : loaded /vendor/lib64/egl/libEGL_adreno.so
11-18 14:10:48.706  4244  4244 D libEGL  : loaded /vendor/lib64/egl/libGLESv1_CM_adreno.so
11-18 14:10:48.713  4244  4244 D libEGL  : loaded /vendor/lib64/egl/libGLESv2_adreno.so
11-18 14:10:48.722  4244  4244 I Zygote  : Preloading shared libraries...
11-18 14:10:48.726  4244  4244 D Zygote  : end preload
11-18 14:10:48.726  4244  4244 I art     : Starting a blocking GC Explicit
11-18 14:10:48.734  4244  4244 I art     : Explicit concurrent mark sweep GC freed 15169(808KB) AllocSpace objects, 119(4MB) LOS objects, 59% free, 5MB/13MB, paused 85us total 8.270ms
11-18 14:10:48.751  4244  4244 I art     : Starting a blocking GC Explicit
11-18 14:10:48.757  4244  4244 I art     : Explicit concurrent mark sweep GC freed 3915(281KB) AllocSpace objects, 64(1948KB) LOS objects, 70% free, 3MB/11MB, paused 61us total 5.596ms
11-18 14:10:48.757  4244  4312 I art     : Starting a blocking GC HeapTrim
11-18 14:10:48.759  4244  4244 I art     : Starting a blocking GC Background
11-18 14:10:48.783  4244  4244 E Zygote  : Not whitelisted : /data/app/com.flarejune.perfectcolorbar-1/base.apk
11-18 14:10:48.783  4244  4244 F art     : art/runtime/jni_internal.cc:497] JNI FatalError called: frameworks/base/core/jni/com_android_internal_os_Zygote.cpp:483: Unable to construct file descriptor table.
11-18 14:10:48.793  4244  4244 F art     : art/runtime/runtime.cc:372] Runtime aborting...
11-18 14:10:48.794  4244  4244 F art     : art/runtime/runtime.cc:372] Aborting thread:
11-18 14:10:48.794  4244  4244 F art     : art/runtime/runtime.cc:372] "main" prio=5 tid=1 Native
11-18 14:10:48.794  4244  4244 F art     : art/runtime/runtime.cc:372]   | group="" sCount=0 dsCount=0 obj=0x74683530 self=0x7fa88bba00
11-18 14:10:48.794  4244  4244 F art     : art/runtime/runtime.cc:372]   | sysTid=4244 nice=0 cgrp=default sched=0/0 handle=0x7fabb3efe8
11-18 14:10:48.794  4244  4244 F art     : art/runtime/runtime.cc:372]   | state=R schedstat=( 0 0 0 ) utm=90 stm=21 core=3 HZ=100
11-18 14:10:48.794  4244  4244 F art     : art/runtime/runtime.cc:372]   | stack=0x7fd90fd000-0x7fd90ff000 stackSize=8MB
11-18 14:10:48.794  4244  4244 F art     : art/runtime/runtime.cc:372]   | held mutexes= "abort lock"
11-18 14:10:48.794  4244  4244 F art     : art/runtime/runtime.cc:372]   native: #00 pc 000000000048b2fc  /system/lib64/libart.so (_ZN3art15DumpNativeStackERNSt3__113basic_ostreamIcNS0_11char_traitsIcEEEEiPKcPNS_9ArtMethodEPv+236)
11-18 14:10:48.794  4244  4244 F art     : art/runtime/runtime.cc:372]   native: #01 pc 000000000045a1f8  /system/lib64/libart.so (_ZNK3art6Thread4DumpERNSt3__113basic_ostreamIcNS1_11char_traitsIcEEEE+220)
11-18 14:10:48.794  4244  4244 F art     : art/runtime/runtime.cc:372]   native: #02 pc 00000000004334e8  /system/lib64/libart.so (_ZNK3art10AbortState10DumpThreadERNSt3__113basic_ostreamIcNS1_11char_traitsIcEEEEPNS_6ThreadE+44)
11-18 14:10:48.794  4244  4244 F art     : art/runtime/runtime.cc:372]   native: #03 pc 00000000004338cc  /system/lib64/libart.so (_ZN3art7Runtime5AbortEv+848)
11-18 14:10:48.794  4244  4244 F art     : art/runtime/runtime.cc:372]   native: #04 pc 0000000000136f78  /system/lib64/libart.so (_ZN3art10LogMessageD2Ev+3176)
11-18 14:10:48.794  4244  4244 F art     : art/runtime/runtime.cc:372]   native: #05 pc 000000000032c048  /system/lib64/libart.so (_ZN3art3JNI10FatalErrorEP7_JNIEnvPKc+108)
11-18 14:10:48.794  4244  4244 F art     : art/runtime/runtime.cc:372]   native: #06 pc 0000000000132870  /system/lib64/libandroid_runtime.so (???)
11-18 14:10:48.794  4244  4244 F art     : art/runtime/runtime.cc:372]   native: #07 pc 0000000000133d8c  /system/lib64/libandroid_runtime.so (???)
11-18 14:10:48.794  4244  4244 F art     : art/runtime/runtime.cc:372]   native: #08 pc 0000000000134570  /system/lib64/libandroid_runtime.so (???)
11-18 14:10:48.794  4244  4244 F art     : art/runtime/runtime.cc:372]   native: #09 pc 0000000001bb4c94  /data/dalvik-cache/arm64/system@framework@boot.oat (???)
11-18 14:10:48.794  4244  4244 F art     : art/runtime/runtime.cc:372]   at com.android.internal.os.Zygote.nativeForkSystemServer(Native method)
11-18 14:10:48.794  4244  4244 F art     : art/runtime/runtime.cc:372]   at com.android.internal.os.Zygote.forkSystemServer(Zygote.java:137)
11-18 14:10:48.794  4244  4244 F art     : art/runtime/runtime.cc:372]   at com.android.internal.os.ZygoteInit.startSystemServer(ZygoteInit.java:528)
11-18 14:10:48.794  4244  4244 F art     : art/runtime/runtime.cc:372]   at com.android.internal.os.ZygoteInit.main(ZygoteInit.java:608)
11-18 14:10:48.794  4244  4244 F art     : art/runtime/runtime.cc:372]   at de.robv.android.xposed.XposedBridge.main(XposedBridge.java:102)
11-18 14:10:48.794  4244  4244 F art     : art/runtime/runtime.cc:372] Dumping all threads without appropriate locks held: thread list lock mutator lock
11-18 14:10:48.794  4244  4244 F art     : art/runtime/runtime.cc:372] All threads:
11-18 14:10:48.794  4244  4244 F art     : art/runtime/runtime.cc:372] DALVIK THREADS (1):
11-18 14:10:48.794  4244  4244 F art     : art/runtime/runtime.cc:372] "main" prio=5 tid=1 Runnable
11-18 14:10:48.794  4244  4244 F art     : art/runtime/runtime.cc:372]   | group="" sCount=0 dsCount=0 obj=0x74683530 self=0x7fa88bba00
11-18 14:10:48.794  4244  4244 F art     : art/runtime/runtime.cc:372]   | sysTid=4244 nice=0 cgrp=default sched=0/0 handle=0x7fabb3efe8
11-18 14:10:48.794  4244  4244 F art     : art/runtime/runtime.cc:372]   | state=R schedstat=( 0 0 0 ) utm=90 stm=22 core=3 HZ=100
11-18 14:10:48.794  4244  4244 F art     : art/runtime/runtime.cc:372]   | stack=0x7fd90fd000-0x7fd90ff000 stackSize=8MB
11-18 14:10:48.794  4244  4244 F art     : art/runtime/runtime.cc:372]   | held mutexes= "abort lock" "mutator lock"(shared held)
11-18 14:10:48.794  4244  4244 F art     : art/runtime/runtime.cc:372]   native: #00 pc 000000000048b2fc  /system/lib64/libart.so (_ZN3art15DumpNativeStackERNSt3__113basic_ostreamIcNS0_11char_traitsIcEEEEiPKcPNS_9ArtMethodEPv+236)
11-18 14:10:48.794  4244  4244 F art     : art/runtime/runtime.cc:372]   native: #01 pc 000000000045a1f8  /system/lib64/libart.so (_ZNK3art6Thread4DumpERNSt3__113basic_ostreamIcNS1_11char_traitsIcEEEE+220)
11-18 14:10:48.794  4244  4244 F art     : art/runtime/runtime.cc:372]   native: #02 pc 0000000000467060  /system/lib64/libart.so (_ZN3art14DumpCheckpoint3RunEPNS_6ThreadE+688)
11-18 14:10:48.794  4244  4244 F art     : art/runtime/runtime.cc:372]   native: #03 pc 0000000000467f78  /system/lib64/libart.so (_ZN3art10ThreadList13RunCheckpointEPNS_7ClosureE+276)
11-18 14:10:48.794  4244  4244 F art     : art/runtime/runtime.cc:372]   native: #04 pc 0000000000468634  /system/lib64/libart.so (_ZN3art10ThreadList4DumpERNSt3__113basic_ostreamIcNS1_11char_traitsIcEEEE+188)
11-18 14:10:48.794  4244  4244 F art     : art/runtime/runtime.cc:372]   native: #05 pc 00000000004337a8  /system/lib64/libart.so (_ZN3art7Runtime5AbortEv+556)
11-18 14:10:48.794  4244  4244 F art     : art/runtime/runtime.cc:372]   native: #06 pc 0000000000136f78  /system/lib64/libart.so (_ZN3art10LogMessageD2Ev+3176)
11-18 14:10:48.794  4244  4244 F art     : art/runtime/runtime.cc:372]   native: #07 pc 000000000032c048  /system/lib64/libart.so (_ZN3art3JNI10FatalErrorEP7_JNIEnvPKc+108)
11-18 14:10:48.795  4244  4244 F art     : art/runtime/runtime.cc:372]   native: #08 pc 0000000000132870  /system/lib64/libandroid_runtime.so (???)
11-18 14:10:48.795  4244  4244 F art     : art/runtime/runtime.cc:372]   native: #09 pc 0000000000133d8c  /system/lib64/libandroid_runtime.so (???)
11-18 14:10:48.795  4244  4244 F art     : art/runtime/runtime.cc:372]   native: #10 pc 0000000000134570  /system/lib64/libandroid_runtime.so (???)
11-18 14:10:48.795  4244  4244 F art     : art/runtime/runtime.cc:372]   native: #11 pc 0000000001bb4c94  /data/dalvik-cache/arm64/system@framework@boot.oat (Java_com_android_internal_os_Zygote_nativeForkSystemServer__II_3II_3_3IJJ+232)
11-18 14:10:48.795  4244  4244 F art     : art/runtime/runtime.cc:372]   at com.android.internal.os.Zygote.nativeForkSystemServer(Native method)
11-18 14:10:48.795  4244  4244 F art     : art/runtime/runtime.cc:372]   at com.android.internal.os.Zygote.forkSystemServer(Zygote.java:137)
11-18 14:10:48.795  4244  4244 F art     : art/runtime/runtime.cc:372]   at com.android.internal.os.ZygoteInit.startSystemServer(ZygoteInit.java:528)
11-18 14:10:48.795  4244  4244 F art     : art/runtime/runtime.cc:372]   at com.android.internal.os.ZygoteInit.main(ZygoteInit.java:608)
11-18 14:10:48.795  4244  4244 F art     : art/runtime/runtime.cc:372]   at de.robv.android.xposed.XposedBridge.main(XposedBridge.java:102)
11-18 14:10:48.795  4244  4244 F art     : art/runtime/runtime.cc:372] 
11-18 14:10:48.795  4244  4244 F art     : art/runtime/runtime.cc:372] 
11-18 14:10:48.795  4244  4244 F libc    : Fatal signal 6 (SIGABRT), code -6 in tid 4244 (main)
11-18 14:10:48.846   844   844 F DEBUG   : *** *** *** *** *** *** *** *** *** *** *** *** *** *** *** ***
11-18 14:10:48.846   844   844 F DEBUG   : Build fingerprint: 'OnePlus/OnePlus3/OnePlus3:6.0.1/MXB48T/361013:user/release-keys'
11-18 14:10:48.846   844   844 F DEBUG   : Revision: '0'
11-18 14:10:48.846   844   844 F DEBUG   : ABI: 'arm64'
11-18 14:10:48.847   844   844 F DEBUG   : pid: 4244, tid: 4244, name: main  >>> zygote64 <<<
11-18 14:10:48.847   844   844 F DEBUG   : signal 6 (SIGABRT), code -6 (SI_TKILL), fault addr --------
11-18 14:10:48.854   844   844 F DEBUG   : Abort message: 'art/runtime/jni_internal.cc:497] JNI FatalError called: frameworks/base/core/jni/com_android_internal_os_Zygote.cpp:483: Unable to construct file descriptor table.'
11-18 14:10:48.854   844   844 F DEBUG   :     x0   0000000000000000  x1   0000000000001094  x2   0000000000000006  x3   0000000000000000
11-18 14:10:48.854   844   844 F DEBUG   :     x4   0000000000000000  x5   0000000000000001  x6   0000000000000000  x7   0000000000000000
11-18 14:10:48.854   844   844 F DEBUG   :     x8   0000000000000083  x9   0000000000017b40  x10  00000000037958c0  x11  0000000003795a00
11-18 14:10:48.854   844   844 F DEBUG   :     x12  0000000000000000  x13  0000007fab751000  x14  0000000000000000  x15  0000000000000000
11-18 14:10:48.854   844   844 F DEBUG   :     x16  0000007fab743568  x17  0000007fab6d62fc  x18  0000007fab754f50  x19  0000007fabb3f0a8
11-18 14:10:48.854   844   844 F DEBUG   :     x20  0000007fabb3efe8  x21  0000000000000002  x22  0000000000000006  x23  0000007fa88bba00
11-18 14:10:48.854   844   844 F DEBUG   :     x24  0000007fa80d7b40  x25  0000000000000000  x26  0000007fa80ec000  x27  0000000000000000
11-18 14:10:48.854   844   844 F DEBUG   :     x28  0000007fa88bba00  x29  0000007fd98f9ea0  x30  0000007fab6d3a98
11-18 14:10:48.854   844   844 F DEBUG   :     sp   0000007fd98f9ea0  pc   0000007fab6d6304  pstate 0000000020000000
11-18 14:10:48.858   844   844 F DEBUG   : 
11-18 14:10:48.858   844   844 F DEBUG   : backtrace:
11-18 14:10:48.858   844   844 F DEBUG   :     #00 pc 0000000000069304  /system/lib64/libc.so (tgkill+8)
11-18 14:10:48.858   844   844 F DEBUG   :     #01 pc 0000000000066a94  /system/lib64/libc.so (pthread_kill+68)
11-18 14:10:48.858   844   844 F DEBUG   :     #02 pc 00000000000239f8  /system/lib64/libc.so (raise+28)
11-18 14:10:48.858   844   844 F DEBUG   :     #03 pc 000000000001e198  /system/lib64/libc.so (abort+60)
11-18 14:10:48.858   844   844 F DEBUG   :     #04 pc 00000000004336c0  /system/lib64/libart.so (_ZN3art7Runtime5AbortEv+324)
11-18 14:10:48.858   844   844 F DEBUG   :     #05 pc 0000000000136f78  /system/lib64/libart.so (_ZN3art10LogMessageD2Ev+3176)
11-18 14:10:48.858   844   844 F DEBUG   :     #06 pc 000000000032c048  /system/lib64/libart.so (_ZN3art3JNI10FatalErrorEP7_JNIEnvPKc+108)
11-18 14:10:48.858   844   844 F DEBUG   :     #07 pc 0000000000132870  /system/lib64/libandroid_runtime.so
11-18 14:10:48.859   844   844 F DEBUG   :     #08 pc 0000000000133d8c  /system/lib64/libandroid_runtime.so
11-18 14:10:48.859   844   844 F DEBUG   :     #09 pc 0000000000134570  /system/lib64/libandroid_runtime.so
11-18 14:10:48.859   844   844 F DEBUG   :     #10 pc 0000000073e98c94  /data/dalvik-cache/arm64/system@framework@boot.oat (offset 0x20d4000)
11-18 14:10:48.898   844   844 F DEBUG   : 
11-18 14:10:48.898   844   844 F DEBUG   : Tombstone written to: /data/tombstones/tombstone_07
11-18 14:10:48.917   522   522 I ServiceManager: service 'user.xposed.app' died
11-18 14:10:48.922   914  1044 E slim_daemon: [NDK] bindNDKSensors: Sensor server is unavailable.
11-18 14:10:48.924   522   522 I ServiceManager: service 'media.audio_flinger' died
11-18 14:10:48.924   522   522 I ServiceManager: service 'media.player' died
11-18 14:10:48.924   522   522 I ServiceManager: service 'media.resource_manager' died
11-18 14:10:48.924   522   522 I ServiceManager: service 'user.xposed.system' died
11-18 14:10:49.201   532   532 E oemlogkit: oemlogkit: Waiting for internal sd be mounted... 
11-18 14:10:49.922   914  1044 E slim_daemon: [NDK] bindNDKSensors: Sensor server is unavailable.
11-18 14:10:50.201   532   532 E oemlogkit: oemlogkit: Waiting for internal sd be mounted... 
11-18 14:10:50.922   914  1044 E slim_daemon: [NDK] bindNDKSensors: Sensor server is unavailable.
11-18 14:10:51.201   532   532 E oemlogkit: oemlogkit: Waiting for internal sd be mounted... 
11-18 14:10:51.922   914  1044 E slim_daemon: [NDK] bindNDKSensors: Sensor server is unavailable.
11-18 14:10:51.940  4500  4500 I Netd    : Netd 1.0 starting
11-18 14:10:51.941  4500  4500 D QtiConnectivityAdapter: Successfully loaded libconnectivitycontroller
11-18 14:10:51.941  4500  4500 D         : initConnectivityController cons 
11-18 14:10:51.941  4500  4500 D ConnectivityController: QtiTetherCommand cons done
11-18 14:10:51.941  4500  4500 I libconnctrl: Creating a NetlinkRelay
11-18 14:10:51.941  4500  4500 I libconnctrl: NetlinkRelay constructor
11-18 14:10:51.941  4500  4500 D TetherController: Setting IP forward enable = 0
11-18 14:10:51.946  4500  4500 E         : Failed to open libdatactrl, some features may not be present.
11-18 14:10:52.138  4501  4501 D SRS_Spools_V2: DSEC_DMO_Token ERR: Unable to open key file. - /system/etc/srs/dts.lic
11-18 14:10:52.138  4501  4501 D SRS_Spools_V2: DSEC_RET_Token ERR: Unable to open key file. - /system/etc/srs/dts.lic
11-18 14:10:52.138  4501  4501 D SRS_Spools_V2: DSEC_DMO_Token ERR: Unable to open key file. - /system/etc/srs/dts.lic
11-18 14:10:52.138  4501  4501 D SRS_Spools_V2: DSEC_RET_Token ERR: Unable to open key file. - /system/etc/srs/dts.lic
11-18 14:10:52.138  4501  4501 V SRS_ProcT: TRUMEDIA_DSP_VERSION_STRING = v3.1.6.0
11-18 14:10:52.150  4503  4503 I Dpps    : static DppsServer *DppsServer::GetInstance(): DppsServer ref count increased to 1
11-18 14:10:52.151  4503  4503 I Dpps    : AbaContext():18 ABA context instantiation
11-18 14:10:52.151  4503  4503 I Dpps    : AmbientLightContext():17 AL context instantiation
11-18 14:10:52.151  4503  4503 I Dpps    : InitFeatureContext():171 Initialize feature context
11-18 14:10:52.151  4503  4503 I Dpps    : InitContext():80 display fd 5 histogram bins 256  components 1 Lut size 256 panel 0 sensor type 1
11-18 14:10:52.151  4503  4503 I Dpps    : OpenCommonSysfsFds():341 lcd_bl_event_fd_ is 6
11-18 14:10:52.151  4503  4503 I Dpps    : OpenCommonSysfsFds():350 blank_event_fd_ is 7
11-18 14:10:52.151  4503  4503 I Dpps    : OpenCommonSysfsFds():358 lcd_brightness_fd_ is 8
11-18 14:10:52.151  4503  4503 I Dpps    : InitContext():107 hist_sysfs_fd_ is 9
11-18 14:10:52.151  4503  4503 I Dpps    : InitContext():180 Context Initialization successfull
11-18 14:10:52.151  4503  4503 I Dpps    : CreateAbaThread():61 Create ABA thread
11-18 14:10:52.151  4503  4503 I Dpps    : CreateAbaThread():84 Create ABA thread done ret 0
11-18 14:10:52.152  4503  4503 I Dpps    : InitContext():69 display_fd 5, panel 0, sensor type 1 display_type 0
11-18 14:10:52.152  4503  4503 I Dpps    : OpenCommonSysfsFds():341 lcd_bl_event_fd_ is 16
11-18 14:10:52.152  4503  4503 I Dpps    : OpenCommonSysfsFds():350 blank_event_fd_ is 17
11-18 14:10:52.152  4503  4503 I Dpps    : OpenCommonSysfsFds():358 lcd_brightness_fd_ is 18
11-18 14:10:52.152  4503  4503 I Dpps    : SelectLightSensor():468 sensor_type 1
11-18 14:10:52.152  4503  4503 I Dpps    : SelectLightSensor():471 sensor_type_ 1
11-18 14:10:52.152  4503  4503 I Dpps    : InitLightSensor():503 sensor_type_ 1
11-18 14:10:52.152  4503  4503 I Dpps    : InitLightSensor():506 SensorTypeSimulation
11-18 14:10:52.152  4503  4503 I Dpps    : InitLightSensor():524 light sensor initialization ret 0
11-18 14:10:52.152  4503  4503 I Dpps    : CreateAmbientLightThread():141 Create AL thread
11-18 14:10:52.152  4503  4503 I Dpps    : CreateAmbientLightThread():160 Create AL thread done ret 0
11-18 14:10:52.152  4503  4503 I Dpps    : InitFeatureContext():223 Initialize feature context done ret 0
11-18 14:10:52.153  4503  4519 I Dpps    : ProcessAmbientLightThread():98 AL thread execution started
11-18 14:10:52.153  4503  4518 I Dpps    : ProcessAbaThread():253 ABA thread execution started
11-18 14:10:52.188  4502  4502 D XposedStartupMarker: Current time: 1479449452, PID: 4502
11-18 14:10:52.188  4502  4502 I Xposed  : -----------------
11-18 14:10:52.188  4502  4502 I Xposed  : Starting Xposed version 86, compiled for SDK 23
11-18 14:10:52.188  4502  4502 I Xposed  : Device: ONEPLUS A3000 (OnePlus), Android version 6.0.1 (SDK 23)
11-18 14:10:52.188  4502  4502 I Xposed  : ROM: ONEPLUS A3000_16_161116
11-18 14:10:52.188  4502  4502 I Xposed  : Build fingerprint: OnePlus/OnePlus3/OnePlus3:6.0.1/MXB48T/361013:user/release-keys
11-18 14:10:52.188  4502  4502 I Xposed  : Platform: arm64-v8a, 64-bit binary, system server: yes
11-18 14:10:52.188  4502  4502 I Xposed  : SELinux enabled: yes, enforcing: yes
11-18 14:10:52.184  4502  4502 W zygote64: type=1400 audit(0.0:27): avc: denied { read } for name="input" dev="tmpfs" ino=14471 scontext=u:r:zygote:s0 tcontext=u:object_r:input_device:s0 tclass=dir permissive=0
11-18 14:10:52.195  4502  4502 I Xposed  : -----------------
11-18 14:10:52.195  4502  4502 I Xposed  : Added Xposed (/system/framework/XposedBridge.jar) to CLASSPATH
11-18 14:10:52.195  4502  4502 D AndroidRuntime: >>>>>> START de.robv.android.xposed.XposedBridge uid 0 <<<<<<
11-18 14:10:52.199  4502  4502 D AndroidRuntime: CheckJNI is OFF
11-18 14:10:52.199  4502  4502 I art     : option[0]=-Xzygote
11-18 14:10:52.199  4502  4502 I art     : option[1]=-Xstacktracefile:/data/anr/traces.txt
11-18 14:10:52.199  4502  4502 I art     : option[2]=exit
11-18 14:10:52.199  4502  4502 I art     : option[3]=vfprintf
11-18 14:10:52.199  4502  4502 I art     : option[4]=sensitiveThread
11-18 14:10:52.199  4502  4502 I art     : option[5]=-verbose:gc
11-18 14:10:52.199  4502  4502 I art     : option[6]=-Xms16m
11-18 14:10:52.199  4502  4502 I art     : option[7]=-Xmx512m
11-18 14:10:52.199  4502  4502 I art     : option[8]=-XX:HeapGrowthLimit=256m
11-18 14:10:52.199  4502  4502 I art     : option[9]=-XX:HeapMinFree=4m
11-18 14:10:52.199  4502  4502 I art     : option[10]=-XX:HeapMaxFree=8m
11-18 14:10:52.199  4502  4502 I art     : option[11]=-XX:HeapTargetUtilization=0.75
11-18 14:10:52.200  4502  4502 I art     : option[12]=-agentlib:jdwp=transport=dt_android_adb,suspend=n,server=y
11-18 14:10:52.200  4502  4502 I art     : option[13]=-Ximage-compiler-option
11-18 14:10:52.200  4502  4502 I art     : option[14]=--runtime-arg
11-18 14:10:52.200  4502  4502 I art     : option[15]=-Ximage-compiler-option
11-18 14:10:52.200  4502  4502 I art     : option[16]=-Xms64m
11-18 14:10:52.200  4502  4502 I art     : option[17]=-Ximage-compiler-option
11-18 14:10:52.200  4502  4502 I art     : option[18]=--runtime-arg
11-18 14:10:52.200  4502  4502 I art     : option[19]=-Ximage-compiler-option
11-18 14:10:52.200  4502  4502 I art     : option[20]=-Xmx64m
11-18 14:10:52.200  4502  4502 I art     : option[21]=-Ximage-compiler-option
11-18 14:10:52.200  4502  4502 I art     : option[22]=--image-classes=/system/etc/preloaded-classes
11-18 14:10:52.200  4502  4502 I art     : option[23]=-Xcompiler-option
11-18 14:10:52.200  4502  4502 I art     : option[24]=--runtime-arg
11-18 14:10:52.200  4502  4502 I art     : option[25]=-Xcompiler-option
11-18 14:10:52.200  4502  4502 I art     : option[26]=-Xms64m
11-18 14:10:52.200  4502  4502 I art     : option[27]=-Xcompiler-option
11-18 14:10:52.200  4502  4502 I art     : option[28]=--runtime-arg
11-18 14:10:52.200  4502  4502 I art     : option[29]=-Xcompiler-option
11-18 14:10:52.200  4502  4502 I art     : option[30]=-Xmx512m
11-18 14:10:52.200  4502  4502 I art     : option[31]=-Ximage-compiler-option
11-18 14:10:52.200  4502  4502 I art     : option[32]=--instruction-set-variant=kryo
11-18 14:10:52.200  4502  4502 I art     : option[33]=-Xcompiler-option
11-18 14:10:52.200  4502  4502 I art     : option[34]=--instruction-set-variant=kryo
11-18 14:10:52.200  4502  4502 I art     : option[35]=-Ximage-compiler-option
11-18 14:10:52.200  4502  4502 I art     : option[36]=--instruction-set-features=default
11-18 14:10:52.200  4502  4502 I art     : option[37]=-Xcompiler-option
11-18 14:10:52.200  4502  4502 I art     : option[38]=--instruction-set-features=default
11-18 14:10:52.200  4502  4502 I art     : option[39]=-Duser.locale=zh-CN
11-18 14:10:52.200  4502  4502 I art     : option[40]=--cpu-abilist=arm64-v8a
11-18 14:10:52.200  4502  4502 I art     : option[41]=-Xfingerprint:OnePlus/OnePlus3/OnePlus3:6.0.1/MXB48T/361013:user/release-keys
11-18 14:10:52.201   532   532 E oemlogkit: oemlogkit: Waiting for internal sd be mounted... 
11-18 14:10:52.203  4502  4502 W art     : Incomplete boot detected. Pruning dalvik cache
11-18 14:10:52.203  4501  4501 D SRS_QDSP_Adapter: Control used - SRS TruMedia
11-18 14:10:52.203  4501  4501 W SRS_QDSP_Adapter: Mixer opened 0xf6396000
11-18 14:10:52.203  4501  4501 W SRS_QDSP_Adapter: SRS TruMedia ctl opened 0xf63a132c
11-18 14:10:52.203  4501  4501 W SRS_QDSP_Adapter: Not creating SRS DSP thread.
11-18 14:10:52.205  4501  4501 V MediaUtils: physMem: 4294967295
11-18 14:10:52.205  4501  4501 V MediaUtils: requested limit: 2791728680
11-18 14:10:52.205  4501  4501 V MediaUtils: actual limit: 2791728680
11-18 14:10:52.205  4501  4501 V MediaUtils: original limits: 4294967295/4294967295
11-18 14:10:52.205  4501  4501 V MediaUtils: new limits: 2791728680/4294967295
11-18 14:10:52.205  4501  4501 I mediaserver: ServiceManager: 0xf640e620
11-18 14:10:52.206  4501  4501 D mediaserver: mediaserver get Service Manager need time 0 ms
11-18 14:10:52.206  4501  4501 I AudioFlinger: Using default 3000 mSec as standby time.
11-18 14:10:52.206  4501  4501 D mediaserver: mediaserver audio flinger init need time 0 ms
11-18 14:10:52.206  4501  4501 E         : batterystats service unavailable!
11-18 14:10:52.207  4501  4501 E         : batterystats service unavailable!
11-18 14:10:52.207  4501  4501 E ExtendedServiceUtils: player_type 6
11-18 14:10:52.207  4501  4501 E ExtendedServiceUtils: Creating DashPlayer Factory
11-18 14:10:52.207  4501  4501 D mediaserver: mediaserver media player service init need time 1 ms
11-18 14:10:52.207  4501  4501 D mediaserver: mediaserver ResourceManagerService init need time 0 ms
11-18 14:10:52.208  4501  4501 I CameraService: CameraService started (pid=4501)
11-18 14:10:52.208  4501  4501 I CameraService: CameraService process starting
11-18 14:10:52.208  4501  4501 E         : batterystats service unavailable!
11-18 14:10:52.208  4501  4501 E         : batterystats service unavailable!
11-18 14:10:52.218  4501  4501 I QCamera : <MCI><INFO> get_num_of_cameras: 1848: dev_info[id=0,name='video2']
11-18 14:10:52.218  4501  4501 I QCamera : <MCI><INFO> get_num_of_cameras: 1848: dev_info[id=1,name='video3']
11-18 14:10:52.218  4501  4501 I QCamera : <MCI><INFO> sort_camera_info: 1696: Camera id: 0 facing: 0, type: 1 is_yuv: 0
11-18 14:10:52.218  4501  4501 I QCamera : <MCI><INFO> sort_camera_info: 1696: Camera id: 1 facing: 1, type: 0 is_yuv: 0
11-18 14:10:52.218  4501  4501 I QCamera : <MCI><INFO> sort_camera_info: 1699: Number of cameras 2 sorted 2
11-18 14:10:52.218  4501  4501 I QCamera : <MCI><INFO> get_num_of_cameras: 1870: num_cameras=2
11-18 14:10:52.218  4501  4501 I CameraService: Loaded "QCamera Module" camera module
11-18 14:10:52.218  4501  4501 I QCamera : <HAL><INFO> int qcamera::QCamera2Factory::getCameraInfo(int, camera_info*): 316: Camera id 0 API version 768
11-18 14:10:52.235  4215  4541 I mm-camera-CORE: dlopen libopcamera_native_modules.so
11-18 14:10:52.247  4215  4541 I OPCAMERA_SENSOR: init_module: module=0xf15ff018 private=0xf15f9060 list=0xf15e91a0
11-18 14:10:52.248  4215  4551 I OPCAMERA_SENSOR: add_listener: listener=(0x0, 0xf15e9180)
11-18 14:10:52.251  4215  4552 I ServiceManager: Waiting for service permission...
11-18 14:10:52.256  4215  4215 I mm-camera-CORE: af_core_init
11-18 14:10:52.258  4215  4554 E mm-camera: <CPP   ><ERROR> 2235: cpp_module_notify_add_stream: failed, CPP current version can not support rotation
11-18 14:10:52.260  4215  4554 I mm-camera-CORE: q3a_thread_aecawb_start Enter
11-18 14:10:52.283  4502  4502 I art     : Forcing image recompilation because /data/dalvik-cache/arm64/system@framework@boot.oat could not be opened: Could not get oat header because file could not be opened: /data/dalvik-cache/arm64/system@framework@boot.oat
11-18 14:10:52.283  4502  4502 I art     : Pruning dalvik-cache since we are generating an image and will need to recompile
11-18 14:10:52.284  4502  4502 I art     : Using an offset of 0x2aa000 from default art base address of 0x70000000
