11-18 14:10:13.911   844   844 F DEBUG   :     x28  0000007f7e6bba00  x29  0000007ffcb887d0  x30  0000007f814b1a98
11-18 14:10:13.911   844   844 F DEBUG   :     sp   0000007ffcb887d0  pc   0000007f814b4304  pstate 0000000020000000
11-18 14:10:13.915   844   844 F DEBUG   : 
11-18 14:10:13.915   844   844 F DEBUG   : backtrace:
11-18 14:10:13.915   844   844 F DEBUG   :     #00 pc 0000000000069304  /system/lib64/libc.so (tgkill+8)
11-18 14:10:13.915   844   844 F DEBUG   :     #01 pc 0000000000066a94  /system/lib64/libc.so (pthread_kill+68)
11-18 14:10:13.915   844   844 F DEBUG   :     #02 pc 00000000000239f8  /system/lib64/libc.so (raise+28)
11-18 14:10:13.915   844   844 F DEBUG   :     #03 pc 000000000001e198  /system/lib64/libc.so (abort+60)
11-18 14:10:13.915   844   844 F DEBUG   :     #04 pc 00000000004336c0  /system/lib64/libart.so (_ZN3art7Runtime5AbortEv+324)
11-18 14:10:13.915   844   844 F DEBUG   :     #05 pc 0000000000136f78  /system/lib64/libart.so (_ZN3art10LogMessageD2Ev+3176)
11-18 14:10:13.915   844   844 F DEBUG   :     #06 pc 000000000032c048  /system/lib64/libart.so (_ZN3art3JNI10FatalErrorEP7_JNIEnvPKc+108)
11-18 14:10:13.915   844   844 F DEBUG   :     #07 pc 0000000000132870  /system/lib64/libandroid_runtime.so
11-18 14:10:13.915   844   844 F DEBUG   :     #08 pc 0000000000133d8c  /system/lib64/libandroid_runtime.so
11-18 14:10:13.915   844   844 F DEBUG   :     #09 pc 0000000000134570  /system/lib64/libandroid_runtime.so
11-18 14:10:13.915   844   844 F DEBUG   :     #10 pc 0000000073e98c94  /data/dalvik-cache/arm64/system@framework@boot.oat (offset 0x20d4000)
11-18 14:10:13.954   844   844 F DEBUG   : 
11-18 14:10:13.954   844   844 F DEBUG   : Tombstone written to: /data/tombstones/tombstone_08
11-18 14:10:13.974   522   522 I ServiceManager: service 'media.audio_flinger' died
11-18 14:10:13.974   522   522 I ServiceManager: service 'media.player' died
11-18 14:10:13.975   522   522 I ServiceManager: service 'media.resource_manager' died
11-18 14:10:13.975   522   522 I ServiceManager: service 'user.xposed.system' died
11-18 14:10:13.975   522   522 I ServiceManager: service 'user.xposed.app' died
11-18 14:10:14.194   532   532 I chatty  : uid=0(root) /system/bin/oemlogkit expire 4 lines
11-18 14:10:14.864   598   609 I chatty  : uid=0(root) /system/bin/sensors.qcom expire 3 lines
11-18 14:10:14.909   914  1044 E slim_daemon: [NDK] bindNDKSensors: Sensor server is unavailable.
11-18 14:10:15.910   914  1044 E slim_daemon: [NDK] bindNDKSensors: Sensor server is unavailable.
11-18 14:10:16.116  2785  2785 D SRS_Spools_V2: DSEC_DMO_Token ERR: Unable to open key file. - /system/etc/srs/dts.lic
11-18 14:10:16.116  2785  2785 D SRS_Spools_V2: DSEC_RET_Token ERR: Unable to open key file. - /system/etc/srs/dts.lic
11-18 14:10:16.116  2785  2785 D SRS_Spools_V2: DSEC_DMO_Token ERR: Unable to open key file. - /system/etc/srs/dts.lic
11-18 14:10:16.117  2785  2785 D SRS_Spools_V2: DSEC_RET_Token ERR: Unable to open key file. - /system/etc/srs/dts.lic
11-18 14:10:16.117  2785  2785 V SRS_ProcT: TRUMEDIA_DSP_VERSION_STRING = v3.1.6.0
11-18 14:10:16.151  2785  2785 D SRS_QDSP_Adapter: Control used - SRS TruMedia
11-18 14:10:16.152  2785  2785 W SRS_QDSP_Adapter: Mixer opened 0xf6016000
11-18 14:10:16.152  2785  2785 W SRS_QDSP_Adapter: SRS TruMedia ctl opened 0xf602132c
11-18 14:10:16.152  2785  2785 W SRS_QDSP_Adapter: Not creating SRS DSP thread.
11-18 14:10:16.152  2785  2785 V MediaUtils: physMem: 4294967295
11-18 14:10:16.152  2785  2785 V MediaUtils: requested limit: 2791728680
11-18 14:10:16.152  2785  2785 V MediaUtils: actual limit: 2791728680
11-18 14:10:16.152  2785  2785 V MediaUtils: original limits: 4294967295/4294967295
11-18 14:10:16.152  2785  2785 V MediaUtils: new limits: 2791728680/4294967295
11-18 14:10:16.153  2785  2785 I mediaserver: ServiceManager: 0xf604e620
11-18 14:10:16.153  2785  2785 D mediaserver: mediaserver get Service Manager need time 0 ms
11-18 14:10:16.153  2785  2785 I AudioFlinger: Using default 3000 mSec as standby time.
11-18 14:10:16.153  2785  2785 D mediaserver: mediaserver audio flinger init need time 0 ms
11-18 14:10:16.153  2785  2785 E         : batterystats service unavailable!
11-18 14:10:16.153  2785  2785 E         : batterystats service unavailable!
11-18 14:10:16.153  2785  2785 E ExtendedServiceUtils: player_type 6
11-18 14:10:16.153  2785  2785 E ExtendedServiceUtils: Creating DashPlayer Factory
11-18 14:10:16.154  2785  2785 D mediaserver: mediaserver media player service init need time 0 ms
11-18 14:10:16.154  2785  2785 D mediaserver: mediaserver ResourceManagerService init need time 0 ms
11-18 14:10:16.154  2785  2785 I CameraService: CameraService started (pid=2785)
11-18 14:10:16.154  2785  2785 I CameraService: CameraService process starting
11-18 14:10:16.154  2785  2785 E         : batterystats service unavailable!
11-18 14:10:16.154  2785  2785 E         : batterystats service unavailable!
11-18 14:10:16.160  2785  2785 I QCamera : <MCI><INFO> get_num_of_cameras: 1848: dev_info[id=0,name='video2']
11-18 14:10:16.160  2785  2785 I QCamera : <MCI><INFO> get_num_of_cameras: 1848: dev_info[id=1,name='video3']
11-18 14:10:16.160  2785  2785 I QCamera : <MCI><INFO> sort_camera_info: 1696: Camera id: 0 facing: 0, type: 1 is_yuv: 0
11-18 14:10:16.161  2785  2785 I QCamera : <MCI><INFO> sort_camera_info: 1696: Camera id: 1 facing: 1, type: 0 is_yuv: 0
11-18 14:10:16.161  2785  2785 I QCamera : <MCI><INFO> sort_camera_info: 1699: Number of cameras 2 sorted 2
11-18 14:10:16.161  2785  2785 I QCamera : <MCI><INFO> get_num_of_cameras: 1870: num_cameras=2
11-18 14:10:16.161  2785  2785 I CameraService: Loaded "QCamera Module" camera module
11-18 14:10:16.161  2785  2785 I QCamera : <HAL><INFO> int qcamera::QCamera2Factory::getCameraInfo(int, camera_info*): 316: Camera id 0 API version 768
11-18 14:10:16.170  2497  2793 I mm-camera-CORE: dlopen libopcamera_native_modules.so
11-18 14:10:16.177  2497  2793 I OPCAMERA_SENSOR: init_module: module=0xf2eff6a0 private=0xf420d220 list=0xf1a94490
11-18 14:10:16.177  2497  2802 I OPCAMERA_SENSOR: add_listener: listener=(0x0, 0xf0cff2c0)
11-18 14:10:16.178  2497  2803 I ServiceManager: Waiting for service permission...
11-18 14:10:16.184  2497  2497 I mm-camera-CORE: af_core_init
11-18 14:10:16.185  2497  2805 E mm-camera: <CPP   ><ERROR> 2235: cpp_module_notify_add_stream: failed, CPP current version can not support rotation
11-18 14:10:16.186  2497  2805 I mm-camera-CORE: q3a_thread_aecawb_start Enter
11-18 14:10:16.234  2497  2806 E mm-camera: <SENSOR><ERROR> 2937: sensor_get_cur_chromatix_name: Sensor name:imx298,sensor id:0x0, vendor id:4, lens id:0
11-18 14:10:16.234  2497  2806 E         : name = imx298_common
11-18 14:10:16.234  2497  2806 E         : name = imx298_snapshot
11-18 14:10:16.234  2497  2806 E         : name = imx298_cpp_preview
11-18 14:10:16.234  2497  2806 E         : name = imx298_cpp_snapshot
11-18 14:10:16.234  2497  2806 E         : name = imx298_cpp_snapshot_flash
11-18 14:10:16.234  2497  2806 E         : name = imx298_cpp_snapshot
11-18 14:10:16.234  2497  2806 E         : name = imx298_cpp_snapshot
11-18 14:10:16.234  2497  2806 E         : name = imx298_cpp_snapshot
11-18 14:10:16.234  2497  2806 E         : name = imx298_cpp_snapshot
11-18 14:10:16.234  2497  2806 E         : name = imx298_cpp_snapshot
11-18 14:10:16.234  2497  2806 E         : name = imx298_cpp_video
11-18 14:10:16.234  2497  2806 E         : name = imx298_postproc
11-18 14:10:16.234  2497  2806 E         : name = imx298_zsl_preview
11-18 14:10:16.234  2497  2806 E mm-camera: <SENSOR><ERROR> 2893: sensor_get_cur_chromatix_name_for_type: chromatix for res_idx = 0 special_mode_mask = 0     module = 4 chromatix_type = 0 is NULL
11-18 14:10:16.235  2497  2806 E         : name = imx298_snapshot
11-18 14:10:16.235  2497  2806 E mm-camera: <SENSOR><ERROR> 3088: sensor_get_cur_chromatix_name: 3A chromatix : imx298_zsl_preview
11-18 14:10:16.235  2497  2806 I         : processFpsTable: fps[0]=30.00/30.00 30.00/30.00
11-18 14:10:16.235  2497  2806 I         : processFpsTable: fps[1]=15.00/30.02 15.00/30.02
11-18 14:10:16.235  2497  2806 I         : processFpsTable: fps[2]=15.00/30.03 15.00/30.03
11-18 14:10:16.235  2497  2806 I         : processFpsTable: fps[3]=15.00/60.00 15.00/60.00
11-18 14:10:16.235  2497  2806 I         : processFpsTable: fps[4]=15.00/120.00 15.00/120.00
11-18 14:10:16.236  2785  2808 D         : cmdtype=MM_CAMERA_CMD_TYPE_EXIT
11-18 14:10:16.344  2497  2790 E mm-camera: <SENSOR><ERROR> 739: eeprom_process: failed NULL pointer detected: eeprom_ctrl : 
11-18 14:10:16.345  2497  2790 E mm-camera: <SENSOR><ERROR> 324: module_sensor_offload_ois_init_calibrate: Get Is OIS calibration failed
11-18 14:10:16.910   914  1044 E slim_daemon: [NDK] bindNDKSensors: Sensor server is unavailable.
11-18 14:10:17.179  2497  2803 I ServiceManager: Waiting for service permission...
11-18 14:10:17.183  2821  2821 I chatty  : uid=0(root) expire 8 lines
11-18 14:10:17.356  2822  2822 I chatty  : uid=0(root) expire 638 lines
11-18 14:10:17.394  2823  2823 I Dpps    : static DppsServer *DppsServer::GetInstance(): DppsServer ref count increased to 1
11-18 14:10:17.394  2823  2823 I Dpps    : AbaContext():18 ABA context instantiation
11-18 14:10:17.394  2823  2823 I Dpps    : AmbientLightContext():17 AL context instantiation
11-18 14:10:17.394  2823  2823 I Dpps    : InitFeatureContext():171 Initialize feature context
11-18 14:10:17.394  2823  2823 I Dpps    : InitContext():80 display fd 5 histogram bins 256  components 1 Lut size 256 panel 0 sensor type 1
11-18 14:10:17.394  2823  2823 I Dpps    : OpenCommonSysfsFds():341 lcd_bl_event_fd_ is 6
11-18 14:10:17.395  2823  2823 I Dpps    : OpenCommonSysfsFds():350 blank_event_fd_ is 7
11-18 14:10:17.395  2823  2823 I Dpps    : OpenCommonSysfsFds():358 lcd_brightness_fd_ is 8
11-18 14:10:17.395  2823  2823 I Dpps    : InitContext():107 hist_sysfs_fd_ is 9
11-18 14:10:17.395  2823  2823 I Dpps    : InitContext():180 Context Initialization successfull
11-18 14:10:17.395  2823  2823 I Dpps    : CreateAbaThread():61 Create ABA thread
11-18 14:10:17.395  2823  2823 I Dpps    : CreateAbaThread():84 Create ABA thread done ret 0
11-18 14:10:17.395  2823  2823 I Dpps    : InitContext():69 display_fd 5, panel 0, sensor type 1 display_type 0
11-18 14:10:17.395  2823  2823 I Dpps    : OpenCommonSysfsFds():341 lcd_bl_event_fd_ is 16
11-18 14:10:17.395  2823  2823 I Dpps    : OpenCommonSysfsFds():350 blank_event_fd_ is 17
11-18 14:10:17.395  2823  2823 I Dpps    : OpenCommonSysfsFds():358 lcd_brightness_fd_ is 18
11-18 14:10:17.395  2823  2823 I Dpps    : SelectLightSensor():468 sensor_type 1
11-18 14:10:17.395  2823  2823 I Dpps    : SelectLightSensor():471 sensor_type_ 1
11-18 14:10:17.395  2823  2823 I Dpps    : InitLightSensor():503 sensor_type_ 1
11-18 14:10:17.395  2823  2823 I Dpps    : InitLightSensor():506 SensorTypeSimulation
11-18 14:10:17.395  2823  2823 I Dpps    : InitLightSensor():524 light sensor initialization ret 0
11-18 14:10:17.395  2823  2823 I Dpps    : CreateAmbientLightThread():141 Create AL thread
11-18 14:10:17.395  2823  2823 I Dpps    : CreateAmbientLightThread():160 Create AL thread done ret 0
11-18 14:10:17.395  2823  2823 I Dpps    : InitFeatureContext():223 Initialize feature context done ret 0
11-18 14:10:17.396  2823  2855 I Dpps    : ProcessAbaThread():253 ABA thread execution started
11-18 14:10:17.396  2823  2857 I Dpps    : ProcessAmbientLightThread():98 AL thread execution started
11-18 14:10:17.458  2868  2868 D idmap   : error: no read access to /vendor/overlay: No such file or directory
11-18 14:10:17.910   914  1044 E slim_daemon: [NDK] bindNDKSensors: Sensor server is unavailable.
11-18 14:10:18.179  2497  2803 I ServiceManager: Waiting for service permission...
11-18 14:10:18.194   532   532 I chatty  : uid=0(root) /system/bin/oemlogkit expire 1 line
11-18 14:10:18.268  2822  2863 I chatty  : uid=0(root) expire 1 line
11-18 14:10:18.308  2822  2822 I chatty  : uid=0(root) expire 40 lines
11-18 14:10:18.309  2822  2822 F libc    : Fatal signal 6 (SIGABRT), code -6 in tid 2822 (main)
11-18 14:10:18.411   844   844 F DEBUG   : *** *** *** *** *** *** *** *** *** *** *** *** *** *** *** ***
11-18 14:10:18.411   844   844 F DEBUG   : Build fingerprint: 'OnePlus/OnePlus3/OnePlus3:6.0.1/MXB48T/361013:user/release-keys'
11-18 14:10:18.411   844   844 F DEBUG   : Revision: '0'
11-18 14:10:18.411   844   844 F DEBUG   : ABI: 'arm64'
11-18 14:10:18.411   844   844 F DEBUG   : pid: 2822, tid: 2822, name: main  >>> zygote64 <<<
11-18 14:10:18.411   844   844 F DEBUG   : signal 6 (SIGABRT), code -6 (SI_TKILL), fault addr --------
11-18 14:10:18.420   844   844 F DEBUG   : Abort message: 'art/runtime/jni_internal.cc:497] JNI FatalError called: frameworks/base/core/jni/com_android_internal_os_Zygote.cpp:483: Unable to construct file descriptor table.'
11-18 14:10:18.420   844   844 F DEBUG   :     x0   0000000000000000  x1   0000000000000b06  x2   0000000000000006  x3   0000000000000000
11-18 14:10:18.420   844   844 F DEBUG   :     x4   0000000000000000  x5   0000000000000001  x6   0000000000000000  x7   0000000000000000
11-18 14:10:18.420   844   844 F DEBUG   :     x8   0000000000000083  x9   0000000000017b40  x10  00000000037985a0  x11  00000000037986e0
11-18 14:10:18.420   844   844 F DEBUG   :     x12  0000000000000000  x13  0000007f8fefc000  x14  0000000000000000  x15  0000000000000000
11-18 14:10:18.420   844   844 F DEBUG   :     x16  0000007f8feee568  x17  0000007f8fe812fc  x18  0000007f8fefff50  x19  0000007f902ea0a8
11-18 14:10:18.421   844   844 F DEBUG   :     x20  0000007f902e9fe8  x21  0000000000000002  x22  0000000000000006  x23  0000007f8d07ba00
11-18 14:10:18.421   844   844 F DEBUG   :     x24  0000007f8c897b40  x25  0000000000000000  x26  0000007f8c8ac000  x27  0000000000000000
11-18 14:10:18.421   844   844 F DEBUG   :     x28  0000007f8d07ba00  x29  0000007fe6f2dc10  x30  0000007f8fe7ea98
11-18 14:10:18.421   844   844 F DEBUG   :     sp   0000007fe6f2dc10  pc   0000007f8fe81304  pstate 0000000020000000
11-18 14:10:18.426   844   844 F DEBUG   : 
11-18 14:10:18.426   844   844 F DEBUG   : backtrace:
11-18 14:10:18.426   844   844 F DEBUG   :     #00 pc 0000000000069304  /system/lib64/libc.so (tgkill+8)
11-18 14:10:18.426   844   844 F DEBUG   :     #01 pc 0000000000066a94  /system/lib64/libc.so (pthread_kill+68)
11-18 14:10:18.426   844   844 F DEBUG   :     #02 pc 00000000000239f8  /system/lib64/libc.so (raise+28)
11-18 14:10:18.426   844   844 F DEBUG   :     #03 pc 000000000001e198  /system/lib64/libc.so (abort+60)
11-18 14:10:18.426   844   844 F DEBUG   :     #04 pc 00000000004336c0  /system/lib64/libart.so (_ZN3art7Runtime5AbortEv+324)
11-18 14:10:18.426   844   844 F DEBUG   :     #05 pc 0000000000136f78  /system/lib64/libart.so (_ZN3art10LogMessageD2Ev+3176)
11-18 14:10:18.426   844   844 F DEBUG   :     #06 pc 000000000032c048  /system/lib64/libart.so (_ZN3art3JNI10FatalErrorEP7_JNIEnvPKc+108)
11-18 14:10:18.426   844   844 F DEBUG   :     #07 pc 0000000000132870  /system/lib64/libandroid_runtime.so
11-18 14:10:18.426   844   844 F DEBUG   :     #08 pc 0000000000133d8c  /system/lib64/libandroid_runtime.so
11-18 14:10:18.426   844   844 F DEBUG   :     #09 pc 0000000000134570  /system/lib64/libandroid_runtime.so
11-18 14:10:18.426   844   844 F DEBUG   :     #10 pc 0000000073e98c94  /data/dalvik-cache/arm64/system@framework@boot.oat (offset 0x20d4000)
11-18 14:10:18.466   844   844 F DEBUG   : 
11-18 14:10:18.466   844   844 F DEBUG   : Tombstone written to: /data/tombstones/tombstone_00
11-18 14:10:18.481   522   522 I ServiceManager: service 'user.xposed.system' died
11-18 14:10:18.484   522   522 I ServiceManager: service 'user.xposed.app' died
11-18 14:10:18.911   914  1044 E slim_daemon: [NDK] bindNDKSensors: Sensor server is unavailable.
11-18 14:10:19.179  2497  2803 I ServiceManager: Waiting for service permission...
11-18 14:10:19.195   532   532 I chatty  : uid=0(root) /system/bin/oemlogkit expire 5 lines
11-18 14:10:19.911   914  1044 E slim_daemon: [NDK] bindNDKSensors: Sensor server is unavailable.
11-18 14:10:20.180  2497  2803 I ServiceManager: Waiting for service permission...
11-18 14:10:20.911   914  1044 E slim_daemon: [NDK] bindNDKSensors: Sensor server is unavailable.
11-18 14:10:21.180  2497  2803 E Sensors : Cannot get permission service
11-18 14:10:21.180  2497  2803 I ServiceManager: Waiting for service sensorservice...
11-18 14:10:21.912   914  1044 E slim_daemon: [NDK] bindNDKSensors: Sensor server is unavailable.
11-18 14:10:22.180  2497  2803 I ServiceManager: Waiting for service sensorservice...
11-18 14:10:22.236  2497  2523 E mm-camera: <MCT   ><ERROR> 365: mct_util_timer_handler: Backend stuck during HAL/DS Command
11-18 14:10:22.236  2497  2523 F libc    : Fatal signal 6 (SIGABRT), code -6 in tid 2523 (POSIX timer 0)
11-18 14:10:22.252  3020  3020 I chatty  : uid=0(root) expire 15 lines
11-18 14:10:22.288   843   843 F DEBUG   : *** *** *** *** *** *** *** *** *** *** *** *** *** *** *** ***
11-18 14:10:22.288   843   843 F DEBUG   : Build fingerprint: 'OnePlus/OnePlus3/OnePlus3:6.0.1/MXB48T/361013:user/release-keys'
11-18 14:10:22.288   843   843 F DEBUG   : Revision: '0'
11-18 14:10:22.289   843   843 F DEBUG   : ABI: 'arm'
11-18 14:10:22.289   843   843 F DEBUG   : pid: 2497, tid: 2523, name: POSIX timer 0  >>> /system/bin/mm-qcamera-daemon <<<
11-18 14:10:22.289   843   843 F DEBUG   : signal 6 (SIGABRT), code -6 (SI_TKILL), fault addr --------
11-18 14:10:22.303   843   843 F DEBUG   :     r0 00000000  r1 000009db  r2 00000006  r3 f13b9978
11-18 14:10:22.303   843   843 F DEBUG   :     r4 f13b9980  r5 f13b9930  r6 00000000  r7 0000010c
11-18 14:10:22.303   843   843 F DEBUG   :     r8 f71cdb84  r9 f2ecf5a8  sl f12bb000  fp f6de226f
11-18 14:10:22.303   843   843 F DEBUG   :     ip 00000006  sp f13b9860  lr f6e06145  pc f6e08540  cpsr 400f0010
11-18 14:10:22.308   843   843 F DEBUG   : 
11-18 14:10:22.308   843   843 F DEBUG   : backtrace:
11-18 14:10:22.308   843   843 F DEBUG   :     #00 pc 00042540  /system/lib/libc.so (tgkill+12)
11-18 14:10:22.308   843   843 F DEBUG   :     #01 pc 00040141  /system/lib/libc.so (pthread_kill+32)
11-18 14:10:22.308   843   843 F DEBUG   :     #02 pc 0001c79f  /system/lib/libc.so (raise+10)
11-18 14:10:22.309   843   843 F DEBUG   :     #03 pc 0001c2b9  /system/lib/libc.so (_ZL20__timer_thread_startPv+74)
11-18 14:10:22.309   843   843 F DEBUG   :     #04 pc 0003fa43  /system/lib/libc.so (_ZL15__pthread_startPv+30)
11-18 14:10:22.309   843   843 F DEBUG   :     #05 pc 00019fd5  /system/lib/libc.so (__start_thread+6)
11-18 14:10:22.427  3021  3021 I chatty  : uid=0(root) expire 194 lines
11-18 14:10:22.430  3037  3037 I chatty  : uid=0(root) expire 1 line
11-18 14:10:22.525  3022  3022 I Dpps    : static DppsServer *DppsServer::GetInstance(): DppsServer ref count increased to 1
11-18 14:10:22.525  3022  3022 I Dpps    : AbaContext():18 ABA context instantiation
11-18 14:10:22.525  3022  3022 I Dpps    : AmbientLightContext():17 AL context instantiation
11-18 14:10:22.526  3022  3022 I Dpps    : InitFeatureContext():171 Initialize feature context
11-18 14:10:22.526  3022  3022 I Dpps    : InitContext():80 display fd 5 histogram bins 256  components 1 Lut size 256 panel 0 sensor type 1
11-18 14:10:22.526  3022  3022 I Dpps    : OpenCommonSysfsFds():341 lcd_bl_event_fd_ is 6
11-18 14:10:22.526  3022  3022 I Dpps    : OpenCommonSysfsFds():350 blank_event_fd_ is 7
11-18 14:10:22.526  3022  3022 I Dpps    : OpenCommonSysfsFds():358 lcd_brightness_fd_ is 8
11-18 14:10:22.526  3022  3022 I Dpps    : InitContext():107 hist_sysfs_fd_ is 9
11-18 14:10:22.526  3022  3022 I Dpps    : InitContext():180 Context Initialization successfull
11-18 14:10:22.526  3022  3022 I Dpps    : CreateAbaThread():61 Create ABA thread
11-18 14:10:22.526  3022  3022 I Dpps    : CreateAbaThread():84 Create ABA thread done ret 0
11-18 14:10:22.526  3022  3022 I Dpps    : InitContext():69 display_fd 5, panel 0, sensor type 1 display_type 0
11-18 14:10:22.526  3022  3022 I Dpps    : OpenCommonSysfsFds():341 lcd_bl_event_fd_ is 16
11-18 14:10:22.526  3022  3022 I Dpps    : OpenCommonSysfsFds():350 blank_event_fd_ is 17
11-18 14:10:22.526  3022  3022 I Dpps    : OpenCommonSysfsFds():358 lcd_brightness_fd_ is 18
11-18 14:10:22.526  3022  3022 I Dpps    : SelectLightSensor():468 sensor_type 1
11-18 14:10:22.526  3022  3022 I Dpps    : SelectLightSensor():471 sensor_type_ 1
11-18 14:10:22.526  3022  3022 I Dpps    : InitLightSensor():503 sensor_type_ 1
11-18 14:10:22.526  3022  3022 I Dpps    : InitLightSensor():506 SensorTypeSimulation
11-18 14:10:22.526  3022  3022 I Dpps    : InitLightSensor():524 light sensor initialization ret 0
11-18 14:10:22.526  3022  3022 I Dpps    : CreateAmbientLightThread():141 Create AL thread
11-18 14:10:22.526  3022  3022 I Dpps    : CreateAmbientLightThread():160 Create AL thread done ret 0
11-18 14:10:22.526  3022  3022 I Dpps    : InitFeatureContext():223 Initialize feature context done ret 0
11-18 14:10:22.527  3022  3055 I Dpps    : ProcessAmbientLightThread():98 AL thread execution started
11-18 14:10:22.527  3022  3053 I Dpps    : ProcessAbaThread():253 ABA thread execution started
11-18 14:10:22.586   843   843 F DEBUG   : 
11-18 14:10:22.586   843   843 F DEBUG   : Tombstone written to: /data/tombstones/tombstone_09
11-18 14:10:22.736   522   522 I ServiceManager: service 'media.audio_flinger' died
11-18 14:10:22.736   522   522 I ServiceManager: service 'media.player' died
11-18 14:10:22.736   522   522 I ServiceManager: service 'media.resource_manager' died
11-18 14:10:22.887  3088  3088 D SRS_Spools_V2: DSEC_DMO_Token ERR: Unable to open key file. - /system/etc/srs/dts.lic
11-18 14:10:22.887  3088  3088 D SRS_Spools_V2: DSEC_RET_Token ERR: Unable to open key file. - /system/etc/srs/dts.lic
11-18 14:10:22.887  3088  3088 D SRS_Spools_V2: DSEC_DMO_Token ERR: Unable to open key file. - /system/etc/srs/dts.lic
11-18 14:10:22.887  3088  3088 D SRS_Spools_V2: DSEC_RET_Token ERR: Unable to open key file. - /system/etc/srs/dts.lic
11-18 14:10:22.887  3088  3088 V SRS_ProcT: TRUMEDIA_DSP_VERSION_STRING = v3.1.6.0
11-18 14:10:22.912   914  1044 E slim_daemon: [NDK] bindNDKSensors: Sensor server is unavailable.
11-18 14:10:22.931  3088  3088 D SRS_QDSP_Adapter: Control used - SRS TruMedia
11-18 14:10:22.931  3088  3088 W SRS_QDSP_Adapter: Mixer opened 0xf6056000
11-18 14:10:22.931  3088  3088 W SRS_QDSP_Adapter: SRS TruMedia ctl opened 0xf606132c
11-18 14:10:22.931  3088  3088 W SRS_QDSP_Adapter: Not creating SRS DSP thread.
11-18 14:10:22.933  3088  3088 V MediaUtils: physMem: 4294967295
11-18 14:10:22.933  3088  3088 V MediaUtils: requested limit: 2791728680
11-18 14:10:22.933  3088  3088 V MediaUtils: actual limit: 2791728680
11-18 14:10:22.933  3088  3088 V MediaUtils: original limits: 4294967295/4294967295
11-18 14:10:22.933  3088  3088 V MediaUtils: new limits: 2791728680/4294967295
11-18 14:10:22.933  3088  3088 I mediaserver: ServiceManager: 0xf60ce620
11-18 14:10:22.935  3088  3088 D mediaserver: mediaserver get Service Manager need time 1 ms
11-18 14:10:22.935  3088  3088 I AudioFlinger: Using default 3000 mSec as standby time.
11-18 14:10:22.935  3088  3088 D mediaserver: mediaserver audio flinger init need time 0 ms
11-18 14:10:22.935  3088  3088 E         : batterystats service unavailable!
11-18 14:10:22.935  3088  3088 E         : batterystats service unavailable!
11-18 14:10:22.935  3088  3088 E ExtendedServiceUtils: player_type 6
11-18 14:10:22.935  3088  3088 E ExtendedServiceUtils: Creating DashPlayer Factory
11-18 14:10:22.936  3088  3088 D mediaserver: mediaserver media player service init need time 0 ms
11-18 14:10:22.936  3088  3088 D mediaserver: mediaserver ResourceManagerService init need time 0 ms
11-18 14:10:22.936  3088  3088 I CameraService: CameraService started (pid=3088)
11-18 14:10:22.936  3088  3088 I CameraService: CameraService process starting
11-18 14:10:22.936  3088  3088 E         : batterystats service unavailable!
11-18 14:10:22.936  3088  3088 E         : batterystats service unavailable!
11-18 14:10:22.943  3088  3088 I QCamera : <MCI><INFO> get_num_of_cameras: 1848: dev_info[id=0,name='video2']
11-18 14:10:22.943  3088  3088 I QCamera : <MCI><INFO> get_num_of_cameras: 1848: dev_info[id=1,name='video3']
11-18 14:10:22.943  3088  3088 I QCamera : <MCI><INFO> sort_camera_info: 1696: Camera id: 0 facing: 0, type: 1 is_yuv: 0
11-18 14:10:22.943  3088  3088 I QCamera : <MCI><INFO> sort_camera_info: 1696: Camera id: 1 facing: 1, type: 0 is_yuv: 0
11-18 14:10:22.943  3088  3088 I QCamera : <MCI><INFO> sort_camera_info: 1699: Number of cameras 2 sorted 2
11-18 14:10:22.943  3088  3088 I QCamera : <MCI><INFO> get_num_of_cameras: 1870: num_cameras=2
11-18 14:10:22.943  3088  3088 I CameraService: Loaded "QCamera Module" camera module
11-18 14:10:22.943  3088  3088 I QCamera : <HAL><INFO> int qcamera::QCamera2Factory::getCameraInfo(int, camera_info*): 316: Camera id 0 API version 768
11-18 14:10:23.181  2497  2803 I ServiceManager: Waiting for service sensorservice...
11-18 14:10:23.521  3215  3215 D idmap   : error: no read access to /vendor/overlay: No such file or directory
11-18 14:10:23.912   914  1044 E slim_daemon: [NDK] bindNDKSensors: Sensor server is unavailable.
11-18 14:10:23.969  3021  3021 I chatty  : uid=0(root) expire 250 lines
11-18 14:10:24.047  3020  3020 I chatty  : uid=0(root) expire 3 lines
11-18 14:10:24.048  3020  3299 I chatty  : uid=0(root) expire 2 lines
11-18 14:10:24.107  3021  3021 I chatty  : uid=0(root) expire 234 lines
11-18 14:10:24.181  2497  2803 I ServiceManager: Waiting for service sensorservice...
11-18 14:10:24.196   532   532 I chatty  : uid=0(root) /system/bin/oemlogkit expire 4 lines
11-18 14:10:24.290  3021  3211 I chatty  : uid=0(root) expire 1 line
11-18 14:10:24.325  3021  3021 F libc    : Fatal signal 6 (SIGABRT), code -6 in tid 3021 (main)
11-18 14:10:24.377   844   844 F DEBUG   : *** *** *** *** *** *** *** *** *** *** *** *** *** *** *** ***
11-18 14:10:24.377   844   844 F DEBUG   : Build fingerprint: 'OnePlus/OnePlus3/OnePlus3:6.0.1/MXB48T/361013:user/release-keys'
11-18 14:10:24.377   844   844 F DEBUG   : Revision: '0'
11-18 14:10:24.377   844   844 F DEBUG   : ABI: 'arm64'
11-18 14:10:24.377   844   844 F DEBUG   : pid: 3021, tid: 3021, name: main  >>> zygote64 <<<
11-18 14:10:24.377   844   844 F DEBUG   : signal 6 (SIGABRT), code -6 (SI_TKILL), fault addr --------
11-18 14:10:24.384   844   844 F DEBUG   : Abort message: 'art/runtime/jni_internal.cc:497] JNI FatalError called: frameworks/base/core/jni/com_android_internal_os_Zygote.cpp:483: Unable to construct file descriptor table.'
11-18 14:10:24.384   844   844 F DEBUG   :     x0   0000000000000000  x1   0000000000000bcd  x2   0000000000000006  x3   0000000000000000
11-18 14:10:24.384   844   844 F DEBUG   :     x4   0000000000000000  x5   0000000000000001  x6   0000000000000000  x7   0000000000000000
11-18 14:10:24.384   844   844 F DEBUG   :     x8   0000000000000083  x9   0000000000017b40  x10  0000000003794830  x11  0000000003794970
11-18 14:10:24.384   844   844 F DEBUG   :     x12  0000000000000000  x13  0000007f99012000  x14  0000000000000000  x15  0000000000000000
11-18 14:10:24.384   844   844 F DEBUG   :     x16  0000007f99004568  x17  0000007f98f972fc  x18  0000007f99015f50  x19  0000007f994000a8
11-18 14:10:24.384   844   844 F DEBUG   :     x20  0000007f993fffe8  x21  0000000000000002  x22  0000000000000006  x23  0000007f9617ba00
11-18 14:10:24.384   844   844 F DEBUG   :     x24  0000007f95997b40  x25  0000000000000000  x26  0000007f959ac000  x27  0000000000000000
11-18 14:10:24.384   844   844 F DEBUG   :     x28  0000007f9617ba00  x29  0000007fef2e5cc0  x30  0000007f98f94a98
11-18 14:10:24.384   844   844 F DEBUG   :     sp   0000007fef2e5cc0  pc   0000007f98f97304  pstate 0000000020000000
11-18 14:10:24.388   844   844 F DEBUG   : 
11-18 14:10:24.388   844   844 F DEBUG   : backtrace:
11-18 14:10:24.388   844   844 F DEBUG   :     #00 pc 0000000000069304  /system/lib64/libc.so (tgkill+8)
11-18 14:10:24.388   844   844 F DEBUG   :     #01 pc 0000000000066a94  /system/lib64/libc.so (pthread_kill+68)
11-18 14:10:24.388   844   844 F DEBUG   :     #02 pc 00000000000239f8  /system/lib64/libc.so (raise+28)
11-18 14:10:24.388   844   844 F DEBUG   :     #03 pc 000000000001e198  /system/lib64/libc.so (abort+60)
11-18 14:10:24.388   844   844 F DEBUG   :     #04 pc 00000000004336c0  /system/lib64/libart.so (_ZN3art7Runtime5AbortEv+324)
11-18 14:10:24.388   844   844 F DEBUG   :     #05 pc 0000000000136f78  /system/lib64/libart.so (_ZN3art10LogMessageD2Ev+3176)
11-18 14:10:24.388   844   844 F DEBUG   :     #06 pc 000000000032c048  /system/lib64/libart.so (_ZN3art3JNI10FatalErrorEP7_JNIEnvPKc+108)
11-18 14:10:24.388   844   844 F DEBUG   :     #07 pc 0000000000132870  /system/lib64/libandroid_runtime.so
11-18 14:10:24.388   844   844 F DEBUG   :     #08 pc 0000000000133d8c  /system/lib64/libandroid_runtime.so
11-18 14:10:24.388   844   844 F DEBUG   :     #09 pc 0000000000134570  /system/lib64/libandroid_runtime.so
11-18 14:10:24.388   844   844 F DEBUG   :     #10 pc 0000000073e98c94  /data/dalvik-cache/arm64/system@framework@boot.oat (offset 0x20d4000)
11-18 14:10:24.426   844   844 F DEBUG   : 
11-18 14:10:24.426   844   844 F DEBUG   : Tombstone written to: /data/tombstones/tombstone_01
11-18 14:10:24.439   522   522 I ServiceManager: service 'user.xposed.system' died
11-18 14:10:24.444   522   522 I ServiceManager: service 'user.xposed.app' died
11-18 14:10:24.913   914  1044 E slim_daemon: [NDK] bindNDKSensors: Sensor server is unavailable.
11-18 14:10:25.181  2497  2803 I ServiceManager: Waiting for service sensorservice...
11-18 14:10:25.913   914  1044 E slim_daemon: [NDK] bindNDKSensors: Sensor server is unavailable.
11-18 14:10:26.913   914  1044 E slim_daemon: [NDK] bindNDKSensors: Sensor server is unavailable.
11-18 14:10:27.182  2497  2803 I ServiceManager: Waiting for service sensorservice...
11-18 14:10:27.543  3305  3305 I chatty  : uid=0(root) expire 8 lines
11-18 14:10:27.545   868   868 I ServiceManager: Waiting for service AtCmdFwd...
11-18 14:10:27.715  3306  3306 I chatty  : uid=0(root) expire 261 lines
11-18 14:10:27.760  3307  3307 I Dpps    : static DppsServer *DppsServer::GetInstance(): DppsServer ref count increased to 1
11-18 14:10:27.761  3307  3307 I Dpps    : AbaContext():18 ABA context instantiation
11-18 14:10:27.761  3307  3307 I Dpps    : AmbientLightContext():17 AL context instantiation
11-18 14:10:27.761  3307  3307 I Dpps    : InitFeatureContext():171 Initialize feature context
11-18 14:10:27.761  3307  3307 I Dpps    : InitContext():80 display fd 5 histogram bins 256  components 1 Lut size 256 panel 0 sensor type 1
11-18 14:10:27.761  3307  3307 I Dpps    : OpenCommonSysfsFds():341 lcd_bl_event_fd_ is 6
11-18 14:10:27.761  3307  3307 I Dpps    : OpenCommonSysfsFds():350 blank_event_fd_ is 7
11-18 14:10:27.761  3307  3307 I Dpps    : OpenCommonSysfsFds():358 lcd_brightness_fd_ is 8
11-18 14:10:27.761  3307  3307 I Dpps    : InitContext():107 hist_sysfs_fd_ is 9
11-18 14:10:27.761  3307  3307 I Dpps    : InitContext():180 Context Initialization successfull
11-18 14:10:27.761  3307  3307 I Dpps    : CreateAbaThread():61 Create ABA thread
11-18 14:10:27.761  3307  3307 I Dpps    : CreateAbaThread():84 Create ABA thread done ret 0
11-18 14:10:27.761  3307  3307 I Dpps    : InitContext():69 display_fd 5, panel 0, sensor type 1 display_type 0
11-18 14:10:27.762  3307  3307 I Dpps    : OpenCommonSysfsFds():341 lcd_bl_event_fd_ is 16
11-18 14:10:27.762  3307  3307 I Dpps    : OpenCommonSysfsFds():350 blank_event_fd_ is 17
11-18 14:10:27.762  3307  3307 I Dpps    : OpenCommonSysfsFds():358 lcd_brightness_fd_ is 18
11-18 14:10:27.762  3307  3307 I Dpps    : SelectLightSensor():468 sensor_type 1
11-18 14:10:27.762  3307  3307 I Dpps    : SelectLightSensor():471 sensor_type_ 1
11-18 14:10:27.762  3307  3307 I Dpps    : InitLightSensor():503 sensor_type_ 1
11-18 14:10:27.762  3307  3307 I Dpps    : InitLightSensor():506 SensorTypeSimulation
11-18 14:10:27.762  3307  3307 I Dpps    : InitLightSensor():524 light sensor initialization ret 0
11-18 14:10:27.762  3307  3307 I Dpps    : CreateAmbientLightThread():141 Create AL thread
11-18 14:10:27.762  3307  3307 I Dpps    : CreateAmbientLightThread():160 Create AL thread done ret 0
11-18 14:10:27.762  3307  3307 I Dpps    : InitFeatureContext():223 Initialize feature context done ret 0
11-18 14:10:27.762  3307  3343 I Dpps    : ProcessAmbientLightThread():98 AL thread execution started
11-18 14:10:27.762  3307  3342 I Dpps    : ProcessAbaThread():253 ABA thread execution started
11-18 14:10:27.821  3354  3354 D idmap   : error: no read access to /vendor/overlay: No such file or directory
11-18 14:10:27.914   914  1044 E slim_daemon: [NDK] bindNDKSensors: Sensor server is unavailable.
11-18 14:10:28.182  2497  2803 I ServiceManager: Waiting for service sensorservice...
11-18 14:10:28.197   532   532 I chatty  : uid=0(root) /system/bin/oemlogkit expire 1 line
11-18 14:10:28.236  2497  2523 E mm-camera: <MCT   ><ERROR> 365: mct_util_timer_handler: Backend stuck during HAL/DS Command
11-18 14:10:28.234  3422  3422 W ls      : type=1400 audit(0.0:19): avc: denied { getattr } for path="/proc/2497" dev="proc" ino=31182 scontext=u:r:core_dump:s0 tcontext=u:r:mm-qcamerad:s0 tclass=dir permissive=0
11-18 14:10:28.234  3421  3421 I chatty  : uid=0(root) /system/bin/sh expire 1 line
11-18 14:10:28.306  3306  3306 I chatty  : uid=0(root) expire 417 lines
11-18 14:10:28.546   868   868 I ServiceManager: Waiting for service AtCmdFwd...
11-18 14:10:28.628  3306  3350 I chatty  : uid=0(root) expire 1 line
11-18 14:10:28.669  3306  3306 F libc    : Fatal signal 6 (SIGABRT), code -6 in tid 3306 (main)
11-18 14:10:28.675  3432  3432 I mm-camera: < INFO> 420: void init(): memleak lib init.
11-18 14:10:28.676  3432  3432 I mm-camera: < INFO> 439: void init(): memleak tracer not attached
11-18 14:10:28.724  3432  3432 E mm-camera: <SENSOR><ERROR> 385: eebin_read: failed!
11-18 14:10:28.724  3432  3432 E mm-camera: <SENSOR><ERROR> 385: eebin_read: failed!
11-18 14:10:28.724  3432  3432 E mm-camera: <SENSOR><ERROR> 489: sensor_init_probe: failed: to probe eeprom bin sensors (non-fatal)
11-18 14:10:28.727  3432  3432 E mm-camera: <SENSOR><ERROR> 217: sensor_probe: [s5k3p8sp] probe failed.
11-18 14:10:28.727  3432  3432 E mm-camera: <SENSOR><ERROR> 344: sensor_init_xml_probe: failed: to probe s5k3p8sp
11-18 14:10:28.735  3432  3432 I mm-camera: sony_imx298_eeprom_format_wbdata: IMX298 vendor id:4 (1-Sunny/4-Lite_On)
11-18 14:10:28.736  3432  3432 I mm-camera: sony_imx298_eeprom_format_wbdata: 5100K awb_r_over_gr: 0.441748, awb_b_over_gr: 0.533981, awb_gr_over_gb: 1.000000
11-18 14:10:28.736  3432  3432 I mm-camera: sony_imx298_eeprom_format_wbdata: 3000K awb_r_over_gr: 0.711230, awb_b_over_gr: 0.379679, awb_gr_over_gb: 1.000000
11-18 14:10:28.736  3432  3432 I mm-camera: sony_imx298_eeprom_format_afdata orig macro:611 infinity:331
11-18 14:10:28.737  3432  3432 D mm-camera: sony_imx179_eeprom_format_wbdata: d50 valid page=0
11-18 14:10:28.737  3432  3432 I mm-camera: sony_imx179_eeprom_format_wbdata_page_d50: Lens ID:0
11-18 14:10:28.737  3432  3432 I mm-camera: sony_imx179_eeprom_format_wbdata_page_d50: LightType 6, awb_r_over_gr: 0.460432, awb_b_over_gr: 0.561151, awb_gr_over_gb: 1.000000
11-18 14:10:28.737  3432  3432 D mm-camera: sony_imx179_eeprom_format_wbdata: alight valid page=0
11-18 14:10:28.737  3432  3432 I mm-camera: sony_imx179_eeprom_format_wbdata_page_alight: LightType 2, awb_r_over_gr: 0.718121, awb_b_over_gr: 0.355705
11-18 14:10:28.737  3432  3432 I mm-camera: sony_imx179_eeprom_get_calibration_items: A light valid page:0, D50 valid page:0
11-18 14:10:28.737  3432  3432 E mm-camera: <SENSOR><ERROR> 71: cm_create: Sensor_name: imx298 Vendor_info: 4 Lens_info: 0
11-18 14:10:28.740  3432  3432 E mm-camera: <SENSOR><ERROR> 119: cm_create: 3A chromatix name (preview, video) = (imx298_zsl_preview, imx298_zsl_video)
11-18 14:10:28.742  3432  3432 E mm-camera: <SENSOR><ERROR> 119: cm_create: 3A chromatix name (preview, video) = (imx298_default_preview, imx298_default_video)
11-18 14:10:28.743  3432  3432 E mm-camera: <SENSOR><ERROR> 119: cm_create: 3A chromatix name (preview, video) = (imx298_hfr_60_3a, imx298_hfr_60_3a)
11-18 14:10:28.745  3432  3432 E mm-camera: <SENSOR><ERROR> 119: cm_create: 3A chromatix name (preview, video) = (imx298_hfr_90_3a, imx298_hfr_90_3a)
11-18 14:10:28.746  3432  3432 E mm-camera: <SENSOR><ERROR> 119: cm_create: 3A chromatix name (preview, video) = (imx298_hfr_120_3a, imx298_hfr_120_3a)
11-18 14:10:28.747  3432  3432 E mm-camera: <SENSOR><ERROR> 119: cm_create: 3A chromatix name (preview, video) = (imx298_4K_preview, imx298_4K_video)
11-18 14:10:28.748  3432  3432 E mm-camera: <SENSOR><ERROR> 119: cm_create: 3A chromatix name (preview, video) = (, )
11-18 14:10:28.748  3432  3432 E mm-camera: <SENSOR><ERROR> 119: cm_create: 3A chromatix name (preview, video) = (, )
11-18 14:10:28.749  3432  3432 E mm-camera: <SENSOR><ERROR> 119: cm_create: 3A chromatix name (preview, video) = (, )
11-18 14:10:28.749  3432  3432 E mm-camera: <SENSOR><ERROR> 119: cm_create: 3A chromatix name (preview, video) = (, )
11-18 14:10:28.749  3432  3432 E mm-camera: <SENSOR><ERROR> 119: cm_create: 3A chromatix name (preview, video) = (, )
11-18 14:10:28.751  3432  3432 E mm-camera: <SENSOR><ERROR> 119: cm_create: 3A chromatix name (preview, video) = (imx298_3a_clearshot, )
11-18 14:10:28.753  3432  3432 E mm-camera: <SENSOR><ERROR> 119: cm_create: 3A chromatix name (preview, video) = (imx298_3a_panorama, )
11-18 14:10:28.753  3432  3432 E mm-camera: <SENSOR><ERROR> 119: cm_create: 3A chromatix name (preview, video) = (, )
11-18 14:10:28.754  3432  3432 E mm-camera: <SENSOR><ERROR> 119: cm_create: 3A chromatix name (preview, video) = (, imx298_4K_video)
11-18 14:10:28.754  3432  3432 E mm-camera: <SENSOR><ERROR> 119: cm_create: 3A chromatix name (preview, video) = (, )
11-18 14:10:28.754  3432  3432 E mm-camera: <SENSOR><ERROR> 71: cm_create: Sensor_name: imx179 Vendor_info: 0 Lens_info: 0
11-18 14:10:28.757  3432  3432 E mm-camera: <SENSOR><ERROR> 119: cm_create: 3A chromatix name (preview, video) = (imx179_3a_3280x2464_30fps_preview, imx179_3a_3280x2464_30fps_video)
11-18 14:10:28.760  3432  3432 E mm-camera: <SENSOR><ERROR> 119: cm_create: 3A chromatix name (preview, video) = (imx179_3a_3280x1846_30fps_preview, imx179_3a_3280x1846_30fps_video)
11-18 14:10:28.763  3432  3432 E mm-camera: <SENSOR><ERROR> 119: cm_create: 3A chromatix name (preview, video) = (imx179_3a_1640x924_30fps_preview, imx179_3a_1640x924_30fps_video)
11-18 14:10:28.764  3432  3432 E mm-camera: <SENSOR><ERROR> 119: cm_create: 3A chromatix name (preview, video) = (, )
11-18 14:10:28.764  3432  3432 E mm-camera: <SENSOR><ERROR> 119: cm_create: 3A chromatix name (preview, video) = (, )
11-18 14:10:28.766  3432  3432 E mm-camera: <SENSOR><ERROR> 119: cm_create: 3A chromatix name (preview, video) = (imx179_3a_3280x2464_30fps_facebeauty, )
11-18 14:10:28.766  3432  3432 E mm-camera: <IFACE ><ERROR> 12066: iface_util_setloglevel: iface_util_setloglevel:12066 IFACE_Loglevel 1
11-18 14:10:28.770   844   844 F DEBUG   : *** *** *** *** *** *** *** *** *** *** *** *** *** *** *** ***
11-18 14:10:28.771   844   844 F DEBUG   : Build fingerprint: 'OnePlus/OnePlus3/OnePlus3:6.0.1/MXB48T/361013:user/release-keys'
11-18 14:10:28.771   844   844 F DEBUG   : Revision: '0'
11-18 14:10:28.771   844   844 F DEBUG   : ABI: 'arm64'
11-18 14:10:28.771   844   844 F DEBUG   : pid: 3306, tid: 3306, name: main  >>> zygote64 <<<
11-18 14:10:28.771   844   844 F DEBUG   : signal 6 (SIGABRT), code -6 (SI_TKILL), fault addr --------
11-18 14:10:28.781   844   844 F DEBUG   : Abort message: 'art/runtime/jni_internal.cc:497] JNI FatalError called: frameworks/base/core/jni/com_android_internal_os_Zygote.cpp:483: Unable to construct file descriptor table.'
11-18 14:10:28.782   844   844 F DEBUG   :     x0   0000000000000000  x1   0000000000000cea  x2   0000000000000006  x3   0000000000000000
11-18 14:10:28.782   844   844 F DEBUG   :     x4   0000000000000000  x5   0000000000000001  x6   0000000000000000  x7   0000000000000000
11-18 14:10:28.782   844   844 F DEBUG   :     x8   0000000000000083  x9   0000000000017b40  x10  0000000003791e00  x11  0000000003791f40
11-18 14:10:28.782   844   844 F DEBUG   :     x12  0000000000000000  x13  0000007f7d0f3000  x14  0000000000000000  x15  0000000000000000
11-18 14:10:28.782   844   844 F DEBUG   :     x16  0000007f7d0e5568  x17  0000007f7d0782fc  x18  0000007f7d0f6f50  x19  0000007f7d4e10a8
11-18 14:10:28.782   844   844 F DEBUG   :     x20  0000007f7d4e0fe8  x21  0000000000000002  x22  0000000000000006  x23  0000007f7a27ba00
11-18 14:10:28.782   844   844 F DEBUG   :     x24  0000007f79a97b40  x25  0000000000000000  x26  0000007f79aac000  x27  0000000000000000
11-18 14:10:28.782   844   844 F DEBUG   :     x28  0000007f7a27ba00  x29  0000007fdd427920  x30  0000007f7d075a98
11-18 14:10:28.783   844   844 F DEBUG   :     sp   0000007fdd427920  pc   0000007f7d078304  pstate 0000000020000000
11-18 14:10:28.788   844   844 F DEBUG   : 
11-18 14:10:28.788   844   844 F DEBUG   : backtrace:
11-18 14:10:28.789   844   844 F DEBUG   :     #00 pc 0000000000069304  /system/lib64/libc.so (tgkill+8)
11-18 14:10:28.789   844   844 F DEBUG   :     #01 pc 0000000000066a94  /system/lib64/libc.so (pthread_kill+68)
11-18 14:10:28.789   844   844 F DEBUG   :     #02 pc 00000000000239f8  /system/lib64/libc.so (raise+28)
11-18 14:10:28.789   844   844 F DEBUG   :     #03 pc 000000000001e198  /system/lib64/libc.so (abort+60)
11-18 14:10:28.789   844   844 F DEBUG   :     #04 pc 00000000004336c0  /system/lib64/libart.so (_ZN3art7Runtime5AbortEv+324)
11-18 14:10:28.789   844   844 F DEBUG   :     #05 pc 0000000000136f78  /system/lib64/libart.so (_ZN3art10LogMessageD2Ev+3176)
11-18 14:10:28.789   844   844 F DEBUG   :     #06 pc 000000000032c048  /system/lib64/libart.so (_ZN3art3JNI10FatalErrorEP7_JNIEnvPKc+108)
11-18 14:10:28.789   844   844 F DEBUG   :     #07 pc 0000000000132870  /system/lib64/libandroid_runtime.so
11-18 14:10:28.789   844   844 F DEBUG   :     #08 pc 0000000000133d8c  /system/lib64/libandroid_runtime.so
11-18 14:10:28.789   844   844 F DEBUG   :     #09 pc 0000000000134570  /system/lib64/libandroid_runtime.so
11-18 14:10:28.789   844   844 F DEBUG   :     #10 pc 0000000073e98c94  /data/dalvik-cache/arm64/system@framework@boot.oat (offset 0x20d4000)
11-18 14:10:28.839  3432  3432 E mm-camera: <IMGLIB><ERROR> 1114: frameproc_comp_reload_lib: frameproc_comp_reload_lib:1114] Error opening frameproc library libmmcamera_llvd.so error dlopen failed: library "libmmcamera_llvd.so" not found
11-18 14:10:28.839  3432  3432 E mm-camera: <IMGLIB><ERROR> 984: frameproc_comp_load: frameproc_comp_load:984] cannot load libmmcamera_llvd.so
11-18 14:10:28.839  3432  3432 E mm-camera: <IMGLIB><ERROR> 3032: module_imgbase_init: module_imgbase_init_llvd:3032] Error rc -7
11-18 14:10:28.841   844   844 F DEBUG   : 
11-18 14:10:28.841   844   844 F DEBUG   : Tombstone written to: /data/tombstones/tombstone_02
11-18 14:10:28.853  3432  3432 E mm-camera: <IMGLIB><ERROR> 1665: dual_frameproc_comp_load: dual_frameproc_comp_load:1665] Error opening dual_frameproc library libmmcamera_dcrf_lib.so error dlopen failed: library "libmmcamera_dcrf_lib.so" not found
11-18 14:10:28.854  3432  3432 E mm-camera: <IMGLIB><ERROR> 3032: module_imgbase_init: module_imgbase_init_imglib_dcrf:3032] Error rc -7
11-18 14:10:28.854  3432  3432 E mm-camera: <IMGLIB><ERROR> 744: module_imglib_create_topology: module_imglib_create_topology:744] Can not init the module imglib_dcrf
11-18 14:10:28.854  3432  3432 E mm-camera: <IMGLIB><ERROR> 1665: dual_frameproc_comp_load: dual_frameproc_comp_load:1665] Error opening dual_frameproc library libmmcamera_dcrf_lib.so error dlopen failed: library "libmmcamera_dcrf_lib.so" not found
11-18 14:10:28.854  3432  3432 E mm-camera: <IMGLIB><ERROR> 3032: module_imgbase_init: module_imgbase_init_imglib_dcrf:3032] Error rc -7
11-18 14:10:28.854  3432  3432 E mm-camera: <IMGLIB><ERROR> 744: module_imglib_create_topology: module_imglib_create_topology:744] Can not init the module imglib_dcrf
11-18 14:10:28.857   522   522 I ServiceManager: service 'user.xposed.app' died
11-18 14:10:28.859  3432  3432 E mm-camera: <IMGLIB><ERROR> 1114: frameproc_comp_reload_lib: frameproc_comp_reload_lib:1114] Error opening frameproc library libmmcamera_chromaflash_lib.so error dlopen failed: library "libmmcamera_chromaflash_lib.so" not found
11-18 14:10:28.859  3432  3432 E mm-camera: <IMGLIB><ERROR> 984: frameproc_comp_load: frameproc_comp_load:984] cannot load libmmcamera_chromaflash_lib.so
11-18 14:10:28.859  3432  3432 E mm-camera: <IMGLIB><ERROR> 3032: module_imgbase_init: module_imgbase_init_imglib_chroma_flash:3032] Error rc -7
11-18 14:10:28.859  3432  3432 E mm-camera: <IMGLIB><ERROR> 744: module_imglib_create_topology: module_imglib_create_topology:744] Can not init the module imglib_chroma_flash
11-18 14:10:28.859  3432  3432 E mm-camera: <IMGLIB><ERROR> 1114: frameproc_comp_reload_lib: frameproc_comp_reload_lib:1114] Error opening frameproc library libmmcamera_optizoom_lib.so error dlopen failed: library "libmmcamera_optizoom_lib.so" not found
11-18 14:10:28.859  3432  3432 E mm-camera: <IMGLIB><ERROR> 984: frameproc_comp_load: frameproc_comp_load:984] cannot load libmmcamera_optizoom_lib.so
11-18 14:10:28.859  3432  3432 E mm-camera: <IMGLIB><ERROR> 3032: module_imgbase_init: module_imgbase_init_imglib_optizoom:3032] Error rc -7
11-18 14:10:28.859  3432  3432 E mm-camera: <IMGLIB><ERROR> 744: module_imglib_create_topology: module_imglib_create_topology:744] Can not init the module imglib_optizoom
11-18 14:10:28.860  3432  3432 E mm-camera: <IMGLIB><ERROR> 1114: frameproc_comp_reload_lib: frameproc_comp_reload_lib:1114] Error opening frameproc library libmmcamera_ubifocus_lib.so error dlopen failed: library "libmmcamera_ubifocus_lib.so" not found
11-18 14:10:28.860  3432  3432 E mm-camera: <IMGLIB><ERROR> 984: frameproc_comp_load: frameproc_comp_load:984] cannot load libmmcamera_ubifocus_lib.so
11-18 14:10:28.860  3432  3432 E mm-camera: <IMGLIB><ERROR> 3032: module_imgbase_init: module_imgbase_init_imglib_ubifocus:3032] Error rc -7
11-18 14:10:28.860  3432  3432 E mm-camera: <IMGLIB><ERROR> 744: module_imglib_create_topology: module_imglib_create_topology:744] Can not init the module imglib_ubifocus
11-18 14:10:28.860  3432  3432 E mm-camera: <IMGLIB><ERROR> 1114: frameproc_comp_reload_lib: frameproc_comp_reload_lib:1114] Error opening frameproc library libmmcamera_ubifocus_lib.so error dlopen failed: library "libmmcamera_ubifocus_lib.so" not found
11-18 14:10:28.860  3432  3432 E mm-camera: <IMGLIB><ERROR> 984: frameproc_comp_load: frameproc_comp_load:984] cannot load libmmcamera_ubifocus_lib.so
11-18 14:10:28.860  3432  3432 E mm-camera: <IMGLIB><ERROR> 3032: module_imgbase_init: module_imgbase_init_imglib_refocus:3032] Error rc -7
11-18 14:10:28.860  3432  3432 E mm-camera: <IMGLIB><ERROR> 744: module_imglib_create_topology: module_imglib_create_topology:744] Can not init the module imglib_refocus
11-18 14:10:28.860  3432  3432 E mm-camera: <IMGLIB><ERROR> 1114: frameproc_comp_reload_lib: frameproc_comp_reload_lib:1114] Error opening frameproc library libmmcamera_trueportrait_lib.so error dlopen failed: library "libmmcamera_trueportrait_lib.so" not found
11-18 14:10:28.860  3432  3432 E mm-camera: <IMGLIB><ERROR> 984: frameproc_comp_load: frameproc_comp_load:984] cannot load libmmcamera_trueportrait_lib.so
11-18 14:10:28.860  3432  3432 E mm-camera: <IMGLIB><ERROR> 3032: module_imgbase_init: module_imgbase_init_imglib_trueportrait:3032] Error rc -7
11-18 14:10:28.860  3432  3432 E mm-camera: <IMGLIB><ERROR> 744: module_imglib_create_topology: module_imglib_create_topology:744] Can not init the module imglib_trueportrait
11-18 14:10:28.861  3432  3432 E mm-camera: <IMGLIB><ERROR> 1114: frameproc_comp_reload_lib: frameproc_comp_reload_lib:1114] Error opening frameproc library libmmcamera_stillmore_lib.so error dlopen failed: library "libmmcamera_stillmore_lib.so" not found
11-18 14:10:28.861  3432  3432 E mm-camera: <IMGLIB><ERROR> 984: frameproc_comp_load: frameproc_comp_load:984] cannot load libmmcamera_stillmore_lib.so
11-18 14:10:28.861  3432  3432 E mm-camera: <IMGLIB><ERROR> 3032: module_imgbase_init: module_imgbase_init_imglib_stillmore:3032] Error rc -7
11-18 14:10:28.861  3432  3432 E mm-camera: <IMGLIB><ERROR> 744: module_imglib_create_topology: module_imglib_create_topology:744] Can not init the module imglib_stillmore
11-18 14:10:28.861  3432  3432 E mm-camera: <IMGLIB><ERROR> 744: module_imglib_create_topology: module_imglib_create_topology:744] Can not init the module imglib_oem1
11-18 14:10:28.864   522   522 I ServiceManager: service 'user.xposed.system' died
11-18 14:10:28.914   914  1044 E slim_daemon: [NDK] bindNDKSensors: Sensor server is unavailable.
11-18 14:10:29.197   532   532 I chatty  : uid=0(root) /system/bin/oemlogkit expire 4 lines
11-18 14:10:29.436   522   522 I ServiceManager: service 'media.audio_flinger' died
