11-18 14:09:59.190   532   532 I chatty  : uid=0(root) /system/bin/oemlogkit expire 6 lines
11-18 14:09:59.212   844   844 F DEBUG   : 
11-18 14:09:59.212   844   844 F DEBUG   : Tombstone written to: /data/tombstones/tombstone_04
11-18 14:09:59.238   522   522 I ServiceManager: service 'user.xposed.system' died
11-18 14:09:59.245   522   522 I ServiceManager: service 'user.xposed.app' died
11-18 14:09:59.409  1974  1983 I chatty  : uid=0(root) expire 6 lines
11-18 14:09:59.734   875  1924 I ServiceManager: Waiting for service permission...
11-18 14:09:59.898   914  1044 E slim_daemon: [NDK] bindNDKSensors: Sensor server is unavailable.
11-18 14:10:00.734   875  1924 I ServiceManager: Waiting for service permission...
11-18 14:10:00.899   914  1044 E slim_daemon: [NDK] bindNDKSensors: Sensor server is unavailable.
11-18 14:10:01.734   875  1924 I ServiceManager: Waiting for service permission...
11-18 14:10:01.884  1974  1974 I chatty  : uid=0(root) expire 3 lines
11-18 14:10:01.899   914  1044 E slim_daemon: [NDK] bindNDKSensors: Sensor server is unavailable.
11-18 14:10:02.319  2056  2056 I chatty  : uid=0(root) expire 8 lines
11-18 14:10:02.535   868   868 I ServiceManager: Waiting for service AtCmdFwd...
11-18 14:10:02.632  2058  2058 I Dpps    : static DppsServer *DppsServer::GetInstance(): DppsServer ref count increased to 1
11-18 14:10:02.633  2058  2058 I Dpps    : AbaContext():18 ABA context instantiation
11-18 14:10:02.633  2058  2058 I Dpps    : AmbientLightContext():17 AL context instantiation
11-18 14:10:02.633  2058  2058 I Dpps    : InitFeatureContext():171 Initialize feature context
11-18 14:10:02.633  2058  2058 I Dpps    : InitContext():80 display fd 5 histogram bins 256  components 1 Lut size 256 panel 0 sensor type 1
11-18 14:10:02.633  2058  2058 I Dpps    : OpenCommonSysfsFds():341 lcd_bl_event_fd_ is 6
11-18 14:10:02.633  2058  2058 I Dpps    : OpenCommonSysfsFds():350 blank_event_fd_ is 7
11-18 14:10:02.634  2058  2058 I Dpps    : OpenCommonSysfsFds():358 lcd_brightness_fd_ is 8
11-18 14:10:02.634  2058  2058 I Dpps    : InitContext():107 hist_sysfs_fd_ is 9
11-18 14:10:02.634  2058  2058 I Dpps    : InitContext():180 Context Initialization successfull
11-18 14:10:02.634  2058  2058 I Dpps    : CreateAbaThread():61 Create ABA thread
11-18 14:10:02.634  2058  2058 I Dpps    : CreateAbaThread():84 Create ABA thread done ret 0
11-18 14:10:02.634  2058  2058 I Dpps    : InitContext():69 display_fd 5, panel 0, sensor type 1 display_type 0
11-18 14:10:02.634  2058  2058 I Dpps    : OpenCommonSysfsFds():341 lcd_bl_event_fd_ is 16
11-18 14:10:02.635  2058  2058 I Dpps    : OpenCommonSysfsFds():350 blank_event_fd_ is 17
11-18 14:10:02.635  2058  2058 I Dpps    : OpenCommonSysfsFds():358 lcd_brightness_fd_ is 18
11-18 14:10:02.635  2058  2058 I Dpps    : SelectLightSensor():468 sensor_type 1
11-18 14:10:02.635  2058  2058 I Dpps    : SelectLightSensor():471 sensor_type_ 1
11-18 14:10:02.635  2058  2058 I Dpps    : InitLightSensor():503 sensor_type_ 1
11-18 14:10:02.635  2058  2058 I Dpps    : InitLightSensor():506 SensorTypeSimulation
11-18 14:10:02.635  2058  2058 I Dpps    : InitLightSensor():524 light sensor initialization ret 0
11-18 14:10:02.635  2058  2058 I Dpps    : CreateAmbientLightThread():141 Create AL thread
11-18 14:10:02.635  2058  2058 I Dpps    : CreateAmbientLightThread():160 Create AL thread done ret 0
11-18 14:10:02.635  2058  2058 I Dpps    : InitFeatureContext():223 Initialize feature context done ret 0
11-18 14:10:02.635  2058  2075 I Dpps    : ProcessAmbientLightThread():98 AL thread execution started
11-18 14:10:02.636  2058  2074 I Dpps    : ProcessAbaThread():253 ABA thread execution started
11-18 14:10:02.735   875  1924 E Sensors : Cannot get permission service
11-18 14:10:02.735   875  1924 I ServiceManager: Waiting for service sensorservice...
11-18 14:10:02.757  2057  2057 I chatty  : uid=0(root) expire 220 lines
11-18 14:10:02.762  2082  2082 I chatty  : uid=0(root) expire 1 line
11-18 14:10:02.900   914  1044 E slim_daemon: [NDK] bindNDKSensors: Sensor server is unavailable.
11-18 14:10:03.535   868   868 I ServiceManager: Waiting for service AtCmdFwd...
11-18 14:10:03.699   862   862 I chatty  : uid=0(root) main expire 7 lines
11-18 14:10:03.729  2169  2169 I chatty  : uid=0(root) expire 2 lines
11-18 14:10:03.735   875  1924 I ServiceManager: Waiting for service sensorservice...
11-18 14:10:03.760   875  1334 E mm-camera: <MCT   ><ERROR> 365: mct_util_timer_handler: Backend stuck during HAL/DS Command
11-18 14:10:03.760   875  1334 F libc    : Fatal signal 6 (SIGABRT), code -6 in tid 1334 (POSIX timer 0)
11-18 14:10:03.812   843   843 F DEBUG   : *** *** *** *** *** *** *** *** *** *** *** *** *** *** *** ***
11-18 14:10:03.812   843   843 F DEBUG   : Build fingerprint: 'OnePlus/OnePlus3/OnePlus3:6.0.1/MXB48T/361013:user/release-keys'
11-18 14:10:03.812   843   843 F DEBUG   : Revision: '0'
11-18 14:10:03.812   843   843 F DEBUG   : ABI: 'arm'
11-18 14:10:03.813   843   843 F DEBUG   : pid: 875, tid: 1334, name: POSIX timer 0  >>> /system/bin/mm-qcamera-daemon <<<
11-18 14:10:03.813   843   843 F DEBUG   : signal 6 (SIGABRT), code -6 (SI_TKILL), fault addr --------
11-18 14:10:03.853   843   843 F DEBUG   :     r0 00000000  r1 00000536  r2 00000006  r3 f1582978
11-18 14:10:03.853   843   843 F DEBUG   :     r4 f1582980  r5 f1582930  r6 00000000  r7 0000010c
11-18 14:10:03.853   843   843 F DEBUG   :     r8 f73b8b84  r9 f30cf5a8  sl f1484000  fp f6fcd26f
11-18 14:10:03.853   843   843 F DEBUG   :     ip 00000006  sp f1582860  lr f6ff1145  pc f6ff3540  cpsr 400f0010
11-18 14:10:03.865   843   843 F DEBUG   : 
11-18 14:10:03.865   843   843 F DEBUG   : backtrace:
11-18 14:10:03.865   843   843 F DEBUG   :     #00 pc 00042540  /system/lib/libc.so (tgkill+12)
11-18 14:10:03.865   843   843 F DEBUG   :     #01 pc 00040141  /system/lib/libc.so (pthread_kill+32)
11-18 14:10:03.865   843   843 F DEBUG   :     #02 pc 0001c79f  /system/lib/libc.so (raise+10)
11-18 14:10:03.865   843   843 F DEBUG   :     #03 pc 0001c2b9  /system/lib/libc.so (_ZL20__timer_thread_startPv+74)
11-18 14:10:03.865   843   843 F DEBUG   :     #04 pc 0003fa43  /system/lib/libc.so (_ZL15__pthread_startPv+30)
11-18 14:10:03.865   843   843 F DEBUG   :     #05 pc 00019fd5  /system/lib/libc.so (__start_thread+6)
11-18 14:10:03.900   914  1044 E slim_daemon: [NDK] bindNDKSensors: Sensor server is unavailable.
11-18 14:10:03.918  2195  2195 D idmap   : error: no read access to /vendor/overlay: No such file or directory
11-18 14:10:04.257   522   522 I ServiceManager: service 'media.audio_flinger' died
11-18 14:10:04.257   522   522 I ServiceManager: service 'media.player' died
11-18 14:10:04.257   522   522 I ServiceManager: service 'media.resource_manager' died
11-18 14:10:04.512   843   843 F DEBUG   : 
11-18 14:10:04.512   843   843 F DEBUG   : Tombstone written to: /data/tombstones/tombstone_05
11-18 14:10:04.536   868   868 I ServiceManager: Waiting for service AtCmdFwd...
11-18 14:10:04.647  2217  2217 D SRS_Spools_V2: DSEC_DMO_Token ERR: Unable to open key file. - /system/etc/srs/dts.lic
11-18 14:10:04.647  2217  2217 D SRS_Spools_V2: DSEC_RET_Token ERR: Unable to open key file. - /system/etc/srs/dts.lic
11-18 14:10:04.647  2217  2217 D SRS_Spools_V2: DSEC_DMO_Token ERR: Unable to open key file. - /system/etc/srs/dts.lic
11-18 14:10:04.647  2217  2217 D SRS_Spools_V2: DSEC_RET_Token ERR: Unable to open key file. - /system/etc/srs/dts.lic
11-18 14:10:04.647  2217  2217 V SRS_ProcT: TRUMEDIA_DSP_VERSION_STRING = v3.1.6.0
11-18 14:10:04.735   875  1924 I ServiceManager: Waiting for service sensorservice...
11-18 14:10:04.739  2217  2217 D SRS_QDSP_Adapter: Control used - SRS TruMedia
11-18 14:10:04.739  2217  2217 W SRS_QDSP_Adapter: Mixer opened 0xf6196000
11-18 14:10:04.739  2217  2217 W SRS_QDSP_Adapter: SRS TruMedia ctl opened 0xf61a132c
11-18 14:10:04.739  2217  2217 W SRS_QDSP_Adapter: Not creating SRS DSP thread.
11-18 14:10:04.740  2217  2217 V MediaUtils: physMem: 4294967295
11-18 14:10:04.740  2217  2217 V MediaUtils: requested limit: 2791728680
11-18 14:10:04.740  2217  2217 V MediaUtils: actual limit: 2791728680
11-18 14:10:04.740  2217  2217 V MediaUtils: original limits: 4294967295/4294967295
11-18 14:10:04.740  2217  2217 V MediaUtils: new limits: 2791728680/4294967295
11-18 14:10:04.754  2217  2217 I mediaserver: ServiceManager: 0xf61ce620
11-18 14:10:04.754  2217  2217 D mediaserver: mediaserver get Service Manager need time 13 ms
11-18 14:10:04.754  2217  2217 I AudioFlinger: Using default 3000 mSec as standby time.
11-18 14:10:04.754  2217  2217 D mediaserver: mediaserver audio flinger init need time 0 ms
11-18 14:10:04.755  2217  2217 E         : batterystats service unavailable!
11-18 14:10:04.755  2217  2217 E         : batterystats service unavailable!
11-18 14:10:04.755  2217  2217 E ExtendedServiceUtils: player_type 6
11-18 14:10:04.755  2217  2217 E ExtendedServiceUtils: Creating DashPlayer Factory
11-18 14:10:04.756  2217  2217 D mediaserver: mediaserver media player service init need time 1 ms
11-18 14:10:04.756  2217  2217 D mediaserver: mediaserver ResourceManagerService init need time 0 ms
11-18 14:10:04.756  2217  2217 I CameraService: CameraService started (pid=2217)
11-18 14:10:04.756  2217  2217 I CameraService: CameraService process starting
11-18 14:10:04.756  2217  2217 E         : batterystats service unavailable!
11-18 14:10:04.756  2217  2217 E         : batterystats service unavailable!
11-18 14:10:04.764  2217  2217 I QCamera : <MCI><INFO> get_num_of_cameras: 1848: dev_info[id=0,name='video2']
11-18 14:10:04.764  2217  2217 I QCamera : <MCI><INFO> get_num_of_cameras: 1848: dev_info[id=1,name='video3']
11-18 14:10:04.764  2217  2217 I QCamera : <MCI><INFO> sort_camera_info: 1696: Camera id: 0 facing: 0, type: 1 is_yuv: 0
11-18 14:10:04.764  2217  2217 I QCamera : <MCI><INFO> sort_camera_info: 1696: Camera id: 1 facing: 1, type: 0 is_yuv: 0
11-18 14:10:04.765  2217  2217 I QCamera : <MCI><INFO> sort_camera_info: 1699: Number of cameras 2 sorted 2
11-18 14:10:04.765  2217  2217 I QCamera : <MCI><INFO> get_num_of_cameras: 1870: num_cameras=2
11-18 14:10:04.765  2217  2217 I CameraService: Loaded "QCamera Module" camera module
11-18 14:10:04.765  2217  2217 I QCamera : <HAL><INFO> int qcamera::QCamera2Factory::getCameraInfo(int, camera_info*): 316: Camera id 0 API version 768
11-18 14:10:04.902   914  1044 E slim_daemon: [NDK] bindNDKSensors: Sensor server is unavailable.
11-18 14:10:04.956  2246  2246 I chatty  : uid=0(root) expire 1 line
11-18 14:10:04.965  2057  2057 I chatty  : uid=0(root) expire 458 lines
11-18 14:10:05.192   532   532 I chatty  : uid=0(root) /system/bin/oemlogkit expire 2 lines
11-18 14:10:05.366  2057  2192 I chatty  : uid=0(root) expire 1 line
11-18 14:10:05.435  2056  2056 I chatty  : uid=0(root) expire 7 lines
11-18 14:10:05.440  2057  2057 F libc    : Fatal signal 6 (SIGABRT), code -6 in tid 2057 (main)
11-18 14:10:05.542   844   844 F DEBUG   : *** *** *** *** *** *** *** *** *** *** *** *** *** *** *** ***
11-18 14:10:05.542   844   844 F DEBUG   : Build fingerprint: 'OnePlus/OnePlus3/OnePlus3:6.0.1/MXB48T/361013:user/release-keys'
11-18 14:10:05.542   844   844 F DEBUG   : Revision: '0'
11-18 14:10:05.542   844   844 F DEBUG   : ABI: 'arm64'
11-18 14:10:05.542   844   844 F DEBUG   : pid: 2057, tid: 2057, name: main  >>> zygote64 <<<
11-18 14:10:05.542   844   844 F DEBUG   : signal 6 (SIGABRT), code -6 (SI_TKILL), fault addr --------
11-18 14:10:05.544   868   868 I ServiceManager: Waiting for service AtCmdFwd...
11-18 14:10:05.551   844   844 F DEBUG   : Abort message: 'art/runtime/jni_internal.cc:497] JNI FatalError called: frameworks/base/core/jni/com_android_internal_os_Zygote.cpp:483: Unable to construct file descriptor table.'
11-18 14:10:05.551   844   844 F DEBUG   :     x0   0000000000000000  x1   0000000000000809  x2   0000000000000006  x3   0000000000000000
11-18 14:10:05.551   844   844 F DEBUG   :     x4   0000000000000000  x5   0000000000000001  x6   0000000000000000  x7   0000000000000000
11-18 14:10:05.551   844   844 F DEBUG   :     x8   0000000000000083  x9   0000000000017b40  x10  0000000003790a60  x11  0000000003790ba0
11-18 14:10:05.551   844   844 F DEBUG   :     x12  0000000000000000  x13  0000007fa1e64000  x14  0000000000000000  x15  0000000000000000
11-18 14:10:05.551   844   844 F DEBUG   :     x16  0000007fa1e56568  x17  0000007fa1de92fc  x18  0000007fa1e67f50  x19  0000007fa22520a8
11-18 14:10:05.551   844   844 F DEBUG   :     x20  0000007fa2251fe8  x21  0000000000000002  x22  0000000000000006  x23  0000007f9efbba00
11-18 14:10:05.551   844   844 F DEBUG   :     x24  0000007f9e7d7b40  x25  0000000000000000  x26  0000007f9e7ec000  x27  0000000000000000
11-18 14:10:05.551   844   844 F DEBUG   :     x28  0000007f9efbba00  x29  0000007fea6b4330  x30  0000007fa1de6a98
11-18 14:10:05.552   844   844 F DEBUG   :     sp   0000007fea6b4330  pc   0000007fa1de9304  pstate 0000000020000000
11-18 14:10:05.567   844   844 F DEBUG   : 
11-18 14:10:05.567   844   844 F DEBUG   : backtrace:
11-18 14:10:05.567   844   844 F DEBUG   :     #00 pc 0000000000069304  /system/lib64/libc.so (tgkill+8)
11-18 14:10:05.567   844   844 F DEBUG   :     #01 pc 0000000000066a94  /system/lib64/libc.so (pthread_kill+68)
11-18 14:10:05.567   844   844 F DEBUG   :     #02 pc 00000000000239f8  /system/lib64/libc.so (raise+28)
11-18 14:10:05.567   844   844 F DEBUG   :     #03 pc 000000000001e198  /system/lib64/libc.so (abort+60)
11-18 14:10:05.567   844   844 F DEBUG   :     #04 pc 00000000004336c0  /system/lib64/libart.so (_ZN3art7Runtime5AbortEv+324)
11-18 14:10:05.567   844   844 F DEBUG   :     #05 pc 0000000000136f78  /system/lib64/libart.so (_ZN3art10LogMessageD2Ev+3176)
11-18 14:10:05.567   844   844 F DEBUG   :     #06 pc 000000000032c048  /system/lib64/libart.so (_ZN3art3JNI10FatalErrorEP7_JNIEnvPKc+108)
11-18 14:10:05.567   844   844 F DEBUG   :     #07 pc 0000000000132870  /system/lib64/libandroid_runtime.so
11-18 14:10:05.567   844   844 F DEBUG   :     #08 pc 0000000000133d8c  /system/lib64/libandroid_runtime.so
11-18 14:10:05.567   844   844 F DEBUG   :     #09 pc 0000000000134570  /system/lib64/libandroid_runtime.so
11-18 14:10:05.567   844   844 F DEBUG   :     #10 pc 0000000073e98c94  /data/dalvik-cache/arm64/system@framework@boot.oat (offset 0x20d4000)
11-18 14:10:05.632   844   844 F DEBUG   : 
11-18 14:10:05.632   844   844 F DEBUG   : Tombstone written to: /data/tombstones/tombstone_06
11-18 14:10:05.664   522   522 I ServiceManager: service 'user.xposed.system' died
11-18 14:10:05.664   522   522 I ServiceManager: service 'user.xposed.app' died
11-18 14:10:05.736   875  1924 I ServiceManager: Waiting for service sensorservice...
11-18 14:10:05.903   914  1044 E slim_daemon: [NDK] bindNDKSensors: Sensor server is unavailable.
11-18 14:10:05.986  2246  2246 I chatty  : uid=0(root) expire 1 line
11-18 14:10:05.999   862   862 I chatty  : uid=0(root) main expire 39 lines
11-18 14:10:06.210  2282  2282 I chatty  : uid=0(root) expire 2 lines
11-18 14:10:06.452   862   862 I chatty  : uid=0(root) main expire 512 lines
11-18 14:10:06.544   868   868 I ServiceManager: Waiting for service AtCmdFwd...
11-18 14:10:06.736   875  1924 I ServiceManager: Waiting for service sensorservice...
11-18 14:10:06.903   914  1044 E slim_daemon: [NDK] bindNDKSensors: Sensor server is unavailable.
11-18 14:10:07.192   532   532 I chatty  : uid=0(root) /system/bin/oemlogkit expire 2 lines
11-18 14:10:07.545   868   868 W Atfwd_Sendcmd: AtCmdFwd service not published, waiting... retryCnt : 4
11-18 14:10:07.685  2287  2287 I chatty  : uid=0(root) expire 8 lines
11-18 14:10:07.904   914  1044 E slim_daemon: [NDK] bindNDKSensors: Sensor server is unavailable.
11-18 14:10:07.921  2288  2288 I chatty  : uid=0(root) expire 678 lines
11-18 14:10:07.968  2289  2289 I Dpps    : static DppsServer *DppsServer::GetInstance(): DppsServer ref count increased to 1
11-18 14:10:07.969  2289  2289 I Dpps    : AbaContext():18 ABA context instantiation
11-18 14:10:07.969  2289  2289 I Dpps    : AmbientLightContext():17 AL context instantiation
11-18 14:10:07.969  2289  2289 I Dpps    : InitFeatureContext():171 Initialize feature context
11-18 14:10:07.969  2289  2289 I Dpps    : InitContext():80 display fd 5 histogram bins 256  components 1 Lut size 256 panel 0 sensor type 1
11-18 14:10:07.969  2289  2289 I Dpps    : OpenCommonSysfsFds():341 lcd_bl_event_fd_ is 6
11-18 14:10:07.970  2289  2289 I Dpps    : OpenCommonSysfsFds():350 blank_event_fd_ is 7
11-18 14:10:07.970  2289  2289 I Dpps    : OpenCommonSysfsFds():358 lcd_brightness_fd_ is 8
11-18 14:10:07.970  2289  2289 I Dpps    : InitContext():107 hist_sysfs_fd_ is 9
11-18 14:10:07.970  2289  2289 I Dpps    : InitContext():180 Context Initialization successfull
11-18 14:10:07.970  2289  2289 I Dpps    : CreateAbaThread():61 Create ABA thread
11-18 14:10:07.970  2289  2289 I Dpps    : CreateAbaThread():84 Create ABA thread done ret 0
11-18 14:10:07.970  2289  2289 I Dpps    : InitContext():69 display_fd 5, panel 0, sensor type 1 display_type 0
11-18 14:10:07.970  2289  2289 I Dpps    : OpenCommonSysfsFds():341 lcd_bl_event_fd_ is 16
11-18 14:10:07.970  2289  2289 I Dpps    : OpenCommonSysfsFds():350 blank_event_fd_ is 17
11-18 14:10:07.970  2289  2289 I Dpps    : OpenCommonSysfsFds():358 lcd_brightness_fd_ is 18
11-18 14:10:07.970  2289  2289 I Dpps    : SelectLightSensor():468 sensor_type 1
11-18 14:10:07.970  2289  2289 I Dpps    : SelectLightSensor():471 sensor_type_ 1
11-18 14:10:07.970  2289  2289 I Dpps    : InitLightSensor():503 sensor_type_ 1
11-18 14:10:07.970  2289  2289 I Dpps    : InitLightSensor():506 SensorTypeSimulation
11-18 14:10:07.970  2289  2289 I Dpps    : InitLightSensor():524 light sensor initialization ret 0
11-18 14:10:07.971  2289  2289 I Dpps    : CreateAmbientLightThread():141 Create AL thread
11-18 14:10:07.971  2289  2289 I Dpps    : CreateAmbientLightThread():160 Create AL thread done ret 0
11-18 14:10:07.971  2289  2289 I Dpps    : InitFeatureContext():223 Initialize feature context done ret 0
11-18 14:10:07.971  2289  2325 I Dpps    : ProcessAmbientLightThread():98 AL thread execution started
11-18 14:10:07.972  2289  2324 I Dpps    : ProcessAbaThread():253 ABA thread execution started
11-18 14:10:08.054  2336  2336 D idmap   : error: no read access to /vendor/overlay: No such file or directory
11-18 14:10:08.737   875  1924 I ServiceManager: Waiting for service sensorservice...
11-18 14:10:08.904   914  1044 E slim_daemon: [NDK] bindNDKSensors: Sensor server is unavailable.
11-18 14:10:09.130  2288  2332 I chatty  : uid=0(root) expire 1 line
11-18 14:10:09.180  2288  2288 F libc    : Fatal signal 6 (SIGABRT), code -6 in tid 2288 (main)
11-18 14:10:09.193   532   532 I chatty  : uid=0(root) /system/bin/oemlogkit expire 4 lines
11-18 14:10:09.232   844   844 F DEBUG   : *** *** *** *** *** *** *** *** *** *** *** *** *** *** *** ***
11-18 14:10:09.232   844   844 F DEBUG   : Build fingerprint: 'OnePlus/OnePlus3/OnePlus3:6.0.1/MXB48T/361013:user/release-keys'
11-18 14:10:09.232   844   844 F DEBUG   : Revision: '0'
11-18 14:10:09.232   844   844 F DEBUG   : ABI: 'arm64'
11-18 14:10:09.232   844   844 F DEBUG   : pid: 2288, tid: 2288, name: main  >>> zygote64 <<<
11-18 14:10:09.232   844   844 F DEBUG   : signal 6 (SIGABRT), code -6 (SI_TKILL), fault addr --------
11-18 14:10:09.242   844   844 F DEBUG   : Abort message: 'art/runtime/jni_internal.cc:497] JNI FatalError called: frameworks/base/core/jni/com_android_internal_os_Zygote.cpp:483: Unable to construct file descriptor table.'
11-18 14:10:09.242   844   844 F DEBUG   :     x0   0000000000000000  x1   00000000000008f0  x2   0000000000000006  x3   0000000000000000
11-18 14:10:09.242   844   844 F DEBUG   :     x4   0000000000000000  x5   0000000000000001  x6   0000000000000000  x7   0000000000000000
11-18 14:10:09.242   844   844 F DEBUG   :     x8   0000000000000083  x9   0000000000017b40  x10  0000000003795b70  x11  0000000003795cb0
11-18 14:10:09.242   844   844 F DEBUG   :     x12  0000000000000000  x13  0000007f994d8000  x14  0000000000000000  x15  0000000000000000
11-18 14:10:09.242   844   844 F DEBUG   :     x16  0000007f994ca568  x17  0000007f9945d2fc  x18  0000007f994dbf50  x19  0000007f998c60a8
11-18 14:10:09.242   844   844 F DEBUG   :     x20  0000007f998c5fe8  x21  0000000000000002  x22  0000000000000006  x23  0000007f9663ba00
11-18 14:10:09.242   844   844 F DEBUG   :     x24  0000007f95e57b40  x25  0000000000000000  x26  0000007f95e6c000  x27  0000000000000000
11-18 14:10:09.242   844   844 F DEBUG   :     x28  0000007f9663ba00  x29  0000007fe35904f0  x30  0000007f9945aa98
11-18 14:10:09.242   844   844 F DEBUG   :     sp   0000007fe35904f0  pc   0000007f9945d304  pstate 0000000020000000
11-18 14:10:09.248   844   844 F DEBUG   : 
11-18 14:10:09.248   844   844 F DEBUG   : backtrace:
11-18 14:10:09.248   844   844 F DEBUG   :     #00 pc 0000000000069304  /system/lib64/libc.so (tgkill+8)
11-18 14:10:09.248   844   844 F DEBUG   :     #01 pc 0000000000066a94  /system/lib64/libc.so (pthread_kill+68)
11-18 14:10:09.248   844   844 F DEBUG   :     #02 pc 00000000000239f8  /system/lib64/libc.so (raise+28)
11-18 14:10:09.248   844   844 F DEBUG   :     #03 pc 000000000001e198  /system/lib64/libc.so (abort+60)
11-18 14:10:09.248   844   844 F DEBUG   :     #04 pc 00000000004336c0  /system/lib64/libart.so (_ZN3art7Runtime5AbortEv+324)
11-18 14:10:09.248   844   844 F DEBUG   :     #05 pc 0000000000136f78  /system/lib64/libart.so (_ZN3art10LogMessageD2Ev+3176)
11-18 14:10:09.248   844   844 F DEBUG   :     #06 pc 000000000032c048  /system/lib64/libart.so (_ZN3art3JNI10FatalErrorEP7_JNIEnvPKc+108)
11-18 14:10:09.248   844   844 F DEBUG   :     #07 pc 0000000000132870  /system/lib64/libandroid_runtime.so
11-18 14:10:09.248   844   844 F DEBUG   :     #08 pc 0000000000133d8c  /system/lib64/libandroid_runtime.so
11-18 14:10:09.248   844   844 F DEBUG   :     #09 pc 0000000000134570  /system/lib64/libandroid_runtime.so
11-18 14:10:09.248   844   844 F DEBUG   :     #10 pc 0000000073e98c94  /data/dalvik-cache/arm64/system@framework@boot.oat (offset 0x20d4000)
11-18 14:10:09.302   844   844 F DEBUG   : 
11-18 14:10:09.302   844   844 F DEBUG   : Tombstone written to: /data/tombstones/tombstone_07
11-18 14:10:09.324   522   522 I ServiceManager: service 'user.xposed.app' died
11-18 14:10:09.324   522   522 I ServiceManager: service 'user.xposed.system' died
11-18 14:10:09.737   875  1924 I ServiceManager: Waiting for service sensorservice...
11-18 14:10:09.760   875  1334 E mm-camera: <MCT   ><ERROR> 365: mct_util_timer_handler: Backend stuck during HAL/DS Command
11-18 14:10:09.764  2480  2480 I chatty  : uid=0(root) expire 1 line
11-18 14:10:09.764  2479  2479 I chatty  : uid=0(root) /system/bin/sh expire 1 line
11-18 14:10:09.905   914  1044 E slim_daemon: [NDK] bindNDKSensors: Sensor server is unavailable.
11-18 14:10:10.905   914  1044 E slim_daemon: [NDK] bindNDKSensors: Sensor server is unavailable.
11-18 14:10:10.982  2497  2497 I mm-camera: < INFO> 420: void init(): memleak lib init.
11-18 14:10:10.982  2497  2497 I mm-camera: < INFO> 439: void init(): memleak tracer not attached
11-18 14:10:11.038  2497  2497 E mm-camera: <SENSOR><ERROR> 385: eebin_read: failed!
11-18 14:10:11.038  2497  2497 E mm-camera: <SENSOR><ERROR> 385: eebin_read: failed!
11-18 14:10:11.038  2497  2497 E mm-camera: <SENSOR><ERROR> 489: sensor_init_probe: failed: to probe eeprom bin sensors (non-fatal)
11-18 14:10:11.041  2497  2497 E mm-camera: <SENSOR><ERROR> 217: sensor_probe: [s5k3p8sp] probe failed.
11-18 14:10:11.042  2497  2497 E mm-camera: <SENSOR><ERROR> 344: sensor_init_xml_probe: failed: to probe s5k3p8sp
11-18 14:10:11.049  2497  2497 I mm-camera: sony_imx298_eeprom_format_wbdata: IMX298 vendor id:4 (1-Sunny/4-Lite_On)
11-18 14:10:11.050  2497  2497 I mm-camera: sony_imx298_eeprom_format_wbdata: 5100K awb_r_over_gr: 0.441748, awb_b_over_gr: 0.533981, awb_gr_over_gb: 1.000000
11-18 14:10:11.050  2497  2497 I mm-camera: sony_imx298_eeprom_format_wbdata: 3000K awb_r_over_gr: 0.711230, awb_b_over_gr: 0.379679, awb_gr_over_gb: 1.000000
11-18 14:10:11.050  2497  2497 I mm-camera: sony_imx298_eeprom_format_afdata orig macro:611 infinity:331
11-18 14:10:11.051  2497  2497 D mm-camera: sony_imx179_eeprom_format_wbdata: d50 valid page=0
11-18 14:10:11.051  2497  2497 I mm-camera: sony_imx179_eeprom_format_wbdata_page_d50: Lens ID:0
11-18 14:10:11.051  2497  2497 I mm-camera: sony_imx179_eeprom_format_wbdata_page_d50: LightType 6, awb_r_over_gr: 0.460432, awb_b_over_gr: 0.561151, awb_gr_over_gb: 1.000000
11-18 14:10:11.051  2497  2497 D mm-camera: sony_imx179_eeprom_format_wbdata: alight valid page=0
11-18 14:10:11.051  2497  2497 I mm-camera: sony_imx179_eeprom_format_wbdata_page_alight: LightType 2, awb_r_over_gr: 0.718121, awb_b_over_gr: 0.355705
11-18 14:10:11.051  2497  2497 I mm-camera: sony_imx179_eeprom_get_calibration_items: A light valid page:0, D50 valid page:0
11-18 14:10:11.051  2497  2497 E mm-camera: <SENSOR><ERROR> 71: cm_create: Sensor_name: imx298 Vendor_info: 4 Lens_info: 0
11-18 14:10:11.054  2497  2497 E mm-camera: <SENSOR><ERROR> 119: cm_create: 3A chromatix name (preview, video) = (imx298_zsl_preview, imx298_zsl_video)
11-18 14:10:11.056  2497  2497 E mm-camera: <SENSOR><ERROR> 119: cm_create: 3A chromatix name (preview, video) = (imx298_default_preview, imx298_default_video)
11-18 14:10:11.057  2497  2497 E mm-camera: <SENSOR><ERROR> 119: cm_create: 3A chromatix name (preview, video) = (imx298_hfr_60_3a, imx298_hfr_60_3a)
11-18 14:10:11.059  2497  2497 E mm-camera: <SENSOR><ERROR> 119: cm_create: 3A chromatix name (preview, video) = (imx298_hfr_90_3a, imx298_hfr_90_3a)
11-18 14:10:11.060  2497  2497 E mm-camera: <SENSOR><ERROR> 119: cm_create: 3A chromatix name (preview, video) = (imx298_hfr_120_3a, imx298_hfr_120_3a)
11-18 14:10:11.062  2497  2497 E mm-camera: <SENSOR><ERROR> 119: cm_create: 3A chromatix name (preview, video) = (imx298_4K_preview, imx298_4K_video)
11-18 14:10:11.063  2497  2497 E mm-camera: <SENSOR><ERROR> 119: cm_create: 3A chromatix name (preview, video) = (, )
11-18 14:10:11.063  2497  2497 E mm-camera: <SENSOR><ERROR> 119: cm_create: 3A chromatix name (preview, video) = (, )
11-18 14:10:11.064  2497  2497 E mm-camera: <SENSOR><ERROR> 119: cm_create: 3A chromatix name (preview, video) = (, )
11-18 14:10:11.065  2497  2497 E mm-camera: <SENSOR><ERROR> 119: cm_create: 3A chromatix name (preview, video) = (, )
11-18 14:10:11.065  2497  2497 E mm-camera: <SENSOR><ERROR> 119: cm_create: 3A chromatix name (preview, video) = (, )
11-18 14:10:11.067  2497  2497 E mm-camera: <SENSOR><ERROR> 119: cm_create: 3A chromatix name (preview, video) = (imx298_3a_clearshot, )
11-18 14:10:11.068  2497  2497 E mm-camera: <SENSOR><ERROR> 119: cm_create: 3A chromatix name (preview, video) = (imx298_3a_panorama, )
11-18 14:10:11.069  2497  2497 E mm-camera: <SENSOR><ERROR> 119: cm_create: 3A chromatix name (preview, video) = (, )
11-18 14:10:11.070  2497  2497 E mm-camera: <SENSOR><ERROR> 119: cm_create: 3A chromatix name (preview, video) = (, imx298_4K_video)
11-18 14:10:11.070  2497  2497 E mm-camera: <SENSOR><ERROR> 119: cm_create: 3A chromatix name (preview, video) = (, )
11-18 14:10:11.070  2497  2497 E mm-camera: <SENSOR><ERROR> 71: cm_create: Sensor_name: imx179 Vendor_info: 0 Lens_info: 0
11-18 14:10:11.073  2497  2497 E mm-camera: <SENSOR><ERROR> 119: cm_create: 3A chromatix name (preview, video) = (imx179_3a_3280x2464_30fps_preview, imx179_3a_3280x2464_30fps_video)
11-18 14:10:11.076  2497  2497 E mm-camera: <SENSOR><ERROR> 119: cm_create: 3A chromatix name (preview, video) = (imx179_3a_3280x1846_30fps_preview, imx179_3a_3280x1846_30fps_video)
11-18 14:10:11.080  2497  2497 E mm-camera: <SENSOR><ERROR> 119: cm_create: 3A chromatix name (preview, video) = (imx179_3a_1640x924_30fps_preview, imx179_3a_1640x924_30fps_video)
11-18 14:10:11.081  2497  2497 E mm-camera: <SENSOR><ERROR> 119: cm_create: 3A chromatix name (preview, video) = (, )
11-18 14:10:11.082  2497  2497 E mm-camera: <SENSOR><ERROR> 119: cm_create: 3A chromatix name (preview, video) = (, )
11-18 14:10:11.083  2497  2497 E mm-camera: <SENSOR><ERROR> 119: cm_create: 3A chromatix name (preview, video) = (imx179_3a_3280x2464_30fps_facebeauty, )
11-18 14:10:11.083  2497  2497 E mm-camera: <IFACE ><ERROR> 12066: iface_util_setloglevel: iface_util_setloglevel:12066 IFACE_Loglevel 1
11-18 14:10:11.155  2497  2497 E mm-camera: <IMGLIB><ERROR> 1114: frameproc_comp_reload_lib: frameproc_comp_reload_lib:1114] Error opening frameproc library libmmcamera_llvd.so error dlopen failed: library "libmmcamera_llvd.so" not found
11-18 14:10:11.156  2497  2497 E mm-camera: <IMGLIB><ERROR> 984: frameproc_comp_load: frameproc_comp_load:984] cannot load libmmcamera_llvd.so
11-18 14:10:11.156  2497  2497 E mm-camera: <IMGLIB><ERROR> 3032: module_imgbase_init: module_imgbase_init_llvd:3032] Error rc -7
11-18 14:10:11.165  2497  2497 E mm-camera: <IMGLIB><ERROR> 1665: dual_frameproc_comp_load: dual_frameproc_comp_load:1665] Error opening dual_frameproc library libmmcamera_dcrf_lib.so error dlopen failed: library "libmmcamera_dcrf_lib.so" not found
11-18 14:10:11.165  2497  2497 E mm-camera: <IMGLIB><ERROR> 3032: module_imgbase_init: module_imgbase_init_imglib_dcrf:3032] Error rc -7
11-18 14:10:11.166  2497  2497 E mm-camera: <IMGLIB><ERROR> 744: module_imglib_create_topology: module_imglib_create_topology:744] Can not init the module imglib_dcrf
11-18 14:10:11.166  2497  2497 E mm-camera: <IMGLIB><ERROR> 1665: dual_frameproc_comp_load: dual_frameproc_comp_load:1665] Error opening dual_frameproc library libmmcamera_dcrf_lib.so error dlopen failed: library "libmmcamera_dcrf_lib.so" not found
11-18 14:10:11.166  2497  2497 E mm-camera: <IMGLIB><ERROR> 3032: module_imgbase_init: module_imgbase_init_imglib_dcrf:3032] Error rc -7
11-18 14:10:11.166  2497  2497 E mm-camera: <IMGLIB><ERROR> 744: module_imglib_create_topology: module_imglib_create_topology:744] Can not init the module imglib_dcrf
11-18 14:10:11.168  2497  2497 E mm-camera: <IMGLIB><ERROR> 1114: frameproc_comp_reload_lib: frameproc_comp_reload_lib:1114] Error opening frameproc library libmmcamera_chromaflash_lib.so error dlopen failed: library "libmmcamera_chromaflash_lib.so" not found
11-18 14:10:11.168  2497  2497 E mm-camera: <IMGLIB><ERROR> 984: frameproc_comp_load: frameproc_comp_load:984] cannot load libmmcamera_chromaflash_lib.so
11-18 14:10:11.168  2497  2497 E mm-camera: <IMGLIB><ERROR> 3032: module_imgbase_init: module_imgbase_init_imglib_chroma_flash:3032] Error rc -7
11-18 14:10:11.168  2497  2497 E mm-camera: <IMGLIB><ERROR> 744: module_imglib_create_topology: module_imglib_create_topology:744] Can not init the module imglib_chroma_flash
11-18 14:10:11.168  2497  2497 E mm-camera: <IMGLIB><ERROR> 1114: frameproc_comp_reload_lib: frameproc_comp_reload_lib:1114] Error opening frameproc library libmmcamera_optizoom_lib.so error dlopen failed: library "libmmcamera_optizoom_lib.so" not found
11-18 14:10:11.169  2497  2497 E mm-camera: <IMGLIB><ERROR> 984: frameproc_comp_load: frameproc_comp_load:984] cannot load libmmcamera_optizoom_lib.so
11-18 14:10:11.169  2497  2497 E mm-camera: <IMGLIB><ERROR> 3032: module_imgbase_init: module_imgbase_init_imglib_optizoom:3032] Error rc -7
11-18 14:10:11.169  2497  2497 E mm-camera: <IMGLIB><ERROR> 744: module_imglib_create_topology: module_imglib_create_topology:744] Can not init the module imglib_optizoom
11-18 14:10:11.169  2497  2497 E mm-camera: <IMGLIB><ERROR> 1114: frameproc_comp_reload_lib: frameproc_comp_reload_lib:1114] Error opening frameproc library libmmcamera_ubifocus_lib.so error dlopen failed: library "libmmcamera_ubifocus_lib.so" not found
11-18 14:10:11.169  2497  2497 E mm-camera: <IMGLIB><ERROR> 984: frameproc_comp_load: frameproc_comp_load:984] cannot load libmmcamera_ubifocus_lib.so
11-18 14:10:11.169  2497  2497 E mm-camera: <IMGLIB><ERROR> 3032: module_imgbase_init: module_imgbase_init_imglib_ubifocus:3032] Error rc -7
11-18 14:10:11.169  2497  2497 E mm-camera: <IMGLIB><ERROR> 744: module_imglib_create_topology: module_imglib_create_topology:744] Can not init the module imglib_ubifocus
11-18 14:10:11.170  2497  2497 E mm-camera: <IMGLIB><ERROR> 1114: frameproc_comp_reload_lib: frameproc_comp_reload_lib:1114] Error opening frameproc library libmmcamera_ubifocus_lib.so error dlopen failed: library "libmmcamera_ubifocus_lib.so" not found
11-18 14:10:11.170  2497  2497 E mm-camera: <IMGLIB><ERROR> 984: frameproc_comp_load: frameproc_comp_load:984] cannot load libmmcamera_ubifocus_lib.so
11-18 14:10:11.170  2497  2497 E mm-camera: <IMGLIB><ERROR> 3032: module_imgbase_init: module_imgbase_init_imglib_refocus:3032] Error rc -7
11-18 14:10:11.170  2497  2497 E mm-camera: <IMGLIB><ERROR> 744: module_imglib_create_topology: module_imglib_create_topology:744] Can not init the module imglib_refocus
11-18 14:10:11.170  2497  2497 E mm-camera: <IMGLIB><ERROR> 1114: frameproc_comp_reload_lib: frameproc_comp_reload_lib:1114] Error opening frameproc library libmmcamera_trueportrait_lib.so error dlopen failed: library "libmmcamera_trueportrait_lib.so" not found
11-18 14:10:11.170  2497  2497 E mm-camera: <IMGLIB><ERROR> 984: frameproc_comp_load: frameproc_comp_load:984] cannot load libmmcamera_trueportrait_lib.so
11-18 14:10:11.170  2497  2497 E mm-camera: <IMGLIB><ERROR> 3032: module_imgbase_init: module_imgbase_init_imglib_trueportrait:3032] Error rc -7
11-18 14:10:11.170  2497  2497 E mm-camera: <IMGLIB><ERROR> 744: module_imglib_create_topology: module_imglib_create_topology:744] Can not init the module imglib_trueportrait
11-18 14:10:11.171  2497  2497 E mm-camera: <IMGLIB><ERROR> 1114: frameproc_comp_reload_lib: frameproc_comp_reload_lib:1114] Error opening frameproc library libmmcamera_stillmore_lib.so error dlopen failed: library "libmmcamera_stillmore_lib.so" not found
11-18 14:10:11.171  2497  2497 E mm-camera: <IMGLIB><ERROR> 984: frameproc_comp_load: frameproc_comp_load:984] cannot load libmmcamera_stillmore_lib.so
11-18 14:10:11.171  2497  2497 E mm-camera: <IMGLIB><ERROR> 3032: module_imgbase_init: module_imgbase_init_imglib_stillmore:3032] Error rc -7
11-18 14:10:11.171  2497  2497 E mm-camera: <IMGLIB><ERROR> 744: module_imglib_create_topology: module_imglib_create_topology:744] Can not init the module imglib_stillmore
11-18 14:10:11.171  2497  2497 E mm-camera: <IMGLIB><ERROR> 744: module_imglib_create_topology: module_imglib_create_topology:744] Can not init the module imglib_oem1
11-18 14:10:11.266   522   522 I ServiceManager: service 'media.audio_flinger' died
11-18 14:10:11.266   522   522 I ServiceManager: service 'media.player' died
11-18 14:10:11.266   522   522 I ServiceManager: service 'media.resource_manager' died
11-18 14:10:11.444  2524  2524 D SRS_Spools_V2: DSEC_DMO_Token ERR: Unable to open key file. - /system/etc/srs/dts.lic
11-18 14:10:11.444  2524  2524 D SRS_Spools_V2: DSEC_RET_Token ERR: Unable to open key file. - /system/etc/srs/dts.lic
11-18 14:10:11.444  2524  2524 D SRS_Spools_V2: DSEC_DMO_Token ERR: Unable to open key file. - /system/etc/srs/dts.lic
11-18 14:10:11.444  2524  2524 D SRS_Spools_V2: DSEC_RET_Token ERR: Unable to open key file. - /system/etc/srs/dts.lic
11-18 14:10:11.444  2524  2524 V SRS_ProcT: TRUMEDIA_DSP_VERSION_STRING = v3.1.6.0
11-18 14:10:11.492  2524  2524 D SRS_QDSP_Adapter: Control used - SRS TruMedia
11-18 14:10:11.492  2524  2524 W SRS_QDSP_Adapter: Mixer opened 0xf6056000
11-18 14:10:11.492  2524  2524 W SRS_QDSP_Adapter: SRS TruMedia ctl opened 0xf606132c
11-18 14:10:11.492  2524  2524 W SRS_QDSP_Adapter: Not creating SRS DSP thread.
11-18 14:10:11.493  2524  2524 V MediaUtils: physMem: 4294967295
11-18 14:10:11.493  2524  2524 V MediaUtils: requested limit: 2791728680
11-18 14:10:11.494  2524  2524 V MediaUtils: actual limit: 2791728680
11-18 14:10:11.494  2524  2524 V MediaUtils: original limits: 4294967295/4294967295
11-18 14:10:11.494  2524  2524 V MediaUtils: new limits: 2791728680/4294967295
11-18 14:10:11.494  2524  2524 I mediaserver: ServiceManager: 0xf60ce620
11-18 14:10:11.495  2524  2524 D mediaserver: mediaserver get Service Manager need time 1 ms
11-18 14:10:11.495  2524  2524 I AudioFlinger: Using default 3000 mSec as standby time.
11-18 14:10:11.495  2524  2524 D mediaserver: mediaserver audio flinger init need time 0 ms
11-18 14:10:11.495  2524  2524 E         : batterystats service unavailable!
11-18 14:10:11.496  2524  2524 E         : batterystats service unavailable!
11-18 14:10:11.496  2524  2524 E ExtendedServiceUtils: player_type 6
11-18 14:10:11.496  2524  2524 E ExtendedServiceUtils: Creating DashPlayer Factory
11-18 14:10:11.496  2524  2524 D mediaserver: mediaserver media player service init need time 0 ms
11-18 14:10:11.496  2524  2524 D mediaserver: mediaserver ResourceManagerService init need time 0 ms
11-18 14:10:11.496  2524  2524 I CameraService: CameraService started (pid=2524)
11-18 14:10:11.496  2524  2524 I CameraService: CameraService process starting
11-18 14:10:11.497  2524  2524 E         : batterystats service unavailable!
11-18 14:10:11.497  2524  2524 E         : batterystats service unavailable!
11-18 14:10:11.504  2524  2524 I QCamera : <MCI><INFO> get_num_of_cameras: 1848: dev_info[id=0,name='video2']
11-18 14:10:11.505  2524  2524 I QCamera : <MCI><INFO> get_num_of_cameras: 1848: dev_info[id=1,name='video3']
11-18 14:10:11.505  2524  2524 I QCamera : <MCI><INFO> sort_camera_info: 1696: Camera id: 0 facing: 0, type: 1 is_yuv: 0
11-18 14:10:11.505  2524  2524 I QCamera : <MCI><INFO> sort_camera_info: 1696: Camera id: 1 facing: 1, type: 0 is_yuv: 0
11-18 14:10:11.505  2524  2524 I QCamera : <MCI><INFO> sort_camera_info: 1699: Number of cameras 2 sorted 2
11-18 14:10:11.505  2524  2524 I QCamera : <MCI><INFO> get_num_of_cameras: 1870: num_cameras=2
11-18 14:10:11.505  2524  2524 I CameraService: Loaded "QCamera Module" camera module
11-18 14:10:11.505  2524  2524 I QCamera : <HAL><INFO> int qcamera::QCamera2Factory::getCameraInfo(int, camera_info*): 316: Camera id 0 API version 768
11-18 14:10:11.513  2497  2532 W mm-camera-CORE: init_light_sensor: skip light sensor init, cnt=1
11-18 14:10:11.526  2497  2497 I mm-camera-CORE: af_core_init
11-18 14:10:11.527  2497  2543 E mm-camera: <CPP   ><ERROR> 2235: cpp_module_notify_add_stream: failed, CPP current version can not support rotation
11-18 14:10:11.528  2497  2543 I mm-camera-CORE: q3a_thread_aecawb_start Enter
11-18 14:10:11.576  2497  2544 E mm-camera: <SENSOR><ERROR> 2937: sensor_get_cur_chromatix_name: Sensor name:imx298,sensor id:0x0, vendor id:4, lens id:0
11-18 14:10:11.576  2497  2544 E         : name = imx298_common
11-18 14:10:11.576  2497  2544 E         : name = imx298_snapshot
11-18 14:10:11.576  2497  2544 E         : name = imx298_cpp_preview
11-18 14:10:11.576  2497  2544 E         : name = imx298_cpp_snapshot
11-18 14:10:11.576  2497  2544 E         : name = imx298_cpp_snapshot_flash
11-18 14:10:11.576  2497  2544 E         : name = imx298_cpp_snapshot
11-18 14:10:11.576  2497  2544 E         : name = imx298_cpp_snapshot
11-18 14:10:11.576  2497  2544 E         : name = imx298_cpp_snapshot
11-18 14:10:11.577  2497  2544 E         : name = imx298_cpp_snapshot
11-18 14:10:11.577  2497  2544 E         : name = imx298_cpp_snapshot
11-18 14:10:11.577  2497  2544 E         : name = imx298_cpp_video
11-18 14:10:11.577  2497  2544 E         : name = imx298_postproc
11-18 14:10:11.577  2497  2544 E         : name = imx298_zsl_preview
11-18 14:10:11.577  2497  2544 E mm-camera: <SENSOR><ERROR> 2893: sensor_get_cur_chromatix_name_for_type: chromatix for res_idx = 0 special_mode_mask = 0     module = 4 chromatix_type = 0 is NULL
11-18 14:10:11.577  2497  2544 E         : name = imx298_snapshot
11-18 14:10:11.577  2497  2544 E mm-camera: <SENSOR><ERROR> 3088: sensor_get_cur_chromatix_name: 3A chromatix : imx298_zsl_preview
11-18 14:10:11.577  2497  2544 I         : processFpsTable: fps[0]=30.00/30.00 30.00/30.00
11-18 14:10:11.577  2497  2544 I         : processFpsTable: fps[1]=15.00/30.02 15.00/30.02
11-18 14:10:11.577  2497  2544 I         : processFpsTable: fps[2]=15.00/30.03 15.00/30.03
11-18 14:10:11.577  2497  2544 I         : processFpsTable: fps[3]=15.00/60.00 15.00/60.00
11-18 14:10:11.577  2497  2544 I         : processFpsTable: fps[4]=15.00/120.00 15.00/120.00
11-18 14:10:11.578  2524  2546 D         : cmdtype=MM_CAMERA_CMD_TYPE_EXIT
11-18 14:10:11.686  2497  2529 E mm-camera: <SENSOR><ERROR> 739: eeprom_process: failed NULL pointer detected: eeprom_ctrl : 
11-18 14:10:11.687  2497  2529 E mm-camera: <SENSOR><ERROR> 324: module_sensor_offload_ois_init_calibrate: Get Is OIS calibration failed
11-18 14:10:11.702  2524  2524 I QCamera : <HAL><INFO> static int qcamera::QCamera3HardwareInterface::getCamInfo(uint32_t, camera_info*): 7941: camera 0 resource cost is 100
11-18 14:10:11.702  2524  2524 I QCamera : <HAL><INFO> int qcamera::QCamera2Factory::getCameraInfo(int, camera_info*): 316: Camera id 1 API version 768
11-18 14:10:11.709  2497  2564 W mm-camera-CORE: init_light_sensor: skip light sensor init, cnt=2
11-18 14:10:11.722  2497  2560 I mm-camera: sony_imx179_eeprom_get_calibration_items: A light valid page:0, D50 valid page:0
11-18 14:10:11.723  2497  2497 I mm-camera-CORE: af_core_init
11-18 14:10:11.723  2497  2574 E mm-camera: <SENSOR><ERROR> 86: port_sensor_caps_reserve: session id doesn't match: 3 : 2
11-18 14:10:11.723  2497  2574 E mm-camera: <SENSOR><ERROR> 86: port_sensor_caps_reserve: session id doesn't match: 3 : 2
11-18 14:10:11.724  2497  2574 E mm-camera: <CPP   ><ERROR> 2235: cpp_module_notify_add_stream: failed, CPP current version can not support rotation
11-18 14:10:11.724  2497  2574 I mm-camera-CORE: q3a_thread_aecawb_start Enter
11-18 14:10:11.725  2497  2575 E mm-camera: <SENSOR><ERROR> 2937: sensor_get_cur_chromatix_name: Sensor name:imx179,sensor id:0x0, vendor id:0, lens id:0
11-18 14:10:11.725  2497  2575 E         : name = imx179_common
11-18 14:10:11.725  2497  2575 E         : name = imx179_isp_3280x2464_30fps_snapshot
11-18 14:10:11.725  2497  2575 E         : name = imx179_cpp_3280x2464_30fps_preview
11-18 14:10:11.725  2497  2575 E         : name = imx179_cpp_3280x2464_30fps_snapshot
11-18 14:10:11.725  2497  2575 E         : name = imx179_cpp_3280x2464_30fps_snapshot
11-18 14:10:11.725  2497  2575 E         : name = imx179_cpp_3280x2464_30fps_snapshot
11-18 14:10:11.725  2497  2575 E         : name = imx179_cpp_3280x2464_30fps_snapshot
11-18 14:10:11.725  2497  2575 E         : name = imx179_cpp_3280x2464_30fps_snapshot
11-18 14:10:11.725  2497  2575 E         : name = imx179_cpp_3280x2464_30fps_snapshot
11-18 14:10:11.725  2497  2575 E         : name = imx179_cpp_3280x2464_30fps_snapshot
11-18 14:10:11.725  2497  2575 E         : name = imx179_cpp_3280x2464_30fps_video
11-18 14:10:11.725  2497  2575 E         : name = imx179_postproc
11-18 14:10:11.725  2497  2575 E         : name = imx179_3a_3280x2464_30fps_preview
11-18 14:10:11.725  2497  2575 E mm-camera: <SENSOR><ERROR> 2893: sensor_get_cur_chromatix_name_for_type: chromatix for res_idx = 0 special_mode_mask = 0     module = 4 chromatix_type = 0 is NULL
11-18 14:10:11.725  2497  2575 E         : name = imx179_isp_3280x2464_30fps_snapshot
11-18 14:10:11.725  2497  2575 E mm-camera: <SENSOR><ERROR> 3088: sensor_get_cur_chromatix_name: 3A chromatix : imx179_3a_3280x2464_30fps_preview
11-18 14:10:11.726  2497  2575 I         : processFpsTable: fps[0]=7.50/30.00 7.50/29.00
11-18 14:10:11.726  2497  2575 I         : processFpsTable: fps[1]=7.50/30.00 7.50/30.00
11-18 14:10:11.726  2497  2575 I         : processFpsTable: fps[2]=30.00/30.00 30.00/30.00
11-18 14:10:11.727  2524  2577 D         : cmdtype=MM_CAMERA_CMD_TYPE_EXIT
11-18 14:10:11.736  2524  2524 I QCamera : <HAL><INFO> static int qcamera::QCamera3HardwareInterface::getCamInfo(uint32_t, camera_info*): 7941: camera 1 resource cost is 100
11-18 14:10:11.736  2524  2524 I ServiceManager: Waiting for service media.camera.proxy...
11-18 14:10:11.906   914  1044 E slim_daemon: [NDK] bindNDKSensors: Sensor server is unavailable.
11-18 14:10:12.724  2590  2590 I chatty  : uid=0(root) expire 8 lines
11-18 14:10:12.736  2524  2524 I ServiceManager: Waiting for service media.camera.proxy...
11-18 14:10:12.897  2591  2591 I chatty  : uid=0(root) expire 314 lines
11-18 14:10:12.909   914  1044 E slim_daemon: [NDK] bindNDKSensors: Sensor server is unavailable.
11-18 14:10:12.932  2592  2592 I Dpps    : static DppsServer *DppsServer::GetInstance(): DppsServer ref count increased to 1
11-18 14:10:12.933  2592  2592 I Dpps    : AbaContext():18 ABA context instantiation
11-18 14:10:12.933  2592  2592 I Dpps    : AmbientLightContext():17 AL context instantiation
11-18 14:10:12.933  2592  2592 I Dpps    : InitFeatureContext():171 Initialize feature context
11-18 14:10:12.933  2592  2592 I Dpps    : InitContext():80 display fd 5 histogram bins 256  components 1 Lut size 256 panel 0 sensor type 1
11-18 14:10:12.933  2592  2592 I Dpps    : OpenCommonSysfsFds():341 lcd_bl_event_fd_ is 6
11-18 14:10:12.933  2592  2592 I Dpps    : OpenCommonSysfsFds():350 blank_event_fd_ is 7
11-18 14:10:12.933  2592  2592 I Dpps    : OpenCommonSysfsFds():358 lcd_brightness_fd_ is 8
11-18 14:10:12.933  2592  2592 I Dpps    : InitContext():107 hist_sysfs_fd_ is 9
11-18 14:10:12.933  2592  2592 I Dpps    : InitContext():180 Context Initialization successfull
11-18 14:10:12.933  2592  2592 I Dpps    : CreateAbaThread():61 Create ABA thread
11-18 14:10:12.933  2592  2592 I Dpps    : CreateAbaThread():84 Create ABA thread done ret 0
11-18 14:10:12.933  2592  2592 I Dpps    : InitContext():69 display_fd 5, panel 0, sensor type 1 display_type 0
11-18 14:10:12.933  2592  2592 I Dpps    : OpenCommonSysfsFds():341 lcd_bl_event_fd_ is 16
11-18 14:10:12.933  2592  2592 I Dpps    : OpenCommonSysfsFds():350 blank_event_fd_ is 17
11-18 14:10:12.934  2592  2592 I Dpps    : OpenCommonSysfsFds():358 lcd_brightness_fd_ is 18
11-18 14:10:12.934  2592  2592 I Dpps    : SelectLightSensor():468 sensor_type 1
11-18 14:10:12.934  2592  2592 I Dpps    : SelectLightSensor():471 sensor_type_ 1
11-18 14:10:12.934  2592  2592 I Dpps    : InitLightSensor():503 sensor_type_ 1
11-18 14:10:12.934  2592  2592 I Dpps    : InitLightSensor():506 SensorTypeSimulation
11-18 14:10:12.934  2592  2592 I Dpps    : InitLightSensor():524 light sensor initialization ret 0
11-18 14:10:12.934  2592  2592 I Dpps    : CreateAmbientLightThread():141 Create AL thread
11-18 14:10:12.934  2592  2592 I Dpps    : CreateAmbientLightThread():160 Create AL thread done ret 0
11-18 14:10:12.934  2592  2592 I Dpps    : InitFeatureContext():223 Initialize feature context done ret 0
11-18 14:10:12.934  2592  2626 I Dpps    : ProcessAmbientLightThread():98 AL thread execution started
11-18 14:10:12.934  2592  2625 I Dpps    : ProcessAbaThread():253 ABA thread execution started
11-18 14:10:13.002  2638  2638 D idmap   : error: no read access to /vendor/overlay: No such file or directory
11-18 14:10:13.193   532   532 I chatty  : uid=0(root) /system/bin/oemlogkit expire 1 line
11-18 14:10:13.528  2591  2591 I chatty  : uid=0(root) expire 364 lines
11-18 14:10:13.737  2524  2524 I ServiceManager: Waiting for service media.camera.proxy...
11-18 14:10:13.815  2591  2634 I chatty  : uid=0(root) expire 1 line
11-18 14:10:13.852  2591  2591 F libc    : Fatal signal 6 (SIGABRT), code -6 in tid 2591 (main)
11-18 14:10:13.903   844   844 F DEBUG   : *** *** *** *** *** *** *** *** *** *** *** *** *** *** *** ***
11-18 14:10:13.903   844   844 F DEBUG   : Build fingerprint: 'OnePlus/OnePlus3/OnePlus3:6.0.1/MXB48T/361013:user/release-keys'
11-18 14:10:13.903   844   844 F DEBUG   : Revision: '0'
11-18 14:10:13.903   844   844 F DEBUG   : ABI: 'arm64'
11-18 14:10:13.904   844   844 F DEBUG   : pid: 2591, tid: 2591, name: main  >>> zygote64 <<<
11-18 14:10:13.904   844   844 F DEBUG   : signal 6 (SIGABRT), code -6 (SI_TKILL), fault addr --------
11-18 14:10:13.909   914  1044 E slim_daemon: [NDK] bindNDKSensors: Sensor server is unavailable.
11-18 14:10:13.911   844   844 F DEBUG   : Abort message: 'art/runtime/jni_internal.cc:497] JNI FatalError called: frameworks/base/core/jni/com_android_internal_os_Zygote.cpp:483: Unable to construct file descriptor table.'
11-18 14:10:13.911   844   844 F DEBUG   :     x0   0000000000000000  x1   0000000000000a1f  x2   0000000000000006  x3   0000000000000000
11-18 14:10:13.911   844   844 F DEBUG   :     x4   0000000000000000  x5   0000000000000001  x6   0000000000000000  x7   0000000000000000
11-18 14:10:13.911   844   844 F DEBUG   :     x8   0000000000000083  x9   0000000000017b40  x10  0000000003796d20  x11  0000000003796e60
11-18 14:10:13.911   844   844 F DEBUG   :     x12  0000000000000000  x13  0000007f8152f000  x14  0000000000000000  x15  0000000000000000
11-18 14:10:13.911   844   844 F DEBUG   :     x16  0000007f81521568  x17  0000007f814b42fc  x18  0000007f81532f50  x19  0000007f8191d0a8
11-18 14:10:13.911   844   844 F DEBUG   :     x20  0000007f8191cfe8  x21  0000000000000002  x22  0000000000000006  x23  0000007f7e6bba00
11-18 14:10:13.911   844   844 F DEBUG   :     x24  0000007f7ded7b40  x25  0000000000000000  x26  0000007f7deec000  x27  0000000000000000
