11-12 21:13:28.052 I/ThermalEngine(675): thresholds 5000
11-12 21:13:28.052 I/ThermalEngine(675): thresholds_clr 10000
11-12 21:13:28.052 I/ThermalEngine(675): actions vdd_restriction
11-12 21:13:28.052 I/ThermalEngine(675): action_info 1
11-12 21:13:28.052 I/ThermalEngine(675): descending
11-12 21:13:28.052 I/ThermalEngine(675): [VDD_RSTR_MONITOR-TSENS12]
11-12 21:13:28.052 I/ThermalEngine(675): #algo_type monitor
11-12 21:13:28.052 I/ThermalEngine(675): sampling 1000
11-12 21:13:28.052 I/ThermalEngine(675): sensor tsens_tz_sensor12
11-12 21:13:28.052 I/ThermalEngine(675): thresholds 5000
11-12 21:13:28.052 I/ThermalEngine(675): thresholds_clr 10000
11-12 21:13:28.052 I/ThermalEngine(675): actions vdd_restriction
11-12 21:13:28.052 I/ThermalEngine(675): action_info 1
11-12 21:13:28.052 I/ThermalEngine(675): descending
11-12 21:13:28.052 I/ThermalEngine(675): [VDD_RSTR_MONITOR-TSENS11]
11-12 21:13:28.052 I/ThermalEngine(675): #algo_type monitor
11-12 21:13:28.052 I/ThermalEngine(675): sampling 1000
11-12 21:13:28.052 I/ThermalEngine(675): sensor tsens_tz_sensor11
11-12 21:13:28.052 I/ThermalEngine(675): thresholds 5000
11-12 21:13:28.052 I/ThermalEngine(675): thresholds_clr 10000
11-12 21:13:28.052 I/ThermalEngine(675): actions vdd_restriction
11-12 21:13:28.052 I/ThermalEngine(675): action_info 1
11-12 21:13:28.052 I/ThermalEngine(675): descending
11-12 21:13:28.052 I/ThermalEngine(675): [VDD_RSTR_MONITOR-TSENS10]
11-12 21:13:28.052 I/ThermalEngine(675): #algo_type monitor
11-12 21:13:28.052 I/ThermalEngine(675): sampling 1000
11-12 21:13:28.052 I/ThermalEngine(675): sensor tsens_tz_sensor10
11-12 21:13:28.052 I/ThermalEngine(675): thresholds 5000
11-12 21:13:28.052 I/ThermalEngine(675): thresholds_clr 10000
11-12 21:13:28.052 I/ThermalEngine(675): actions vdd_restriction
11-12 21:13:28.052 I/ThermalEngine(675): action_info 1
11-12 21:13:28.052 I/ThermalEngine(675): descending
11-12 21:13:28.052 I/ThermalEngine(675): [VDD_RSTR_MONITOR-TSENS9]
11-12 21:13:28.052 I/ThermalEngine(675): #algo_type monitor
11-12 21:13:28.052 I/ThermalEngine(675): sampling 1000
11-12 21:13:28.052 I/ThermalEngine(675): sensor tsens_tz_sensor9
11-12 21:13:28.052 I/ThermalEngine(675): thresholds 5000
11-12 21:13:28.052 I/ThermalEngine(675): thresholds_clr 10000
11-12 21:13:28.052 I/ThermalEngine(675): actions vdd_restriction
11-12 21:13:28.052 I/ThermalEngine(675): action_info 1
11-12 21:13:28.058 E/gatekeeper_device(690): Gatekeeper (Keymaster TA) loaded/ queried from Qseecomd
11-12 21:13:28.058 D/QSEECOMAPI: (690): QSEECom_get_handle sb_length = 0xa000
11-12 21:13:28.058 D/QSEECOMAPI: (690): App is already loaded QSEE and app id = 3
11-12 21:13:28.062 I/ThermalEngine(675): hotplug_ktm_request: Defer call until KTM work loop is disabled.
11-12 21:13:28.062 I/ThermalEngine(675): hotplug_ktm_request: Defer call until KTM work loop is disabled.
11-12 21:13:28.062 I/ThermalEngine(675): hotplug_ktm_request: Defer call until KTM work loop is disabled.
11-12 21:13:28.070 I/ThermalEngine(675): vdd_restrict_qmi_request: MODEM req level(0) is recorded and waiting for completing QMI registration
11-12 21:13:28.070 I/ThermalEngine(675): vdd_restrict_qmi_request: ADSP req level(0) is recorded and waiting for completing QMI registration
11-12 21:13:28.070 I/ThermalEngine(675): hotplug_ktm_disable_cb: write out 61
11-12 21:13:28.110 E/keymaster1_device(673): Keymaster loaded/ queried from Qseecomd
11-12 21:13:28.110 D/QSEECOMAPI: (673): QSEECom_get_handle sb_length = 0xa000
11-12 21:13:28.110 D/QSEECOMAPI: (673): App is already loaded QSEE and app id = 3
11-12 21:13:28.118 E/keymaster1_device(673): TA API Major Verion: 1
11-12 21:13:28.118 E/keymaster1_device(673): TA API Minor Verion: 0
11-12 21:13:28.118 E/keymaster1_device(673): TA Major Verion: 1
11-12 21:13:28.118 E/keymaster1_device(673): TA Minor Verion: 9
11-12 21:13:28.118 D/SoftKeymaster(673): system/keymaster/soft_keymaster_device.cpp, Line 173: Reinitializing SoftKeymasterDevice to use HW keymaster1
11-12 21:13:28.121 I/keystore(673): Keymaster1 module is incomplete, using SoftKeymasterDevice wrapper
11-12 21:13:28.121 I/SoftKeymaster(673): system/keymaster/soft_keymaster_device.cpp, Line 122: Creating device
11-12 21:13:28.121 D/SoftKeymaster(673): system/keymaster/soft_keymaster_device.cpp, Line 123: Device address: 0x7fa2523300
11-12 21:13:28.163 I/qdutils (635): PartialUpdate status: Disabled
11-12 21:13:28.163 I/qdutils (635): Left Align: 0
11-12 21:13:28.163 I/qdutils (635): Width Align: 0
11-12 21:13:28.163 I/qdutils (635): Top Align: 0
11-12 21:13:28.163 I/qdutils (635): Height Align: 0
11-12 21:13:28.163 I/qdutils (635): Min ROI Width: 0
11-12 21:13:28.163 I/qdutils (635): Min ROI Height: 0
11-12 21:13:28.163 I/qdutils (635): Needs ROI Merge: 0
11-12 21:13:28.163 I/qdutils (635): Dynamic Fps: Disabled
11-12 21:13:28.163 I/qdutils (635): Min Panel fps: 0
11-12 21:13:28.163 I/qdutils (635): Max Panel fps: 0
11-12 21:13:28.163 E/qdutils (635): int qdutils::getHDMINode(): Failed to open fb node 2
11-12 21:13:28.163 E/qdutils (635): int qdutils::getHDMINode(): Failed to open fb node 3
11-12 21:13:28.163 E/qdutils (635): int qdutils::getHDMINode(): Failed to find HDMI node
11-12 21:13:28.166 I/qdhwcomposer(635): Initializing Qualcomm Hardware Composer
11-12 21:13:28.166 I/qdhwcomposer(635): MDP version: 500
11-12 21:13:28.166 I/SurfaceFlinger(635): Using composer version 1.5
11-12 21:13:28.166 I/qdhwcomposer(635): hwc_registerProcs
11-12 21:13:28.166 I/qdhwcomposer(635): Initializing UEVENT Thread
11-12 21:13:28.166 I/qdhwcomposer(635): Initializing VSYNC Thread
11-12 21:13:28.166 D/qdhwcomposer(635): hwc_getDisplayAttributes disp = 0, width = 1080
11-12 21:13:28.166 D/qdhwcomposer(635): hwc_getDisplayAttributes disp = 0, height = 1920
11-12 21:13:28.166 W/qdhwcomposer(635): hwc_getDisplayConfigs display (1) is not connected anymore
11-12 21:13:28.168 I/SurfaceFlinger(635): EGL information:
11-12 21:13:28.168 I/SurfaceFlinger(635): vendor    : Android
11-12 21:13:28.168 I/SurfaceFlinger(635): version   : 1.4 Android META-EGL
11-12 21:13:28.168 I/SurfaceFlinger(635): extensions: EGL_KHR_get_all_proc_addresses EGL_ANDROID_presentation_time EGL_KHR_swap_buffers_with_damage EGL_KHR_image EGL_KHR_image_base EGL_KHR_lock_surface EGL_KHR_gl_texture_2D_image EGL_KHR_gl_texture_3D_image EGL_KHR_gl_texture_cubemap_image EGL_KHR_gl_renderbuffer_image EGL_KHR_reusable_sync EGL_KHR_fence_sync EGL_KHR_create_context EGL_KHR_surfaceless_context EGL_EXT_create_context_robustness EGL_ANDROID_image_native_buffer EGL_KHR_wait_sync EGL_ANDROID_recordable EGL_KHR_partial_update EGL_KHR_create_context_no_error 
11-12 21:13:28.168 I/SurfaceFlinger(635): Client API: OpenGL_ES
11-12 21:13:28.168 I/SurfaceFlinger(635): EGLSurface: 8-8-8-8, config=0x7f9c1518e0
11-12 21:13:28.172 I/SurfaceFlinger(635): OpenGL ES informations:
11-12 21:13:28.172 I/SurfaceFlinger(635): vendor    : Qualcomm
11-12 21:13:28.172 I/SurfaceFlinger(635): renderer  : Adreno (TM) 430
11-12 21:13:28.172 I/SurfaceFlinger(635): version   : OpenGL ES 3.1 V@139.0 (GIT@Iff84fb1103)
11-12 21:13:28.172 I/SurfaceFlinger(635): extensions: GL_OES_EGL_image GL_OES_EGL_image_external GL_OES_EGL_sync GL_OES_vertex_half_float GL_OES_framebuffer_object GL_OES_rgb8_rgba8 GL_OES_compressed_ETC1_RGB8_texture GL_AMD_compressed_ATC_texture GL_KHR_texture_compression_astc_ldr GL_OES_texture_npot GL_EXT_texture_filter_anisotropic GL_EXT_texture_format_BGRA8888 GL_OES_texture_3D GL_EXT_color_buffer_float GL_EXT_color_buffer_half_float GL_QCOM_alpha_test GL_OES_depth24 GL_OES_packed_depth_stencil GL_OES_depth_texture GL_OES_depth_texture_cube_map GL_EXT_sRGB GL_OES_texture_float GL_OES_texture_float_linear GL_OES_texture_half_float GL_OES_texture_half_float_linear GL_EXT_texture_type_2_10_10_10_REV GL_EXT_texture_sRGB_decode GL_OES_element_index_uint GL_EXT_copy_image GL_EXT_geometry_shader GL_EXT_tessellation_shader GL_OES_texture_stencil8 GL_EXT_shader_io_blocks GL_OES_shader_image_atomic GL_OES_sample_variables GL_EXT_texture_border_clamp GL_EXT_multisampled_render_to_texture GL_OES_shader_multisample_interpolation GL_EXT_texture_cube_map_arr
11-12 21:13:28.172 I/SurfaceFlinger(635): GL_MAX_TEXTURE_SIZE = 16384
11-12 21:13:28.172 I/SurfaceFlinger(635): GL_MAX_VIEWPORT_DIMS = 16384
11-12 21:13:28.175 E/Sensors (772): mag_cal.c(1594):mag_cal_sam_init: Failed to init mag cal lib for UUID(1) b2073ea7-d28a-47e1
11-12 21:13:28.176 E/Sensors (772): mag_cal.c(1599):mag_cal_sam_init: Failed to init mag cal lib for UUID(2) 8221-fd002a2102be
11-12 21:13:28.176 E/Sensors (772): sns_sam.c(4433):Failed to register algorithm service 16 with SAM
11-12 21:13:28.185 D/SurfaceFlinger(635): Set power mode=2, type=0 flinger=0x7f9c143c00
11-12 21:13:28.185 D/qdhwcomposer(635): hwc_setPowerMode: Setting mode 2 on display: 0
11-12 21:13:28.185 D/qdhwcomposer(635): hwc_setPowerMode: Done setting mode 2 on display 0
11-12 21:13:28.186 I/qdhwcomposer(635): vsync_loop: Reading event 0 for dpy 0 from /sys/class/graphics/fb0/vsync_event
11-12 21:13:28.186 I/qdhwcomposer(635): vsync_loop: Reading event 1 for dpy 0 from /sys/class/graphics/fb0/show_blank_event
11-12 21:13:28.186 I/qdhwcomposer(635): vsync_loop: Reading event 2 for dpy 0 from /sys/class/graphics/fb0/msm_fb_thermal_level
11-12 21:13:28.186 I/qdhwcomposer(635): vsync_loop: Reading event 0 for dpy 1 from /sys/class/graphics/fb-1/vsync_event
11-12 21:13:28.186 I/qdhwcomposer(635): vsync_loop: Reading event 1 for dpy 1 from /sys/class/graphics/fb-1/show_blank_event
11-12 21:13:28.186 I/qdhwcomposer(635): vsync_loop: Reading event 2 for dpy 1 from /sys/class/graphics/fb-1/msm_fb_thermal_level
11-12 21:13:28.186 I/qdhwcomposer(635): vsync_loop: Reading event 0 for dpy 2 from /sys/class/graphics/fb-1/vsync_event
11-12 21:13:28.186 I/qdhwcomposer(635): vsync_loop: Reading event 1 for dpy 2 from /sys/class/graphics/fb-1/show_blank_event
11-12 21:13:28.186 I/qdhwcomposer(635): vsync_loop: Reading event 2 for dpy 2 from /sys/class/graphics/fb-1/msm_fb_thermal_level
11-12 21:13:28.200 E/Diag_Lib(668): diag diag_get_max_file_size size=200,max_file_size=209715200,min_file_size=167772160
11-12 21:13:28.200 E/Diag_Lib(687): diag diag_get_max_file_size size=200,max_file_size=209715200,min_file_size=167772160
11-12 21:13:28.329 I/libmdmdetect(687): ESOC framework not supported
11-12 21:13:28.330 I/libmdmdetect(687): Found internal modem: modem
11-12 21:13:28.354 I/libmdmdetect(668): ESOC framework not supported
11-12 21:13:28.354 I/libmdmdetect(668): Found internal modem: modem
11-12 21:13:28.462 V/MediaUtils(671): physMem: 2903785472
11-12 21:13:28.462 V/MediaUtils(671): requested limit: 1887460510
11-12 21:13:28.462 V/MediaUtils(671): actual limit: 1887460510
11-12 21:13:28.462 V/MediaUtils(671): original limits: 4294967295/4294967295
11-12 21:13:28.462 V/MediaUtils(671): new limits: 1887460510/4294967295
11-12 21:13:28.478 I/mediaserver(671): ServiceManager: 0xf60ce120
11-12 21:13:28.478 I/AudioFlinger(671): Using default 3000 mSec as standby time.
11-12 21:13:28.479 E/BatteryNotifier(671): batterystats service unavailable!
11-12 21:13:28.479 E/BatteryNotifier(671): batterystats service unavailable!
11-12 21:13:28.479 I/CameraService(671): CameraService started (pid=671)
11-12 21:13:28.479 I/CameraService(671): CameraService process starting
11-12 21:13:28.479 E/BatteryNotifier(671): batterystats service unavailable!
11-12 21:13:28.479 E/BatteryNotifier(671): batterystats service unavailable!
11-12 21:13:28.695 E/Diag_Lib(678): diag diag_get_max_file_size size=200,max_file_size=209715200,min_file_size=167772160
11-12 21:13:28.702 I/libmdmdetect(678): ESOC framework not supported
11-12 21:13:28.703 I/libmdmdetect(678): Found internal modem: modem
11-12 21:13:28.703 E/Diag_Lib(678): diag diag_get_max_file_size size=200,max_file_size=209715200,min_file_size=167772160
11-12 21:13:29.041 D/libEGL  (935): loaded /vendor/lib64/egl/libEGL_adreno.so
11-12 21:13:29.078 D/libEGL  (935): loaded /vendor/lib64/egl/libGLESv1_CM_adreno.so
11-12 21:13:29.088 D/libEGL  (935): loaded /vendor/lib64/egl/libGLESv2_adreno.so
11-12 21:13:29.099 I/Adreno  (935): QUALCOMM build                   : 183c040, Iff84fb1103
11-12 21:13:29.099 I/Adreno  (935): Build Date                       : 03/18/16
11-12 21:13:29.099 I/Adreno  (935): OpenGL ES Shader Compiler Version: XE031.06.00.02
11-12 21:13:29.099 I/Adreno  (935): Local Branch                     : 
11-12 21:13:29.099 I/Adreno  (935): Remote Branch                    : refs/tags/AU_LINUX_ANDROID_LA.BF64.1.2.2_RB4.06.00.01.180.031
11-12 21:13:29.099 I/Adreno  (935): Remote Branch                    : NONE
11-12 21:13:29.099 I/Adreno  (935): Reconstruct Branch               : NOTHING
11-12 21:13:29.109 E/BootAnimation(935): couldn't find audio_conf.txt
11-12 21:13:29.210 D/BootAnimation(935): Use save memory method, maybe small fps in actual.
11-12 21:13:29.466 D/PerMgrSrv(694): modem new state: is on-line
11-12 21:13:29.467 D/PerMgrSrv(694): modem state: is on-line, add client QCRIL
11-12 21:13:29.467 D/PerMgrSrv(694): QCRIL registered
11-12 21:13:29.467 D/PerMgrSrv(694): modem state: is on-line, add client QCRIL
11-12 21:13:29.467 D/PerMgrSrv(694): QCRIL registered
11-12 21:13:29.467 D/PerMgrLib(687): QCRIL successfully registered for modem
11-12 21:13:29.467 D/PerMgrLib(668): QCRIL successfully registered for modem
11-12 21:13:29.530 I/rmt_storage(637): rmt_storage_connect_cb: clnt_h=0x1 conn_h=0x7f828fa000
11-12 21:13:29.530 I/rmt_storage(637): rmt_storage_open_cb: liweihong:client->path=/boot/modem_fs1
11-12 21:13:29.530 I/rmt_storage(637): rmt_storage_open_cb: liweihong,is rmt_storage_client_thread:ret:0
11-12 21:13:29.530 I/rmt_storage(637): rmt_storage_open_cb: /boot/modem_fs1: clnt_h=0x1: req_h=0x1 msg_id=1: Client found
11-12 21:13:29.530 I/rmt_storage(637): rmt_storage_client_thread: /boot/modem_fs1: clnt_h=0x1 Worker thread started
11-12 21:13:29.530 I/rmt_storage(637): rmt_storage_open_cb: /boot/modem_fs1: clnt_h=0x1: req_h=0x1 msg_id=1: Send response: res=0 err=0
11-12 21:13:29.530 I/rmt_storage(637): wake lock name: rmt_storage_547630609472, name creation success: 24
11-12 21:13:29.530 I/rmt_storage(637): rmt_storage_disconnect_cb: clnt_h=0x1 conn_h=0x7f828fa000
11-12 21:13:29.531 I/rmt_storage(637): rmt_storage_connect_cb: clnt_h=0x2 conn_h=0x7f828fa000
11-12 21:13:29.531 I/rmt_storage(637): rmt_storage_open_cb: liweihong:client->path=/boot/modem_fs2
11-12 21:13:29.531 I/rmt_storage(637): rmt_storage_open_cb: liweihong,is rmt_storage_client_thread:ret:0
11-12 21:13:29.531 I/rmt_storage(637): rmt_storage_open_cb: /boot/modem_fs2: clnt_h=0x2: req_h=0x2 msg_id=1: Client found
11-12 21:13:29.531 I/rmt_storage(637): rmt_storage_open_cb: /boot/modem_fs2: clnt_h=0x2: req_h=0x2 msg_id=1: Send response: res=0 err=0
11-12 21:13:29.531 I/rmt_storage(637): rmt_storage_client_thread: /boot/modem_fs2: clnt_h=0x2 Worker thread started
11-12 21:13:29.531 I/rmt_storage(637): wake lock name: rmt_storage_547629564992, name creation success: 24
11-12 21:13:29.531 I/rmt_storage(637): rmt_storage_disconnect_cb: clnt_h=0x2 conn_h=0x7f828fa000
11-12 21:13:29.531 I/rmt_storage(637): rmt_storage_connect_cb: clnt_h=0x3 conn_h=0x7f828fa000
11-12 21:13:29.531 I/rmt_storage(637): rmt_storage_open_cb: liweihong:client->path=/boot/modem_fsg
11-12 21:13:29.531 I/rmt_storage(637): rmt_storage_open_cb: liweihong,is rmt_storage_client_thread:ret:0
11-12 21:13:29.531 I/rmt_storage(637): rmt_storage_open_cb: /boot/modem_fsg: clnt_h=0x3: req_h=0x3 msg_id=1: Client found
11-12 21:13:29.532 I/rmt_storage(637): rmt_storage_client_thread: /boot/modem_fsg: clnt_h=0x3 Worker thread started
11-12 21:13:29.532 I/rmt_storage(637): rmt_storage_open_cb: /boot/modem_fsg: clnt_h=0x3: req_h=0x3 msg_id=1: Send response: res=0 err=0
11-12 21:13:29.532 I/rmt_storage(637): wake lock name: rmt_storage_547628520512, name creation success: 24
11-12 21:13:29.532 I/rmt_storage(637): rmt_storage_connect_cb: clnt_h=0x4 conn_h=0x7f828fa010
11-12 21:13:29.532 I/rmt_storage(637): rmt_storage_open_cb: liweihong:client->path=/boot/modem_fsc
11-12 21:13:29.532 I/rmt_storage(637): rmt_storage_open_cb: liweihong,is rmt_storage_client_thread:ret:0
11-12 21:13:29.532 I/rmt_storage(637): rmt_storage_open_cb: /boot/modem_fsc: clnt_h=0x4: req_h=0x4 msg_id=1: Client found
11-12 21:13:29.532 I/rmt_storage(637): rmt_storage_client_thread: /boot/modem_fsc: clnt_h=0x4 Worker thread started
11-12 21:13:29.532 I/rmt_storage(637): rmt_storage_open_cb: /boot/modem_fsc: clnt_h=0x4: req_h=0x4 msg_id=1: Send response: res=0 err=0
11-12 21:13:29.532 I/rmt_storage(637): wake lock name: rmt_storage_547627476032, name creation success: 24
11-12 21:13:29.532 I/rmt_storage(637): rmt_storage_disconnect_cb: clnt_h=0x3 conn_h=0x7f828fa000
11-12 21:13:29.532 I/rmt_storage(637): rmt_storage_disconnect_cb: clnt_h=0x4 conn_h=0x7f828fa010
11-12 21:13:29.535 I/rmt_storage(637): rmt_storage_connect_cb: clnt_h=0x5 conn_h=0x7f828fa010
11-12 21:13:29.535 I/rmt_storage(637): rmt_storage_alloc_buff_cb: /boot/modem_fs1: clnt_h=0x3: req_h=0x5 msg_id=4: Alloc request received: Size: 0
11-12 21:13:29.535 I/rmt_storage(637): rmt_storage_alloc_buff_cb: /boot/modem_fs1: clnt_h=0x3: req_h=0x5 msg_id=4: New client making a dummy request with buffer req size 0
11-12 21:13:29.535 I/rmt_storage(637): rmt_storage_alloc_buff_cb: /boot/modem_fs1: clnt_h=0x3: req_h=0x5 msg_id=4: Send response: res=0 err=0
11-12 21:13:29.535 I/rmt_storage(637): rmt_storage_disconnect_cb: clnt_h=0x5 conn_h=0x7f828fa010
11-12 21:13:29.535 I/rmt_storage(637): rmt_storage_connect_cb: clnt_h=0x6 conn_h=0x7f828fa010
11-12 21:13:29.535 I/rmt_storage(637): rmt_storage_rw_iovec_cb: /boot/modem_fs1: clnt_h=0x3: req_h=0x6 msg_id=3: R/W request received
11-12 21:13:29.535 I/rmt_storage(637): wakelock acquired: 1, error no: 42
11-12 21:13:29.535 I/rmt_storage(637): rmt_storage_client_thread: /boot/modem_fs1: clnt_h=0x3 Unblock worker thread (th_id: 547630609472)
11-12 21:13:29.537 I/rmt_storage(637): rmt_storage_client_thread: /boot/modem_fs1: clnt_h=0x3: req_h=0x6 msg_id=3: Bytes read = 512
11-12 21:13:29.537 I/rmt_storage(637): rmt_storage_client_thread: /boot/modem_fs1: clnt_h=0x3: req_h=0x6 msg_id=3: Send response: res=0 err=0
11-12 21:13:29.537 I/rmt_storage(637): rmt_storage_client_thread: /boot/modem_fs1: clnt_h=0x3 About to block rmt_storage client thread (th_id: 547630609472) wakelock released: 1, error no: 0
11-12 21:13:29.537 I/rmt_storage(637): 
11-12 21:13:29.538 I/rmt_storage(637): rmt_storage_connect_cb: clnt_h=0x7 conn_h=0x7f828fa000
11-12 21:13:29.538 I/rmt_storage(637): rmt_storage_rw_iovec_cb: /boot/modem_fs2: clnt_h=0x7: req_h=0x7 msg_id=3: R/W request received
11-12 21:13:29.538 I/rmt_storage(637): wakelock acquired: 1, error no: 42
11-12 21:13:29.538 I/rmt_storage(637): rmt_storage_disconnect_cb: clnt_h=0x6 conn_h=0x7f828fa010
11-12 21:13:29.538 I/rmt_storage(637): rmt_storage_client_thread: /boot/modem_fs2: clnt_h=0x7 Unblock worker thread (th_id: 547629564992)
11-12 21:13:29.538 I/rmt_storage(637): rmt_storage_client_thread: /boot/modem_fs2: clnt_h=0x7: req_h=0x7 msg_id=3: Bytes read = 512
11-12 21:13:29.538 I/rmt_storage(637): rmt_storage_client_thread: /boot/modem_fs2: clnt_h=0x7: req_h=0x7 msg_id=3: Send response: res=0 err=0
11-12 21:13:29.539 I/rmt_storage(637): rmt_storage_client_thread: /boot/modem_fs2: clnt_h=0x7 About to block rmt_storage client thread (th_id: 547629564992) wakelock released: 1, error no: 0
11-12 21:13:29.539 I/rmt_storage(637): 
11-12 21:13:29.539 I/rmt_storage(637): rmt_storage_disconnect_cb: clnt_h=0x7 conn_h=0x7f828fa000
11-12 21:13:29.540 I/rmt_storage(637): rmt_storage_connect_cb: clnt_h=0x8 conn_h=0x7f828fa000
11-12 21:13:29.540 I/rmt_storage(637): rmt_storage_rw_iovec_cb: /boot/modem_fs1: clnt_h=0x8: req_h=0x8 msg_id=3: R/W request received
11-12 21:13:29.540 I/rmt_storage(637): wakelock acquired: 1, error no: 42
11-12 21:13:29.540 I/rmt_storage(637): rmt_storage_client_thread: /boot/modem_fs1: clnt_h=0x8 Unblock worker thread (th_id: 547630609472)
11-12 21:13:29.546 I/rmt_storage(637): rmt_storage_client_thread: /boot/modem_fs1: clnt_h=0x8: req_h=0x8 msg_id=3: Bytes read = 1571840
11-12 21:13:29.546 I/rmt_storage(637): rmt_storage_client_thread: /boot/modem_fs1: clnt_h=0x8: req_h=0x8 msg_id=3: Send response: res=0 err=0
11-12 21:13:29.546 I/rmt_storage(637): rmt_storage_client_thread: /boot/modem_fs1: clnt_h=0x8 About to block rmt_storage client thread (th_id: 547630609472) wakelock released: 1, error no: 0
11-12 21:13:29.546 I/rmt_storage(637): 
11-12 21:13:29.547 I/rmt_storage(637): rmt_storage_disconnect_cb: clnt_h=0x8 conn_h=0x7f828fa000
11-12 21:13:29.565 D/PerMgrLib(687): QCRIL voting for modem
11-12 21:13:29.566 D/PerMgrSrv(694): QCRIL voting for modem
11-12 21:13:29.566 D/PerMgrSrv(694): modem num voters is 2
11-12 21:13:29.566 I/libmdmdetect(687): ESOC framework not supported
11-12 21:13:29.566 I/libmdmdetect(687): Found internal modem: modem
11-12 21:13:29.567 E/Diag_Lib(687): diag diag_get_max_file_size size=200,max_file_size=209715200,min_file_size=167772160
11-12 21:13:29.585 I/libmdmdetect(696): ESOC framework not supported
11-12 21:13:29.586 I/libmdmdetect(696): Found internal modem: modem
11-12 21:13:29.587 E/QMI_FW  (696): QMUXD: WARNING qmi_qmux_if_pwr_up_init failed! rc=-1
11-12 21:13:29.587 I/libmdmdetect(696): ESOC framework not supported
11-12 21:13:29.587 I/libmdmdetect(696): Found internal modem: modem
11-12 21:13:29.587 E/QMI_FW  (696): QMUXD: WARNING qmi_qmux_if_pwr_up_init failed! rc=-1
11-12 21:13:29.587 I/libmdmdetect(696): ESOC framework not supported
11-12 21:13:29.587 I/libmdmdetect(696): Found internal modem: modem
11-12 21:13:29.588 E/QMI_FW  (696): QMUXD: WARNING qmi_qmux_if_pwr_up_init failed! rc=-1
11-12 21:13:29.588 I/libmdmdetect(696): ESOC framework not supported
11-12 21:13:29.588 I/libmdmdetect(696): Found internal modem: modem
11-12 21:13:29.588 E/QMI_FW  (696): QMUXD: WARNING qmi_qmux_if_pwr_up_init failed! rc=-1
11-12 21:13:29.588 E/QC-time-services(696): Daemon:genoff_modem_qmi_service_request: qmi_client_get_service_list returned -2num_services 0
11-12 21:13:29.625 I/rmt_storage(637): rmt_storage_connect_cb: clnt_h=0x9 conn_h=0x7f828fa000
11-12 21:13:29.625 I/rmt_storage(637): rmt_storage_open_cb: liweihong:client->path=/oem/oem_dycnvbk
11-12 21:13:29.625 I/rmt_storage(637): rmt_storage_open_cb: liweihong,is oem_nv_client_thread:ret:0
11-12 21:13:29.625 I/rmt_storage(637): rmt_storage_open_cb: /oem/oem_dycnvbk: clnt_h=0x9: req_h=0x9 msg_id=1: Client found
11-12 21:13:29.625 I/rmt_storage(637): rmt_storage_open_cb: /oem/oem_dycnvbk: clnt_h=0x9: req_h=0x9 msg_id=1: Send response: res=0 err=0
11-12 21:13:29.626 I/rmt_storage(637): oem_nv_client_thread: /oem/oem_dycnvbk: clnt_h=0x9 oem_nv_client_thread:Worker thread started
11-12 21:13:29.626 I/rmt_storage(637): wake lock name: rmt_storage_547626153024, name creation success: 24
11-12 21:13:29.626 I/rmt_storage(637): rmt_storage_disconnect_cb: clnt_h=0x9 conn_h=0x7f828fa000
11-12 21:13:29.626 I/rmt_storage(637): rmt_storage_connect_cb: clnt_h=0xa conn_h=0x7f828fa000
11-12 21:13:29.626 I/rmt_storage(637): rmt_storage_alloc_buff_cb: /oem/oem_dycnvbk: clnt_h=0xa: req_h=0xa msg_id=4: Alloc request received: Size: 1048576
11-12 21:13:29.626 I/rmt_storage(637): rmt_storage_alloc_buff_cb: liweihong:is /oem/oem_dycnvbk or oem_dycnvbk
11-12 21:13:29.626 I/rmt_storage(637): rmt_storage_alloc_buff_cb: /oem/oem_dycnvbk: clnt_h=0xa: req_h=0xa msg_id=4: liweihong: mmap ok.rmt_shrd_dynamic_nv_mem_base=0x815aa000
11-12 21:13:29.626 I/rmt_storage(637): rmt_storage_alloc_buff_cb: /oem/oem_dycnvbk: clnt_h=0xa: req_h=0xa msg_id=4: Send response: res=0 err=0
11-12 21:13:29.626 I/rmt_storage(637): rmt_storage_disconnect_cb: clnt_h=0xa conn_h=0x7f828fa000
11-12 21:13:29.627 I/rmt_storage(637): rmt_storage_connect_cb: clnt_h=0xb conn_h=0x7f828fa000
11-12 21:13:29.627 I/rmt_storage(637): rmt_storage_rw_iovec_cb: /oem/oem_dycnvbk: clnt_h=0xb: req_h=0xb msg_id=3: R/W request received
11-12 21:13:29.627 I/rmt_storage(637): oem_cnv_oem_ram_subnvbkfile_validate: /oem/oem_dycnvbk: clnt_h=0xb size_left = 512, 
11-12 21:13:29.627 I/rmt_storage(637): 
11-12 21:13:29.627 I/rmt_storage(637): oem_cnv_oem_ram_subnvbkfile_validate: /oem/oem_dycnvbk: clnt_h=0xb dump the first 3 bytes of oem ram 0x00 0xn02x 0x00
11-12 21:13:29.627 I/rmt_storage(637): oem_cnv_oem_ram_subnvbkfile_validate: /oem/oem_dycnvbk: clnt_h=0xb dump the last 2 bytes of oem ram 0xa7 0xce
11-12 21:13:29.627 I/rmt_storage(637): oem_cnv_oem_ram_subnvbkfile_validate: /oem/oem_dycnvbk: clnt_h=0xb crc16--e2f0
11-12 21:13:29.627 I/rmt_storage(637): 
11-12 21:13:29.627 I/rmt_storage(637): oem_cnv_oem_ram_subnvbkfile_validate: /oem/oem_dycnvbk: clnt_h=0xb Valid CNV file detected
11-12 21:13:29.627 I/rmt_storage(637): 
11-12 21:13:29.627 I/rmt_storage(637): oem_nv_client_thread: /oem/oem_dycnvbk: clnt_h=0xb liweihong,read sb_header,ret=28,sb_header.inode_num=7,version=1,sector_cnt=20480,sector_size=512
11-12 21:13:29.627 I/rmt_storage(637): oem_nv_client_thread: /oem/oem_dycnvbk: clnt_h=0xb my_rf_version = TDD_FDD_Ch_All
11-12 21:13:29.627 I/rmt_storage(637): oem_nv_client_thread: /oem/oem_dycnvbk: clnt_h=0xb xiaopeng test for the board id = 44
11-12 21:13:29.627 I/rmt_storage(637): oem_nv_client_thread: /oem/oem_dycnvbk: clnt_h=0xb xiaopeng test for the board id = 34
11-12 21:13:29.627 I/rmt_storage(637): oem_nv_client_thread: /oem/oem_dycnvbk: clnt_h=0xb xiaopeng test for the board id = 33
11-12 21:13:29.627 I/rmt_storage(637): oem_nv_client_thread: /oem/oem_dycnvbk: clnt_h=0xb  find the board
11-12 21:13:29.629 I/rmt_storage(637): oem_nv_client_thread: /oem/oem_dycnvbk: clnt_h=0xb set rmt_shrd_static_nv_mem_base =815fa800;rmt_shrd_dynamic_nv_mem_base=815aa000;
11-12 21:13:29.629 I/rmt_storage(637): oem_nv_client_thread: /oem/oem_dycnvbk: clnt_h=0xb liweihong,read,ret=329728
11-12 21:13:29.629 I/rmt_storage(637): oem_nv_client_thread: /oem/oem_dycnvbk: clnt_h=0xb liweihong,write,client->xfer_cnt=0
11-12 21:13:29.629 I/rmt_storage(637): oem_nv_client_thread: /oem/oem_dycnvbk: clnt_h=0xb: req_h=0x0 msg_id=0: Send response: res=0 err=0
11-12 21:13:29.629 I/rmt_storage(637): oem_nv_client_thread: /oem/oem_dycnvbk: clnt_h=0xb: req_h=0x0 msg_id=0: qmi_csi_send_resp returned error 3
11-12 21:13:29.629 I/rmt_storage(637): oem_nv_client_thread: /oem/oem_dycnvbk: clnt_h=0xb About to block rmt_storage client thread (th_id: 547626153024) wakelock released: 0, error no: 22
11-12 21:13:29.629 I/rmt_storage(637): 
11-12 21:13:29.629 I/rmt_storage(637): wakelock acquired: 1, error no: 42
11-12 21:13:29.629 I/rmt_storage(637): oem_nv_client_thread: /oem/oem_dycnvbk: clnt_h=0xb Unblock worker thread (th_id: 547626153024)
11-12 21:13:29.629 I/rmt_storage(637): oem_cnv_oem_ram_subnvbkfile_validate: /oem/oem_dycnvbk: clnt_h=0xb size_left = 512, 
11-12 21:13:29.629 I/rmt_storage(637): 
11-12 21:13:29.630 I/rmt_storage(637): oem_cnv_oem_ram_subnvbkfile_validate: /oem/oem_dycnvbk: clnt_h=0xb dump the first 3 bytes of oem ram 0x00 0xn02x 0x00
11-12 21:13:29.630 I/rmt_storage(637): oem_cnv_oem_ram_subnvbkfile_validate: /oem/oem_dycnvbk: clnt_h=0xb dump the last 2 bytes of oem ram 0xa7 0xce
11-12 21:13:29.630 I/rmt_storage(637): oem_cnv_oem_ram_subnvbkfile_validate: /oem/oem_dycnvbk: clnt_h=0xb crc16--e2f0
11-12 21:13:29.630 I/rmt_storage(637): 
11-12 21:13:29.630 I/rmt_storage(637): oem_cnv_oem_ram_subnvbkfile_validate: /oem/oem_dycnvbk: clnt_h=0xb Valid CNV file detected
11-12 21:13:29.630 I/rmt_storage(637): 
11-12 21:13:29.630 I/rmt_storage(637): oem_nv_client_thread: /oem/oem_dycnvbk: clnt_h=0xb liweihong,read sb_header,ret=28,sb_header.inode_num=7,version=1,sector_cnt=20480,sector_size=512
11-12 21:13:29.630 I/rmt_storage(637): oem_nv_client_thread: /oem/oem_dycnvbk: clnt_h=0xb my_rf_version = TDD_FDD_Ch_All
11-12 21:13:29.630 I/rmt_storage(637): oem_nv_client_thread: /oem/oem_dycnvbk: clnt_h=0xb xiaopeng test for the board id = 44
11-12 21:13:29.630 I/rmt_storage(637): oem_nv_client_thread: /oem/oem_dycnvbk: clnt_h=0xb xiaopeng test for the board id = 34
11-12 21:13:29.630 I/rmt_storage(637): oem_nv_client_thread: /oem/oem_dycnvbk: clnt_h=0xb xiaopeng test for the board id = 33
11-12 21:13:29.630 I/rmt_storage(637): oem_nv_client_thread: /oem/oem_dycnvbk: clnt_h=0xb  find the board
11-12 21:13:29.630 I/rmt_storage(637): oem_nv_client_thread: /oem/oem_dycnvbk: clnt_h=0xb set rmt_shrd_static_nv_mem_base =815fa800;rmt_shrd_dynamic_nv_mem_base=815aa000;
11-12 21:13:29.630 I/rmt_storage(637): oem_nv_client_thread: /oem/oem_dycnvbk: clnt_h=0xb liweihong,read,ret=329728
11-12 21:13:29.630 I/rmt_storage(637): oem_nv_client_thread: /oem/oem_dycnvbk: clnt_h=0xb liweihong,write,client->xfer_cnt=10
11-12 21:13:29.630 I/rmt_storage(637): oem_nv_client_thread: /oem/oem_dycnvbk: clnt_h=0xb liweihong,RMTFS_DIRECTION_READ_V01
11-12 21:13:29.630 I/rmt_storage(637): oem_nv_client_thread: /oem/oem_dycnvbk: clnt_h=0xb: req_h=0xb msg_id=3: Bytes read = 329728
11-12 21:13:29.630 I/rmt_storage(637): oem_nv_client_thread: /oem/oem_dycnvbk: clnt_h=0xb liweihong,RMTFS_DIRECTION_READ_V01
11-12 21:13:29.630 I/rmt_storage(637): oem_nv_client_thread: /oem/oem_dycnvbk: clnt_h=0xb: req_h=0xb msg_id=3: Bytes read = 329728
11-12 21:13:29.630 I/rmt_storage(637): oem_nv_client_thread: /oem/oem_dycnvbk: clnt_h=0xb liweihong,RMTFS_DIRECTION_READ_V01
11-12 21:13:29.630 I/rmt_storage(637): oem_nv_client_thread: /oem/oem_dycnvbk: clnt_h=0xb: req_h=0xb msg_id=3: Bytes read = 329728
11-12 21:13:29.630 I/rmt_storage(637): oem_nv_client_thread: /oem/oem_dycnvbk: clnt_h=0xb liweihong,RMTFS_DIRECTION_READ_V01
11-12 21:13:29.630 I/rmt_storage(637): oem_nv_client_thread: /oem/oem_dycnvbk: clnt_h=0xb: req_h=0xb msg_id=3: Bytes read = 329728
11-12 21:13:29.630 I/rmt_storage(637): oem_nv_client_thread: /oem/oem_dycnvbk: clnt_h=0xb liweihong,RMTFS_DIRECTION_READ_V01
11-12 21:13:29.630 I/rmt_storage(637): oem_nv_client_thread: /oem/oem_dycnvbk: clnt_h=0xb: req_h=0xb msg_id=3: Bytes read = 329728
11-12 21:13:29.630 I/rmt_storage(637): oem_nv_client_thread: /oem/oem_dycnvbk: clnt_h=0xb liweihong,RMTFS_DIRECTION_READ_V01
11-12 21:13:29.630 I/rmt_storage(637): oem_nv_client_thread: /oem/oem_dycnvbk: clnt_h=0xb: req_h=0xb msg_id=3: Bytes read = 329728
11-12 21:13:29.630 I/rmt_storage(637): oem_nv_client_thread: /oem/oem_dycnvbk: clnt_h=0xb liweihong,RMTFS_DIRECTION_READ_V01
11-12 21:13:29.630 I/rmt_storage(637): oem_nv_client_thread: /oem/oem_dycnvbk: clnt_h=0xb: req_h=0xb msg_id=3: Bytes read = 329728
11-12 21:13:29.630 I/rmt_storage(637): oem_nv_client_thread: /oem/oem_dycnvbk: clnt_h=0xb liweihong,RMTFS_DIRECTION_READ_V01
11-12 21:13:29.630 I/rmt_storage(637): oem_nv_client_thread: /oem/oem_dycnvbk: clnt_h=0xb: req_h=0xb msg_id=3: Bytes read = 329728
11-12 21:13:29.630 I/rmt_storage(637): oem_nv_client_thread: /oem/oem_dycnvbk: clnt_h=0xb liweihong,RMTFS_DIRECTION_READ_V01
11-12 21:13:29.630 I/rmt_storage(637): oem_nv_client_thread: /oem/oem_dycnvbk: clnt_h=0xb: req_h=0xb msg_id=3: Bytes read = 329728
11-12 21:13:29.630 I/rmt_storage(637): oem_nv_client_thread: /oem/oem_dycnvbk: clnt_h=0xb liweihong,RMTFS_DIRECTION_READ_V01
11-12 21:13:29.630 I/rmt_storage(637): oem_nv_client_thread: /oem/oem_dycnvbk: clnt_h=0xb: req_h=0xb msg_id=3: Bytes read = 329728
11-12 21:13:29.630 I/rmt_storage(637): oem_nv_client_thread: /oem/oem_dycnvbk: clnt_h=0xb: req_h=0xb msg_id=3: Send response: res=0 err=0
11-12 21:13:29.630 I/rmt_storage(637): oem_nv_client_thread: /oem/oem_dycnvbk: clnt_h=0xb About to block rmt_storage client thread (th_id: 547626153024) wakelock released: 1, error no: 22
11-12 21:13:29.630 I/rmt_storage(637): 
11-12 21:13:29.630 I/rmt_storage(637): rmt_storage_disconnect_cb: clnt_h=0xb conn_h=0x7f828fa000
11-12 21:13:29.631 I/rmt_storage(637): rmt_storage_connect_cb: clnt_h=0xc conn_h=0x7f828fa000
11-12 21:13:29.631 I/rmt_storage(637): rmt_storage_open_cb: liweihong:client->path=/oem/oem_stanvbk
11-12 21:13:29.631 I/rmt_storage(637): rmt_storage_open_cb: liweihong,is oem_nv_client_thread:ret:0
11-12 21:13:29.631 I/rmt_storage(637): rmt_storage_open_cb: /oem/oem_stanvbk: clnt_h=0xc: req_h=0xc msg_id=1: Client found
11-12 21:13:29.631 I/rmt_storage(637): rmt_storage_open_cb: /oem/oem_stanvbk: clnt_h=0xc: req_h=0xc msg_id=1: Send response: res=0 err=0
11-12 21:13:29.631 I/rmt_storage(637): oem_nv_client_thread: /oem/oem_stanvbk: clnt_h=0xc oem_nv_client_thread:Worker thread started
11-12 21:13:29.631 I/rmt_storage(637): wake lock name: rmt_storage_547625108544, name creation success: 24
11-12 21:13:29.631 I/rmt_storage(637): rmt_storage_connect_cb: clnt_h=0xd conn_h=0x7f828fa010
11-12 21:13:29.631 I/rmt_storage(637): rmt_storage_alloc_buff_cb: /oem/oem_stanvbk: clnt_h=0xc: req_h=0xd msg_id=4: Alloc request received: Size: 1048576
11-12 21:13:29.631 I/rmt_storage(637): rmt_storage_alloc_buff_cb: liweihong:is /oem/oem_dycnvbk or oem_dycnvbk
11-12 21:13:29.631 I/rmt_storage(637): rmt_storage_alloc_buff_cb: /oem/oem_stanvbk: clnt_h=0xc: req_h=0xd msg_id=4: liweihong: mmap ok.rmt_shrd_dynamic_nv_mem_base=0x815aa000
11-12 21:13:29.631 I/rmt_storage(637): rmt_storage_alloc_buff_cb: /oem/oem_stanvbk: clnt_h=0xc: req_h=0xd msg_id=4: Send response: res=0 err=0
11-12 21:13:29.632 I/rmt_storage(637): rmt_storage_disconnect_cb: clnt_h=0xc conn_h=0x7f828fa000
11-12 21:13:29.632 I/rmt_storage(637): rmt_storage_disconnect_cb: clnt_h=0xd conn_h=0x7f828fa010
11-12 21:13:29.632 I/rmt_storage(637): rmt_storage_connect_cb: clnt_h=0xe conn_h=0x7f828fa010
11-12 21:13:29.632 I/rmt_storage(637): rmt_storage_rw_iovec_cb: /oem/oem_stanvbk: clnt_h=0xc: req_h=0xe msg_id=3: R/W request received
11-12 21:13:29.658 I/rmt_storage(637): oem_cnv_oem_ram_subnvbkfile_validate: /oem/oem_stanvbk: clnt_h=0xc size_left = 512, 
11-12 21:13:29.658 I/rmt_storage(637): 
11-12 21:13:29.659 I/rmt_storage(637): oem_cnv_oem_ram_subnvbkfile_validate: /oem/oem_stanvbk: clnt_h=0xc dump the first 3 bytes of oem ram 0x00 0xn02x 0x00
11-12 21:13:29.659 I/rmt_storage(637): oem_cnv_oem_ram_subnvbkfile_validate: /oem/oem_stanvbk: clnt_h=0xc dump the last 2 bytes of oem ram 0x42 0x2d
11-12 21:13:29.659 I/rmt_storage(637): oem_cnv_oem_ram_subnvbkfile_validate: /oem/oem_stanvbk: clnt_h=0xc crc16--e2f0
11-12 21:13:29.659 I/rmt_storage(637): 
11-12 21:13:29.659 I/rmt_storage(637): oem_cnv_oem_ram_subnvbkfile_validate: /oem/oem_stanvbk: clnt_h=0xc Valid CNV file detected
11-12 21:13:29.659 I/rmt_storage(637): 
11-12 21:13:29.659 I/rmt_storage(637): oem_nv_client_thread: /oem/oem_stanvbk: clnt_h=0xc liweihong,read sb_header,ret=28,sb_header.inode_num=7,version=1,sector_cnt=20480,sector_size=512
11-12 21:13:29.659 I/rmt_storage(637): oem_nv_client_thread: /oem/oem_stanvbk: clnt_h=0xc my_rf_version = TDD_FDD_Ch_All
11-12 21:13:29.659 I/rmt_storage(637): oem_nv_client_thread: /oem/oem_stanvbk: clnt_h=0xc xiaopeng test for the board id = 44
11-12 21:13:29.659 I/rmt_storage(637): oem_nv_client_thread: /oem/oem_stanvbk: clnt_h=0xc xiaopeng test for the board id = 34
11-12 21:13:29.659 I/rmt_storage(637): oem_nv_client_thread: /oem/oem_stanvbk: clnt_h=0xc xiaopeng test for the board id = 33
11-12 21:13:29.659 I/rmt_storage(637): oem_nv_client_thread: /oem/oem_stanvbk: clnt_h=0xc  find the board
11-12 21:13:29.661 I/rmt_storage(637): oem_nv_client_thread: /oem/oem_stanvbk: clnt_h=0xc liweihong,read,ret=261632
11-12 21:13:29.661 I/rmt_storage(637): oem_nv_client_thread: /oem/oem_stanvbk: clnt_h=0xc liweihong,write,client->xfer_cnt=0
11-12 21:13:29.661 I/rmt_storage(637): oem_nv_client_thread: /oem/oem_stanvbk: clnt_h=0xc: req_h=0x0 msg_id=0: Send response: res=0 err=0
11-12 21:13:29.661 I/rmt_storage(637): oem_nv_client_thread: /oem/oem_stanvbk: clnt_h=0xc: req_h=0x0 msg_id=0: qmi_csi_send_resp returned error 3
11-12 21:13:29.661 I/rmt_storage(637): oem_nv_client_thread: /oem/oem_stanvbk: clnt_h=0xc About to block rmt_storage client thread (th_id: 547625108544) wakelock released: 0, error no: 22
11-12 21:13:29.661 I/rmt_storage(637): 
11-12 21:13:29.661 I/rmt_storage(637): wakelock acquired: 1, error no: 42
11-12 21:13:29.661 I/rmt_storage(637): oem_nv_client_thread: /oem/oem_stanvbk: clnt_h=0xc Unblock worker thread (th_id: 547625108544)
11-12 21:13:29.661 I/rmt_storage(637): oem_cnv_oem_ram_subnvbkfile_validate: /oem/oem_stanvbk: clnt_h=0xc size_left = 512, 
11-12 21:13:29.661 I/rmt_storage(637): 
11-12 21:13:29.661 I/rmt_storage(637): oem_cnv_oem_ram_subnvbkfile_validate: /oem/oem_stanvbk: clnt_h=0xc dump the first 3 bytes of oem ram 0x00 0xn02x 0x00
11-12 21:13:29.661 I/rmt_storage(637): oem_cnv_oem_ram_subnvbkfile_validate: /oem/oem_stanvbk: clnt_h=0xc dump the last 2 bytes of oem ram 0x42 0x2d
11-12 21:13:29.661 I/rmt_storage(637): oem_cnv_oem_ram_subnvbkfile_validate: /oem/oem_stanvbk: clnt_h=0xc crc16--e2f0
11-12 21:13:29.661 I/rmt_storage(637): 
11-12 21:13:29.661 I/rmt_storage(637): oem_cnv_oem_ram_subnvbkfile_validate: /oem/oem_stanvbk: clnt_h=0xc Valid CNV file detected
11-12 21:13:29.661 I/rmt_storage(637): 
11-12 21:13:29.661 I/rmt_storage(637): oem_nv_client_thread: /oem/oem_stanvbk: clnt_h=0xc liweihong,read sb_header,ret=28,sb_header.inode_num=7,version=1,sector_cnt=20480,sector_size=512
11-12 21:13:29.661 I/rmt_storage(637): oem_nv_client_thread: /oem/oem_stanvbk: clnt_h=0xc my_rf_version = TDD_FDD_Ch_All
11-12 21:13:29.661 I/rmt_storage(637): oem_nv_client_thread: /oem/oem_stanvbk: clnt_h=0xc xiaopeng test for the board id = 44
11-12 21:13:29.661 I/rmt_storage(637): oem_nv_client_thread: /oem/oem_stanvbk: clnt_h=0xc xiaopeng test for the board id = 34
11-12 21:13:29.661 I/rmt_storage(637): oem_nv_client_thread: /oem/oem_stanvbk: clnt_h=0xc xiaopeng test for the board id = 33
11-12 21:13:29.661 I/rmt_storage(637): oem_nv_client_thread: /oem/oem_stanvbk: clnt_h=0xc  find the board
11-12 21:13:29.661 I/rmt_storage(637): oem_nv_client_thread: /oem/oem_stanvbk: clnt_h=0xc liweihong,read,ret=261632
11-12 21:13:29.661 I/rmt_storage(637): oem_nv_client_thread: /oem/oem_stanvbk: clnt_h=0xc liweihong,write,client->xfer_cnt=10
11-12 21:13:29.661 I/rmt_storage(637): oem_nv_client_thread: /oem/oem_stanvbk: clnt_h=0xc liweihong,RMTFS_DIRECTION_READ_V01
11-12 21:13:29.661 I/rmt_storage(637): oem_nv_client_thread: /oem/oem_stanvbk: clnt_h=0xc: req_h=0xe msg_id=3: Bytes read = 261632
11-12 21:13:29.661 I/rmt_storage(637): oem_nv_client_thread: /oem/oem_stanvbk: clnt_h=0xc liweihong,RMTFS_DIRECTION_READ_V01
11-12 21:13:29.661 I/rmt_storage(637): oem_nv_client_thread: /oem/oem_stanvbk: clnt_h=0xc: req_h=0xe msg_id=3: Bytes read = 261632
11-12 21:13:29.661 I/rmt_storage(637): oem_nv_client_thread: /oem/oem_stanvbk: clnt_h=0xc liweihong,RMTFS_DIRECTION_READ_V01
11-12 21:13:29.661 I/rmt_storage(637): oem_nv_client_thread: /oem/oem_stanvbk: clnt_h=0xc: req_h=0xe msg_id=3: Bytes read = 261632
11-12 21:13:29.661 I/rmt_storage(637): oem_nv_client_thread: /oem/oem_stanvbk: clnt_h=0xc liweihong,RMTFS_DIRECTION_READ_V01
11-12 21:13:29.661 I/rmt_storage(637): oem_nv_client_thread: /oem/oem_stanvbk: clnt_h=0xc: req_h=0xe msg_id=3: Bytes read = 261632
11-12 21:13:29.661 I/rmt_storage(637): oem_nv_client_thread: /oem/oem_stanvbk: clnt_h=0xc liweihong,RMTFS_DIRECTION_READ_V01
11-12 21:13:29.661 I/rmt_storage(637): oem_nv_client_thread: /oem/oem_stanvbk: clnt_h=0xc: req_h=0xe msg_id=3: Bytes read = 261632
11-12 21:13:29.661 I/rmt_storage(637): oem_nv_client_thread: /oem/oem_stanvbk: clnt_h=0xc liweihong,RMTFS_DIRECTION_READ_V01
11-12 21:13:29.661 I/rmt_storage(637): oem_nv_client_thread: /oem/oem_stanvbk: clnt_h=0xc: req_h=0xe msg_id=3: Bytes read = 261632
11-12 21:13:29.661 I/rmt_storage(637): oem_nv_client_thread: /oem/oem_stanvbk: clnt_h=0xc liweihong,RMTFS_DIRECTION_READ_V01
11-12 21:13:29.661 I/rmt_storage(637): oem_nv_client_thread: /oem/oem_stanvbk: clnt_h=0xc: req_h=0xe msg_id=3: Bytes read = 261632
11-12 21:13:29.661 I/rmt_storage(637): oem_nv_client_thread: /oem/oem_stanvbk: clnt_h=0xc liweihong,RMTFS_DIRECTION_READ_V01
11-12 21:13:29.661 I/rmt_storage(637): oem_nv_client_thread: /oem/oem_stanvbk: clnt_h=0xc: req_h=0xe msg_id=3: Bytes read = 261632
11-12 21:13:29.661 I/rmt_storage(637): oem_nv_client_thread: /oem/oem_stanvbk: clnt_h=0xc liweihong,RMTFS_DIRECTION_READ_V01
11-12 21:13:29.661 I/rmt_storage(637): oem_nv_client_thread: /oem/oem_stanvbk: clnt_h=0xc: req_h=0xe msg_id=3: Bytes read = 261632
11-12 21:13:29.661 I/rmt_storage(637): oem_nv_client_thread: /oem/oem_stanvbk: clnt_h=0xc liweihong,RMTFS_DIRECTION_READ_V01
11-12 21:13:29.661 I/rmt_storage(637): oem_nv_client_thread: /oem/oem_stanvbk: clnt_h=0xc: req_h=0xe msg_id=3: Bytes read = 261632
11-12 21:13:29.661 I/rmt_storage(637): oem_nv_client_thread: /oem/oem_stanvbk: clnt_h=0xc: req_h=0xe msg_id=3: Send response: res=0 err=0
11-12 21:13:29.661 I/rmt_storage(637): oem_nv_client_thread: /oem/oem_stanvbk: clnt_h=0xc About to block rmt_storage client thread (th_id: 547625108544) wakelock released: 1, error no: 22
11-12 21:13:29.661 I/rmt_storage(637): 
11-12 21:13:29.662 I/rmt_storage(637): rmt_storage_disconnect_cb: clnt_h=0xe conn_h=0x7f828fa010
11-12 21:13:29.714 D/SurfaceFlinger(635): shader cache generated - 24 shaders in 674.515564 ms
11-12 21:13:29.719 D/qdutils (635): DEBUG_CALC_FPS: 0
11-12 21:13:29.719 D/qdutils (635): period: 10
11-12 21:13:29.719 D/qdutils (635): ignorethresh_us: 500000
11-12 21:13:29.720 D/MDP_SCALE(635): Debug enabled = 0, Max mixer width= 2048
11-12 21:13:29.764 D/XposedStartupMarker(688): Current time: 1478956409, PID: 688
11-12 21:13:29.764 I/Xposed  (688): -----------------
11-12 21:13:29.764 I/Xposed  (688): Starting Xposed version 86.6 (Systemless by topjohnwu), compiled for SDK 23
11-12 21:13:29.764 I/Xposed  (688): Device: A2001 (OnePlus), Android version 6.0.1 (SDK 23)
11-12 21:13:29.765 I/Xposed  (688): ROM: oneplus2-userdebug 6.0.1 M4B30X 31e779cbf4 test-keys
11-12 21:13:29.765 I/Xposed  (688): Build fingerprint: OnePlus/OnePlus2/OnePlus2:6.0.1/MMB29M/1447840920:user/release-keys
11-12 21:13:29.765 I/Xposed  (688): Platform: arm64-v8a, 64-bit binary, system server: yes
11-12 21:13:29.765 I/Xposed  (688): SELinux enabled: yes, enforcing: yes
11-12 21:13:29.788 I/ServiceManager(1223): Waiting for service user.xposed.system...
11-12 21:13:29.912 V/NatController(665): runCmd(/system/bin/iptables -w -F natctrl_FORWARD) res=0
11-12 21:13:29.923 V/NatController(665): runCmd(/system/bin/iptables -w -A natctrl_FORWARD -j DROP) res=0
11-12 21:13:29.933 V/NatController(665): runCmd(/system/bin/iptables -w -t nat -F natctrl_nat_POSTROUTING) res=0
11-12 21:13:29.944 V/NatController(665): runCmd(/system/bin/iptables -w -F natctrl_tether_counters) res=1
11-12 21:13:29.954 V/NatController(665): runCmd(/system/bin/iptables -w -X natctrl_tether_counters) res=1
11-12 21:13:29.965 V/NatController(665): runCmd(/system/bin/iptables -w -N natctrl_tether_counters) res=0
11-12 21:13:29.975 V/NatController(665): runCmd(/system/bin/iptables -w -t mangle -A natctrl_mangle_FORWARD -p tcp --tcp-flags SYN SYN -j TCPMSS --clamp-mss-to-pmtu) res=0
11-12 21:13:30.063 D/PerMgrLib(668): QCRIL voting for modem
11-12 21:13:30.063 D/PerMgrSrv(694): QCRIL voting for modem
11-12 21:13:30.063 D/PerMgrSrv(694): modem num voters is 3
11-12 21:13:30.063 I/libmdmdetect(668): ESOC framework not supported
11-12 21:13:30.064 I/libmdmdetect(668): Found internal modem: modem
11-12 21:13:30.064 E/Diag_Lib(668): diag diag_get_max_file_size size=200,max_file_size=209715200,min_file_size=167772160
11-12 21:13:30.195 E/Sensors (772): sns_smr_util.c(106):Unable to initialize service 312 with QCCI, timed out (2000 ms)
11-12 21:13:30.217 E/Sensors (772): sns_smr_util.c(106):Unable to initialize service 308 with QCCI, timed out (2000 ms)
11-12 21:13:30.218 E/Sensors (772): sns_smr_util.c(106):Unable to initialize service 311 with QCCI, timed out (2000 ms)
11-12 21:13:30.221 E/Sensors (772): sns_smr_util.c(106):Unable to initialize service 307 with QCCI, timed out (2000 ms)
11-12 21:13:30.225 E/Sensors (772): sns_smr_util.c(106):Unable to initialize service 310 with QCCI, timed out (2000 ms)
11-12 21:13:30.233 E/Sensors (772): sns_smr_util.c(106):Unable to initialize service 288 with QCCI, timed out (2000 ms)
11-12 21:13:30.234 E/Sensors (772): sns_smr_util.c(106):Unable to initialize service 309 with QCCI, timed out (2000 ms)
11-12 21:13:30.238 E/Sensors (772): sns_acm_mr.c(519):Error getting info for service 56
11-12 21:13:30.276 E/Sensors (772): sns_acm_mr.c(519):Error getting info for service 55
11-12 21:13:30.277 E/Sensors (772): sns_acm_mr.c(519):Error getting info for service 54
11-12 21:13:30.277 E/Sensors (772): sns_acm_mr.c(519):Error getting info for service 51
11-12 21:13:30.278 E/Sensors (772): sns_acm_mr.c(519):Error getting info for service 52
11-12 21:13:30.295 E/Sensors (772): sns_acm_mr.c(519):Error getting info for service 32
11-12 21:13:30.295 E/Sensors (772): sns_acm_mr.c(519):Error getting info for service 53
11-12 21:13:30.296 E/Sensors (772): sns_debug_main.c(544):Debug Config File missing in EFS!
11-12 21:13:30.549 D/MDnsDS  (665): MDnsSdListener::Hander starting up
11-12 21:13:30.550 D/MDnsDS  (665): MDnsSdListener starting to monitor
11-12 21:13:30.550 D/MDnsDS  (665): Going to poll with pollCount 1
11-12 21:13:30.589 I/libmdmdetect(696): ESOC framework not supported
11-12 21:13:30.589 I/libmdmdetect(696): Found internal modem: modem
11-12 21:13:30.589 E/QMI_FW  (696): QMUXD: WARNING qmi_qmux_if_pwr_up_init failed! rc=-1
11-12 21:13:30.589 I/libmdmdetect(696): ESOC framework not supported
11-12 21:13:30.589 I/libmdmdetect(696): Found internal modem: modem
11-12 21:13:30.590 E/QMI_FW  (696): QMUXD: WARNING qmi_qmux_if_pwr_up_init failed! rc=-1
11-12 21:13:30.590 I/libmdmdetect(696): ESOC framework not supported
11-12 21:13:30.590 I/libmdmdetect(696): Found internal modem: modem
11-12 21:13:30.590 E/QMI_FW  (696): QMUXD: WARNING qmi_qmux_if_pwr_up_init failed! rc=-1
11-12 21:13:30.590 I/libmdmdetect(696): ESOC framework not supported
11-12 21:13:30.590 I/libmdmdetect(696): Found internal modem: modem
11-12 21:13:30.591 E/QMI_FW  (696): QMUXD: WARNING qmi_qmux_if_pwr_up_init failed! rc=-1
11-12 21:13:30.591 E/QC-time-services(696): Daemon:genoff_modem_qmi_service_request: qmi_client_get_service_list returned 0num_services 1
11-12 21:13:30.591 I/libmdmdetect(696): ESOC framework not supported
11-12 21:13:30.591 I/libmdmdetect(696): Found internal modem: modem
11-12 21:13:30.591 E/QMI_FW  (696): QMUXD: WARNING qmi_qmux_if_pwr_up_init failed! rc=-1
11-12 21:13:30.591 I/libmdmdetect(696): ESOC framework not supported
11-12 21:13:30.591 I/libmdmdetect(696): Found internal modem: modem
11-12 21:13:30.591 E/QMI_FW  (696): QMUXD: WARNING qmi_qmux_if_pwr_up_init failed! rc=-1
11-12 21:13:30.591 I/libmdmdetect(696): ESOC framework not supported
11-12 21:13:30.592 I/libmdmdetect(696): Found internal modem: modem
11-12 21:13:30.592 E/QMI_FW  (696): QMUXD: WARNING qmi_qmux_if_pwr_up_init failed! rc=-1
11-12 21:13:30.592 I/libmdmdetect(696): ESOC framework not supported
11-12 21:13:30.592 I/libmdmdetect(696): Found internal modem: modem
11-12 21:13:30.592 E/QMI_FW  (696): QMUXD: WARNING qmi_qmux_if_pwr_up_init failed! rc=-1
11-12 21:13:30.592 I/libmdmdetect(696): ESOC framework not supported
11-12 21:13:30.593 I/libmdmdetect(696): Found internal modem: modem
11-12 21:13:30.593 E/QMI_FW  (696): QMUXD: WARNING qmi_qmux_if_pwr_up_init failed! rc=-1
11-12 21:13:30.593 I/libmdmdetect(696): ESOC framework not supported
11-12 21:13:30.593 I/libmdmdetect(696): Found internal modem: modem
11-12 21:13:30.593 E/QMI_FW  (696): QMUXD: WARNING qmi_qmux_if_pwr_up_init failed! rc=-1
11-12 21:13:30.593 I/libmdmdetect(696): ESOC framework not supported
11-12 21:13:30.593 I/libmdmdetect(696): Found internal modem: modem
11-12 21:13:30.594 E/QMI_FW  (696): QMUXD: WARNING qmi_qmux_if_pwr_up_init failed! rc=-1
11-12 21:13:30.594 I/libmdmdetect(696): ESOC framework not supported
11-12 21:13:30.594 I/libmdmdetect(696): Found internal modem: modem
11-12 21:13:30.594 E/QMI_FW  (696): QMUXD: WARNING qmi_qmux_if_pwr_up_init failed! rc=-1
11-12 21:13:30.594 I/libmdmdetect(696): ESOC framework not supported
11-12 21:13:30.594 I/libmdmdetect(696): Found internal modem: modem
11-12 21:13:30.594 E/QMI_FW  (696): QMUXD: WARNING qmi_qmux_if_pwr_up_init failed! rc=-1
11-12 21:13:30.594 I/libmdmdetect(696): ESOC framework not supported
11-12 21:13:30.595 I/libmdmdetect(696): Found internal modem: modem
11-12 21:13:30.595 E/QMI_FW  (696): QMUXD: WARNING qmi_qmux_if_pwr_up_init failed! rc=-1
11-12 21:13:30.595 I/libmdmdetect(696): ESOC framework not supported
11-12 21:13:30.595 I/libmdmdetect(696): Found internal modem: modem
11-12 21:13:30.595 E/QMI_FW  (696): QMUXD: WARNING qmi_qmux_if_pwr_up_init failed! rc=-1
11-12 21:13:30.595 I/libmdmdetect(696): ESOC framework not supported
11-12 21:13:30.595 I/libmdmdetect(696): Found internal modem: modem
11-12 21:13:30.595 E/QMI_FW  (696): QMUXD: WARNING qmi_qmux_if_pwr_up_init failed! rc=-1
11-12 21:13:30.628 E/QC-time-services(696): Daemon:tod_update_ind_cb: Got Update from modem msg_id 40
11-12 21:13:30.629 D/QC-time-services(696): Daemon:genoff_modem_qmi_service_request: Initial transaction successfull
11-12 21:13:30.800 I/Xposed  (688): -----------------
11-12 21:13:30.800 I/Xposed  (688): Added Xposed (/magisk/xposed/system/framework/XposedBridge.jar) to CLASSPATH
11-12 21:13:30.856 D/AndroidRuntime(688): >>>>>> START de.robv.android.xposed.XposedBridge uid 0 <<<<<<
11-12 21:13:30.979 D/AndroidRuntime(688): CheckJNI is OFF
11-12 21:13:30.985 I/art     (688): option[0]=-Xzygote
11-12 21:13:30.985 I/art     (688): option[1]=-Xstacktracefile:/data/anr/traces.txt
11-12 21:13:30.985 I/art     (688): option[2]=exit
11-12 21:13:30.985 I/art     (688): option[3]=vfprintf
11-12 21:13:30.985 I/art     (688): option[4]=sensitiveThread
11-12 21:13:30.985 I/art     (688): option[5]=-verbose:gc
11-12 21:13:30.985 I/art     (688): option[6]=-Xms8m
11-12 21:13:30.985 I/art     (688): option[7]=-Xmx512m
