--------- beginning of main
01-18 11:24:12.911 W/auditd  (351): type=2000 audit(0.0:1): initialized
01-18 11:24:14.452 I/Magisk  (364): Magisk post-fs mode running... 
--------- beginning of system
01-18 11:24:14.573 I/vold    (366): Vold 3.0 (the awakening) firing up
01-18 11:24:14.573 V/vold    (366): Detected support for: exfat ext4 f2fs ntfs vfat
01-18 11:24:18.739 I//system/bin/tzdatacheck(370): tzdata file /data/misc/zoneinfo/current/tzdata does not exist. No action required.
01-18 11:24:18.808 I/Magisk  (383): Magisk post-fs-data mode running... 
01-18 11:24:18.864 I/orion   (388): Welcome to Android 6.0.1 / OrionOS OrionOS-2.7-UNOFFICIAL-20161012 
01-18 11:24:18.937 I/run-parts(373): /system/priv-app/GoogleServicesFramework.apk: No such file or directory
01-18 11:24:19.539 D/vold    (366): Disk at 7:0 changed
01-18 11:24:19.725 I/Magisk  (418): Preparing modules 
01-18 11:24:20.055 D/vold    (366): Disk at 7:0 changed
01-18 11:24:20.171 D/vold    (366): Disk at 7:0 changed
01-18 11:24:20.186 I/Magisk  (470): Bind mount dummy system 
01-18 11:24:20.195 I/Magisk  (473): Bind mount module items 
01-18 11:24:20.206 I/Magisk  (478): Mount: /magisk/EmojiOne-systemless/system/fonts/NotoColorEmoji.ttf 
01-18 11:24:20.217 I/Magisk  (482): Mount: /magisk/Brevent/system/framework/services.jar 
01-18 11:24:20.229 I/Magisk  (486): post-fs-data: /magisk/Brevent/post-fs-data.sh 
01-18 11:24:20.245 I/Magisk  (490): post-fs-data: /magisk/xposed/post-fs-data.sh 
01-18 11:24:20.268 I/Xposed  (495): Mount: /magisk/xposed/system/lib64/libart-disassembler.so 
01-18 11:24:20.276 I/Xposed  (497): Mount: /magisk/xposed/system/lib64/libart.so 
01-18 11:24:20.284 I/Xposed  (499): Mount: /magisk/xposed/system/lib64/libsigchain.so 
01-18 11:24:20.293 I/Xposed  (501): Mount: /magisk/xposed/system/lib/libart-compiler.so 
01-18 11:24:20.302 I/Xposed  (503): Mount: /magisk/xposed/system/lib/libsigchain.so 
01-18 11:24:20.310 I/Xposed  (505): Mount: /magisk/xposed/system/lib/libart.so 
01-18 11:24:20.318 I/Xposed  (507): Mount: /magisk/xposed/system/bin/dex2oat 
01-18 11:24:20.326 I/Xposed  (509): Mount: /magisk/xposed/system/bin/app_process64 
01-18 11:24:20.334 I/Xposed  (511): Mount: /magisk/xposed/system/bin/patchoat 
01-18 11:24:20.342 I/Xposed  (513): Mount: /magisk/xposed/system/bin/oatdump 
01-18 11:24:20.350 I/Xposed  (515): Mount: /magisk/xposed/system/bin/app_process32 
01-18 11:24:20.359 I/Magisk  (516): Enabling systemless hosts file support 
01-18 11:24:20.368 I/Magisk  (518): Mount: /magisk/.core/hosts 
01-18 11:24:20.374 I/Magisk  (519): Bind mount system mirror 
01-18 11:24:20.382 I/Magisk  (521): Mount: /system 
01-18 11:24:20.389 I/Magisk  (522): Bind mount mirror items 
01-18 11:24:20.426 I/launch_daemonsu(530): (post-fs-data) start 
01-18 11:24:20.467 I/launch_daemonsu(542): (post-fs-data) /su not mounted yet 
01-18 11:24:20.473 I/launch_daemonsu(543): (post-fs-data) copying boot image backups from /cache to /data 
01-18 11:24:20.486 I/launch_daemonsu(545): (post-fs-data) /data/su.img found 
01-18 11:24:20.563 I/launch_daemonsu(548): (post-fs-data) /data/su.img: 100663296 bytes 
01-18 11:24:20.594 D/vold    (366): Disk at 7:1 changed
01-18 11:24:20.601 I/launch_daemonsu(559): (post-fs-data) loopsetup(/data/su.img): /dev/block/loop1 
01-18 11:24:20.804 I/launch_daemonsu(576): (post-fs-data) fork daemonsu 
01-18 11:24:20.820 I/launch_daemonsu(580): (post-fs-data) waiting for su.d 
01-18 11:24:22.186 I/su.d    (597): Running /system/su.d/50viper.sh 
01-18 11:24:22.318 I/launch_daemonsu(598): (post-fs-data) end 
01-18 11:24:22.332 I/launch_daemonsu(600): (post-fs-data) start 
01-18 11:24:22.406 I/launch_daemonsu(615): (post-fs-data) abort: daemonsu already running 
01-18 11:24:22.786 I/rfs_access(638): All clients successfully initialized.
01-18 11:24:22.786 D/QSEECOMD: (636): qseecom listener services process entry PPID = 1
01-18 11:24:22.786 E/QSEECOMD: (636): Listener: index = 0, hierarchy = 0
01-18 11:24:22.786 I/rfs_access(638): Capset success!
01-18 11:24:22.787 I/rmt_storage(637): Shared memory initialised successfully.
01-18 11:24:22.787 I/rmt_storage(637): Registering modemst1: 0x4a /boot/modem_fs1
01-18 11:24:22.787 I/rmt_storage(637): Registering modemst2: 0x4b /boot/modem_fs2
01-18 11:24:22.787 I/rmt_storage(637): Registering fsc: 0xff /boot/modem_fsc
01-18 11:24:22.787 I/rmt_storage(637): Registering fsg: 0x58 /boot/modem_fsg
01-18 11:24:22.787 I/rmt_storage(637): Registering oem_dycnvbk: 0x4a /oem/oem_dycnvbk
01-18 11:24:22.787 I/rmt_storage(637): Registering oem_stanvbk: 0x4a /oem/oem_stanvbk
01-18 11:24:22.787 I/rmt_storage(637): 6 GPT partitions found
01-18 11:24:22.787 E/rmt_storage(637): telcel Not MX version, just exit!
01-18 11:24:22.788 I/rmt_storage(637): Capset success!
01-18 11:24:22.789 D/QSEECOMD: (636): Init dlopen(librpmb.so, RTLD_NOW) succeeds
01-18 11:24:22.789 D/QSEECOMD: (636): Init::Init dlsym(g_FSHandle rpmb_init_service) succeeds
01-18 11:24:22.790 I/rpmb_emmc(636): RPMB Mult = 16384, Rel_sec_cnt = 1
01-18 11:24:22.790 E/DrmLibRpmb(636): rpmb_init succeeded! with ret = 0
01-18 11:24:22.790 D/QSEECOMD: (636): Init rpmb_init_service ret = 0
01-18 11:24:22.790 D/QSEECOMD: (636): RPMB system services: init (Listener ID = 8192)
01-18 11:24:22.790 E/QSEECOMD: (636): Listener: index = 1, hierarchy = 0
01-18 11:24:22.790 I/rfs_access(638): All Data dirs exist or were created successfully.
01-18 11:24:22.790 I/rfs_access(638): Initialized RFS server
01-18 11:24:22.790 D/QSEECOMD: (636): Init dlopen(libssd.so, RTLD_NOW) succeeds
01-18 11:24:22.790 D/QSEECOMD: (636): Init::Init dlsym(g_FSHandle ssd_init_service) succeeds
01-18 11:24:22.790 E/SSD     (636): ssd_init_service succeeded!
01-18 11:24:22.790 D/QSEECOMD: (636): Init ssd_init_service ret = 0
01-18 11:24:22.790 D/QSEECOMD: (636): SSD system services: init (Listener ID = 12288)
01-18 11:24:22.790 E/QSEECOMD: (636): Listener: index = 2, hierarchy = 0
01-18 11:24:22.790 E/QSEECOMD: (636): Init dlopen(libsecureui.so, RLTD_NOW) is failed....
01-18 11:24:22.790 D/QSEECOMD: (636): SEC_UI_INIT failed, shall not start secure ui listener
01-18 11:24:22.791 E/QSEECOMD: (636): Listener: index = 5, hierarchy = 0
01-18 11:24:22.791 E/QSEECOMD: (636): Init dlopen(libmdtp.so, RLTD_NOW) is failed....
01-18 11:24:22.791 D/QSEECOMD: (636): ERROR: MDTP_INIT failed, shall not start MDTP listener
01-18 11:24:22.791 D/QSEECOMD: (636): Parent qseecom daemon process paused!! 
01-18 11:24:22.791 D/QSEECOMD: (644): qseecom listener service threads starting!!! 
01-18 11:24:22.791 D/QSEECOMD: (644): Total listener services to start = 7
01-18 11:24:22.791 E/QSEECOMD: (644): Listener: index = 0, hierarchy = 1
01-18 11:24:22.792 D/QSEECOMD: (644): Init dlopen(librpmb.so, RTLD_NOW) succeeds
01-18 11:24:22.792 D/QSEECOMD: (644): Init::Init dlsym(g_FSHandle rpmb_start) succeeds
01-18 11:24:22.792 D/QSEECOMAPI: (644): QSEECom_register_listener 8192 sb_length = 0x5000
01-18 11:24:22.803 D/QSEECOMD: (644): Init rpmb_start ret = 0
01-18 11:24:22.803 D/QSEECOMD: (644): RPMB system services: Started (Listener ID = 8192)
01-18 11:24:22.803 E/QSEECOMD: (644): Listener: index = 1, hierarchy = 1
01-18 11:24:22.803 D/QSEECOMD: (644): Init dlopen(libssd.so, RTLD_NOW) succeeds
01-18 11:24:22.803 D/QSEECOMD: (644): Init::Init dlsym(g_FSHandle ssd_start) succeeds
01-18 11:24:22.803 D/QSEECOMAPI: (644): QSEECom_register_listener 12288 sb_length = 0x5000
01-18 11:24:22.806 D/QSEECOMD: (644): Init ssd_start ret = 0
01-18 11:24:22.806 D/QSEECOMD: (644): SSD system services: Started (Listener ID = 12288)
01-18 11:24:22.806 E/QSEECOMD: (644): Listener: index = 2, hierarchy = 1
01-18 11:24:22.806 E/QSEECOMD: (644): Init dlopen(libsecureui.so, RLTD_NOW) is failed....
01-18 11:24:22.806 E/QSEECOMD: (644): Listener: index = 3, hierarchy = 1
01-18 11:24:22.814 I/lowmemorykiller(632): Using in-kernel low memory killer interface
01-18 11:24:22.814 I/SurfaceFlinger(635): SurfaceFlinger is starting
01-18 11:24:22.822 I/qcom-bluetooth(654): /system/etc/init.qcom.bt.sh: init.qcom.bt.sh config = onboot 
01-18 11:24:22.823 I/SurfaceFlinger(635): SurfaceFlinger's main thread ready to run. Initializing graphics H/W...
01-18 11:24:22.824 D/QSEECOMD: (644): Init dlopen(libdrmtime.so, RTLD_NOW) succeeds
01-18 11:24:22.824 D/QSEECOMD: (644): Init::Init dlsym(g_FSHandle atime_start) succeeds
01-18 11:24:22.824 D/DrmLibTime(644): QSEE Time Listener: atime_start
01-18 11:24:22.824 D/QSEECOMAPI: (644): QSEECom_register_listener 11 sb_length = 0x5000
01-18 11:24:22.825 D/DrmLibTime(644): registering fs service to QSEECom is done!
01-18 11:24:22.825 D/DrmLibTime(644): begin to create a thread!
01-18 11:24:22.825 D/DrmLibTime(644): Creating a pthread in atime_start is done! return 0
01-18 11:24:22.825 D/QSEECOMD: (644): Init atime_start ret = 0
01-18 11:24:22.825 D/QSEECOMD: (644): time services: Started (Listener ID = 11)
01-18 11:24:22.825 E/QSEECOMD: (644): Listener: index = 4, hierarchy = 1
01-18 11:24:22.825 D/QSEECOMD: (644): Init dlopen(libdrmfs.so, RTLD_NOW) succeeds
01-18 11:24:22.825 D/QSEECOMD: (644): Init::Init dlsym(g_FSHandle fs_start) succeeds
01-18 11:24:22.825 D/QSEECOMAPI: (644): QSEECom_register_listener 10 sb_length = 0x5000
01-18 11:24:22.825 D/DrmLibTime(644): QSEE Time Listener: dispatch
01-18 11:24:22.825 D/DrmLibTime(644): before calling ioctl to read the next time_cmd
01-18 11:24:22.825 D/QSEECOMD: (644): Init fs_start ret = 0
01-18 11:24:22.825 D/QSEECOMD: (644): file system services: Started (Listener ID = 10)
01-18 11:24:22.825 E/QSEECOMD: (644): Listener: index = 5, hierarchy = 1
01-18 11:24:22.825 E/QSEECOMD: (644): Init dlopen(libmdtp.so, RLTD_NOW) is failed....
01-18 11:24:22.825 E/QSEECOMD: (644): Listener: index = 6, hierarchy = 1
01-18 11:24:22.826 D/QSEECOMD: (644): Init dlopen(libdrmfs.so, RTLD_NOW) succeeds
01-18 11:24:22.826 D/QSEECOMD: (644): Init::Init dlsym(g_FSHandle gpfs_start) succeeds
01-18 11:24:22.826 D/QSEECOMAPI: (644): QSEECom_register_listener 28672 sb_length = 0x7e000
01-18 11:24:22.826 D/QSEECOMD: (644): Init gpfs_start ret = 0
01-18 11:24:22.826 D/QSEECOMD: (644): gpfile system services: Started (Listener ID = 28672)
01-18 11:24:22.853 D/QSEECOMAPI: (644): QSEECom_get_handle sb_length = 0x400
01-18 11:24:22.854 D/QSEECOMAPI: (644): App is not loaded in QSEE
01-18 11:24:22.854 E/QSEECOMAPI: (644): Error::Cannot open the file /firmware/image/keymaste.mdt
01-18 11:24:22.854 E/QSEECOMAPI: (644): Error::Loading image failed with ret = -1
01-18 11:24:22.854 E/QSEECOMD: (644): Loading keymaste app failied
01-18 11:24:22.854 D/QSEECOMAPI: (644): QSEECom_get_handle sb_length = 0x400
01-18 11:24:22.854 D/QSEECOMAPI: (644): App is not loaded in QSEE
01-18 11:24:22.854 E/QSEECOMAPI: (644): Error::Cannot open the file /firmware/image/keymaster.mdt
01-18 11:24:22.854 E/QSEECOMAPI: (644): Error::Loading image failed with ret = -1
01-18 11:24:22.854 E/QSEECOMD: (644): Loading keymaster app failied
01-18 11:24:22.854 D/QSEECOMAPI: (644): QSEECom_get_handle sb_length = 0x400
01-18 11:24:22.854 D/QSEECOMAPI: (644): App is not loaded in QSEE
01-18 11:24:22.861 I/qcom-bluetooth(664): /system/etc/init.qcom.bt.sh: Bluetooth Address programmed successfully 
01-18 11:24:22.877 I/perfprofd(691): starting Android Wide Profiling daemon
01-18 11:24:22.893 I/launch_daemonsu(704): (service) start 
01-18 11:24:22.895 D/libEGL  (635): loaded /vendor/lib64/egl/libEGL_adreno.so
01-18 11:24:22.903 I/installd(672): installd firing up
01-18 11:24:22.906 I/DEBUG   (667): debuggerd: starting
01-18 11:24:22.912 I/fingerprintd(695): Starting fingerprintd
01-18 11:24:22.915 I/gatekeeperd(690): Starting gatekeeperd...
01-18 11:24:22.917 E/Diag_Lib(697): diag diag_get_max_file_size size=200,max_file_size=209715200,min_file_size=167772160
01-18 11:24:22.921 E/QCNEA   (678): Cne Version 4.9
01-18 11:24:22.921 E/Diag_Lib(678): diag diag_get_max_file_size size=200,max_file_size=209715200,min_file_size=167772160
01-18 11:24:22.927 D/gatekeeper_device(690): HwKmOpen called
01-18 11:24:22.983 I/launch_daemonsu(737): (service) abort: daemonsu already running 
01-18 11:24:22.999 D/QC-time-services(696): Daemon:genoff_pre_init::Base = 0
01-18 11:24:22.999 D/QC-time-services(696): Daemon:ats_rtc_init: Time read from RTC -- year = 70, month = 0,day = 18
01-18 11:24:23.000 D/QC-time-services(696): Daemon:Value read from RTC seconds = 1481062000
01-18 11:24:23.000 D/QC-time-services(696): Daemon:genoff_init_config: ATS_RTC initialized with rc: 0
01-18 11:24:23.000 D/QC-time-services(696): Daemon:genoff_pre_init::Base = 1
01-18 11:24:23.000 D/QC-time-services(696): Daemon: Storage Name: ats_1 
01-18 11:24:23.000 D/QC-time-services(696): Daemon:Opening File: /data/time/ats_1
01-18 11:24:23.000 D/QC-time-services(696): Daemon:time_persistent_memory_opr:Genoff Read operation 
01-18 11:24:23.001 E/Diag_Lib(681): diag diag_get_max_file_size size=200,max_file_size=209715200,min_file_size=167772160
01-18 11:24:23.003 I/libmdmdetect(681): ESOC framework not supported
01-18 11:24:23.003 I/libmdmdetect(681): Found internal modem: modem
01-18 11:24:23.004 I/libmdmdetect(681): ESOC framework not supported
01-18 11:24:23.004 I/libmdmdetect(681): Found internal modem: modem
01-18 11:24:23.011 I/Netd    (665): Netd 1.0 starting
01-18 11:24:23.036 D/libEGL  (635): loaded /vendor/lib64/egl/libGLESv1_CM_adreno.so
01-18 11:24:23.047 D/libEGL  (635): loaded /vendor/lib64/egl/libGLESv2_adreno.so
01-18 11:24:23.053 D/QC-time-services(696): Daemon:genoff_pre_init::Base = 2
01-18 11:24:23.053 D/QC-time-services(696): Daemon: Storage Name: ats_2 
01-18 11:24:23.053 D/QC-time-services(696): Daemon:Opening File: /data/time/ats_2
01-18 11:24:23.053 D/QC-time-services(696): Daemon:time_persistent_memory_opr:Genoff Read operation 
01-18 11:24:23.053 D/QC-time-services(696): Daemon:genoff_pre_init::Base = 3
01-18 11:24:23.053 D/QC-time-services(696): Daemon: Storage Name: ats_3 
01-18 11:24:23.053 D/QC-time-services(696): Daemon:Opening File: /data/time/ats_3
01-18 11:24:23.053 D/QC-time-services(696): Daemon:time_persistent_memory_opr:Genoff Read operation 
01-18 11:24:23.053 D/QC-time-services(696): Daemon:Unable to open filefor read
01-18 11:24:23.053 D/QC-time-services(696): Daemon:genoff_post_init:Error in accessing storage
01-18 11:24:23.053 D/QC-time-services(696): Daemon:genoff_pre_init::Base = 4
01-18 11:24:23.053 D/QC-time-services(696): Daemon: Storage Name: ats_4 
01-18 11:24:23.053 D/QC-time-services(696): Daemon:Opening File: /data/time/ats_4
01-18 11:24:23.053 D/QC-time-services(696): Daemon:time_persistent_memory_opr:Genoff Read operation 
01-18 11:24:23.053 D/QC-time-services(696): Daemon:Unable to open filefor read
01-18 11:24:23.054 D/QC-time-services(696): Daemon:genoff_post_init:Error in accessing storage
01-18 11:24:23.054 D/QC-time-services(696): Daemon:genoff_pre_init::Base = 5
01-18 11:24:23.054 D/QC-time-services(696): Daemon: Storage Name: ats_5 
01-18 11:24:23.054 D/QC-time-services(696): Daemon:Opening File: /data/time/ats_5
01-18 11:24:23.054 D/QC-time-services(696): Daemon:time_persistent_memory_opr:Genoff Read operation 
01-18 11:24:23.054 D/QC-time-services(696): Daemon:Unable to open filefor read
01-18 11:24:23.054 D/QC-time-services(696): Daemon:genoff_post_init:Error in accessing storage
01-18 11:24:23.054 D/QC-time-services(696): Daemon:genoff_pre_init::Base = 6
01-18 11:24:23.054 D/QC-time-services(696): Daemon: Storage Name: ats_6 
01-18 11:24:23.054 D/QC-time-services(696): Daemon:Opening File: /data/time/ats_6
01-18 11:24:23.054 D/QC-time-services(696): Daemon:time_persistent_memory_opr:Genoff Read operation 
01-18 11:24:23.054 D/QC-time-services(696): Daemon:Unable to open filefor read
01-18 11:24:23.054 D/QC-time-services(696): Daemon:genoff_post_init:Error in accessing storage
01-18 11:24:23.054 D/QC-time-services(696): Daemon:genoff_pre_init::Base = 7
01-18 11:24:23.054 D/QC-time-services(696): Daemon: Storage Name: ats_7 
01-18 11:24:23.054 D/QC-time-services(696): Daemon:Opening File: /data/time/ats_7
01-18 11:24:23.054 D/QC-time-services(696): Daemon:time_persistent_memory_opr:Genoff Read operation 
01-18 11:24:23.054 D/QC-time-services(696): Daemon:Unable to open filefor read
01-18 11:24:23.054 D/QC-time-services(696): Daemon:genoff_post_init:Error in accessing storage
01-18 11:24:23.054 D/QC-time-services(696): Daemon:genoff_pre_init::Base = 8
01-18 11:24:23.054 D/QC-time-services(696): Daemon: Storage Name: ats_8 
01-18 11:24:23.054 D/QC-time-services(696): Daemon:Opening File: /data/time/ats_8
01-18 11:24:23.054 D/QC-time-services(696): Daemon:time_persistent_memory_opr:Genoff Read operation 
01-18 11:24:23.054 D/QC-time-services(696): Daemon:Unable to open filefor read
01-18 11:24:23.054 D/QC-time-services(696): Daemon:genoff_post_init:Error in accessing storage
01-18 11:24:23.054 D/QC-time-services(696): Daemon:genoff_pre_init::Base = 9
01-18 11:24:23.054 D/QC-time-services(696): Daemon: Storage Name: ats_9 
01-18 11:24:23.054 D/QC-time-services(696): Daemon:Opening File: /data/time/ats_9
01-18 11:24:23.054 D/QC-time-services(696): Daemon:time_persistent_memory_opr:Genoff Read operation 
01-18 11:24:23.054 D/QC-time-services(696): Daemon:Unable to open filefor read
01-18 11:24:23.054 D/QC-time-services(696): Daemon:genoff_post_init:Error in accessing storage
01-18 11:24:23.054 D/QC-time-services(696): Daemon:genoff_pre_init::Base = 10
01-18 11:24:23.054 D/QC-time-services(696): Daemon: Storage Name: ats_10 
01-18 11:24:23.054 D/QC-time-services(696): Daemon:Opening File: /data/time/ats_10
01-18 11:24:23.054 D/QC-time-services(696): Daemon:time_persistent_memory_opr:Genoff Read operation 
01-18 11:24:23.054 D/QC-time-services(696): Daemon:Unable to open filefor read
01-18 11:24:23.054 D/QC-time-services(696): Daemon:genoff_post_init:Error in accessing storage
01-18 11:24:23.054 D/QC-time-services(696): Daemon:genoff_pre_init::Base = 11
01-18 11:24:23.054 D/QC-time-services(696): Daemon: Storage Name: ats_11 
01-18 11:24:23.054 D/QC-time-services(696): Daemon:Opening File: /data/time/ats_11
01-18 11:24:23.054 D/QC-time-services(696): Daemon:time_persistent_memory_opr:Genoff Read operation 
01-18 11:24:23.054 D/QC-time-services(696): Daemon:Unable to open filefor read
01-18 11:24:23.054 D/QC-time-services(696): Daemon:genoff_post_init:Error in accessing storage
01-18 11:24:23.054 D/QC-time-services(696): Daemon:genoff_pre_init::Base = 12
01-18 11:24:23.054 D/QC-time-services(696): Daemon: Storage Name: ats_12 
01-18 11:24:23.054 D/QC-time-services(696): Daemon:Opening File: /data/time/ats_12
01-18 11:24:23.054 D/QC-time-services(696): Daemon:time_persistent_memory_opr:Genoff Read operation 
01-18 11:24:23.054 D/QC-time-services(696): Daemon:Unable to open filefor read
01-18 11:24:23.054 D/QC-time-services(696): Daemon:genoff_post_init:Error in accessing storage
01-18 11:24:23.054 D/QC-time-services(696): Daemon:genoff_pre_init::Base = 13
01-18 11:24:23.054 D/QC-time-services(696): Daemon: Storage Name: ats_13 
01-18 11:24:23.054 D/QC-time-services(696): Daemon:Opening File: /data/time/ats_13
01-18 11:24:23.054 D/QC-time-services(696): Daemon:time_persistent_memory_opr:Genoff Read operation 
01-18 11:24:23.054 D/QC-time-services(696): Daemon:Unable to open filefor read
01-18 11:24:23.054 D/QC-time-services(696): Daemon:genoff_post_init:Error in accessing storage
01-18 11:24:23.054 D/QC-time-services(696): Daemon:genoff_pre_init::Base = 14
01-18 11:24:23.054 D/QC-time-services(696): Daemon: Storage Name: ats_14 
01-18 11:24:23.054 D/QC-time-services(696): Daemon:Opening File: /data/time/ats_14
01-18 11:24:23.054 D/QC-time-services(696): Daemon:time_persistent_memory_opr:Genoff Read operation 
01-18 11:24:23.054 D/QC-time-services(696): Daemon:Unable to open filefor read
01-18 11:24:23.054 D/QC-time-services(696): Daemon:genoff_post_init:Error in accessing storage
01-18 11:24:23.054 D/QC-time-services(696): Daemon:genoff_init_config: Other bases initilized, exiting genoff_init
01-18 11:24:23.054 D/QC-time-services(696): Daemon:rtc_get: Time read from RTC -- MM/DD/YY HH:MM:SS0/18/70 3:24:23
01-18 11:24:23.054 D/QC-time-services(696): Daemon:genoff_opr: Base = 1, val = 549304250144, operation = 1
01-18 11:24:23.054 D/QC-time-services(696): Daemon: genoff get for 1
01-18 11:24:23.054 D/QC-time-services(696): Daemon:rtc_get: Time read from RTC -- MM/DD/YY HH:MM:SS0/18/70 3:24:23
01-18 11:24:23.054 D/QC-time-services(696): Daemon:Value read from RTC seconds = 1481063000
01-18 11:24:23.054 D/QC-time-services(696): Daemon:Value read from generic offset = 1477475344580
01-18 11:24:23.054 D/QC-time-services(696): Daemon:Final Time = 1478956407580
01-18 11:24:23.054 E/QC-time-services(696): Daemon:genoff_boot_tod_init: Unable to open alarm device
01-18 11:24:23.054 E/QC-time-services(696): Daemon:genoff_boot_tod_init: Updating system time to sec=1478956407, usec=580000
02-04 14:48:25.911 I/auditd  (351): type=1403 audit(0.0:2): policy loaded auid=4294967295 ses=4294967295
02-04 14:48:25.911 W/auditd  (351): type=1404 audit(0.0:3): enforcing=1 old_enforcing=0 auid=4294967295 ses=4294967295
02-04 14:48:25.951 W/init    (1): type=1400 audit(0.0:4): avc: denied { associate } for name="set_delay_ms" dev="sysfs" ino=17235 scontext=u:object_r:cam_sysfs:s0 tcontext=u:object_r:sysfs:s0 tclass=filesystem permissive=0
02-04 14:48:25.951 W/init    (1): type=1400 audit(0.0:5): avc: denied { associate } for name="enable_ps_sensor" dev="sysfs" ino=17233 scontext=u:object_r:cam_sysfs:s0 tcontext=u:object_r:sysfs:s0 tclass=filesystem permissive=0
02-04 14:48:26.091 W/ueventd (337): type=1400 audit(0.0:6): avc: denied { relabelto } for name="set_delay_ms" dev="sysfs" ino=17235 scontext=u:r:ueventd:s0 tcontext=u:object_r:cam_sysfs:s0 tclass=file permissive=0
02-04 14:48:26.091 W/ueventd (337): type=1400 audit(0.0:7): avc: denied { relabelto } for name="enable_ps_sensor" dev="sysfs" ino=17233 scontext=u:r:ueventd:s0 tcontext=u:object_r:cam_sysfs:s0 tclass=file permissive=0
02-04 14:48:26.191 W/ueventd (337): type=1400 audit(0.0:8): avc: denied { relabelto } for name="set_delay_ms" dev="sysfs" ino=17235 scontext=u:r:ueventd:s0 tcontext=u:object_r:cam_sysfs:s0 tclass=file permissive=0
02-04 14:48:26.191 W/ueventd (337): type=1400 audit(0.0:9): avc: denied { relabelto } for name="enable_ps_sensor" dev="sysfs" ino=17233 scontext=u:r:ueventd:s0 tcontext=u:object_r:cam_sysfs:s0 tclass=file permissive=0
02-04 14:48:26.191 W/ueventd (337): type=1400 audit(0.0:10): avc: denied { relabelto } for name="set_delay_ms" dev="sysfs" ino=17235 scontext=u:r:ueventd:s0 tcontext=u:object_r:cam_sysfs:s0 tclass=file permissive=0
11-12 21:13:27.580 D/QC-time-services(696): Daemon:genoff_modem_qmi_service_request: Initiallizing QMI 
11-12 21:13:27.580 D/QC-time-services(696): Daemon: Time-services: All initializations done
11-12 21:13:27.580 E/QC-time-services(696): Daemon: Time-services: Waiting to acceptconnection
11-12 21:13:27.581 I/libmdmdetect(696): ESOC framework not supported
11-12 21:13:27.581 I/libmdmdetect(696): Found internal modem: modem
11-12 21:13:27.581 E/Diag_Lib(696): diag diag_get_max_file_size size=200,max_file_size=209715200,min_file_size=167772160
11-12 21:13:27.583 E/QMI_FW  (696): QMUXD: WARNING qmi_qmux_if_pwr_up_init failed! rc=-1
11-12 21:13:27.583 I/libmdmdetect(696): ESOC framework not supported
11-12 21:13:27.583 I/libmdmdetect(696): Found internal modem: modem
11-12 21:13:27.583 E/QMI_FW  (696): QMUXD: WARNING qmi_qmux_if_pwr_up_init failed! rc=-1
11-12 21:13:27.583 I/libmdmdetect(696): ESOC framework not supported
11-12 21:13:27.583 I/libmdmdetect(696): Found internal modem: modem
11-12 21:13:27.583 E/QMI_FW  (696): QMUXD: WARNING qmi_qmux_if_pwr_up_init failed! rc=-1
11-12 21:13:27.583 I/libmdmdetect(696): ESOC framework not supported
11-12 21:13:27.583 I/libmdmdetect(696): Found internal modem: modem
11-12 21:13:27.584 E/QMI_FW  (696): QMUXD: WARNING qmi_qmux_if_pwr_up_init failed! rc=-1
11-12 21:13:27.584 I/libmdmdetect(696): ESOC framework not supported
11-12 21:13:27.584 I/libmdmdetect(696): Found internal modem: modem
11-12 21:13:27.584 E/QMI_FW  (696): QMUXD: WARNING qmi_qmux_if_pwr_up_init failed! rc=-1
11-12 21:13:27.584 I/libmdmdetect(696): ESOC framework not supported
11-12 21:13:27.584 I/libmdmdetect(696): Found internal modem: modem
11-12 21:13:27.584 E/QMI_FW  (696): QMUXD: WARNING qmi_qmux_if_pwr_up_init failed! rc=-1
11-12 21:13:27.584 I/libmdmdetect(696): ESOC framework not supported
11-12 21:13:27.584 I/libmdmdetect(696): Found internal modem: modem
11-12 21:13:27.584 E/QMI_FW  (696): QMUXD: WARNING qmi_qmux_if_pwr_up_init failed! rc=-1
11-12 21:13:27.585 I/libmdmdetect(696): ESOC framework not supported
11-12 21:13:27.585 I/libmdmdetect(696): Found internal modem: modem
11-12 21:13:27.585 E/QMI_FW  (696): QMUXD: WARNING qmi_qmux_if_pwr_up_init failed! rc=-1
11-12 21:13:27.585 E/QC-time-services(696): Daemon:genoff_modem_qmi_service_request: qmi_client_get_service_list returned -2num_services 0
11-12 21:13:27.586 E/Diag_Lib(682): diag diag_get_max_file_size size=200,max_file_size=209715200,min_file_size=167772160
11-12 21:13:27.596 I/irsc_util(680): Starting irsc tool
11-12 21:13:27.598 I/irsc_util(680): Num of entries:283
11-12 21:13:27.599 E/Diag_Lib(684): diag diag_get_max_file_size size=200,max_file_size=209715200,min_file_size=167772160
11-12 21:13:27.605 I/libmdmdetect(694): ESOC framework not supported
11-12 21:13:27.605 I/libmdmdetect(694): Found internal modem: modem
11-12 21:13:27.606 I/PerMgrSrv(694): Peripheral Mananager service start
11-12 21:13:27.606 I/PerMgrSrv(694): power-off timeout 500,ms; event-ack timeout 200,ms; debug-mode false
11-12 21:13:27.606 I/PerMgrSrv(694): Statistics for : modem
11-12 21:13:27.606 I/PerMgrSrv(694): modem: Current State : is off-line
11-12 21:13:27.606 I/PerMgrSrv(694): modem: Voter/Listener count : 0/0
11-12 21:13:27.606 I/PerMgrSrv(694): modem: Power on count : 0
11-12 21:13:27.606 I/PerMgrSrv(694): modem: Power off count: 0
11-12 21:13:27.606 I/PerMgrSrv(694): modem: Client list:
11-12 21:13:27.608 I/PerMgrSrv(694): QMI service start
11-12 21:13:27.618 I/irsc_util(680): Ending irsc tool
11-12 21:13:27.618 E/perfprofd(691): unable to open configuration file /data/data/com.google.android.gms/files/perfprofd.conf
11-12 21:13:27.618 I/perfprofd(691): random seed set to 21413747
11-12 21:13:27.680 I/Magisk  (753): Magisk late_start service mode running... 
11-12 21:13:27.750 D/QtiConnectivityAdapter(665): Successfully loaded libconnectivitycontroller
11-12 21:13:27.750 D/        (665): initConnectivityController cons 
11-12 21:13:27.750 D/ConnectivityController(665): QtiTetherCommand cons done
11-12 21:13:27.750 I/libconnctrl(665): Creating a NetlinkRelay
11-12 21:13:27.750 I/libconnctrl(665): NetlinkRelay constructor
11-12 21:13:27.750 D/TetherController(665): Setting IP forward enable = 0
11-12 21:13:27.752 E/        (665): Failed to open libdatactrl, some features may not be present.
11-12 21:13:27.806 I/Magisk  (784): Starting Magisk Hide 
11-12 21:13:27.809 I/keystore(673): Found keymaster1 module Keymaster QTI HAL, version 100
11-12 21:13:27.809 I/SoftKeymaster(673): system/keymaster/soft_keymaster_device.cpp, Line 122: Creating device
11-12 21:13:27.809 D/SoftKeymaster(673): system/keymaster/soft_keymaster_device.cpp, Line 123: Device address: 0x7fa2523000
11-12 21:13:27.863 E/PerMgrProxy(769): Starting pm-proxy service
11-12 21:13:27.863 I/libmdmdetect(769): ESOC framework not supported
11-12 21:13:27.864 I/libmdmdetect(769): Found internal modem: modem
11-12 21:13:27.864 I/PerMgrProxy(769): Found internal modem
11-12 21:13:27.865 D/PerMgrSrv(694): modem state: is off-line, add client PM-PROXY-THREAD
11-12 21:13:27.865 D/PerMgrSrv(694): PM-PROXY-THREAD registered
11-12 21:13:27.865 D/PerMgrLib(769): PM-PROXY-THREAD successfully registered for modem
11-12 21:13:27.865 I/PerMgrProxy(769): pm-proxy-thread Voting for internal modem
11-12 21:13:27.865 D/PerMgrLib(769): PM-PROXY-THREAD voting for modem
11-12 21:13:27.865 D/PerMgrSrv(694): PM-PROXY-THREAD voting for modem
11-12 21:13:27.865 D/PerMgrSrv(694): modem new state: going on-line
11-12 21:13:27.865 I/MSM-irqbalance(779): msm-irq_balance (1.3) initialized
11-12 21:13:27.865 I/MSM-irqbalance(779): Configuration
11-12 21:13:27.865 D/PerMgrSrv(694): modem num voters is 1
11-12 21:13:27.865 E/Diag_Lib(772): diag diag_get_max_file_size size=200,max_file_size=209715200,min_file_size=167772160
11-12 21:13:27.865 I/MSM-irqbalance(779): Rate: 0.2 Hz
11-12 21:13:27.865 I/MSM-irqbalance(779): Decay Factor: 75.0
11-12 21:13:27.865 I/MSM-irqbalance(779): Balancing Factor: 0.1
11-12 21:13:27.865 I/MSM-irqbalance(779): Debug Log: OFF
11-12 21:13:27.865 I/MSM-irqbalance(779): Cfg file: /system/vendor/etc/msm_irqbalance.conf
11-12 21:13:27.865 I/MSM-irqbalance(779): CPU PRIO: CPU0: 1 CPU1: 1 CPU2: 1 CPU3: 1 CPU4: 0 CPU5: 0 CPU6: 0 CPU7: 0 
11-12 21:13:27.865 I/MSM-irqbalance(779): Ignored IRQs: 20 40 200 203 155 157 
11-12 21:13:27.875 I/qcom-bluetooth(804): /system/etc/init.qcom.bt.sh: Bluetooth stack is Bluedroid 
11-12 21:13:27.875 I/qdutils (767): PartialUpdate status: Disabled
11-12 21:13:27.875 I/qdutils (767): Left Align: 0
11-12 21:13:27.875 I/qdutils (767): Width Align: 0
11-12 21:13:27.875 I/qdutils (767): Top Align: 0
11-12 21:13:27.875 I/qdutils (767): Height Align: 0
11-12 21:13:27.875 I/qdutils (767): Min ROI Width: 0
11-12 21:13:27.875 I/qdutils (767): Min ROI Height: 0
11-12 21:13:27.875 I/qdutils (767): Needs ROI Merge: 0
11-12 21:13:27.875 I/qdutils (767): Dynamic Fps: Disabled
11-12 21:13:27.875 I/qdutils (767): Min Panel fps: 0
11-12 21:13:27.875 I/qdutils (767): Max Panel fps: 0
11-12 21:13:27.876 D/PPDaemon(767): CABL version 1.1.20130401
11-12 21:13:27.877 D/PPDaemon(767): isHDMIPrimary: HDMI is not primary display
11-12 21:13:27.877 D/PPDaemon(767): PU Status from pu node: 0
11-12 21:13:27.877 D/PPDaemon(767): int dcm_os_intf_control(boolean): Entering
11-12 21:13:27.877 D/PPDaemon(767): Calling LSM init 
11-12 21:13:27.877 D/PPDaemon(767): PU Status from pu node: 0
11-12 21:13:27.877 E/Diag_Lib(767): diag diag_get_max_file_size size=200,max_file_size=209715200,min_file_size=167772160
11-12 21:13:27.879 D/PPDaemon(767): Diag_LSM_Init succeeded. 
11-12 21:13:27.879 D/PPDaemon(767): QDCM_Service_ErrorTypes InitUtility(): Entering
11-12 21:13:27.879 D/PPDaemon(767): MDP version: 0x10090000.
11-12 21:13:27.879 D/PPDaemon(767): MDSS version: 0x10090000.
11-12 21:13:27.879 D/PPDaemon(767): QDCM_Service_RegisterCallback() successful.
11-12 21:13:27.879 D/PPDaemon(767): Panel Name: jd35695_1080p_cmd_mode_dsi_panel
11-12 21:13:27.879 D/PPDaemon(767): QDCM_Service_ErrorTypes InitUtility(): Exiting
11-12 21:13:27.879 D/PPDaemon(767): intf.hContext = 0x82f52180, qdcmContextHandle = 0x7f82f52180
11-12 21:13:27.879 D/PPDaemon(767): int dcm_os_intf_control(boolean): Exiting
11-12 21:13:27.882 I/DEBUG   (666): debuggerd: starting
11-12 21:13:27.953 I/Adreno  (635): QUALCOMM build                   : 183c040, Iff84fb1103
11-12 21:13:27.953 I/Adreno  (635): Build Date                       : 03/18/16
11-12 21:13:27.953 I/Adreno  (635): OpenGL ES Shader Compiler Version: XE031.06.00.02
11-12 21:13:27.953 I/Adreno  (635): Local Branch                     : 
11-12 21:13:27.953 I/Adreno  (635): Remote Branch                    : refs/tags/AU_LINUX_ANDROID_LA.BF64.1.2.2_RB4.06.00.01.180.031
11-12 21:13:27.953 I/Adreno  (635): Remote Branch                    : NONE
11-12 21:13:27.953 I/Adreno  (635): Reconstruct Branch               : NOTHING
11-12 21:13:28.000 I/ThermalEngine(675): Thermal daemon started
11-12 21:13:28.000 I/ThermalEngine(675): No target config file, falling back to '/system/etc/thermal-engine.conf'
11-12 21:13:28.000 I/ThermalEngine(675): devices_manager_init: Init
11-12 21:13:28.000 I/ThermalEngine(675): Number of gpus :1
11-12 21:13:28.000 I/Thermal-IOCTL(675): KTM IOCTL interface "/dev/msm_thermal_query" opened
11-12 21:13:28.000 E/ThermalEngine(675): update_cpu_topology: Cluster Info[0]. Cluster Id: 0 cpu_bits:0xf sync:1
11-12 21:13:28.000 E/ThermalEngine(675): update_cpu_topology: Cluster Info[1]. Cluster Id: 1 cpu_bits:0xf0 sync:1
11-12 21:13:28.001 I/ThermalEngine(675): vdd_rstr_init: Init KTM VDD RSTR enabled: 0
11-12 21:13:28.002 I/ThermalEngine(675): sensors_manager_init: Init
11-12 21:13:28.002 I/libmdmdetect(675): ESOC framework not supported
11-12 21:13:28.002 I/libmdmdetect(675): Found internal modem: modem
11-12 21:13:28.003 E/Diag_Lib(675): diag diag_get_max_file_size size=200,max_file_size=209715200,min_file_size=167772160
11-12 21:13:28.014 D/QSEECOMAPI: (644): Loaded image: APP id = 3
11-12 21:13:28.015 D/QSEECOMD: (644):  Keymaster/ kmota loaded
11-12 21:13:28.017 D/QSEECOMD: (644): QSEECOM DAEMON RUNNING 
11-12 21:13:28.025 E/ThermalEngine(675): bcl_setup: Error opening /sys/devices/soc.0/qcom,bcl.62/iavail
11-12 21:13:28.026 E/ThermalEngine(675): add_tgt_sensors_set: Error adding bcl
11-12 21:13:28.026 E/ThermalEngine(675): sensors_init: Error adding BCL TS
11-12 21:13:28.026 I/ThermalEngine(675): Loading config file for virtual sensor
11-12 21:13:28.026 I/ThermalEngine(675): Loading configuration file /system/etc/thermal-engine.conf
11-12 21:13:28.048 I/ThermalEngine(675): Parsing section global
11-12 21:13:28.049 E/ThermalEngine(675): virtual_sensors_init: Error getting virtual sensors set
11-12 21:13:28.049 I/ThermalEngine(675): Loading configuration file /system/etc/thermal-engine.conf
11-12 21:13:28.049 I/ThermalEngine(675): Parsing section global
11-12 21:13:28.049 I/ThermalEngine(675): Found section 'SS-GPU'
11-12 21:13:28.049 I/ThermalEngine(675): Algo Type 'ss'
11-12 21:13:28.049 I/ThermalEngine(675): Parsing section SS-GPU
11-12 21:13:28.049 I/ThermalEngine(675): Found field 'sampling'
11-12 21:13:28.049 I/ThermalEngine(675): Found field 'sensor'
11-12 21:13:28.049 I/ThermalEngine(675): Found field 'device'
11-12 21:13:28.049 I/ThermalEngine(675): Found field 'set_point'
11-12 21:13:28.049 I/ThermalEngine(675): Found field 'set_point_clr'
11-12 21:13:28.049 I/ThermalEngine(675): Found field 'time_constant'
11-12 21:13:28.049 I/ThermalEngine(675): Found section 'SS-POPMEM'
11-12 21:13:28.049 I/ThermalEngine(675): Algo Type 'ss'
11-12 21:13:28.049 I/ThermalEngine(675): Parsing section SS-POPMEM
11-12 21:13:28.049 I/ThermalEngine(675): Found field 'sampling'
11-12 21:13:28.049 I/ThermalEngine(675): Found field 'sensor'
11-12 21:13:28.049 I/ThermalEngine(675): Found field 'device'
11-12 21:13:28.049 I/ThermalEngine(675): Found field 'set_point'
11-12 21:13:28.049 I/ThermalEngine(675): Found field 'set_point_clr'
11-12 21:13:28.049 I/ThermalEngine(675): Found field 'time_constant'
11-12 21:13:28.049 I/ThermalEngine(675): Found section 'SS-CPU7'
11-12 21:13:28.049 I/ThermalEngine(675): Algo Type 'ss'
11-12 21:13:28.049 I/ThermalEngine(675): Parsing section SS-CPU7
11-12 21:13:28.049 I/ThermalEngine(675): Found field 'sampling'
11-12 21:13:28.049 I/ThermalEngine(675): Found field 'sensor'
11-12 21:13:28.049 I/ThermalEngine(675): Found field 'device'
11-12 21:13:28.049 I/ThermalEngine(675): Found field 'set_point'
11-12 21:13:28.049 I/ThermalEngine(675): Found field 'set_point_clr'
11-12 21:13:28.049 I/ThermalEngine(675): Found field 'time_constant'
11-12 21:13:28.049 I/ThermalEngine(675): Found section 'SS-CPU6'
11-12 21:13:28.049 I/ThermalEngine(675): Algo Type 'ss'
11-12 21:13:28.049 I/ThermalEngine(675): Parsing section SS-CPU6
11-12 21:13:28.049 I/ThermalEngine(675): Found field 'sampling'
11-12 21:13:28.049 I/ThermalEngine(675): Found field 'sensor'
11-12 21:13:28.049 I/ThermalEngine(675): Found field 'device'
11-12 21:13:28.049 I/ThermalEngine(675): Found field 'set_point'
11-12 21:13:28.049 I/ThermalEngine(675): Found field 'set_point_clr'
11-12 21:13:28.049 I/ThermalEngine(675): Found field 'time_constant'
11-12 21:13:28.049 I/ThermalEngine(675): Found section 'SS-CPU5'
11-12 21:13:28.049 I/ThermalEngine(675): Algo Type 'ss'
11-12 21:13:28.049 I/ThermalEngine(675): Parsing section SS-CPU5
11-12 21:13:28.049 I/ThermalEngine(675): Found field 'sampling'
11-12 21:13:28.049 I/ThermalEngine(675): Found field 'sensor'
11-12 21:13:28.049 I/ThermalEngine(675): Found field 'device'
11-12 21:13:28.050 I/ThermalEngine(675): Found field 'set_point'
11-12 21:13:28.050 I/ThermalEngine(675): Found field 'set_point_clr'
11-12 21:13:28.050 I/ThermalEngine(675): Found field 'time_constant'
11-12 21:13:28.050 I/ThermalEngine(675): Found section 'SS-CPU4'
11-12 21:13:28.050 I/ThermalEngine(675): Algo Type 'ss'
11-12 21:13:28.050 I/ThermalEngine(675): Parsing section SS-CPU4
11-12 21:13:28.050 I/ThermalEngine(675): Found field 'sampling'
11-12 21:13:28.050 I/ThermalEngine(675): Found field 'sensor'
11-12 21:13:28.050 I/ThermalEngine(675): Found field 'device'
11-12 21:13:28.050 I/ThermalEngine(675): Found field 'set_point'
11-12 21:13:28.050 I/ThermalEngine(675): Found field 'set_point_clr'
11-12 21:13:28.050 I/ThermalEngine(675): Found field 'time_constant'
11-12 21:13:28.050 I/ThermalEngine(675): Found section 'SS-CPU3'
11-12 21:13:28.050 I/ThermalEngine(675): Algo Type 'ss'
11-12 21:13:28.050 I/ThermalEngine(675): Parsing section SS-CPU3
11-12 21:13:28.050 I/ThermalEngine(675): Found field 'sampling'
11-12 21:13:28.050 I/ThermalEngine(675): Found field 'sensor'
11-12 21:13:28.050 I/ThermalEngine(675): Found field 'device'
11-12 21:13:28.050 I/ThermalEngine(675): Found field 'set_point'
11-12 21:13:28.050 I/ThermalEngine(675): Found field 'set_point_clr'
11-12 21:13:28.050 I/ThermalEngine(675): Found field 'time_constant'
11-12 21:13:28.050 I/ThermalEngine(675): Found section 'SS-CPU2'
11-12 21:13:28.050 I/ThermalEngine(675): Algo Type 'ss'
11-12 21:13:28.050 I/ThermalEngine(675): Parsing section SS-CPU2
11-12 21:13:28.050 I/ThermalEngine(675): Found field 'sampling'
11-12 21:13:28.050 I/ThermalEngine(675): Found field 'sensor'
11-12 21:13:28.050 I/ThermalEngine(675): Found field 'device'
11-12 21:13:28.050 I/ThermalEngine(675): Found field 'set_point'
11-12 21:13:28.050 I/ThermalEngine(675): Found field 'set_point_clr'
11-12 21:13:28.050 I/ThermalEngine(675): Found field 'time_constant'
11-12 21:13:28.050 I/ThermalEngine(675): Found section 'SS-CPU1'
11-12 21:13:28.050 I/ThermalEngine(675): Algo Type 'ss'
11-12 21:13:28.050 I/ThermalEngine(675): Parsing section SS-CPU1
11-12 21:13:28.050 I/ThermalEngine(675): Found field 'sampling'
11-12 21:13:28.050 I/ThermalEngine(675): Found field 'sensor'
11-12 21:13:28.050 I/ThermalEngine(675): Found field 'device'
11-12 21:13:28.050 I/ThermalEngine(675): Found field 'set_point'
11-12 21:13:28.050 I/ThermalEngine(675): Found field 'set_point_clr'
11-12 21:13:28.050 I/ThermalEngine(675): Found field 'time_constant'
11-12 21:13:28.050 I/ThermalEngine(675): Found section 'SS-CPU0'
11-12 21:13:28.050 I/ThermalEngine(675): Algo Type 'ss'
11-12 21:13:28.050 I/ThermalEngine(675): Parsing section SS-CPU0
11-12 21:13:28.050 I/ThermalEngine(675): Found field 'sampling'
11-12 21:13:28.050 I/ThermalEngine(675): Found field 'sensor'
11-12 21:13:28.050 I/ThermalEngine(675): Found field 'device'
11-12 21:13:28.050 I/ThermalEngine(675): Found field 'set_point'
11-12 21:13:28.050 I/ThermalEngine(675): Found field 'set_point_clr'
11-12 21:13:28.050 I/ThermalEngine(675): Found field 'time_constant'
11-12 21:13:28.050 I/ThermalEngine(675): Found section 'SPEAKER-CAL'
11-12 21:13:28.050 I/ThermalEngine(675): Algo Type 'eq'
11-12 21:13:28.050 I/ThermalEngine(675): Parsing section SPEAKER-CAL
11-12 21:13:28.050 I/ThermalEngine(675): Found field 'sampling'
11-12 21:13:28.050 I/ThermalEngine(675): Found field 'sensor'
11-12 21:13:28.050 I/ThermalEngine(675): Found field 'sensors'
11-12 21:13:28.050 I/ThermalEngine(675): Found field 'temp_range'
11-12 21:13:28.050 I/ThermalEngine(675): Found field 'max_temp'
11-12 21:13:28.050 I/ThermalEngine(675): Found field 'offset'
11-12 21:13:28.050 I/ThermalEngine(675): Found section 'PMIC-ALARM-MONITOR'
11-12 21:13:28.050 I/ThermalEngine(675): Algo Type 'monitor'
11-12 21:13:28.050 I/ThermalEngine(675): Parsing section PMIC-ALARM-MONITOR
11-12 21:13:28.050 I/ThermalEngine(675): Found field 'sampling'
11-12 21:13:28.050 I/ThermalEngine(675): Found field 'sensor'
11-12 21:13:28.050 I/ThermalEngine(675): Found field 'thresholds'
11-12 21:13:28.050 I/ThermalEngine(675): Found field 'thresholds_clr'
11-12 21:13:28.050 I/ThermalEngine(675): Found field 'actions'
11-12 21:13:28.050 I/ThermalEngine(675): Found field 'action_info'
11-12 21:13:28.050 I/ThermalEngine(675): Created section 'SKIN_QUIET_THERM_LITTLE_CLUSTER'
11-12 21:13:28.050 I/ThermalEngine(675): Algo Type 'ss'
11-12 21:13:28.050 I/ThermalEngine(675): Parsing section SKIN_QUIET_THERM_LITTLE_CLUSTER
11-12 21:13:28.050 I/ThermalEngine(675): Found field 'sampling'
11-12 21:13:28.050 I/ThermalEngine(675): Found field 'sensor'
11-12 21:13:28.050 I/ThermalEngine(675): Found field 'device'
11-12 21:13:28.050 I/ThermalEngine(675): Found field 'set_point'
11-12 21:13:28.050 I/ThermalEngine(675): Found field 'set_point_clr'
11-12 21:13:28.050 I/ThermalEngine(675): Found field 'time_constant'
11-12 21:13:28.050 I/ThermalEngine(675): Found field 'device_max_limit'
11-12 21:13:28.050 I/ThermalEngine(675): Found section 'SKIN_QUIET_THERM_LITTLE_CLUSTER'
11-12 21:13:28.050 I/ThermalEngine(675): Algo Type 'ss'
11-12 21:13:28.050 I/ThermalEngine(675): Parsing section SKIN_QUIET_THERM_LITTLE_CLUSTER
11-12 21:13:28.050 I/ThermalEngine(675): Found field 'sampling'
11-12 21:13:28.050 I/ThermalEngine(675): Found field 'sensor'
11-12 21:13:28.050 I/ThermalEngine(675): Found field 'device'
11-12 21:13:28.050 I/ThermalEngine(675): Found field 'set_point'
11-12 21:13:28.050 I/ThermalEngine(675): Found field 'set_point_clr'
11-12 21:13:28.050 I/ThermalEngine(675): Found field 'time_constant'
11-12 21:13:28.050 I/ThermalEngine(675): Found field 'device_max_limit'
11-12 21:13:28.050 I/ThermalEngine(675): Created section 'SKIN_QUIET_THERM_BIG_CLUSTER'
11-12 21:13:28.050 I/ThermalEngine(675): Algo Type 'ss'
11-12 21:13:28.050 I/ThermalEngine(675): Parsing section SKIN_QUIET_THERM_BIG_CLUSTER
11-12 21:13:28.050 I/ThermalEngine(675): Found field 'sampling'
11-12 21:13:28.050 I/ThermalEngine(675): Found field 'sensor'
11-12 21:13:28.050 I/ThermalEngine(675): Found field 'device'
11-12 21:13:28.050 I/ThermalEngine(675): Found field 'set_point'
11-12 21:13:28.050 I/ThermalEngine(675): Found field 'set_point_clr'
11-12 21:13:28.050 I/ThermalEngine(675): Found field 'time_constant'
11-12 21:13:28.050 I/ThermalEngine(675): Found field 'device_max_limit'
11-12 21:13:28.050 I/ThermalEngine(675): Created section 'SKIN_QUIET_THERM_BIG_CLUSTER_ST'
11-12 21:13:28.050 I/ThermalEngine(675): Algo Type 'ss'
11-12 21:13:28.050 I/ThermalEngine(675): Parsing section SKIN_QUIET_THERM_BIG_CLUSTER_ST
11-12 21:13:28.050 I/ThermalEngine(675): Found field 'sampling'
11-12 21:13:28.050 I/ThermalEngine(675): Found field 'sensor'
11-12 21:13:28.050 I/ThermalEngine(675): Found field 'device'
11-12 21:13:28.050 I/ThermalEngine(675): Found field 'set_point'
11-12 21:13:28.050 I/ThermalEngine(675): Found field 'set_point_clr'
11-12 21:13:28.051 I/ThermalEngine(675): Found field 'time_constant'
11-12 21:13:28.051 I/ThermalEngine(675): Found field 'device_max_limit'
11-12 21:13:28.051 I/ThermalEngine(675): Created section 'QUIET_THERM_BATTERY_MITIGATION'
11-12 21:13:28.051 I/ThermalEngine(675): Algo Type 'monitor'
11-12 21:13:28.051 I/ThermalEngine(675): Parsing section QUIET_THERM_BATTERY_MITIGATION
11-12 21:13:28.051 I/ThermalEngine(675): Found field 'sensor'
11-12 21:13:28.051 I/ThermalEngine(675): Found field 'sampling'
11-12 21:13:28.051 I/ThermalEngine(675): Found field 'thresholds'
11-12 21:13:28.051 I/ThermalEngine(675): Found field 'thresholds_clr'
11-12 21:13:28.051 I/ThermalEngine(675): Found field 'actions'
11-12 21:13:28.051 I/ThermalEngine(675): Found field 'action_info'
11-12 21:13:28.051 I/ThermalEngine(675): Created section 'QUIET_THERM_CPU_HOTPLUG'
11-12 21:13:28.051 I/ThermalEngine(675): Algo Type 'monitor'
11-12 21:13:28.051 I/ThermalEngine(675): Parsing section QUIET_THERM_CPU_HOTPLUG
11-12 21:13:28.051 I/ThermalEngine(675): Found field 'sampling'
11-12 21:13:28.051 I/ThermalEngine(675): Found field 'sensor'
11-12 21:13:28.051 I/ThermalEngine(675): Found field 'thresholds'
11-12 21:13:28.051 I/ThermalEngine(675): Found field 'thresholds_clr'
11-12 21:13:28.051 I/ThermalEngine(675): Found field 'actions'
11-12 21:13:28.051 I/ThermalEngine(675): Found field 'action_info'
11-12 21:13:28.051 I/ThermalEngine(675): Created section 'QUIET_THERM_LCD_SKIN_MANAGEMENT'
11-12 21:13:28.051 I/ThermalEngine(675): Algo Type 'monitor'
11-12 21:13:28.051 I/ThermalEngine(675): Parsing section QUIET_THERM_LCD_SKIN_MANAGEMENT
11-12 21:13:28.051 I/ThermalEngine(675): Found field 'sampling'
11-12 21:13:28.051 I/ThermalEngine(675): Found field 'sensor'
11-12 21:13:28.051 I/ThermalEngine(675): Found field 'thresholds'
11-12 21:13:28.051 I/ThermalEngine(675): Found field 'thresholds_clr'
11-12 21:13:28.051 I/ThermalEngine(675): Found field 'actions'
11-12 21:13:28.051 I/ThermalEngine(675): Found field 'action_info'
11-12 21:13:28.051 I/ThermalEngine(675): Created section 'QUIET_THERM_GPU_SKIN_MANAGEMENT'
11-12 21:13:28.051 I/ThermalEngine(675): Algo Type 'monitor'
11-12 21:13:28.051 I/ThermalEngine(675): Parsing section QUIET_THERM_GPU_SKIN_MANAGEMENT
11-12 21:13:28.051 I/ThermalEngine(675): Found field 'sampling'
11-12 21:13:28.051 I/ThermalEngine(675): Found field 'sensor'
11-12 21:13:28.051 I/ThermalEngine(675): Found field 'thresholds'
11-12 21:13:28.051 I/ThermalEngine(675): Found field 'thresholds_clr'
11-12 21:13:28.051 I/ThermalEngine(675): Found field 'actions'
11-12 21:13:28.051 I/ThermalEngine(675): Found field 'action_info'
11-12 21:13:28.052 I/ThermalEngine(675): [QUIET_THERM_GPU_SKIN_MANAGEMENT]
11-12 21:13:28.052 I/ThermalEngine(675): algo_type monitor
11-12 21:13:28.052 I/ThermalEngine(675): sampling 10000
11-12 21:13:28.052 I/ThermalEngine(675): sensor quiet_therm
11-12 21:13:28.052 I/ThermalEngine(675): thresholds 27000 30000 33000 38000 43000
11-12 21:13:28.052 I/ThermalEngine(675): thresholds_clr 26000 27000 30000 36000 40000
11-12 21:13:28.052 I/ThermalEngine(675): actions gpu gpu gpu gpu gpu
11-12 21:13:28.052 I/ThermalEngine(675): action_info 510000000 450000000 390000000 305000000 180000000
11-12 21:13:28.052 I/ThermalEngine(675): [QUIET_THERM_LCD_SKIN_MANAGEMENT]
11-12 21:13:28.052 I/ThermalEngine(675): algo_type monitor
11-12 21:13:28.052 I/ThermalEngine(675): sampling 10000
11-12 21:13:28.052 I/ThermalEngine(675): sensor quiet_therm
11-12 21:13:28.052 I/ThermalEngine(675): thresholds 35000 39000 40000 43000 45000
11-12 21:13:28.052 I/ThermalEngine(675): thresholds_clr 33000 36000 37000 39000 40000
11-12 21:13:28.052 I/ThermalEngine(675): actions lcd lcd lcd lcd lcd
11-12 21:13:28.052 I/ThermalEngine(675): action_info 255 240 165 100 75
11-12 21:13:28.052 I/ThermalEngine(675): [QUIET_THERM_CPU_HOTPLUG]
11-12 21:13:28.052 I/ThermalEngine(675): algo_type monitor
11-12 21:13:28.052 I/ThermalEngine(675): sampling 1000
11-12 21:13:28.052 I/ThermalEngine(675): sensor quiet_therm
11-12 21:13:28.052 I/ThermalEngine(675): thresholds 35000
11-12 21:13:28.052 I/ThermalEngine(675): thresholds_clr 33000
11-12 21:13:28.052 I/ThermalEngine(675): actions hotplug_5+hotplug_6+hotplug_0
11-12 21:13:28.052 I/ThermalEngine(675): action_info 1+1+1
11-12 21:13:28.052 I/ThermalEngine(675): [QUIET_THERM_BATTERY_MITIGATION]
11-12 21:13:28.052 I/ThermalEngine(675): algo_type monitor
11-12 21:13:28.052 I/ThermalEngine(675): sampling 1000
11-12 21:13:28.052 I/ThermalEngine(675): sensor quiet_therm
11-12 21:13:28.052 I/ThermalEngine(675): thresholds 39000 43000 53000 55000
11-12 21:13:28.052 I/ThermalEngine(675): thresholds_clr 34000 39000 43000 53000
11-12 21:13:28.052 I/ThermalEngine(675): actions battery battery battery battery
11-12 21:13:28.052 I/ThermalEngine(675): action_info 0 1 2 3
11-12 21:13:28.052 I/ThermalEngine(675): [PMIC-ALARM-MONITOR]
11-12 21:13:28.052 I/ThermalEngine(675): #algo_type monitor
11-12 21:13:28.052 I/ThermalEngine(675): sampling 1000
11-12 21:13:28.052 I/ThermalEngine(675): sensor pm8994_tz
11-12 21:13:28.052 I/ThermalEngine(675): thresholds 107000 127000
11-12 21:13:28.052 I/ThermalEngine(675): thresholds_clr 103000 123000
11-12 21:13:28.052 I/ThermalEngine(675): actions hotplug_7+hotplug_6+hotplug_5+hotplug_4+hotplug_3+hotplug_2+hotplug_1+cluster1+cluster0 hotplug_7+hotplug_6+hotplug_5+hotplug_4+hotplug_3+hotplug_2+hotplug_1
11-12 21:13:28.052 I/ThermalEngine(675): action_info 0+0+0+0+0+0+0+302400+302400 1+1+1+1+1+1+1
11-12 21:13:28.052 I/ThermalEngine(675): [VDD_RSTR_MONITOR-TSENS15]
11-12 21:13:28.052 I/ThermalEngine(675): #algo_type monitor
11-12 21:13:28.052 I/ThermalEngine(675): sampling 1000
11-12 21:13:28.052 I/ThermalEngine(675): sensor tsens_tz_sensor15
11-12 21:13:28.052 I/ThermalEngine(675): thresholds 5000
11-12 21:13:28.052 I/ThermalEngine(675): thresholds_clr 10000
11-12 21:13:28.052 I/ThermalEngine(675): actions vdd_restriction
11-12 21:13:28.052 I/ThermalEngine(675): action_info 1
11-12 21:13:28.052 I/ThermalEngine(675): descending
11-12 21:13:28.052 I/ThermalEngine(675): [VDD_RSTR_MONITOR-TSENS14]
11-12 21:13:28.052 I/ThermalEngine(675): #algo_type monitor
11-12 21:13:28.052 I/ThermalEngine(675): sampling 1000
11-12 21:13:28.052 I/ThermalEngine(675): sensor tsens_tz_sensor14
11-12 21:13:28.052 I/ThermalEngine(675): thresholds 5000
11-12 21:13:28.052 I/ThermalEngine(675): thresholds_clr 10000
11-12 21:13:28.052 I/ThermalEngine(675): actions vdd_restriction
11-12 21:13:28.052 I/ThermalEngine(675): action_info 1
11-12 21:13:28.052 I/ThermalEngine(675): descending
11-12 21:13:28.052 I/ThermalEngine(675): [VDD_RSTR_MONITOR-TSENS13]
11-12 21:13:28.052 I/ThermalEngine(675): #algo_type monitor
11-12 21:13:28.052 I/ThermalEngine(675): sampling 1000
11-12 21:13:28.052 I/ThermalEngine(675): sensor tsens_tz_sensor13
