11-12 21:13:42.002 D/ACDB-LOADER(671): ACDB -> ACDB_CMD_GET_ANC_SETTING
11-12 21:13:42.002 D/        (671): Failed to fetch the lookup information of the device 0000001D 
11-12 21:13:42.003 E/ACDB-LOADER(671): Error: ACDB ANC returned = -1
11-12 21:13:42.003 D/ACDB-LOADER(671): ACDB -> ACDB_CMD_GET_ANC_SETTING
11-12 21:13:42.003 D/        (671): Failed to fetch the lookup information of the device 0000001E 
11-12 21:13:42.003 E/ACDB-LOADER(671): Error: ACDB ANC returned = -1
11-12 21:13:42.003 D/ACDB-LOADER(671): ACDB -> ACDB_CMD_GET_ANC_SETTING
11-12 21:13:42.003 D/        (671): Failed to fetch the lookup information of the device 0000001F 
11-12 21:13:42.003 E/ACDB-LOADER(671): Error: ACDB ANC returned = -1
11-12 21:13:42.003 D/ACDB-LOADER(671): ACDB -> ACDB_CMD_GET_ANC_SETTING
11-12 21:13:42.003 D/        (671): Failed to fetch the lookup information of the device 00000067 
11-12 21:13:42.003 E/ACDB-LOADER(671): Error: ACDB ANC returned = -1
11-12 21:13:42.003 D/ACDB-LOADER(671): ACDB -> ACDB_CMD_GET_ANC_SETTING
11-12 21:13:42.003 D/        (671): Failed to fetch the lookup information of the device 00000056 
11-12 21:13:42.003 E/ACDB-LOADER(671): Error: ACDB ANC returned = -1
11-12 21:13:42.003 D/ACDB-LOADER(671): ACDB -> ACDB_CMD_GET_ANC_SETTING
11-12 21:13:42.003 D/        (671): Failed to fetch the lookup information of the device 00000059 
11-12 21:13:42.003 E/ACDB-LOADER(671): Error: ACDB ANC returned = -1
11-12 21:13:42.003 D/msm8974_platform(671): send_codec_cal cal sent for anc_cal
11-12 21:13:42.003 E/ACDB-LOADER(671): ACDB -> send_codec_cal
11-12 21:13:42.003 E/ACDB-LOADER(671): ACDB -> ACDB_CMD_GET_CODEC_CAL_DATA
11-12 21:13:42.003 D/        (671): Failed to fetch the lookup information of the device 00000064 
11-12 21:13:42.003 E/ACDB-LOADER(671): Error: ACDB CODEC CAL returned = -1
11-12 21:13:42.003 E/msm8974_platform(671): Failed to call ioctl  for mad_cal err=14
11-12 21:13:42.003 D/msm8974_platform(671): send_codec_cal cal sent for mad_cal
11-12 21:13:42.003 D/ACDB-LOADER(671): send mbhc data
11-12 21:13:42.003 D/ACDB-LOADER(671): ACDB -> MBHC ACDB_PID_GENERAL_CONFIG
11-12 21:13:42.003 D/        (671): Failed to fetch the lookup information of the globaldata table
11-12 21:13:42.003 E/ACDB-LOADER(671): Error reading MBHC general config returned = ffffffff
11-12 21:13:42.003 E/msm8974_platform(671): Failed to call ioctl  for mbhc_cal err=14
11-12 21:13:42.003 D/msm8974_platform(671): send_codec_cal cal sent for mbhc_cal
11-12 21:13:42.007 E/audio_hw_primary(671): Amplifier initialization failed
11-12 21:13:42.010 E/audio_hw_extn(671): audio_extn_perf_lock_init: Perf lock handles Success 
11-12 21:13:42.010 I/AudioFlinger(671): loadHwModule() Loaded primary audio interface from QCOM Audio HAL (audio) handle 1
11-12 21:13:42.010 I/AudioFlinger(671): openOutput(), module 1 Device 2, SamplingRate 48000, Format 0x000001, Channels 3, flags 6
11-12 21:13:42.010 D/audio_hw_primary(671): adev_open_output_stream: enter: sample_rate(48000) channel_mask(0x3) devices(0x2) flags(0x6)        stream_handle(0xf2a24f00)
11-12 21:13:42.010 D/audio_hw_primary(671): adev_open_output_stream: Stream (0xf2a24f00) picks up usecase (low-latency-playback)
11-12 21:13:42.010 I/AudioFlinger(671): AudioStreamOut::open(), mHalFormatIsLinearPcm = 1
11-12 21:13:42.010 I/AudioFlinger(671): HAL output buffer size 240 frames, normal sink buffer size 960 frames
11-12 21:13:42.034 W/EffectsFactory(671): Error querying effect 7d1580bd-297f-4683-9239-e475b6d1d69f on lib offload_bundle
11-12 21:13:42.034 I/BufferProvider(671): found effect "Multichannel Downmix To Stereo" from The Android Open Source Project
11-12 21:13:42.035 E/MonoPipe(671): Failed to fetch local time frequency when constructing a MonoPipe (res = -32).  getNextWriteTimestamp calls will be non-functional
11-12 21:13:42.035 I/AudioFlinger(671): Using module 1 has the primary audio interface
11-12 21:13:42.035 I/AudioFlinger(671): AudioFlinger's thread 0xf22c0000 ready to run
11-12 21:13:42.035 D/audio_hw_primary(671): out_set_parameters: enter: usecase(1: low-latency-playback) kvpairs: routing=2
11-12 21:13:42.036 D/audio_hw_primary(671): out_standby: enter: stream (0xf2a24f00) usecase(1: low-latency-playback)
11-12 21:13:42.036 E/AudioFlinger(671): no wake lock to update!
11-12 21:13:42.038 I/AudioFlinger(671): openOutput(), module 1 Device 2, SamplingRate 48000, Format 0x000001, Channels 3, flags 104
11-12 21:13:42.038 D/audio_hw_primary(671): adev_open_output_stream: enter: sample_rate(48000) channel_mask(0x3) devices(0x2) flags(0x104)        stream_handle(0xf2a25080)
11-12 21:13:42.038 D/audio_hw_primary(671): adev_open_output_stream: Stream (0xf2a25080) picks up usecase (audio-ull-playback)
11-12 21:13:42.038 I/AudioFlinger(671): AudioStreamOut::open(), mHalFormatIsLinearPcm = 1
11-12 21:13:42.038 I/AudioFlinger(671): HAL output buffer size 240 frames, normal sink buffer size 960 frames
11-12 21:13:42.039 I/AudioFlinger(671): AudioFlinger's thread 0xf1f00000 ready to run
11-12 21:13:42.039 D/audio_hw_primary(671): out_set_parameters: enter: usecase(4: audio-ull-playback) kvpairs: routing=2
11-12 21:13:42.039 D/audio_hw_primary(671): out_standby: enter: stream (0xf2a25080) usecase(4: audio-ull-playback)
11-12 21:13:42.039 E/AudioFlinger(671): no wake lock to update!
11-12 21:13:42.045 I/AudioFlinger(671): openOutput(), module 1 Device 2, SamplingRate 48000, Format 0x000001, Channels 3, flags 8
11-12 21:13:42.045 D/audio_hw_primary(671): adev_open_output_stream: enter: sample_rate(48000) channel_mask(0x3) devices(0x2) flags(0x8)        stream_handle(0xf2a25200)
11-12 21:13:42.045 D/audio_hw_primary(671): adev_open_output_stream: Stream (0xf2a25200) picks up usecase (deep-buffer-playback)
11-12 21:13:42.045 I/AudioFlinger(671): AudioStreamOut::open(), mHalFormatIsLinearPcm = 1
11-12 21:13:42.045 I/AudioFlinger(671): HAL output buffer size 960 frames, normal sink buffer size 960 frames
11-12 21:13:42.045 I/AudioFlinger(671): AudioFlinger's thread 0xf1bc0000 ready to run
11-12 21:13:42.046 D/audio_hw_primary(671): out_standby: enter: stream (0xf2a25200) usecase(0: deep-buffer-playback)
11-12 21:13:42.046 D/audio_hw_primary(671): out_set_parameters: enter: usecase(0: deep-buffer-playback) kvpairs: routing=2
11-12 21:13:42.046 E/AudioFlinger(671): no wake lock to update!
11-12 21:13:42.047 I/AudioFlinger(671): openOutput(), module 1 Device 10000, SamplingRate 48000, Format 0x000001, Channels 3, flags 0
11-12 21:13:42.047 D/audio_hw_primary(671): adev_open_output_stream: enter: sample_rate(48000) channel_mask(0x3) devices(0x10000) flags(0)        stream_handle(0xf2a25380)
11-12 21:13:42.047 D/audio_hw_primary(671): adev_open_output_stream: Stream (0xf2a25380) picks up usecase (afe-proxy-playback)
11-12 21:13:42.047 I/AudioFlinger(671): AudioStreamOut::open(), mHalFormatIsLinearPcm = 1
11-12 21:13:42.047 I/AudioFlinger(671): HAL output buffer size 768 frames, normal sink buffer size 1152 frames
11-12 21:13:42.048 I/AudioFlinger(671): AudioFlinger's thread 0xf1a40000 ready to run
11-12 21:13:42.048 D/audio_hw_primary(671): out_set_parameters: enter: usecase(30: afe-proxy-playback) kvpairs: routing=65536
11-12 21:13:42.048 D/audio_hw_primary(671): out_standby: enter: stream (0xf2a25380) usecase(30: afe-proxy-playback)
11-12 21:13:42.051 E/AudioFlinger(671): no wake lock to update!
11-12 21:13:42.055 D/audio_hw_primary(671): adev_open_input_stream: enter: sample_rate(48000) channel_mask(0xfc) devices(0x80000004)        stream_handle(0xf24ba600) io_handle(10) source(1)
11-12 21:13:42.056 I/AudioFlinger(671): AudioFlinger's thread 0xf1740000 ready to run
11-12 21:13:42.056 D/audio_hw_primary(671): adev_close_input_stream: enter:stream_handle(0xf24ba600)
11-12 21:13:42.056 D/audio_hw_primary(671): in_standby: enter: stream (0xf24ba600) usecase(9: audio-record)
11-12 21:13:42.056 D/audio_hw_primary(671): adev_open_input_stream: enter: sample_rate(48000) channel_mask(0xc) devices(0x80000040)        stream_handle(0xf24ba600) io_handle(11) source(1)
11-12 21:13:42.056 D/audio_hw_primary(671): adev_open_input_stream: enter: sample_rate(48000) channel_mask(0xc) devices(0x80000040)        stream_handle(0xf24ba600) io_handle(11) source(1)
11-12 21:13:42.056 W/APM::AudioPolicyManager(671): Cannot open input stream for device 80000040 on hw module primary
11-12 21:13:42.061 I/bt_a2dp_hw(671): adev_open:  adev_open in A2dp_hw module
11-12 21:13:42.061 I/AudioFlinger(671): loadHwModule() Loaded a2dp audio interface from A2DP Audio HW HAL (audio) handle 12
11-12 21:13:42.065 I/AudioFlinger(671): loadHwModule() Loaded usb audio interface from USB audio HW HAL (audio) handle 13
11-12 21:13:42.066 I/r_submix(671): adev_open(name=audio_hw_if)
11-12 21:13:42.066 I/r_submix(671): adev_init_check()
11-12 21:13:42.066 I/AudioFlinger(671): loadHwModule() Loaded r_submix audio interface from Wifi Display audio HAL (audio) handle 14
11-12 21:13:42.066 D/r_submix(671): adev_open_input_stream(addr=0)
11-12 21:13:42.066 D/r_submix(671): submix_audio_device_create_pipe_l(addr=0, idx=9)
11-12 21:13:42.066 D/r_submix(671):   now using address 0 for route 9
11-12 21:13:42.067 I/AudioFlinger(671): AudioFlinger's thread 0xf1740000 ready to run
11-12 21:13:42.067 D/r_submix(671): adev_close_input_stream()
11-12 21:13:42.067 D/r_submix(671): submix_audio_device_release_pipe_l(idx=9) addr=0
11-12 21:13:42.067 D/r_submix(671): submix_audio_device_destroy_pipe_l(): pipe destroyed
11-12 21:13:42.072 D/sound_trigger_hw(671): stdev_open: Enter
11-12 21:13:42.072 I/sound_trigger_platform(671): platform_stdev_init: Enter
11-12 21:13:42.123 I/Xposed  (689):   Loading class me.gitai.smscodehelper.xposed.SMSHandlerHook
11-12 21:13:42.123 I/Xposed  (689):   Loading class me.gitai.smscodehelper.xposed.XposedUtilsHook
11-12 21:13:42.126 I/Xposed  (689): Loading modules from /data/app/com.iacn.bilineat-1/base.apk
11-12 21:13:42.209 W/Zygote  (3499): Got error connecting to zygote, retrying. msg= Connection refused
11-12 21:13:42.313 I/Xposed  (689):   Loading class com.iacn.bilineat.XposedInit
11-12 21:13:42.320 I/Xposed  (689): Loading modules from /data/app/net.typeblog.webview-1/base.apk
11-12 21:13:42.372 I/Xposed  (689):   Loading class net.typeblog.webview.ModWebView
11-12 21:13:42.382 I/sound_trigger_platform(671): platform_stdev_init: acdb_init: msm8994-tomtom-mtp-snd-card
11-12 21:13:42.382 E/ACDB-LOADER(671): ACDB -> No .acdb files found in /etc!
11-12 21:13:42.382 E/ACDB-LOADER(671): ACDB -> Error: Could not open any directory! Failed for /etc
11-12 21:13:42.382 E/ACDB-LOADER(671): ACDB -> Could not load .acdb files!
11-12 21:13:42.382 E/sound_trigger_platform(671): platform_stdev_init: ERROR. acdb_loader_init_v2 failed status -19
11-12 21:13:42.385 E/sound_trigger_hw(671): stdev_open: ERROR. platform init failed
11-12 21:13:42.385 D/sound_trigger_hw(671): stdev_open: Exit status -19
11-12 21:13:42.385 E/SoundTriggerHwService(671): couldn't open sound trigger hw device in sound_trigger.primary (No such device)
11-12 21:13:42.385 I/RadioService(671): RadioService
11-12 21:13:42.385 I/RadioService(671): onFirstRef
11-12 21:13:42.386 E/RadioService(671): couldn't load radio module radio.primary (No such file or directory)
11-12 21:13:42.417 I/Xposed  (689): Loading modules from /data/app/com.thermatk.android.xf.telegram-1/base.apk
11-12 21:13:42.677 I/Xposed  (689):   Loading class com.thermatk.android.xf.telegram.Xposed
11-12 21:13:42.783 I/Xposed  (689): Loading modules from /data/app/io.github.francoiscampbell.xposeddatausage-1/base.apk
11-12 21:13:42.861 I/MSM-irqbalance(779): Decided to move IRQ57 from CPU0 to CPU2
11-12 21:13:42.943 I/Xposed  (689):   Loading class io.github.francoiscampbell.xposeddatausage.Module
11-12 21:13:42.952 I/Xposed  (689): Loading modules from /data/app/com.ryansteckler.nlpunbounce-2/base.apk
11-12 21:13:43.026 I/Xposed  (689):   Loading class com.ryansteckler.nlpunbounce.hooks.Wakelocks
11-12 21:13:43.027 I/Xposed  (689): Loading modules from /data/app/net.fypm.InstallerOpt-1/base.apk
11-12 21:13:43.178 I/Xposed  (689):   Loading class net.fypm.InstallerOpt.Main
11-12 21:13:43.190 I/Xposed  (689): [ InstallerOpt Debug Start - ROM Detection ]
11-12 21:13:43.191 I/Xposed  (689):      Neither TW nor CM rom detected
11-12 21:13:43.191 I/Xposed  (689): [ InstallerOpt Debug End - ROM Detection ]
11-12 21:13:43.191 I/Xposed  (689): [ InstallerOpt Debug Start - XSharedPreferences - Init ]
11-12 21:13:43.197 I/Xposed  (689):      Success
11-12 21:13:43.197 I/Xposed  (689): [ InstallerOpt Debug End - XSharedPreferences - Init ]
11-12 21:13:43.197 I/Xposed  (689): [ InstallerOpt Debug Start - Signature Checking and Verification Overview ]
11-12 21:13:43.197 I/Xposed  (689):      Disable signature check status: true
11-12 21:13:43.197 I/Xposed  (689):      Disable application verification status: true
11-12 21:13:43.197 I/Xposed  (689): [ InstallerOpt Debug End - Signature Checking and Verification Overview ]
11-12 21:13:43.202 I/Xposed  (689): Loading modules from /data/app/de.xiaoxia.xstatusbarlunardate-1/base.apk
11-12 21:13:43.210 W/Zygote  (3499): Got error connecting to zygote, retrying. msg= Connection refused
11-12 21:13:43.261 I/Xposed  (689):   Loading class de.xiaoxia.xstatusbarlunardate.Main
11-12 21:13:43.265 W/XSharedPreferences(689): getSharedPreferences
11-12 21:13:43.265 W/XSharedPreferences(689): java.io.IOException: Permission denied while reading /data/data/de.xiaoxia.xstatusbarlunardate/shared_prefs/de.xiaoxia.xstatusbarlunardate_preferences.xml
11-12 21:13:43.265 W/XSharedPreferences(689): 	at de.robv.android.xposed.services.ZygoteService.readFile(Native Method)
11-12 21:13:43.265 W/XSharedPreferences(689): 	at de.robv.android.xposed.services.ZygoteService.readFile(ZygoteService.java:24)
11-12 21:13:43.265 W/XSharedPreferences(689): 	at de.robv.android.xposed.services.BaseService.getFileInputStream(BaseService.java:148)
11-12 21:13:43.265 W/XSharedPreferences(689): 	at de.robv.android.xposed.XSharedPreferences.loadFromDiskLocked(XSharedPreferences.java:122)
11-12 21:13:43.265 W/XSharedPreferences(689): 	at de.robv.android.xposed.XSharedPreferences.access$000(XSharedPreferences.java:28)
11-12 21:13:43.265 W/XSharedPreferences(689): 	at de.robv.android.xposed.XSharedPreferences$1.run(XSharedPreferences.java:107)
11-12 21:13:43.268 I/Xposed  (689):   Loading class de.xiaoxia.xstatusbarlunardate.Lockscreen
11-12 21:13:43.269 I/Xposed  (689): Loading modules from /data/app/pl.cinek.adblocker-1/base.apk
11-12 21:13:43.374 I/Xposed  (689):   Loading class pl.cinek.adblocker.Main
11-12 21:13:43.406 I/Xposed  (689): Loading modules from /data/app/tk.wasdennnoch.androidn_ify-2/base.apk
11-12 21:13:43.588 I/Xposed  (689):   Loading class tk.wasdennnoch.androidn_ify.XposedHook
11-12 21:13:43.607 I/Xposed  (689): [Android N-ify] [INFO] XposedHook: Version jenkins-AndroidN-ify-769 (6)
11-12 21:13:43.607 I/Xposed  (689): [Android N-ify] [INFO] XposedHook: Automated Build; Version: 769
11-12 21:13:43.607 I/Xposed  (689): [Android N-ify] [INFO] XposedHook: Build Time: 2016-11-12T10:39Z
11-12 21:13:43.608 I/Xposed  (689): [Android N-ify] [INFO] XposedHook: Git SHA: 3c2bb996b1de7e051193cef0c3875b1fbedc81e8
11-12 21:13:43.611 I/Xposed  (689): [Android N-ify] [INFO] XposedHook: Experimental features enabled
11-12 21:13:43.611 I/Xposed  (689): [Android N-ify] [INFO] XposedHook: ---- Device info ----
11-12 21:13:43.611 I/Xposed  (689): [Android N-ify] [INFO] XposedHook: SDK Version: 23
11-12 21:13:43.611 I/Xposed  (689): [Android N-ify] [INFO] XposedHook: Build ID: oneplus2-userdebug 6.0.1 M4B30X 31e779cbf4 test-keys
11-12 21:13:43.612 I/Xposed  (689): [Android N-ify] [INFO] XposedHook: Manufacturer: OnePlus
11-12 21:13:43.612 I/Xposed  (689): [Android N-ify] [INFO] XposedHook: Brand: OnePlus
11-12 21:13:43.612 I/Xposed  (689): [Android N-ify] [INFO] XposedHook: Model: A2001
11-12 21:13:43.612 I/Xposed  (689): Loading modules from /data/app/bin.xposed.Unblock163MusicClient-2/base.apk
11-12 21:13:43.669 I/Xposed  (689):   Loading class bin.xposed.Unblock163MusicClient.Main
11-12 21:13:43.670 I/Xposed  (689): Loading modules from /data/app/com.crossbowffs.nekosms-1/base.apk
11-12 21:13:43.814 I/Xposed  (689):   Loading class com.crossbowffs.nekosms.xposed.SmsHandlerHook
11-12 21:13:43.822 I/Xposed  (689):   Loading class com.crossbowffs.nekosms.xposed.XposedUtilsHook
11-12 21:13:43.823 I/Xposed  (689): Loading modules from /data/app/com.fkzhang.wechatforwarder-1/base.apk
11-12 21:13:43.938 I/Xposed  (689):   Loading class com.fkzhang.wechatforwarder.XposedInit
11-12 21:13:43.944 I/Xposed  (689): Loading modules from /data/app/com.flarejune.perfectcolorbar-1/base.apk
11-12 21:13:43.999 I/Xposed  (689):   Loading class com.flarejune.perfectcolorbar.XposedHook
11-12 21:13:44.092 I/Xposed  (689): Loading modules from /data/app/bin.xposed.screenshotdelayremover.mod-1/base.apk
11-12 21:13:44.116 I/Xposed  (689):   Loading class bin.xposed.screenshotdelayremover.mod.XposedMod
11-12 21:13:44.116 I/Xposed  (689): Loading modules from /data/app/com.android.vending.billing.InAppBillingService.LOCK-1/base.apk
11-12 21:13:44.211 W/Zygote  (3499): Got error connecting to zygote, retrying. msg= Connection refused
11-12 21:13:44.255 I/Xposed  (689):   Loading class com.chelpus.XSupport
11-12 21:13:44.282 I/Xposed  (689): Loading modules from /data/app/com.fkzhang.wechatunrecalled-2/base.apk
11-12 21:13:44.392 I/Xposed  (689):   Loading class com.fkzhang.wechatunrecalled.XposedInit
11-12 21:13:44.398 I/Xposed  (689): Loading modules from /data/app/net.darkion.ripple.master-1/base.apk
11-12 21:13:44.450 I/Xposed  (689):   Loading class net.darkion.ripple.master.Main
11-12 21:13:44.464 E/xposed  (689): disabled false
11-12 21:13:44.464 I/Xposed  (689): Loading modules from /data/app/com.baoyz.bigbang-1/base.apk
11-12 21:13:44.527 I/Xposed  (689):   Loading class com.baoyz.bigbang.core.xposed.XposedBigBang
11-12 21:13:44.543 I/Xposed  (689): Loading modules from /data/app/name.caiyao.fakegps-1/base.apk
11-12 21:13:44.652 I/Xposed  (689):   Loading class name.caiyao.fakegps.MainHook
11-12 21:13:44.661 I/Xposed  (689): Loading modules from /data/app/com.crossbowffs.noautoshortcut-1/base.apk
11-12 21:13:44.682 I/Xposed  (689):   Loading class com.crossbowffs.noautoshortcut.Hook
11-12 21:13:44.682 I/Xposed  (689): Loading modules from /data/app/com.github.marloww.moremocklocationapps-1/base.apk
11-12 21:13:44.718 I/Xposed  (689):   Loading class com.github.marloww.moremocklocationapps.XposedModule
11-12 21:13:44.719 I/Xposed  (689): Loading modules from /data/app/de.robv.android.xposed.mods.appsettings-1/base.apk
11-12 21:13:44.750 I/Xposed  (689):   Loading class de.robv.android.xposed.mods.appsettings.XposedMod
11-12 21:13:44.770 I/Xposed  (689): Loading modules from /data/app/com.fkzhang.wechatcontactsmanager-2/base.apk
11-12 21:13:44.930 I/Xposed  (689):   Loading class com.fkzhang.wechatcontactsmanager.XposedInit
11-12 21:13:44.939 I/Xposed  (689): Loading modules from /data/app/xyz.paphonb.cmheadseticon-1/base.apk
11-12 21:13:45.051 I/art     (689): Background sticky concurrent mark sweep GC freed 143470(9MB) AllocSpace objects, 143(4MB) LOS objects, 49% free, 12MB/25MB, paused 2.779ms total 227.415ms
11-12 21:13:45.088 I/Xposed  (689):   Loading class xyz.paphonb.cmheadseticon.xposed.CMHeadsetIconXposed
11-12 21:13:45.115 I/Xposed  (689): Loading modules from /data/app/com.czbix.xposed.wifipassword-1/base.apk
11-12 21:13:45.138 I/Xposed  (689):   Loading class com.czbix.xposed.wifipassword.Patch
11-12 21:13:45.142 I/SamplingProfilerIntegration(689): Profiling disabled.
11-12 21:13:45.150 D/Zygote  (689): begin preload
11-12 21:13:45.151 I/Zygote  (689): Preloading classes...
11-12 21:13:45.257 E/Minikin (689): addFont failed to create font /system/fonts/NanumGothic.ttf
11-12 21:13:45.258 E/Minikin (689): addFont failed to create font /system/fonts/DroidSansFallback.ttf
11-12 21:13:45.258 E/Minikin (689): addFont failed to create font /system/fonts/MTLmr3m.ttf
11-12 21:13:45.327 V/DngCreator_JNI(689): DngCreator_nativeClassInit:
11-12 21:13:45.653 I/art     (689): Thread[1,tid=689,Native,Thread*=0xf5636500,peer=0x12c35100,"main"] recursive attempt to load library "/system/lib/libmedia_jni.so"
11-12 21:13:45.654 D/MtpDeviceJNI(689): register_android_mtp_MtpDevice
11-12 21:13:45.655 I/art     (689): Thread[1,tid=689,Native,Thread*=0xf5636500,peer=0x12c35100,"main"] recursive attempt to load library "/system/lib/libmedia_jni.so"
11-12 21:13:45.655 I/art     (689): Thread[1,tid=689,Native,Thread*=0xf5636500,peer=0x12c35100,"main"] recursive attempt to load library "/system/lib/libmedia_jni.so"
11-12 21:13:45.795 E/EmojiFactory_jni(689): Failed to load libemoji.so: dlopen failed: library "libemoji.so" not found
11-12 21:13:45.865 W/System  (689): ClassLoader referenced unknown path: /system/framework/tcmclient.jar
11-12 21:13:45.983 I/System  (689): Loaded time zone names for "" in 73ms (70ms in ICU)
11-12 21:13:46.035 I/System  (689): Loaded time zone names for "en_US" in 52ms (47ms in ICU)
11-12 21:13:46.094 I/System  (689): Loaded time zone names for "zh_CN" in 59ms (55ms in ICU)
11-12 21:13:46.117 I/Zygote  (689): ...preloaded 3831 classes in 966ms.
11-12 21:13:46.117 I/art     (689): VMRuntime.preloadDexCaches starting
11-12 21:13:46.344 I/art     (689): VMRuntime.preloadDexCaches strings total=248757 before=46538 after=46538
11-12 21:13:46.344 I/art     (689): VMRuntime.preloadDexCaches types total=20311 before=6966 after=7020
11-12 21:13:46.344 I/art     (689): VMRuntime.preloadDexCaches fields total=100455 before=36424 after=36871
11-12 21:13:46.344 I/art     (689): VMRuntime.preloadDexCaches methods total=172362 before=71235 after=72462
11-12 21:13:46.344 I/art     (689): VMRuntime.preloadDexCaches finished
11-12 21:13:46.344 I/Zygote  (689): Preload resources disabled, skipped.
11-12 21:13:46.356 D/libEGL  (689): loaded /vendor/lib/egl/libEGL_adreno.so
11-12 21:13:46.667 D/libEGL  (689): loaded /vendor/lib/egl/libGLESv1_CM_adreno.so
11-12 21:13:46.697 D/libEGL  (689): loaded /vendor/lib/egl/libGLESv2_adreno.so
11-12 21:13:46.743 I/Zygote  (689): Preloading shared libraries...
11-12 21:13:46.762 D/Zygote  (689): end preload
11-12 21:13:46.763 I/art     (689): Starting a blocking GC Explicit
11-12 21:13:46.870 I/art     (689): Explicit concurrent mark sweep GC freed 33059(5MB) AllocSpace objects, 138(2MB) LOS objects, 70% free, 13MB/45MB, paused 697us total 104.712ms
11-12 21:13:46.873 I/art     (689): Starting a blocking GC Explicit
11-12 21:13:46.951 I/art     (689): Explicit concurrent mark sweep GC freed 247(8KB) AllocSpace objects, 0(0B) LOS objects, 70% free, 13MB/45MB, paused 732us total 77.802ms
11-12 21:13:46.951 I/Zygote  (689): Accepting command socket connections
11-12 21:13:46.959 I/Zygote  (3499): Process: zygote socket opened, supported ABIS: armeabi-v7a,armeabi
11-12 21:13:46.960 I/InstallerConnection(3499): connecting...
11-12 21:13:46.961 I/installd(672): new connection
11-12 21:13:47.085 I/InstallerConnection(3499): disconnecting...
11-12 21:13:47.086 E/installd(672): eof
11-12 21:13:47.086 E/installd(672): failed to read size
11-12 21:13:47.086 I/installd(672): closing connection
11-12 21:13:47.131 I/SystemServer(3499): Entered the Android system server!
11-12 21:13:47.544 E/Xposed  (3499): java.lang.NullPointerException: Attempt to invoke interface method 'android.app.IActivityManager$ContentProviderHolder android.app.IActivityManager.getContentProvider(android.app.IApplicationThread, java.lang.String, int, boolean)' on a null object reference
11-12 21:13:47.544 E/Xposed  (3499): 	at android.app.ActivityThread.acquireProvider(ActivityThread.java:4842)
11-12 21:13:47.544 E/Xposed  (3499): 	at android.app.ContextImpl$ApplicationContentResolver.acquireUnstableProvider(ContextImpl.java:2018)
11-12 21:13:47.544 E/Xposed  (3499): 	at android.content.ContentResolver.acquireUnstableProvider(ContentResolver.java:1471)
11-12 21:13:47.544 E/Xposed  (3499): 	at android.content.ContentResolver.query(ContentResolver.java:477)
11-12 21:13:47.544 E/Xposed  (3499): 	at android.content.ContentResolver.query(ContentResolver.java:435)
11-12 21:13:47.544 E/Xposed  (3499): 	at name.caiyao.fakegps.MainHook.handleLoadPackage(Unknown Source)
11-12 21:13:47.544 E/Xposed  (3499): 	at de.robv.android.xposed.IXposedHookLoadPackage$Wrapper.handleLoadPackage(IXposedHookLoadPackage.java:34)
11-12 21:13:47.544 E/Xposed  (3499): 	at de.robv.android.xposed.callbacks.XC_LoadPackage.call(XC_LoadPackage.java:61)
11-12 21:13:47.544 E/Xposed  (3499): 	at de.robv.android.xposed.callbacks.XCallback.callAll(XCallback.java:106)
11-12 21:13:47.544 E/Xposed  (3499): 	at de.robv.android.xposed.XposedInit$3$1.beforeHookedMethod(XposedInit.java:146)
11-12 21:13:47.544 E/Xposed  (3499): 	at de.robv.android.xposed.XposedBridge.handleHookedMethod(XposedBridge.java:314)
11-12 21:13:47.544 E/Xposed  (3499): 	at com.android.server.SystemServer.startBootstrapServices(<Xposed>)
11-12 21:13:47.544 E/Xposed  (3499): 	at com.android.server.SystemServer.run(SystemServer.java:286)
11-12 21:13:47.544 E/Xposed  (3499): 	at com.android.server.SystemServer.main(SystemServer.java:173)
11-12 21:13:47.544 E/Xposed  (3499): 	at java.lang.reflect.Method.invoke(Native Method)
11-12 21:13:47.544 E/Xposed  (3499): 	at com.android.internal.os.ZygoteInit$MethodAndArgsCaller.run(ZygoteInit.java:728)
11-12 21:13:47.544 E/Xposed  (3499): 	at com.android.internal.os.ZygoteInit.main(ZygoteInit.java:618)
11-12 21:13:47.544 E/Xposed  (3499): 	at de.robv.android.xposed.XposedBridge.main(XposedBridge.java:102)
11-12 21:13:47.634 I/Xposed  (3499): xposeddatausage/Nuking PERMISSION_READ_NETWORK_USAGE_HISTORY check
11-12 21:13:47.743 I/Xposed  (3499): Amplify: Version 3.3.8
11-12 21:13:47.743 I/Xposed  (3499): Amplify: Attempting 19to23 AlarmHook
11-12 21:13:47.745 I/Xposed  (3499): Amplify: Successful 19to23 AlarmHook
11-12 21:13:47.746 I/Xposed  (3499): Amplify: Attempting 21to23 WakeLockHook
11-12 21:13:47.750 I/Xposed  (3499): Amplify: Successful 21to23 WakeLockHook
11-12 21:13:47.750 I/Xposed  (3499): Amplify: Service Blocking Status: true
11-12 21:13:47.750 I/Xposed  (3499): Amplify: Attempting 23 ServiceHook
11-12 21:13:47.752 I/Xposed  (3499): Amplify: Successful 23 ServiceHook
11-12 21:13:47.861 I/MSM-irqbalance(779): Decided to move IRQ188 from CPU0 to CPU2
11-12 21:13:48.020 I/SystemServiceManager(3499): Starting com.android.server.pm.Installer
11-12 21:13:48.031 I/Installer(3499): Waiting for installd to be ready.
11-12 21:13:48.031 I/InstallerConnection(3499): connecting...
11-12 21:13:48.031 I/installd(672): new connection
11-12 21:13:48.032 I/SystemServiceManager(3499): Starting com.android.server.am.ActivityManagerService$Lifecycle
11-12 21:13:48.055 I/XXXXXX  (3499): choosing minFree values for 64 Bit
11-12 21:13:48.055 I/XXXXXX  (3499): choosing minFree values for 64 Bit
11-12 21:13:48.055 I/XXXXXX  (3499): choosing minFree values for 64 Bit
11-12 21:13:48.055 I/XXXXXX  (3499): choosing minFree values for 64 Bit
11-12 21:13:48.055 I/XXXXXX  (3499): choosing minFree values for 64 Bit
11-12 21:13:48.055 I/XXXXXX  (3499): choosing minFree values for 64 Bit
11-12 21:13:48.066 I/ActivityManager(3499): Memory class: 256
11-12 21:13:48.069 I/ServiceThread(3499): Enabled StrictMode logging for ActivityManager looper.
11-12 21:13:48.071 I/ServiceThread(3499): Enabled StrictMode logging for android.ui looper.
11-12 21:13:48.094 D/BatteryStatsImpl(3499): Reading daily items from /data/system/batterystats-daily.xml
11-12 21:13:48.336 I/IntentFirewall(3499): Read new rules (A:0 B:0 S:0)
11-12 21:13:48.347 I/ServiceThread(3499): Enabled StrictMode logging for android.display looper.
11-12 21:13:48.364 D/AppOps  (3499): AppOpsService published
11-12 21:13:48.367 I/SystemServiceManager(3499): Starting com.android.server.power.PowerManagerService
11-12 21:13:48.372 I/ServiceThread(3499): Enabled StrictMode logging for PowerManagerService looper.
11-12 21:13:48.383 E/QCOM PowerHAL(3499): Unable to open prefetcher: dlopen failed: library "libqti-iop-client.so" not found
11-12 21:13:48.383 E/QCOM PowerHAL(3499): Failed to get prefetcher handle.
11-12 21:13:48.383 I/QCOM PowerHAL(3499): QCOM power HAL initing.
11-12 21:13:48.383 W/libsuspend(3499): Error writing 'on' to /sys/power/state: Invalid argument
11-12 21:13:48.383 I/libsuspend(3499): Selected wakeup count
11-12 21:13:48.384 I/QCOM PowerHAL(3499): Got set_interactive hint
11-12 21:13:48.393 I/SystemServiceManager(3499): Starting com.android.server.lights.LightsService
11-12 21:13:48.397 I/SystemServiceManager(3499): Starting com.android.server.display.DisplayManagerService
11-12 21:13:48.415 I/SystemServiceManager(3499): Starting phase 100
11-12 21:13:48.433 I/DisplayManagerService(3499): Display device added: DisplayDeviceInfo{"": uniqueId="local:0", 1080 x 1920, modeId 1, defaultModeId 1, supportedModes [{id=1, width=1080, height=1920, fps=60.0}], colorTransformId 1, defaultColorTransformId 1, supportedColorTransforms [{id=1, colorTransform=0}], density 480, 391.885 x 384.0 dpi, appVsyncOff 0, presDeadline 17666667, touch INTERNAL, rotation 0, type BUILT_IN, state UNKNOWN, FLAG_DEFAULT_DISPLAY, FLAG_ROTATES_WITH_CONTENT, FLAG_SECURE, FLAG_SUPPORTS_PROTECTED_BUFFERS}
11-12 21:13:48.435 D/SurfaceFlinger(635): Set power mode=2, type=0 flinger=0x7f9c143c00
11-12 21:13:48.435 D/SurfaceFlinger(635): Screen type=0 is already mode=2
11-12 21:13:48.436 I/SystemServer(3499): Package Manager
11-12 21:13:48.440 I/DisplayManagerService(3499): Display device changed state: "", ON
11-12 21:13:48.495 W/SystemConfig(3499): No directory /system/etc/sysconfig, skipping
11-12 21:13:48.640 D/SELinuxMMAC(3499): Using policy file /system/etc/security/mac_permissions.xml
11-12 21:13:48.714 D/PackageSettings(3499): Read domain verification for package:me.ele
11-12 21:13:49.030 E/art     (3499): DexFile_getDexOptNeeded file '/system/framework/org.apache.http.legacy.jar' does not exist
11-12 21:13:49.030 W/PackageManager(3499): Library not found: /system/framework/org.apache.http.legacy.jar
11-12 21:13:49.121 E/art     (3499): DexFile_getDexOptNeeded file '/system/framework/org.apache.http.legacy.jar' does not exist
11-12 21:13:49.122 W/PackageManager(3499): Library not found: /system/framework/org.apache.http.legacy.jar
11-12 21:13:49.262 D/PackageManager(3499): No files in app dir /vendor/overlay
11-12 21:13:49.267 I/Xposed  (3499):      checkSdkVersion set to: true
11-12 21:13:49.272 I/Xposed  (3499):      checkSdkVersion set to: true
11-12 21:13:49.339 E/NativeLibraryHelper(3499): Failed to load assets verifier: 0
11-12 21:13:49.339 E/NativeLibraryHelper(3499): Failed to load assets verifier: 0
11-12 21:13:49.343 W/PackageManager(3499): Permission android.permission.PREVENT_POWER_KEY from package android in an unknown group android.permission-group.HARDWARE_CONTROLS
11-12 21:13:49.344 W/PackageManager(3499): Permission android.permission.SET_KEYGUARD_WALLPAPER from package android in an unknown group android.permission-group.WALLPAPER
11-12 21:13:49.353 I/Xposed  (3499):      checkSdkVersion set to: true
11-12 21:13:49.355 I/Xposed  (3499):      checkSdkVersion set to: true
11-12 21:13:49.363 E/NativeLibraryHelper(3499): Failed to load assets verifier: 0
11-12 21:13:49.363 E/NativeLibraryHelper(3499): Failed to load assets verifier: 0
11-12 21:13:49.372 I/Xposed  (3499):      checkSdkVersion set to: true
11-12 21:13:49.374 I/Xposed  (3499):      checkSdkVersion set to: true
11-12 21:13:49.380 E/NativeLibraryHelper(3499): Failed to load assets verifier: 0
11-12 21:13:49.380 E/NativeLibraryHelper(3499): Failed to load assets verifier: 0
11-12 21:13:49.398 I/Xposed  (3499):      checkSdkVersion set to: true
11-12 21:13:49.399 I/Xposed  (3499):      checkSdkVersion set to: true
11-12 21:13:49.409 E/NativeLibraryHelper(3499): Failed to load assets verifier: 0
11-12 21:13:49.409 E/NativeLibraryHelper(3499): Failed to load assets verifier: 0
11-12 21:13:49.422 I/Xposed  (3499):      checkSdkVersion set to: true
11-12 21:13:49.426 I/Xposed  (3499):      checkSdkVersion set to: true
11-12 21:13:49.431 E/NativeLibraryHelper(3499): Failed to load assets verifier: 0
11-12 21:13:49.432 E/NativeLibraryHelper(3499): Failed to load assets verifier: 0
11-12 21:13:49.441 I/Xposed  (3499):      checkSdkVersion set to: true
11-12 21:13:49.442 I/Xposed  (3499):      checkSdkVersion set to: true
11-12 21:13:49.448 E/NativeLibraryHelper(3499): Failed to load assets verifier: 0
11-12 21:13:49.449 E/NativeLibraryHelper(3499): Failed to load assets verifier: 0
11-12 21:13:49.462 I/Xposed  (3499):      checkSdkVersion set to: true
11-12 21:13:49.464 I/Xposed  (3499):      checkSdkVersion set to: true
11-12 21:13:49.474 E/NativeLibraryHelper(3499): Failed to load assets verifier: 0
11-12 21:13:49.474 E/NativeLibraryHelper(3499): Failed to load assets verifier: 0
11-12 21:13:49.501 I/Xposed  (3499):      checkSdkVersion set to: true
11-12 21:13:49.503 I/Xposed  (3499):      checkSdkVersion set to: true
11-12 21:13:49.515 W/PackageParser(3499): No actions in intent filter at /system/priv-app/Contacts/Contacts.apk Binary XML file line #388
11-12 21:13:49.531 E/NativeLibraryHelper(3499): Failed to load assets verifier: 0
11-12 21:13:49.532 E/NativeLibraryHelper(3499): Failed to load assets verifier: 0
11-12 21:13:49.552 I/Xposed  (3499):      checkSdkVersion set to: true
11-12 21:13:49.554 I/Xposed  (3499):      checkSdkVersion set to: true
11-12 21:13:49.565 E/NativeLibraryHelper(3499): Failed to load assets verifier: 0
11-12 21:13:49.565 E/NativeLibraryHelper(3499): Failed to load assets verifier: 0
11-12 21:13:49.579 I/Xposed  (3499):      checkSdkVersion set to: true
11-12 21:13:49.581 I/Xposed  (3499):      checkSdkVersion set to: true
11-12 21:13:49.587 E/NativeLibraryHelper(3499): Failed to load assets verifier: 0
11-12 21:13:49.587 E/NativeLibraryHelper(3499): Failed to load assets verifier: 0
11-12 21:13:49.614 I/Xposed  (3499):      checkSdkVersion set to: true
11-12 21:13:49.615 I/Xposed  (3499):      checkSdkVersion set to: true
11-12 21:13:49.626 W/PackageParser(3499): No actions in intent filter at /system/priv-app/Dialer/Dialer.apk Binary XML file line #177
11-12 21:13:49.641 E/NativeLibraryHelper(3499): Failed to load assets verifier: 0
11-12 21:13:49.641 E/NativeLibraryHelper(3499): Failed to load assets verifier: 0
11-12 21:13:49.662 I/Xposed  (3499):      checkSdkVersion set to: true
11-12 21:13:49.664 I/Xposed  (3499):      checkSdkVersion set to: true
11-12 21:13:49.674 E/NativeLibraryHelper(3499): Failed to load assets verifier: 0
11-12 21:13:49.675 E/NativeLibraryHelper(3499): Failed to load assets verifier: 0
11-12 21:13:49.682 W/PackageManager(3499): Permission android.permission.DOWNLOAD_WITHOUT_NOTIFICATION from package com.android.providers.downloads in an unknown group android.permission-group.NETWORK
11-12 21:13:49.687 I/Xposed  (3499):      checkSdkVersion set to: true
11-12 21:13:49.688 I/Xposed  (3499):      checkSdkVersion set to: true
11-12 21:13:49.694 E/NativeLibraryHelper(3499): Failed to load assets verifier: 0
11-12 21:13:49.695 E/NativeLibraryHelper(3499): Failed to load assets verifier: 0
11-12 21:13:49.704 I/Xposed  (3499):      checkSdkVersion set to: true
11-12 21:13:49.705 I/Xposed  (3499):      checkSdkVersion set to: true
11-12 21:13:49.713 E/NativeLibraryHelper(3499): Failed to load assets verifier: 0
11-12 21:13:49.714 E/NativeLibraryHelper(3499): Failed to load assets verifier: 0
11-12 21:13:49.724 I/Xposed  (3499):      checkSdkVersion set to: true
11-12 21:13:49.726 I/Xposed  (3499):      checkSdkVersion set to: true
11-12 21:13:49.732 E/NativeLibraryHelper(3499): Failed to load assets verifier: 0
11-12 21:13:49.733 E/NativeLibraryHelper(3499): Failed to load assets verifier: 0
11-12 21:13:49.751 I/Xposed  (3499):      checkSdkVersion set to: true
11-12 21:13:49.753 I/Xposed  (3499):      checkSdkVersion set to: true
11-12 21:13:49.765 E/NativeLibraryHelper(3499): Failed to load assets verifier: 0
11-12 21:13:49.765 E/NativeLibraryHelper(3499): Failed to load assets verifier: 0
11-12 21:13:49.773 W/PackageManager(3499): Permission com.android.launcher.permission.INSTALL_SHORTCUT from package com.android.launcher3 in an unknown group android.permission-group.SYSTEM_TOOLS
11-12 21:13:49.773 W/PackageManager(3499): Permission com.android.launcher3.permission.READ_SETTINGS from package com.android.launcher3 in an unknown group android.permission-group.SYSTEM_TOOLS
11-12 21:13:49.773 W/PackageManager(3499): Permission com.android.launcher3.permission.WRITE_SETTINGS from package com.android.launcher3 in an unknown group android.permission-group.SYSTEM_TOOLS
11-12 21:13:49.784 I/Xposed  (3499):      checkSdkVersion set to: true
11-12 21:13:49.785 I/Xposed  (3499):      checkSdkVersion set to: true
11-12 21:13:49.796 E/NativeLibraryHelper(3499): Failed to load assets verifier: 0
11-12 21:13:49.796 E/NativeLibraryHelper(3499): Failed to load assets verifier: 0
11-12 21:13:49.811 I/Xposed  (3499):      checkSdkVersion set to: true
11-12 21:13:49.812 I/Xposed  (3499):      checkSdkVersion set to: true
11-12 21:13:49.820 E/NativeLibraryHelper(3499): Failed to load assets verifier: 0
11-12 21:13:49.821 E/NativeLibraryHelper(3499): Failed to load assets verifier: 0
11-12 21:13:49.833 I/Xposed  (3499):      checkSdkVersion set to: true
11-12 21:13:49.835 I/Xposed  (3499):      checkSdkVersion set to: true
11-12 21:13:49.843 E/NativeLibraryHelper(3499): Failed to load assets verifier: 0
11-12 21:13:49.843 E/NativeLibraryHelper(3499): Failed to load assets verifier: 0
11-12 21:13:49.853 I/Xposed  (3499):      checkSdkVersion set to: true
11-12 21:13:49.854 I/Xposed  (3499):      checkSdkVersion set to: true
11-12 21:13:49.862 E/NativeLibraryHelper(3499): Failed to load assets verifier: 0
11-12 21:13:49.862 E/NativeLibraryHelper(3499): Failed to load assets verifier: 0
11-12 21:13:49.870 W/PackageManager(3499): Failed to parse /system/priv-app/OnePlusDoze: No packages found in split
11-12 21:13:49.876 I/Xposed  (3499):      checkSdkVersion set to: true
11-12 21:13:49.877 I/Xposed  (3499):      checkSdkVersion set to: true
11-12 21:13:49.882 E/NativeLibraryHelper(3499): Failed to load assets verifier: 0
11-12 21:13:49.883 E/NativeLibraryHelper(3499): Failed to load assets verifier: 0
11-12 21:13:49.899 I/Xposed  (3499):      checkSdkVersion set to: true
11-12 21:13:49.901 I/Xposed  (3499):      checkSdkVersion set to: true
11-12 21:13:49.915 E/NativeLibraryHelper(3499): Failed to load assets verifier: 0
11-12 21:13:49.916 E/NativeLibraryHelper(3499): Failed to load assets verifier: 0
11-12 21:13:49.929 I/Xposed  (3499):      checkSdkVersion set to: true
11-12 21:13:49.930 I/Xposed  (3499):      checkSdkVersion set to: true
11-12 21:13:49.936 E/NativeLibraryHelper(3499): Failed to load assets verifier: 0
11-12 21:13:49.936 E/NativeLibraryHelper(3499): Failed to load assets verifier: 0
11-12 21:13:49.998 I/Xposed  (3499):      checkSdkVersion set to: true
11-12 21:13:50.003 I/Xposed  (3499):      checkSdkVersion set to: true
11-12 21:13:50.006 W/PackageParser(3499): Ignoring duplicate uses-permissions/uses-permissions-sdk-m: android.permission.USE_CREDENTIALS in package: com.android.settings at: Binary XML file line #55
11-12 21:13:50.007 W/PackageParser(3499): Ignoring duplicate uses-permissions/uses-permissions-sdk-m: android.permission.READ_SYNC_SETTINGS in package: com.android.settings at: Binary XML file line #60
11-12 21:13:50.007 W/PackageParser(3499): Ignoring duplicate uses-permissions/uses-permissions-sdk-m: android.permission.WRITE_SYNC_SETTINGS in package: com.android.settings at: Binary XML file line #61
11-12 21:13:50.105 E/NativeLibraryHelper(3499): Failed to load assets verifier: 0
11-12 21:13:50.105 E/NativeLibraryHelper(3499): Failed to load assets verifier: 0
11-12 21:13:50.127 I/Xposed  (3499):      checkSdkVersion set to: true
11-12 21:13:50.129 I/Xposed  (3499):      checkSdkVersion set to: true
11-12 21:13:50.134 E/NativeLibraryHelper(3499): Failed to load assets verifier: 0
11-12 21:13:50.135 E/NativeLibraryHelper(3499): Failed to load assets verifier: 0
11-12 21:13:50.146 I/Xposed  (3499):      checkSdkVersion set to: true
11-12 21:13:50.147 I/Xposed  (3499):      checkSdkVersion set to: true
11-12 21:13:50.152 E/NativeLibraryHelper(3499): Failed to load assets verifier: 0
11-12 21:13:50.153 E/NativeLibraryHelper(3499): Failed to load assets verifier: 0
11-12 21:13:50.163 I/Xposed  (3499):      checkSdkVersion set to: true
11-12 21:13:50.164 I/Xposed  (3499):      checkSdkVersion set to: true
11-12 21:13:50.167 W/PackageParser(3499): Ignoring duplicate uses-permissions/uses-permissions-sdk-m: android.permission.INSTALL_GRANT_RUNTIME_PERMISSIONS in package: com.android.shell at: Binary XML file line #101
11-12 21:13:50.176 E/NativeLibraryHelper(3499): Failed to load assets verifier: 0
11-12 21:13:50.177 E/NativeLibraryHelper(3499): Failed to load assets verifier: 0
11-12 21:13:50.184 W/PackageManager(3499): Failed to parse /system/priv-app/SlimOTA: No packages found in split
11-12 21:13:50.188 I/Xposed  (3499):      checkSdkVersion set to: true
11-12 21:13:50.189 I/Xposed  (3499):      checkSdkVersion set to: true
11-12 21:13:50.195 E/NativeLibraryHelper(3499): Failed to load assets verifier: 0
11-12 21:13:50.195 E/NativeLibraryHelper(3499): Failed to load assets verifier: 0
11-12 21:13:50.222 I/Xposed  (3499):      checkSdkVersion set to: true
11-12 21:13:50.225 I/Xposed  (3499):      checkSdkVersion set to: true
11-12 21:13:50.229 W/PackageParser(3499): Ignoring duplicate uses-permissions/uses-permissions-sdk-m: android.permission.SET_WALLPAPER in package: com.android.systemui at: Binary XML file line #118
11-12 21:13:50.229 W/PackageParser(3499): Ignoring duplicate uses-permissions/uses-permissions-sdk-m: android.permission.SET_WALLPAPER in package: com.android.systemui at: Binary XML file line #121
11-12 21:13:50.229 W/PackageParser(3499): Ignoring duplicate uses-permissions/uses-permissions-sdk-m: android.permission.CONFIGURE_WIFI_DISPLAY in package: com.android.systemui at: Binary XML file line #127
11-12 21:13:50.251 E/NativeLibraryHelper(3499): Failed to load assets verifier: 0
11-12 21:13:50.251 E/NativeLibraryHelper(3499): Failed to load assets verifier: 0
11-12 21:13:50.278 I/Xposed  (3499):      checkSdkVersion set to: true
11-12 21:13:50.281 I/Xposed  (3499):      checkSdkVersion set to: true
11-12 21:13:50.314 E/NativeLibraryHelper(3499): Failed to load assets verifier: 0
11-12 21:13:50.315 E/NativeLibraryHelper(3499): Failed to load assets verifier: 0
11-12 21:13:50.334 I/Xposed  (3499):      checkSdkVersion set to: true
11-12 21:13:50.336 I/Xposed  (3499):      checkSdkVersion set to: true
11-12 21:13:50.350 E/NativeLibraryHelper(3499): Failed to load assets verifier: 0
11-12 21:13:50.350 E/NativeLibraryHelper(3499): Failed to load assets verifier: 0
11-12 21:13:50.367 I/Xposed  (3499):      checkSdkVersion set to: true
11-12 21:13:50.369 I/Xposed  (3499):      checkSdkVersion set to: true
11-12 21:13:50.377 E/NativeLibraryHelper(3499): Failed to load assets verifier: 0
11-12 21:13:50.377 E/NativeLibraryHelper(3499): Failed to load assets verifier: 0
11-12 21:13:50.386 W/PackageManager(3499): Failed to parse /system/priv-app/Viper4Android: No packages found in split
11-12 21:13:50.394 I/Xposed  (3499):      checkSdkVersion set to: true
11-12 21:13:50.395 I/Xposed  (3499):      checkSdkVersion set to: true
11-12 21:13:50.405 E/NativeLibraryHelper(3499): Failed to load assets verifier: 0
11-12 21:13:50.405 E/NativeLibraryHelper(3499): Failed to load assets verifier: 0
11-12 21:13:50.415 I/Xposed  (3499):      checkSdkVersion set to: true
11-12 21:13:50.416 I/Xposed  (3499):      checkSdkVersion set to: true
11-12 21:13:50.423 E/NativeLibraryHelper(3499): Failed to load assets verifier: 0
11-12 21:13:50.426 E/NativeLibraryHelper(3499): Failed to load assets verifier: 0
11-12 21:13:50.433 W/PackageManager(3499): Failed to parse /system/priv-app/masquerade: No packages found in split
11-12 21:13:50.437 I/Xposed  (3499):      checkSdkVersion set to: true
11-12 21:13:50.438 I/Xposed  (3499):      checkSdkVersion set to: true
11-12 21:13:50.446 E/NativeLibraryHelper(3499): Failed to load assets verifier: 0
11-12 21:13:50.446 E/NativeLibraryHelper(3499): Failed to load assets verifier: 0
11-12 21:13:50.456 I/Xposed  (3499):      checkSdkVersion set to: true
11-12 21:13:50.460 I/Xposed  (3499):      checkSdkVersion set to: true
11-12 21:13:50.465 E/NativeLibraryHelper(3499): Failed to load assets verifier: 0
11-12 21:13:50.466 E/NativeLibraryHelper(3499): Failed to load assets verifier: 0
11-12 21:13:50.475 I/Xposed  (3499):      checkSdkVersion set to: true
11-12 21:13:50.477 I/Xposed  (3499):      checkSdkVersion set to: true
11-12 21:13:50.483 E/NativeLibraryHelper(3499): Failed to load assets verifier: 0
11-12 21:13:50.483 E/NativeLibraryHelper(3499): Failed to load assets verifier: 0
11-12 21:13:50.500 I/Xposed  (3499):      checkSdkVersion set to: true
11-12 21:13:50.502 I/Xposed  (3499):      checkSdkVersion set to: true
11-12 21:13:50.511 W/PackageParser(3499): No actions in intent filter at /system/app/Bluetooth/Bluetooth.apk Binary XML file line #234
11-12 21:13:50.520 E/NativeLibraryHelper(3499): Failed to load assets verifier: 0
11-12 21:13:50.521 E/NativeLibraryHelper(3499): Failed to load assets verifier: 0
11-12 21:13:50.572 I/Xposed  (3499):      checkSdkVersion set to: true
11-12 21:13:50.574 I/Xposed  (3499):      checkSdkVersion set to: true
11-12 21:13:50.575 W/PackageParser(3499): No actions in intent filter at /system/app/BluetoothExt/BluetoothExt.apk Binary XML file line #139
11-12 21:13:50.576 W/PackageParser(3499): No actions in intent filter at /system/app/BluetoothExt/BluetoothExt.apk Binary XML file line #163
11-12 21:13:50.581 E/NativeLibraryHelper(3499): Failed to load assets verifier: 0
11-12 21:13:50.582 E/NativeLibraryHelper(3499): Failed to load assets verifier: 0
11-12 21:13:50.617 I/Xposed  (3499):      checkSdkVersion set to: true
11-12 21:13:50.620 I/Xposed  (3499):      checkSdkVersion set to: true
11-12 21:13:50.629 E/NativeLibraryHelper(3499): Failed to load assets verifier: 0
11-12 21:13:50.629 E/NativeLibraryHelper(3499): Failed to load assets verifier: 0
11-12 21:13:50.635 W/PackageManager(3499): Failed to parse /system/app/Browser: No packages found in split
11-12 21:13:50.648 I/Xposed  (3499):      checkSdkVersion set to: true
11-12 21:13:50.650 I/Xposed  (3499):      checkSdkVersion set to: true
11-12 21:13:50.669 E/NativeLibraryHelper(3499): Failed to load assets verifier: 0
11-12 21:13:50.670 E/NativeLibraryHelper(3499): Failed to load assets verifier: 0
11-12 21:13:50.696 I/Xposed  (3499):      checkSdkVersion set to: true
11-12 21:13:50.698 I/Xposed  (3499):      checkSdkVersion set to: true
11-12 21:13:50.714 E/NativeLibraryHelper(3499): Failed to load assets verifier: 0
11-12 21:13:50.714 E/NativeLibraryHelper(3499): Failed to load assets verifier: 0
11-12 21:13:50.729 I/Xposed  (3499):      checkSdkVersion set to: true
11-12 21:13:50.731 I/Xposed  (3499):      checkSdkVersion set to: true
11-12 21:13:50.736 E/NativeLibraryHelper(3499): Failed to load assets verifier: 0
11-12 21:13:50.736 E/NativeLibraryHelper(3499): Failed to load assets verifier: 0
11-12 21:13:50.750 I/Xposed  (3499):      checkSdkVersion set to: true
11-12 21:13:50.751 I/Xposed  (3499):      checkSdkVersion set to: true
11-12 21:13:50.760 E/NativeLibraryHelper(3499): Failed to load assets verifier: 0
11-12 21:13:50.761 E/NativeLibraryHelper(3499): Failed to load assets verifier: 0
11-12 21:13:50.772 I/Xposed  (3499):      checkSdkVersion set to: true
11-12 21:13:50.773 I/Xposed  (3499):      checkSdkVersion set to: true
11-12 21:13:50.782 E/NativeLibraryHelper(3499): Failed to load assets verifier: 0
11-12 21:13:50.782 E/NativeLibraryHelper(3499): Failed to load assets verifier: 0
11-12 21:13:50.801 I/Xposed  (3499):      checkSdkVersion set to: true
11-12 21:13:50.803 I/Xposed  (3499):      checkSdkVersion set to: true
11-12 21:13:50.828 E/NativeLibraryHelper(3499): Failed to load assets verifier: 0
11-12 21:13:50.828 E/NativeLibraryHelper(3499): Failed to load assets verifier: 0
11-12 21:13:50.840 W/PackageManager(3499): Failed to parse /system/app/Development: No packages found in split
11-12 21:13:50.850 I/Xposed  (3499):      checkSdkVersion set to: true
11-12 21:13:50.852 I/Xposed  (3499):      checkSdkVersion set to: true
11-12 21:13:50.861 E/NativeLibraryHelper(3499): Failed to load assets verifier: 0
11-12 21:13:50.862 E/NativeLibraryHelper(3499): Failed to load assets verifier: 0
11-12 21:13:50.877 I/Xposed  (3499):      checkSdkVersion set to: true
11-12 21:13:50.879 I/Xposed  (3499):      checkSdkVersion set to: true
11-12 21:13:50.888 E/NativeLibraryHelper(3499): Failed to load assets verifier: 0
11-12 21:13:50.889 E/NativeLibraryHelper(3499): Failed to load assets verifier: 0
11-12 21:13:50.901 I/Xposed  (3499):      checkSdkVersion set to: true
11-12 21:13:50.902 I/Xposed  (3499):      checkSdkVersion set to: true
11-12 21:13:50.910 E/NativeLibraryHelper(3499): Failed to load assets verifier: 0
11-12 21:13:50.911 E/NativeLibraryHelper(3499): Failed to load assets verifier: 0
11-12 21:13:50.934 I/Xposed  (3499):      checkSdkVersion set to: true
11-12 21:13:50.936 I/Xposed  (3499):      checkSdkVersion set to: true
11-12 21:13:50.947 W/PackageParser(3499): Unknown element under <application>: permission at /system/app/Gallery2/Gallery2.apk Binary XML file line #275
11-12 21:13:50.947 W/PackageParser(3499): Unknown element under <application>: permission at /system/app/Gallery2/Gallery2.apk Binary XML file line #278
11-12 21:13:50.959 E/NativeLibraryHelper(3499): Failed to load assets verifier: 0
11-12 21:13:50.959 E/NativeLibraryHelper(3499): Failed to load assets verifier: 0
