11-12 21:14:03.766 E/fpc_fingerprint_hal(695): wait_wake_up  0	1
11-12 21:14:03.766 D/fpc_tac (695): fpc_tac_wakeup_setup begin
11-12 21:14:03.766 D/fpc_tac (695): fpc_tac_send_cmd begin
11-12 21:14:03.769 I/WindowManager(3499): SAFE MODE not enabled
11-12 21:14:03.773 D/fpc_tac (695): fpc_tac_send_cmd end
11-12 21:14:03.773 D/fpc_tac (695): fpc_tac_wakeup_setup end
11-12 21:14:03.778 I/SystemServiceManager(3499): Starting com.android.server.MmsServiceBroker
11-12 21:14:03.824 E/LockSettingsStorage(3499): Cannot read file java.io.FileNotFoundException: /data/system/gatekeeper.password.key: open failed: ENOENT (No such file or directory)
11-12 21:14:03.825 E/LockSettingsStorage(3499): Cannot read file java.io.FileNotFoundException: /data/system/password.key: open failed: ENOENT (No such file or directory)
11-12 21:14:03.825 E/LockSettingsStorage(3499): Cannot read file java.io.FileNotFoundException: /data/system/gatekeeper.pattern.key: open failed: ENOENT (No such file or directory)
11-12 21:14:03.826 E/LockSettingsStorage(3499): Cannot read file java.io.FileNotFoundException: /data/system/gatekeeper.gesture.key: open failed: ENOENT (No such file or directory)
11-12 21:14:03.826 E/LockSettingsStorage(3499): Cannot read file java.io.FileNotFoundException: /data/system/gesture.key: open failed: ENOENT (No such file or directory)
11-12 21:14:03.826 I/SystemServiceManager(3499): Starting phase 480
11-12 21:14:03.834 I/SystemServiceManager(3499): Starting phase 500
11-12 21:14:03.837 D/OverlayManager(3499): onSwitchUser newUserId=0
11-12 21:14:03.838 I/ActivityManager(3499): Config changes=80200000 {1.0 ?mcc?mnc zh_CN ldltr sw360dp w360dp h616dp 480dpi nrml long port finger -keyb/v/h -nav/h as.1 s.6}
11-12 21:14:03.861 D/BluetoothService(3499): onBootPhase: PHASE_SYSTEM_SERVICES_READY
11-12 21:14:03.861 D/BluetoothManagerService(3499): Bluetooth boot completed
11-12 21:14:03.865 I/WifiService(3499): WifiService starting up with Wi-Fi enabled
11-12 21:14:03.869 D/WifiService(3499): setWifiEnabled: true pid=3499, uid=1000
11-12 21:14:03.869 E/WifiService(3499): Invoking mWifiStateMachine.setWifiEnabled
11-12 21:14:03.870 D/WifiController(3499): WifiController msg { when=0 what=155656 target=com.android.internal.util.StateMachine$SmHandler } deferred for 499ms
11-12 21:14:03.879 D/WifiService(3499): New client listening to asynchronous messages
11-12 21:14:03.920 I/WifiScanningService(3499): Registering wifiscanner
11-12 21:14:03.936 I/RttService(3499): Registering rttmanager
11-12 21:14:03.950 I/EthernetServiceImpl(3499): Starting Ethernet service
11-12 21:14:03.962 D/Ethernet(3499): Registering NetworkFactory
11-12 21:14:03.963 D/ConnectivityService(3499): Got NetworkFactory Messenger for Ethernet
11-12 21:14:03.981 D/Ethernet(3499): got request NetworkRequest [ id=1, legacyType=-1, [ Capabilities: INTERNET&NOT_RESTRICTED&TRUSTED&NOT_VPN] ] with score 0
11-12 21:14:04.022 V/BackupManagerService(3499): No ancestral data
11-12 21:14:04.273 V/KeyValueBackupJob(3499): Scheduling k/v pass in 248 minutes
11-12 21:14:04.315 V/BackupManagerService(3499): Starting with transport com.google.android.backup/.BackupTransportService
11-12 21:14:04.316 V/BackupManagerService(3499): Found transports: 1
11-12 21:14:04.317 W/BackupManagerService(3499): Proposed transport ComponentInfo{android/com.android.internal.backup.LocalTransportService} not whitelisted; ignoring
11-12 21:14:04.317 I/BackupManagerService(3499): Found stale backup journal, scheduling
11-12 21:14:04.375 D/WifiController(3499): DEFERRED_TOGGLE handled
11-12 21:14:04.376 E/WifiMonitor(3499): killSupplicant p2ptrue init.svc.wpa_supplicant=unknown init.svc.p2p_supplicant=unknown
11-12 21:14:04.384 E/PowerManagerService(3499): Power manager lock was not held when calling updatePowerStateLocked
11-12 21:14:04.410 W/KeyguardServiceDelegate(3499): onScreenTurningOn(): no keyguard service!
11-12 21:14:04.546 I/ActivityManager(3499): System now ready
11-12 21:14:04.559 I/SystemServer(3499): Making services ready
11-12 21:14:04.559 I/SystemServiceManager(3499): Starting phase 550
11-12 21:14:04.572 D/MountService(3499): Thinking about reset, mSystemReady=true, mDaemonConnected=true
11-12 21:14:04.572 D/VoldConnector(3499): SND -> {3 volume reset}
11-12 21:14:04.573 D/VoldConnector(3499): RCV <- {651 emulated 7}
11-12 21:14:04.573 D/VoldConnector(3499): RCV <- {659 emulated}
11-12 21:14:04.574 D/VoldConnector(3499): RCV <- {650 emulated 2 "" ""}
11-12 21:14:04.574 D/VoldConnector(3499): RCV <- {654 emulated emulated}
11-12 21:14:04.574 D/VoldConnector(3499): RCV <- {651 emulated 0}
11-12 21:14:04.574 D/VoldConnector(3499): RCV <- {200 3 Command succeeded}
11-12 21:14:04.577 D/VoldConnector(3499): SND -> {4 volume user_added 0 0}
11-12 21:14:04.578 D/VoldConnector(3499): RCV <- {200 4 Command succeeded}
11-12 21:14:04.582 V/MountService(3499): Found primary storage at VolumeInfo{emulated}:
11-12 21:14:04.582 V/MountService(3499):     type=EMULATED diskId=null partGuid=null mountFlags=0 mountUserId=-1 
11-12 21:14:04.582 V/MountService(3499):     state=UNMOUNTED 
11-12 21:14:04.582 V/MountService(3499):     fsType=null fsUuid=null fsLabel=null 
11-12 21:14:04.582 V/MountService(3499):     path=null internalPath=null 
11-12 21:14:04.583 D/VoldConnector(3499): SND -> {5 volume mount emulated 3 -1}
11-12 21:14:04.585 V/vold    (366): Waiting for FUSE to spin up...
11-12 21:14:04.586 D/VoldConnector(3499): RCV <- {651 emulated 1}
11-12 21:14:04.586 D/VoldConnector(3499): RCV <- {656 emulated /data/media}
11-12 21:14:04.586 D/VoldConnector(3499): RCV <- {655 emulated /storage/emulated}
11-12 21:14:04.590 D/UsbAlsaManager(3499): Adding ALSA device AlsaDevice: [card: 0, device: 0, type: 2]
11-12 21:14:04.590 D/UsbAlsaManager(3499): Adding ALSA device AlsaDevice: [card: 0, device: 0, type: 1]
11-12 21:14:04.590 D/UsbAlsaManager(3499): Adding ALSA device AlsaDevice: [card: 0, device: 1, type: 2]
11-12 21:14:04.590 D/UsbAlsaManager(3499): Adding ALSA device AlsaDevice: [card: 0, device: 1, type: 1]
11-12 21:14:04.590 D/UsbAlsaManager(3499): Adding ALSA device AlsaDevice: [card: 0, device: 2, type: 2]
11-12 21:14:04.590 D/UsbAlsaManager(3499): Adding ALSA device AlsaDevice: [card: 0, device: 2, type: 1]
11-12 21:14:04.590 D/UsbAlsaManager(3499): Adding ALSA device AlsaDevice: [card: 0, device: 3, type: 2]
11-12 21:14:04.590 D/UsbAlsaManager(3499): Adding ALSA device AlsaDevice: [card: 0, device: 3, type: 1]
11-12 21:14:04.590 D/UsbAlsaManager(3499): Adding ALSA device AlsaDevice: [card: 0, device: 4, type: 2]
11-12 21:14:04.590 D/UsbAlsaManager(3499): Adding ALSA device AlsaDevice: [card: 0, device: 4, type: 1]
11-12 21:14:04.590 D/UsbAlsaManager(3499): Adding ALSA device AlsaDevice: [card: 0, device: 5, type: 2]
11-12 21:14:04.590 D/UsbAlsaManager(3499): Adding ALSA device AlsaDevice: [card: 0, device: 5, type: 1]
11-12 21:14:04.590 D/UsbAlsaManager(3499): Adding ALSA device AlsaDevice: [card: 0, device: 6, type: 2]
11-12 21:14:04.590 D/UsbAlsaManager(3499): Adding ALSA device AlsaDevice: [card: 0, device: 7, type: 1]
11-12 21:14:04.590 D/UsbAlsaManager(3499): Adding ALSA device AlsaDevice: [card: 0, device: 8, type: 2]
11-12 21:14:04.590 D/UsbAlsaManager(3499): Adding ALSA device AlsaDevice: [card: 0, device: 10, type: 2]
11-12 21:14:04.591 D/UsbAlsaManager(3499): Adding ALSA device AlsaDevice: [card: 0, device: 10, type: 1]
11-12 21:14:04.591 D/UsbAlsaManager(3499): Adding ALSA device AlsaDevice: [card: 0, device: 11, type: 2]
11-12 21:14:04.591 D/UsbAlsaManager(3499): Adding ALSA device AlsaDevice: [card: 0, device: 11, type: 1]
11-12 21:14:04.591 D/UsbAlsaManager(3499): Adding ALSA device AlsaDevice: [card: 0, device: 12, type: 2]
11-12 21:14:04.594 D/UsbAlsaManager(3499): Adding ALSA device AlsaDevice: [card: 0, device: 12, type: 1]
11-12 21:14:04.594 D/UsbAlsaManager(3499): Adding ALSA device AlsaDevice: [card: 0, device: 13, type: 2]
11-12 21:14:04.594 D/UsbAlsaManager(3499): Adding ALSA device AlsaDevice: [card: 0, device: 13, type: 1]
11-12 21:14:04.594 D/UsbAlsaManager(3499): Adding ALSA device AlsaDevice: [card: 0, device: 14, type: 2]
11-12 21:14:04.595 D/UsbAlsaManager(3499): Adding ALSA device AlsaDevice: [card: 0, device: 14, type: 1]
11-12 21:14:04.595 D/UsbAlsaManager(3499): Adding ALSA device AlsaDevice: [card: 0, device: 15, type: 2]
11-12 21:14:04.595 D/UsbAlsaManager(3499): Adding ALSA device AlsaDevice: [card: 0, device: 15, type: 1]
11-12 21:14:04.595 D/UsbAlsaManager(3499): Adding ALSA device AlsaDevice: [card: 0, device: 16, type: 2]
11-12 21:14:04.595 D/UsbAlsaManager(3499): Adding ALSA device AlsaDevice: [card: 0, device: 19, type: 2]
11-12 21:14:04.595 D/UsbAlsaManager(3499): Adding ALSA device AlsaDevice: [card: 0, device: 19, type: 1]
11-12 21:14:04.595 D/UsbAlsaManager(3499): Adding ALSA device AlsaDevice: [card: 0, device: 20, type: 2]
11-12 21:14:04.595 D/UsbAlsaManager(3499): Adding ALSA device AlsaDevice: [card: 0, device: 20, type: 1]
11-12 21:14:04.595 D/UsbAlsaManager(3499): Adding ALSA device AlsaDevice: [card: 0, device: 21, type: 1]
11-12 21:14:04.595 D/UsbAlsaManager(3499): Adding ALSA device AlsaDevice: [card: 0, device: 22, type: 2]
11-12 21:14:04.595 D/UsbAlsaManager(3499): Adding ALSA device AlsaDevice: [card: 0, device: 22, type: 1]
11-12 21:14:04.595 D/UsbAlsaManager(3499): Adding ALSA device AlsaDevice: [card: 0, device: 23, type: 2]
11-12 21:14:04.595 D/UsbAlsaManager(3499): Adding ALSA device AlsaDevice: [card: 0, device: 23, type: 1]
11-12 21:14:04.595 D/UsbAlsaManager(3499): Adding ALSA device AlsaDevice: [card: 0, device: 24, type: 2]
11-12 21:14:04.595 D/UsbAlsaManager(3499): Adding ALSA device AlsaDevice: [card: 0, device: 24, type: 1]
11-12 21:14:04.595 D/UsbAlsaManager(3499): Adding ALSA device AlsaDevice: [card: 0, device: 25, type: 2]
11-12 21:14:04.595 D/UsbAlsaManager(3499): Adding ALSA device AlsaDevice: [card: 0, device: 26, type: 1]
11-12 21:14:04.595 D/UsbAlsaManager(3499): Adding ALSA device AlsaDevice: [card: 0, device: 27, type: 2]
11-12 21:14:04.595 D/UsbAlsaManager(3499): Adding ALSA device AlsaDevice: [card: 0, device: 28, type: 2]
11-12 21:14:04.595 D/UsbAlsaManager(3499): Adding ALSA device AlsaDevice: [card: 0, device: 29, type: 2]
11-12 21:14:04.595 D/UsbAlsaManager(3499): Adding ALSA device AlsaDevice: [card: 0, device: 30, type: 2]
11-12 21:14:04.595 D/UsbAlsaManager(3499): Adding ALSA device AlsaDevice: [card: 0, device: 31, type: 2]
11-12 21:14:04.595 D/UsbAlsaManager(3499): Adding ALSA device AlsaDevice: [card: 0, device: 32, type: 2]
11-12 21:14:04.595 D/UsbAlsaManager(3499): Adding ALSA device AlsaDevice: [card: 0, device: 33, type: 2]
11-12 21:14:04.596 D/UsbAlsaManager(3499): Adding ALSA device AlsaDevice: [card: 0, device: 34, type: 2]
11-12 21:14:04.596 D/UsbAlsaManager(3499): Adding ALSA device AlsaDevice: [card: 0, device: 35, type: 2]
11-12 21:14:04.596 D/UsbAlsaManager(3499): Adding ALSA device AlsaDevice: [card: 0, device: 35, type: 1]
11-12 21:14:04.596 D/UsbAlsaManager(3499): Adding ALSA device AlsaDevice: [card: 0, device: 36, type: 2]
11-12 21:14:04.596 D/UsbAlsaManager(3499): Adding ALSA device AlsaDevice: [card: 0, device: 36, type: 1]
11-12 21:14:04.596 D/UsbAlsaManager(3499): Adding ALSA device AlsaDevice: [card: 0, device: 43, type: 2]
11-12 21:14:04.596 D/UsbAlsaManager(3499): Adding ALSA device AlsaDevice: [card: 0, device: 44, type: 1]
11-12 21:14:04.596 D/UsbAlsaManager(3499): Adding ALSA device AlsaDevice: [card: 0, device: 45, type: 1]
11-12 21:14:04.596 D/UsbAlsaManager(3499): Adding ALSA device AlsaDevice: [card: 0, device: 46, type: 2]
11-12 21:14:04.596 D/UsbAlsaManager(3499): Adding ALSA device AlsaDevice: [card: 0, device: 47, type: 2]
11-12 21:14:04.596 D/UsbAlsaManager(3499): Adding ALSA device AlsaDevice: [card: 0, device: 47, type: 1]
11-12 21:14:04.607 I/SystemServer(3499): WebViewFactory preparation
11-12 21:14:04.610 I/Xposed  (3499): getWebViewPackageName
11-12 21:14:04.636 D/VoldConnector(3499): RCV <- {651 emulated 2}
11-12 21:14:04.637 D/VoldConnector(3499): RCV <- {200 5 Command succeeded}
11-12 21:14:04.649 I/Prevent (3499): load /data/system/me.piebridge.prevent.list, size: 61
11-12 21:14:04.649 D/Prevent (3499): prevent list size: 61
11-12 21:14:04.685 D/Prevent (3499): update force_stop_timeout to -1
11-12 21:14:04.685 D/Prevent (3499): update allow_empty_sender to false
11-12 21:14:04.685 D/Prevent (3499): update destroy_processes to false
11-12 21:14:04.685 D/Prevent (3499): update lock_sync_settings to true
11-12 21:14:04.685 D/Prevent (3499): update auto_prevent to true
11-12 21:14:04.685 D/Prevent (3499): update stop_signature_apps to true
11-12 21:14:04.685 D/Prevent (3499): update use_app_standby to false
11-12 21:14:04.686 I/Prevent (3499): prevent running 3.1.1 activated
11-12 21:14:04.692 I/Zygote  (3499): Process: zygote socket opened, supported ABIS: arm64-v8a
11-12 21:14:04.696 I/Zygote  (3499): Process: zygote socket opened, supported ABIS: armeabi-v7a,armeabi
11-12 21:14:04.700 I/art     (689): Starting a blocking GC Background
11-12 21:14:05.094 I/ActivityManager(3499): Start proc 4657:WebViewLoader-armeabi-v7a/1037 [android.webkit.WebViewFactory$RelroFileCreator] for 
11-12 21:14:05.096 W/art     (3499): Long monitor contention event with owner method=int com.android.server.am.ActivityManagerService.startIsolatedProcess(java.lang.String, java.lang.String[], java.lang.String, java.lang.String, int, java.lang.Runnable) from ActivityManagerService.java:3114 waiters=0 for 475ms
11-12 21:14:05.121 I/ActivityManager(3499): Start proc 4662:WebViewLoader-arm64-v8a/1037 [android.webkit.WebViewFactory$RelroFileCreator] for 
11-12 21:14:05.124 W/art     (3499): Long monitor contention event with owner method=int com.android.server.am.ActivityManagerService.startIsolatedProcess(java.lang.String, java.lang.String[], java.lang.String, java.lang.String, int, java.lang.Runnable) from ActivityManagerService.java:3114 waiters=1 for 491ms
11-12 21:14:05.174 V/WebViewFactory(4657): RelroFileCreator (64bit = false),  32-bit lib: /data/app/com.google.android.webview-2/lib/arm/libwebviewchromium.so, 64-bit lib: /data/app/com.google.android.webview-2/lib/arm64/libwebviewchromium.so
11-12 21:14:05.196 V/WebViewFactory(4662): RelroFileCreator (64bit = true),  32-bit lib: /data/app/com.google.android.webview-2/lib/arm/libwebviewchromium.so, 64-bit lib: /data/app/com.google.android.webview-2/lib/arm64/libwebviewchromium.so
11-12 21:14:05.201 I/ActivityManager(3499): Start proc 4669:com.android.systemui/u0a17 for service com.android.systemui/.SystemUIService
11-12 21:14:05.203 D/NetworkManagement(3499): enabling bandwidth control
11-12 21:14:05.204 W/art     (3499): Long monitor contention event with owner method=int com.android.server.am.ActivityManagerService.startIsolatedProcess(java.lang.String, java.lang.String[], java.lang.String, java.lang.String, int, java.lang.Runnable) from ActivityManagerService.java:3114 waiters=2 for 566ms
11-12 21:14:05.212 W/art     (3499): Long monitor contention event with owner method=int com.android.server.am.ActivityManagerService.startIsolatedProcess(java.lang.String, java.lang.String[], java.lang.String, java.lang.String, int, java.lang.Runnable) from ActivityManagerService.java:3114 waiters=3 for 523ms
11-12 21:14:05.306 W/art     (3499): Long monitor contention event with owner method=int com.android.server.am.ActivityManagerService.startIsolatedProcess(java.lang.String, java.lang.String[], java.lang.String, java.lang.String, int, java.lang.Runnable) from ActivityManagerService.java:3114 waiters=3 for 210ms
11-12 21:14:05.320 I/ActivityManager(3499): Start proc 4693:com.android.externalstorage/u0a8 for broadcast com.android.externalstorage/.MountReceiver
11-12 21:14:05.320 I/ActivityManager(3499): Force stopping com.android.providers.media appid=10007 user=-1: vold reset
11-12 21:14:05.414 W/WindowManager(3499): Keyguard drawn timeout. Setting mKeyguardDrawComplete
11-12 21:14:05.435 D/SoftapController(665): Softap fwReload - Ok
11-12 21:14:05.439 E/NetdConnector(3499): NDC Command {2 softap fwreload wlan0 STA} took too long (960ms)
11-12 21:14:05.443 D/Prevent (3499): init BroadcastFilterUtils
11-12 21:14:05.444 D/Prevent (3499): init NotificationManagerServiceUtils
11-12 21:14:05.447 W/System  (4669): ClassLoader referenced unknown path: /system/priv-app/SystemUI/lib/arm64
11-12 21:14:05.484 D/Prevent (3499): notificationManagerService: com.android.server.notification.NotificationManagerService
11-12 21:14:05.487 D/Prevent (3499): find cancelAllNotificationsInt in com.android.server.notification.NotificationManagerService: boolean com.android.server.notification.NotificationManagerService.cancelAllNotificationsInt(int,int,java.lang.String,int,int,boolean,int,int,com.android.server.notification.ManagedServices$ManagedServiceInfo)
11-12 21:14:05.506 D/Tethering(3499): sendTetherStateChangedBroadcast 0, 0, 0
11-12 21:14:05.506 D/Tethering(3499): InitialState.processMessage what=4
11-12 21:14:05.511 D/Tethering(3499): sendTetherStateChangedBroadcast 0, 0, 0
11-12 21:14:05.515 I/art     (4657): System.exit called, status: 0
11-12 21:14:05.515 I/AndroidRuntime(4657): VM exiting with result code 0, cleanup skipped.
11-12 21:14:05.532 I/art     (4662): System.exit called, status: 0
11-12 21:14:05.532 I/AndroidRuntime(4662): VM exiting with result code 0, cleanup skipped.
11-12 21:14:05.573 D/Prevent (3499): disallow start content provider name.caiyao.fakegps/.SettingProvider
11-12 21:14:05.574 W/ActivityManager(3499): Unable to launch app name.caiyao.fakegps/10068 for provider name.caiyao.fakegps.SettingProvider: process is bad
11-12 21:14:05.574 E/ActivityThread(4669): Failed to find provider info for name.caiyao.fakegps.SettingProvider
11-12 21:14:05.576 I/Xposed  (4669): cusor is null
11-12 21:14:05.672 I/Xposed  (4669): Status Bar Cleanup: SharedPrefs file readable: true
11-12 21:14:05.767 W/System  (4693): ClassLoader referenced unknown path: /system/priv-app/ExternalStorageProvider/lib/arm64
11-12 21:14:06.050 I/Xposed  (4669): [Android N-ify] [DEBUG] NotificationHooks: Class MediaExpandableNotificationRow not found. Skipping media row check.
11-12 21:14:06.134 E/NetdConnector(3499): NDC Command {3 bandwidth enable} took too long (930ms)
11-12 21:14:06.134 E/NetdConnector(3499): NDC Command {4 interface getcfg wlan0} took too long (695ms)
11-12 21:14:06.138 D/CommandListener(665): Setting iface cfg
11-12 21:14:06.138 D/CommandListener(665): Trying to bring down wlan0
11-12 21:14:06.190 I/iptables(665): iptables: No chain/target/match by that name.
11-12 21:14:06.191 I/iptables(665): iptables terminated by exit(1)
11-12 21:14:06.191 E/Netd    (665): exec() res=0, status=256 for /system/bin/iptables -w -F st_penalty_log 
11-12 21:14:06.201 D/Prevent (3499): disallow start content provider name.caiyao.fakegps/.SettingProvider
11-12 21:14:06.201 W/ActivityManager(3499): Unable to launch app name.caiyao.fakegps/10068 for provider name.caiyao.fakegps.SettingProvider: process is bad
11-12 21:14:06.202 E/ActivityThread(4693): Failed to find provider info for name.caiyao.fakegps.SettingProvider
11-12 21:14:06.203 I/Xposed  (4693): cusor is null
11-12 21:14:06.208 I/ip6tables(665): ip6tables: No chain/target/match by that name.
11-12 21:14:06.208 I/ip6tables(665): ip6tables terminated by exit(1)
11-12 21:14:06.209 E/Netd    (665): exec() res=0, status=256 for /system/bin/ip6tables -w -F st_penalty_log 
11-12 21:14:06.225 I/iptables(665): iptables: No chain/target/match by that name.
11-12 21:14:06.226 I/iptables(665): iptables terminated by exit(1)
11-12 21:14:06.226 E/Netd    (665): exec() res=0, status=256 for /system/bin/iptables -w -F st_penalty_reject 
11-12 21:14:06.234 I/Xposed  (4669): [Android N-ify] [DEBUG] SystemUIHooks: SystemUIApplication created, init
11-12 21:14:06.243 I/ip6tables(665): ip6tables: No chain/target/match by that name.
11-12 21:14:06.244 I/ip6tables(665): ip6tables terminated by exit(1)
11-12 21:14:06.244 E/Netd    (665): exec() res=0, status=256 for /system/bin/ip6tables -w -F st_penalty_reject 
11-12 21:14:06.262 I/iptables(665): iptables: No chain/target/match by that name.
11-12 21:14:06.262 I/iptables(665): iptables terminated by exit(1)
11-12 21:14:06.262 E/Netd    (665): exec() res=0, status=256 for /system/bin/iptables -w -F st_clear_caught 
11-12 21:14:06.276 V/SystemUIService(4669): Starting SystemUI services.
11-12 21:14:06.279 I/ip6tables(665): ip6tables: No chain/target/match by that name.
11-12 21:14:06.280 I/ip6tables(665): ip6tables terminated by exit(1)
11-12 21:14:06.280 E/Netd    (665): exec() res=0, status=256 for /system/bin/ip6tables -w -F st_clear_caught 
11-12 21:14:06.297 I/iptables(665): iptables: No chain/target/match by that name.
11-12 21:14:06.298 I/iptables(665): iptables terminated by exit(1)
11-12 21:14:06.298 E/Netd    (665): exec() res=0, status=256 for /system/bin/iptables -w -F st_clear_detect 
11-12 21:14:06.315 I/ip6tables(665): ip6tables: No chain/target/match by that name.
11-12 21:14:06.316 I/ip6tables(665): ip6tables terminated by exit(1)
11-12 21:14:06.316 E/Netd    (665): exec() res=0, status=256 for /system/bin/ip6tables -w -F st_clear_detect 
11-12 21:14:06.332 I/iptables(665): iptables: No chain/target/match by that name.
11-12 21:14:06.333 I/iptables(665): iptables terminated by exit(1)
11-12 21:14:06.333 E/Netd    (665): exec() res=0, status=256 for /system/bin/iptables -w -X st_penalty_log 
11-12 21:14:06.350 I/ip6tables(665): ip6tables: No chain/target/match by that name.
11-12 21:14:06.350 I/ip6tables(665): ip6tables terminated by exit(1)
11-12 21:14:06.351 E/Netd    (665): exec() res=0, status=256 for /system/bin/ip6tables -w -X st_penalty_log 
11-12 21:14:06.369 I/iptables(665): iptables: No chain/target/match by that name.
11-12 21:14:06.369 I/iptables(665): iptables terminated by exit(1)
11-12 21:14:06.369 E/Netd    (665): exec() res=0, status=256 for /system/bin/iptables -w -X st_penalty_reject 
11-12 21:14:06.387 I/ip6tables(665): ip6tables: No chain/target/match by that name.
11-12 21:14:06.387 I/ip6tables(665): ip6tables terminated by exit(1)
11-12 21:14:06.388 E/Netd    (665): exec() res=0, status=256 for /system/bin/ip6tables -w -X st_penalty_reject 
11-12 21:14:06.404 I/iptables(665): iptables: No chain/target/match by that name.
11-12 21:14:06.405 I/iptables(665): iptables terminated by exit(1)
11-12 21:14:06.405 E/Netd    (665): exec() res=0, status=256 for /system/bin/iptables -w -X st_clear_caught 
11-12 21:14:06.422 I/ip6tables(665): ip6tables: No chain/target/match by that name.
11-12 21:14:06.423 I/ip6tables(665): ip6tables terminated by exit(1)
11-12 21:14:06.423 E/Netd    (665): exec() res=0, status=256 for /system/bin/ip6tables -w -X st_clear_caught 
11-12 21:14:06.435 E/WVMExtractor(4669): Failed to open libwvm.so: dlopen failed: library "libwvm.so" not found
11-12 21:14:06.440 I/iptables(665): iptables: No chain/target/match by that name.
11-12 21:14:06.440 I/iptables(665): iptables terminated by exit(1)
11-12 21:14:06.441 E/Netd    (665): exec() res=0, status=256 for /system/bin/iptables -w -X st_clear_detect 
11-12 21:14:06.443 W/ServiceManager(670): Permission failure: com.oma.drm.permission.ACCESS_OMA_DRM from uid=10017 pid=4669
11-12 21:14:06.458 I/ip6tables(665): ip6tables: No chain/target/match by that name.
11-12 21:14:06.458 I/ip6tables(665): ip6tables terminated by exit(1)
11-12 21:14:06.459 E/Netd    (665): exec() res=0, status=256 for /system/bin/ip6tables -w -X st_clear_detect 
11-12 21:14:06.595 I/OMX-VENC(671): Video encode perflock acquired,handle=-1
11-12 21:14:06.688 E/OMX-VENC(671): Setting session priority failed
11-12 21:14:06.691 I/OMX-VENC(671): Component_init : OMX.qcom.video.encoder.avc : return = 0x0
11-12 21:14:06.692 W/ACodec  (671): do not know color format 0x7fa30c04 = 2141391876
11-12 21:14:06.692 W/ACodec  (671): do not know color format 0x7f000789 = 2130708361
11-12 21:14:06.694 I/OMX-VENC(671): Component Deinit
11-12 21:14:06.694 I/OMX-VENC(671): Video encode perflock released
11-12 21:14:06.696 I/OMX-VENC(671): Video encode perflock acquired,handle=-1
11-12 21:14:06.701 E/OMX-VENC(671): Setting session priority failed
11-12 21:14:06.703 I/OMX-VENC(671): Component_init : OMX.qcom.video.encoder.mpeg4 : return = 0x0
11-12 21:14:06.704 E/OMX-VENC(671): get_parameter: OMX_IndexParamVideoProfileLevelQuerySupported nProfileIndex ret NoMore 2
11-12 21:14:06.704 W/ACodec  (671): do not know color format 0x7fa30c04 = 2141391876
11-12 21:14:06.704 W/ACodec  (671): do not know color format 0x7f000789 = 2130708361
11-12 21:14:06.705 I/OMX-VENC(671): Component Deinit
11-12 21:14:06.705 I/OMX-VENC(671): Video encode perflock released
11-12 21:14:06.707 I/OMX-VENC(671): Video encode perflock acquired,handle=-1
11-12 21:14:06.709 E/OMX-VENC(671): Setting session priority failed
11-12 21:14:06.711 I/OMX-VENC(671): Component_init : OMX.qcom.video.encoder.h263 : return = 0x0
11-12 21:14:06.711 E/OMX-VENC(671): get_parameter: OMX_IndexParamVideoProfileLevelQuerySupported nProfileIndex ret NoMore 1
11-12 21:14:06.711 W/ACodec  (671): do not know color format 0x7fa30c04 = 2141391876
11-12 21:14:06.711 W/ACodec  (671): do not know color format 0x7f000789 = 2130708361
11-12 21:14:06.712 I/OMX-VENC(671): Component Deinit
11-12 21:14:06.712 I/OMX-VENC(671): Video encode perflock released
11-12 21:14:06.713 I/OMX-VENC(671): Video encode perflock acquired,handle=-1
11-12 21:14:06.716 E/OMX-VENC(671): Setting session priority failed
11-12 21:14:06.717 I/OMX-VENC(671): Component_init : OMX.qcom.video.encoder.vp8 : return = 0x0
11-12 21:14:06.717 W/ACodec  (671): do not know color format 0x7fa30c04 = 2141391876
11-12 21:14:06.717 W/ACodec  (671): do not know color format 0x7f000789 = 2130708361
11-12 21:14:06.718 I/OMX-VENC(671): Component Deinit
11-12 21:14:06.718 I/OMX-VENC(671): Video encode perflock released
11-12 21:14:06.721 I/OMX-VENC(671): Video encode perflock acquired,handle=-1
11-12 21:14:06.725 E/OMX-VENC(671): Setting session priority failed
11-12 21:14:06.727 I/OMX-VENC(671): Component_init : OMX.qcom.video.encoder.hevc : return = 0x0
11-12 21:14:06.728 W/ACodec  (671): do not know color format 0x7fa30c04 = 2141391876
11-12 21:14:06.728 W/ACodec  (671): do not know color format 0x7f000789 = 2130708361
11-12 21:14:06.731 I/OMX-VENC(671): Component Deinit
11-12 21:14:06.731 I/OMX-VENC(671): Video encode perflock released
11-12 21:14:06.738 I/OMX-VDEC-1080P(671): Video slvp perflock acquired
11-12 21:14:06.739 I/OMX-VDEC-1080P(671): component_init: OMX.qcom.video.decoder.avc : fd=17
11-12 21:14:06.739 I/OMX-VDEC-1080P(671): Capabilities: driver_name = msm_vidc_driver, card = msm_vdec_8974, bus_info = , version = 1, capabilities = 4003000
11-12 21:14:06.752 I/OMX-VDEC-1080P(671): omx_vdec::component_init() success : fd=17
11-12 21:14:06.753 E/OMXNodeInstance(671): getParameter(14:qcom.decoder.avc, ??(0x7f000044)) ERROR: UnsupportedSetting(0x80001019)
11-12 21:14:06.753 E/OMXNodeInstance(671): getParameter(14:qcom.decoder.avc, ??(0x7f000044)) ERROR: UnsupportedSetting(0x80001019)
11-12 21:14:06.753 E/OMX-VDEC-1080P(671): Extension: OMX.google.android.index.storeANWBufferInMetadata not implemented
11-12 21:14:06.753 I/OMX-VDEC-1080P(671): omx_vdec::component_deinit() complete
11-12 21:14:06.756 I/OMX-VDEC-1080P(671): Exit OMX vdec Destructor: fd=17
11-12 21:14:06.756 I/OMX-VDEC-1080P(671): Video slvp perflock released
11-12 21:14:06.756 I/art     (3499): Background sticky concurrent mark sweep GC freed 63366(5MB) AllocSpace objects, 60(1200KB) LOS objects, 31% free, 13MB/20MB, paused 2.765ms total 138.198ms
11-12 21:14:06.757 I/OMX-VDEC-1080P(671): Video slvp perflock acquired
11-12 21:14:06.758 I/OMX-VDEC-1080P(671): component_init: OMX.qcom.video.decoder.avc : fd=17
11-12 21:14:06.758 I/OMX-VDEC-1080P(671): Capabilities: driver_name = msm_vidc_driver, card = msm_vdec_8974, bus_info = , version = 1, capabilities = 4003000
11-12 21:14:06.771 I/OMX-VDEC-1080P(671): omx_vdec::component_init() success : fd=17
11-12 21:14:06.771 E/OMXNodeInstance(671): getParameter(15:qcom.decoder.avc.secure, ??(0x7f000044)) ERROR: UnsupportedSetting(0x80001019)
11-12 21:14:06.771 E/OMXNodeInstance(671): getParameter(15:qcom.decoder.avc.secure, ??(0x7f000044)) ERROR: UnsupportedSetting(0x80001019)
11-12 21:14:06.771 E/OMX-VDEC-1080P(671): Extension: OMX.google.android.index.storeANWBufferInMetadata not implemented
11-12 21:14:06.771 I/OMX-VDEC-1080P(671): omx_vdec::component_deinit() complete
11-12 21:14:06.774 I/OMX-VDEC-1080P(671): Exit OMX vdec Destructor: fd=17
11-12 21:14:06.774 I/OMX-VDEC-1080P(671): Video slvp perflock released
11-12 21:14:06.775 I/OMX-VDEC-1080P(671): Video slvp perflock acquired
11-12 21:14:06.775 I/OMX-VDEC-1080P(671): component_init: OMX.qcom.video.decoder.mpeg4 : fd=17
11-12 21:14:06.776 I/OMX-VDEC-1080P(671): Capabilities: driver_name = msm_vidc_driver, card = msm_vdec_8974, bus_info = , version = 1, capabilities = 4003000
11-12 21:14:06.785 I/OMX-VDEC-1080P(671): omx_vdec::component_init() success : fd=17
11-12 21:14:06.785 E/OMXNodeInstance(671): getParameter(16:qcom.decoder.mpeg4, ??(0x7f000044)) ERROR: UnsupportedSetting(0x80001019)
11-12 21:14:06.785 E/OMXNodeInstance(671): getParameter(16:qcom.decoder.mpeg4, ??(0x7f000044)) ERROR: UnsupportedSetting(0x80001019)
11-12 21:14:06.785 E/OMX-VDEC-1080P(671): Extension: OMX.google.android.index.storeANWBufferInMetadata not implemented
11-12 21:14:06.785 I/OMX-VDEC-1080P(671): omx_vdec::component_deinit() complete
11-12 21:14:06.787 I/OMX-VDEC-1080P(671): Exit OMX vdec Destructor: fd=17
11-12 21:14:06.787 I/OMX-VDEC-1080P(671): Video slvp perflock released
11-12 21:14:06.789 I/OMX-VDEC-1080P(671): Video slvp perflock acquired
11-12 21:14:06.789 I/OMX-VDEC-1080P(671): component_init: OMX.qcom.video.decoder.mpeg2 : fd=17
11-12 21:14:06.789 I/OMX-VDEC-1080P(671): Capabilities: driver_name = msm_vidc_driver, card = msm_vdec_8974, bus_info = , version = 1, capabilities = 4003000
11-12 21:14:06.797 I/OMX-VDEC-1080P(671): omx_vdec::component_init() success : fd=17
11-12 21:14:06.797 E/OMXNodeInstance(671): getParameter(17:qcom.decoder.mpeg2, ??(0x7f000044)) ERROR: UnsupportedSetting(0x80001019)
11-12 21:14:06.797 E/OMXNodeInstance(671): getParameter(17:qcom.decoder.mpeg2, ??(0x7f000044)) ERROR: UnsupportedSetting(0x80001019)
11-12 21:14:06.797 E/OMX-VDEC-1080P(671): Extension: OMX.google.android.index.storeANWBufferInMetadata not implemented
11-12 21:14:06.797 I/OMX-VDEC-1080P(671): omx_vdec::component_deinit() complete
11-12 21:14:06.801 I/OMX-VDEC-1080P(671): Exit OMX vdec Destructor: fd=17
11-12 21:14:06.801 I/OMX-VDEC-1080P(671): Video slvp perflock released
11-12 21:14:06.802 I/OMX-VDEC-1080P(671): Video slvp perflock acquired
11-12 21:14:06.803 I/OMX-VDEC-1080P(671): component_init: OMX.qcom.video.decoder.mpeg2 : fd=17
11-12 21:14:06.803 I/OMX-VDEC-1080P(671): Capabilities: driver_name = msm_vidc_driver, card = msm_vdec_8974, bus_info = , version = 1, capabilities = 4003000
11-12 21:14:06.807 I/OMX-VDEC-1080P(671): omx_vdec::component_init() success : fd=17
11-12 21:14:06.807 E/OMXNodeInstance(671): getParameter(18:qcom.decoder.mpeg2.secure, ??(0x7f000044)) ERROR: UnsupportedSetting(0x80001019)
11-12 21:14:06.807 E/OMXNodeInstance(671): getParameter(18:qcom.decoder.mpeg2.secure, ??(0x7f000044)) ERROR: UnsupportedSetting(0x80001019)
11-12 21:14:06.807 E/OMX-VDEC-1080P(671): Extension: OMX.google.android.index.storeANWBufferInMetadata not implemented
11-12 21:14:06.807 I/OMX-VDEC-1080P(671): omx_vdec::component_deinit() complete
11-12 21:14:06.809 I/OMX-VDEC-1080P(671): Exit OMX vdec Destructor: fd=17
11-12 21:14:06.809 I/OMX-VDEC-1080P(671): Video slvp perflock released
11-12 21:14:06.810 I/OMX-VDEC-1080P(671): Video slvp perflock acquired
11-12 21:14:06.810 I/OMX-VDEC-1080P(671): component_init: OMX.qcom.video.decoder.h263 : fd=17
11-12 21:14:06.810 I/OMX-VDEC-1080P(671): Capabilities: driver_name = msm_vidc_driver, card = msm_vdec_8974, bus_info = , version = 1, capabilities = 4003000
11-12 21:14:06.817 I/OMX-VDEC-1080P(671): omx_vdec::component_init() success : fd=17
11-12 21:14:06.817 E/OMXNodeInstance(671): getParameter(19:qcom.decoder.h263, ??(0x7f000044)) ERROR: UnsupportedSetting(0x80001019)
11-12 21:14:06.817 E/OMXNodeInstance(671): getParameter(19:qcom.decoder.h263, ??(0x7f000044)) ERROR: UnsupportedSetting(0x80001019)
11-12 21:14:06.817 E/OMX-VDEC-1080P(671): Extension: OMX.google.android.index.storeANWBufferInMetadata not implemented
11-12 21:14:06.818 I/OMX-VDEC-1080P(671): omx_vdec::component_deinit() complete
11-12 21:14:06.820 I/OMX-VDEC-1080P(671): Exit OMX vdec Destructor: fd=17
11-12 21:14:06.820 I/OMX-VDEC-1080P(671): Video slvp perflock released
11-12 21:14:06.822 I/OMX-VDEC-1080P(671): Video slvp perflock acquired
11-12 21:14:06.822 I/OMX-VDEC-1080P(671): component_init: OMX.qcom.video.decoder.vc1 : fd=17
11-12 21:14:06.822 I/OMX-VDEC-1080P(671): Capabilities: driver_name = msm_vidc_driver, card = msm_vdec_8974, bus_info = , version = 1, capabilities = 4003000
11-12 21:14:06.827 I/OMX-VDEC-1080P(671): omx_vdec::component_init() success : fd=17
11-12 21:14:06.828 E/OMX-VDEC-1080P(671): get_parameter: OMX_IndexParamVideoProfileLevelQuerySupported ret NoMore for codec: OMX.qcom.video.decoder.vc1
11-12 21:14:06.828 E/OMXNodeInstance(671): getParameter(1a:qcom.decoder.vc1, ??(0x7f000044)) ERROR: UnsupportedSetting(0x80001019)
11-12 21:14:06.828 E/OMXNodeInstance(671): getParameter(1a:qcom.decoder.vc1, ??(0x7f000044)) ERROR: UnsupportedSetting(0x80001019)
11-12 21:14:06.828 E/OMX-VDEC-1080P(671): Extension: OMX.google.android.index.storeANWBufferInMetadata not implemented
11-12 21:14:06.828 I/OMX-VDEC-1080P(671): omx_vdec::component_deinit() complete
11-12 21:14:06.832 I/OMX-VDEC-1080P(671): Exit OMX vdec Destructor: fd=17
11-12 21:14:06.832 I/OMX-VDEC-1080P(671): Video slvp perflock released
11-12 21:14:06.833 I/OMX-VDEC-1080P(671): Video slvp perflock acquired
11-12 21:14:06.834 I/OMX-VDEC-1080P(671): component_init: OMX.qcom.video.decoder.vc1 : fd=17
11-12 21:14:06.834 I/OMX-VDEC-1080P(671): Capabilities: driver_name = msm_vidc_driver, card = msm_vdec_8974, bus_info = , version = 1, capabilities = 4003000
11-12 21:14:06.837 I/OMX-VDEC-1080P(671): omx_vdec::component_init() success : fd=17
11-12 21:14:06.837 E/OMX-VDEC-1080P(671): get_parameter: OMX_IndexParamVideoProfileLevelQuerySupported ret NoMore for codec: OMX.qcom.video.decoder.vc1
11-12 21:14:06.837 E/OMXNodeInstance(671): getParameter(1b:qcom.decoder.vc1.secure, ??(0x7f000044)) ERROR: UnsupportedSetting(0x80001019)
11-12 21:14:06.838 E/OMXNodeInstance(671): getParameter(1b:qcom.decoder.vc1.secure, ??(0x7f000044)) ERROR: UnsupportedSetting(0x80001019)
11-12 21:14:06.838 E/OMX-VDEC-1080P(671): Extension: OMX.google.android.index.storeANWBufferInMetadata not implemented
11-12 21:14:06.838 I/OMX-VDEC-1080P(671): omx_vdec::component_deinit() complete
11-12 21:14:06.840 I/OMX-VDEC-1080P(671): Exit OMX vdec Destructor: fd=17
11-12 21:14:06.840 I/OMX-VDEC-1080P(671): Video slvp perflock released
11-12 21:14:06.842 I/OMX-VDEC-1080P(671): Video slvp perflock acquired
11-12 21:14:06.842 I/OMX-VDEC-1080P(671): component_init: OMX.qcom.video.decoder.divx : fd=17
11-12 21:14:06.842 E/OMX-VDEC-1080P(671): DIVX 5/6 Decoder selected
11-12 21:14:06.855 I/OMX-VDEC-1080P(671): Capabilities: driver_name = msm_vidc_driver, card = msm_vdec_8974, bus_info = , version = 1, capabilities = 4003000
11-12 21:14:06.867 I/OMX-VDEC-1080P(671): omx_vdec::component_init() success : fd=17
11-12 21:14:06.867 E/OMX-VDEC-1080P(671): get_parameter: OMX_IndexParamVideoProfileLevelQuerySupported ret NoMore for codec: OMX.qcom.video.decoder.divx
11-12 21:14:06.867 E/OMXNodeInstance(671): getParameter(1c:qcom.decoder.divx, ??(0x7f000044)) ERROR: UnsupportedSetting(0x80001019)
11-12 21:14:06.867 E/OMXNodeInstance(671): getParameter(1c:qcom.decoder.divx, ??(0x7f000044)) ERROR: UnsupportedSetting(0x80001019)
11-12 21:14:06.867 E/OMX-VDEC-1080P(671): Extension: OMX.google.android.index.storeANWBufferInMetadata not implemented
11-12 21:14:06.867 I/OMX-VDEC-1080P(671): omx_vdec::component_deinit() complete
11-12 21:14:06.869 I/OMX-VDEC-1080P(671): Exit OMX vdec Destructor: fd=17
11-12 21:14:06.869 I/OMX-VDEC-1080P(671): Video slvp perflock released
11-12 21:14:06.871 I/OMX-VDEC-1080P(671): Video slvp perflock acquired
11-12 21:14:06.872 I/OMX-VDEC-1080P(671): component_init: OMX.qcom.video.decoder.divx311 : fd=17
11-12 21:14:06.872 I/OMX-VDEC-1080P(671): Capabilities: driver_name = msm_vidc_driver, card = msm_vdec_8974, bus_info = , version = 1, capabilities = 4003000
11-12 21:14:06.877 I/OMX-VDEC-1080P(671): omx_vdec::component_init() success : fd=17
11-12 21:14:06.878 E/OMX-VDEC-1080P(671): get_parameter: OMX_IndexParamVideoProfileLevelQuerySupported ret NoMore for codec: OMX.qcom.video.decoder.divx311
11-12 21:14:06.878 E/OMXNodeInstance(671): getParameter(1d:qcom.decoder.divx311, ??(0x7f000044)) ERROR: UnsupportedSetting(0x80001019)
11-12 21:14:06.878 E/OMXNodeInstance(671): getParameter(1d:qcom.decoder.divx311, ??(0x7f000044)) ERROR: UnsupportedSetting(0x80001019)
11-12 21:14:06.878 E/OMX-VDEC-1080P(671): Extension: OMX.google.android.index.storeANWBufferInMetadata not implemented
11-12 21:14:06.878 I/OMX-VDEC-1080P(671): omx_vdec::component_deinit() complete
11-12 21:14:06.880 I/OMX-VDEC-1080P(671): Exit OMX vdec Destructor: fd=17
11-12 21:14:06.881 I/OMX-VDEC-1080P(671): Video slvp perflock released
11-12 21:14:06.883 I/OMX-VDEC-1080P(671): Video slvp perflock acquired
11-12 21:14:06.883 I/OMX-VDEC-1080P(671): component_init: OMX.qcom.video.decoder.divx4 : fd=17
11-12 21:14:06.883 E/OMX-VDEC-1080P(671): DIVX 4 Decoder selected
11-12 21:14:06.884 I/OMX-VDEC-1080P(671): Capabilities: driver_name = msm_vidc_driver, card = msm_vdec_8974, bus_info = , version = 1, capabilities = 4003000
11-12 21:14:06.893 I/OMX-VDEC-1080P(671): omx_vdec::component_init() success : fd=17
11-12 21:14:06.893 E/OMX-VDEC-1080P(671): get_parameter: OMX_IndexParamVideoProfileLevelQuerySupported ret NoMore for codec: OMX.qcom.video.decoder.divx4
11-12 21:14:06.893 E/OMXNodeInstance(671): getParameter(1e:qcom.decoder.divx4, ??(0x7f000044)) ERROR: UnsupportedSetting(0x80001019)
11-12 21:14:06.893 E/OMXNodeInstance(671): getParameter(1e:qcom.decoder.divx4, ??(0x7f000044)) ERROR: UnsupportedSetting(0x80001019)
11-12 21:14:06.893 E/OMX-VDEC-1080P(671): Extension: OMX.google.android.index.storeANWBufferInMetadata not implemented
11-12 21:14:06.893 I/OMX-VDEC-1080P(671): omx_vdec::component_deinit() complete
11-12 21:14:06.895 I/OMX-VDEC-1080P(671): Exit OMX vdec Destructor: fd=17
11-12 21:14:06.895 I/OMX-VDEC-1080P(671): Video slvp perflock released
11-12 21:14:06.897 I/OMX-VDEC-1080P(671): Video slvp perflock acquired
11-12 21:14:06.897 I/OMX-VDEC-1080P(671): component_init: OMX.qcom.video.decoder.vp8 : fd=17
11-12 21:14:06.897 I/OMX-VDEC-1080P(671): Capabilities: driver_name = msm_vidc_driver, card = msm_vdec_8974, bus_info = , version = 1, capabilities = 4003000
11-12 21:14:06.905 I/OMX-VDEC-1080P(671): omx_vdec::component_init() success : fd=17
11-12 21:14:06.905 E/OMXNodeInstance(671): getParameter(1f:qcom.decoder.vp8, ??(0x7f000044)) ERROR: UnsupportedSetting(0x80001019)
11-12 21:14:06.905 E/OMXNodeInstance(671): getParameter(1f:qcom.decoder.vp8, ??(0x7f000044)) ERROR: UnsupportedSetting(0x80001019)
11-12 21:14:06.905 E/OMX-VDEC-1080P(671): Extension: OMX.google.android.index.storeANWBufferInMetadata not implemented
11-12 21:14:06.906 I/OMX-VDEC-1080P(671): omx_vdec::component_deinit() complete
11-12 21:14:06.907 I/OMX-VDEC-1080P(671): Exit OMX vdec Destructor: fd=17
11-12 21:14:06.907 I/OMX-VDEC-1080P(671): Video slvp perflock released
11-12 21:14:06.909 I/OMX-VDEC-1080P(671): Video slvp perflock acquired
11-12 21:14:06.909 I/OMX-VDEC-1080P(671): component_init: OMX.qcom.video.decoder.hevc : fd=17
11-12 21:14:06.910 I/OMX-VDEC-1080P(671): Capabilities: driver_name = msm_vidc_driver, card = msm_vdec_8974, bus_info = , version = 1, capabilities = 4003000
11-12 21:14:06.917 I/OMX-VDEC-1080P(671): omx_vdec::component_init() success : fd=17
11-12 21:14:06.918 E/OMXNodeInstance(671): getParameter(20:qcom.decoder.hevc, ??(0x7f000044)) ERROR: UnsupportedSetting(0x80001019)
11-12 21:14:06.918 E/OMXNodeInstance(671): getParameter(20:qcom.decoder.hevc, ??(0x7f000044)) ERROR: UnsupportedSetting(0x80001019)
11-12 21:14:06.918 E/OMX-VDEC-1080P(671): Extension: OMX.google.android.index.storeANWBufferInMetadata not implemented
11-12 21:14:06.918 I/OMX-VDEC-1080P(671): omx_vdec::component_deinit() complete
11-12 21:14:06.920 I/OMX-VDEC-1080P(671): Exit OMX vdec Destructor: fd=17
11-12 21:14:06.921 I/OMX-VDEC-1080P(671): Video slvp perflock released
11-12 21:14:06.922 I/OMX-VDEC-1080P(671): Video slvp perflock acquired
11-12 21:14:06.923 I/OMX-VDEC-1080P(671): component_init: OMX.qcom.video.decoder.hevc : fd=17
11-12 21:14:06.923 I/OMX-VDEC-1080P(671): Capabilities: driver_name = msm_vidc_driver, card = msm_vdec_8974, bus_info = , version = 1, capabilities = 4003000
11-12 21:14:06.934 I/OMX-VDEC-1080P(671): omx_vdec::component_init() success : fd=17
11-12 21:14:06.934 E/OMXNodeInstance(671): getParameter(21:qcom.decoder.hevc.secure, ??(0x7f000044)) ERROR: UnsupportedSetting(0x80001019)
11-12 21:14:06.934 E/OMXNodeInstance(671): getParameter(21:qcom.decoder.hevc.secure, ??(0x7f000044)) ERROR: UnsupportedSetting(0x80001019)
11-12 21:14:06.934 E/OMX-VDEC-1080P(671): Extension: OMX.google.android.index.storeANWBufferInMetadata not implemented
11-12 21:14:06.934 I/OMX-VDEC-1080P(671): omx_vdec::component_deinit() complete
11-12 21:14:06.936 I/OMX-VDEC-1080P(671): Exit OMX vdec Destructor: fd=17
11-12 21:14:06.936 I/OMX-VDEC-1080P(671): Video slvp perflock released
11-12 21:14:06.937 E/OMX     (671): FAILED to allocate omx component 'OMX.qti.audio.decoder.flac' err=InvalidComponentName(0x80001002)
11-12 21:14:06.945 W/OMXNodeInstance(671): [22:google.mpeg4.decoder] component does not support metadata mode; using fallback
11-12 21:14:06.950 W/OMXNodeInstance(671): [23:google.mpeg4.decoder] component does not support metadata mode; using fallback
11-12 21:14:06.952 W/MediaCodecList(671): ignoring Limit specified outside of a Type
11-12 21:14:06.952 W/MediaCodecList(671): ignoring Limit specified outside of a Type
11-12 21:14:06.952 W/MediaCodecList(671): ignoring Limit specified outside of a Type
11-12 21:14:06.952 W/MediaCodecList(671): ignoring Limit specified outside of a Type
11-12 21:14:06.952 W/MediaCodecList(671): ignoring Limit specified outside of a Type
11-12 21:14:06.952 W/MediaCodecList(671): ignoring Feature specified outside of a Type
11-12 21:14:06.954 W/OMXNodeInstance(671): [24:google.h263.decoder] component does not support metadata mode; using fallback
11-12 21:14:06.970 W/OMXNodeInstance(671): [25:google.h264.decoder] component does not support metadata mode; using fallback
11-12 21:14:06.990 W/OMXNodeInstance(671): [26:google.hevc.decoder] component does not support metadata mode; using fallback
11-12 21:14:07.009 W/OMXNodeInstance(671): [27:google.vp8.decoder] component does not support metadata mode; using fallback
11-12 21:14:07.013 W/OMXNodeInstance(671): [28:google.vp9.decoder] component does not support metadata mode; using fallback
11-12 21:14:07.021 I/SoftMPEG4Encoder(671): Construct SoftMPEG4Encoder
11-12 21:14:07.021 W/ACodec  (671): do not know color format 0x7f000789 = 2130708361
11-12 21:14:07.031 D/CommandListener(665): Clearing all IP addresses on wlan0
11-12 21:14:07.032 E/NetdConnector(3499): NDC Command {6 strict enable} took too long (895ms)
11-12 21:14:07.032 E/NetdConnector(3499): NDC Command {7 interface clearaddrs wlan0} took too long (894ms)
11-12 21:14:07.037 W/ACodec  (671): do not know color format 0x7f000789 = 2130708361
11-12 21:14:07.040 I/SoftMPEG4Encoder(671): Construct SoftMPEG4Encoder
11-12 21:14:07.041 W/ACodec  (671): do not know color format 0x7f000789 = 2130708361
11-12 21:14:07.041 D/wifi    (3499): set interface wlan0 flags (UP)
11-12 21:14:07.041 I/WifiHAL (3499): Initializing wifi
11-12 21:14:07.053 I/WifiHAL (3499): nl_socket_set_buffer_size successful for user_sock
11-12 21:14:07.053 I/WifiHAL (3499): Initiialized diag sock successfully
11-12 21:14:07.053 D/WifiHAL (3499): WifihalGeneric 0x7f79255b90 constructed
11-12 21:14:07.053 I/WifiHAL (3499): ******HexDump len:0*********
11-12 21:14:07.053 I/WifiHAL (3499): ******HexDump End***********
11-12 21:14:07.054 I/WifiHAL (3499): Got a Wi-Fi HAL module message from Driver
11-12 21:14:07.054 I/WifiHAL (3499): Supported feature set : 9b99f
11-12 21:14:07.054 D/WifiHAL (3499): WifihalGeneric 0x7f79255b90 destructor
11-12 21:14:07.054 I/WifiHAL (3499): Initializing Gscan Event Handlers
11-12 21:14:07.054 I/WifiHAL (3499): Initialized Wifi HAL Successfully; vendor cmd = 103 Supported features : 9b99f
11-12 21:14:07.054 D/wifi    (3499): Did set static halHandle = 0x7f7aa03800
11-12 21:14:07.054 D/wifi    (3499): halHandle = 0x7f7aa03800, mVM = 0x7f9bb17140, mCls = 0x200c7a
11-12 21:14:07.054 D/wifi    (3499): array field set
11-12 21:14:07.054 I/WifiNative-HAL(3499): interface[0] = p2p0
11-12 21:14:07.054 I/WifiNative-HAL(3499): interface[1] = wlan0
11-12 21:14:07.061 W/ACodec  (671): do not know color format 0x7f000789 = 2130708361
11-12 21:14:07.078 W/MediaCodecList(671): unable to open media codecs configuration xml file: /data/misc/media/media_codecs_profiling_results.xml
11-12 21:14:07.080 I/OMXClient(4669): Using client-side OMX mux.
11-12 21:14:07.098 I/WifiNative-HAL(3499): Waiting for HAL events mWifiHalHandle=547518167040
11-12 21:14:07.098 D/wifi    (3499): waitForHalEvents called, vm = 0x7f9bb17140, obj = 0x200c7a, env = 0x7f93dec2c0
11-12 21:14:07.106 I/TetherStatsReporting(3499): getTetherStats() called NetworkStats: elapsedRealtime=50206
11-12 21:14:07.106 I/TetherStatsReporting(3499):   [0] iface=dummy0 uid=0 set=DEFAULT tag=0x0 rxBytes=0 rxPackets=0 txBytes=168 txPackets=3 operations=0
11-12 21:14:07.106 I/TetherStatsReporting(3499):   [1] iface=dummy0 uid=0 set=FOREGROUND tag=0x0 rxBytes=0 rxPackets=0 txBytes=0 txPackets=0 operations=0
11-12 21:14:07.106 I/TetherStatsReporting(3499): binding to service
11-12 21:14:07.122 W/art     (4693): Verification of void com.chelpus.XSupport$35.<init>(com.chelpus.XSupport) took 106.691ms
11-12 21:14:07.133 D/wpa_supplicant(4940): wpa_supplicant v2.5-devel-6.0.1
11-12 21:14:07.134 D/wpa_supplicant(4940): random: Added entropy from /data/misc/wifi/entropy.bin (own_pool_ready=2)
11-12 21:14:07.135 D/wpa_supplicant(4940): random: Trying to read entropy from /dev/random
11-12 21:14:07.135 D/wpa_supplicant(4940): Get randomness: len=20 entropy=1
11-12 21:14:07.136 D/wpa_supplicant(4940): random: Updated entropy file /data/misc/wifi/entropy.bin (own_pool_ready=2)
11-12 21:14:07.136 D/wpa_supplicant(4940): Global control interface '@android:wpa_wlan0'
11-12 21:14:07.136 D/wpa_supplicant(4940): Using Android control socket 'wpa_wlan0'
11-12 21:14:07.136 I/wpa_supplicant(4940): Successfully initialized wpa_supplicant
11-12 21:14:07.136 D/wpa_supplicant(4940): Override interface parameter: ctrl_interface ('(null)' -> '/data/misc/wifi/sockets')
11-12 21:14:07.136 D/wpa_supplicant(4940): Initializing interface 'p2p0' conf '/data/misc/wifi/p2p_supplicant.conf' driver 'nl80211' ctrl_interface '/data/misc/wifi/sockets' bridge 'N/A'
11-12 21:14:07.136 D/wpa_supplicant(4940): Configuration file '/data/misc/wifi/p2p_supplicant.conf' -> '/data/misc/wifi/p2p_supplicant.conf'
11-12 21:14:07.136 D/wpa_supplicant(4940): Reading configuration file '/data/misc/wifi/p2p_supplicant.conf'
11-12 21:14:07.137 D/wpa_supplicant(4940): ctrl_interface='/data/misc/wifi/sockets'
11-12 21:14:07.137 D/wpa_supplicant(4940): disable_scan_offload=1
11-12 21:14:07.137 D/wpa_supplicant(4940): update_config=1
11-12 21:14:07.137 D/wpa_supplicant(4940): device_name='Android_1b26'
11-12 21:14:07.137 D/wpa_supplicant(4940): config_methods='virtual_push_button physical_display keypad'
11-12 21:14:07.137 D/wpa_supplicant(4940): p2p_ssid_postfix='-Android_1b26'
11-12 21:14:07.137 D/wpa_supplicant(4940): persistent_reconnect=1
11-12 21:14:07.137 D/wpa_supplicant(4940): pmf=1
11-12 21:14:07.137 D/wpa_supplicant(4940): p2p_search_delay=100
11-12 21:14:07.137 D/wpa_supplicant(4940): Reading configuration file '/system/etc/wifi/p2p_supplicant_overlay.conf'
11-12 21:14:07.137 D/wpa_supplicant(4940): disable_scan_offload=1
11-12 21:14:07.137 D/wpa_supplicant(4940): p2p_search_delay=100
11-12 21:14:07.139 I/wpa_supplicant(4940): rfkill: Cannot open RFKILL control device
11-12 21:14:07.139 D/wpa_supplicant(4940): nl80211: RFKILL status not available
11-12 21:14:07.139 D/wpa_supplicant(4940): nl80211: Using driver-based roaming
11-12 21:14:07.139 D/wpa_supplicant(4940): nl80211: TDLS supported
11-12 21:14:07.139 D/wpa_supplicant(4940): nl80211: TDLS external setup
11-12 21:14:07.139 D/wpa_supplicant(4940): nl80211: Supported cipher 00-0f-ac:1
11-12 21:14:07.139 D/wpa_supplicant(4940): nl80211: Supported cipher 00-0f-ac:5
11-12 21:14:07.139 D/wpa_supplicant(4940): nl80211: Supported cipher 00-0f-ac:2
11-12 21:14:07.139 D/wpa_supplicant(4940): nl80211: Supported cipher 00-40-96:254
11-12 21:14:07.139 D/wpa_supplicant(4940): nl80211: Supported cipher 00-40-96:255
11-12 21:14:07.139 D/wpa_supplicant(4940): nl80211: Supported cipher 00-0f-ac:4
11-12 21:14:07.139 D/wpa_supplicant(4940): nl80211: Supported cipher 00-14-72:1
11-12 21:14:07.139 D/wpa_supplicant(4940): nl80211: Supported cipher 00-0f-ac:6
11-12 21:14:07.139 D/wpa_supplicant(4940): nl80211: Supports Probe Response offload in AP mode
11-12 21:14:07.139 D/wpa_supplicant(4940): nl80211: Using driver-based off-channel TX
11-12 21:14:07.139 D/wpa_supplicant(4940): nl80211: Supported vendor command: vendor_id=0x1374 subcmd=11
11-12 21:14:07.139 D/wpa_supplicant(4940): nl80211: Supported vendor command: vendor_id=0x1374 subcmd=12
