11-12 21:14:06.234 I/Xposed  ( 4669): [Android N-ify] [DEBUG] SystemUIHooks: SystemUIApplication created, init
11-12 21:14:21.637 I/Xposed  ( 5699): cusor is null
11-12 21:14:30.049 I/Xposed  ( 5861): cusor is null
11-12 21:14:36.338 I/Xposed  ( 4669): Status Bar Cleanup: User (Status Bar Header) -> hidden
11-12 21:14:36.338 I/Xposed  ( 4669): [Android N-ify] [DEBUG] StatusBarHeaderHooks: onFinishInflateHook called
11-12 21:14:36.402 I/Xposed  ( 4669): [Android N-ify] [DEBUG] StatusBarHeaderHooks: postSetupAnimators called
11-12 21:14:36.402 I/Xposed  ( 4669): [Android N-ify] [DEBUG] StatusBarHeaderHooks: postSetupAnimatorsImpl called
11-12 21:14:37.532 I/Xposed  ( 3499): cusor is null
11-12 21:14:52.696 I/Xposed  ( 4669): [Android N-ify] [DEBUG] QSContainerHelper: height: 312
11-12 21:14:52.767 I/Xposed  ( 4669): [Android N-ify] [DEBUG] QSContainerHelper: height: 0
11-12 21:14:52.792 I/Xposed  ( 4669): [Android N-ify] [DEBUG] QSContainerHelper: height: 0
11-12 21:14:52.845 I/Xposed  ( 4669): [Android N-ify] [DEBUG] QSContainerHelper: height: 0
11-12 21:14:58.150 I/Xposed  ( 4669): [Android N-ify] [DEBUG] QSContainerHelper: height: 312
11-12 21:14:58.152 I/Xposed  ( 4669): [Android N-ify] [DEBUG] QSContainerHelper: height: 312
11-12 21:14:58.181 I/Xposed  ( 4669): [Android N-ify] [DEBUG] NotificationPanelHooks: setBarStateHook: Setting state to 1
11-12 21:15:00.733 I/Xposed  ( 4669): [Android N-ify] [DEBUG] QSContainerHelper: height: 312
11-12 21:15:00.736 I/Xposed  ( 4669): [Android N-ify] [DEBUG] QSContainerHelper: height: 312
11-12 21:15:00.737 I/Xposed  ( 4669): [Android N-ify] [DEBUG] QSContainerHelper: height: 312
11-12 21:15:00.738 I/Xposed  ( 4669): [Android N-ify] [DEBUG] QSContainerHelper: height: 312
11-12 21:15:01.249 I/Xposed  ( 4669): [Android N-ify] [DEBUG] QSContainerHelper: height: 312
11-12 21:15:01.251 I/Xposed  ( 4669): [Android N-ify] [DEBUG] QSContainerHelper: height: 312
11-12 21:15:01.254 I/Xposed  ( 4669): [Android N-ify] [DEBUG] QSContainerHelper: height: 312
11-12 21:15:01.256 I/Xposed  ( 4669): [Android N-ify] [DEBUG] QSContainerHelper: height: 312
11-12 21:15:01.440 I/Xposed  ( 4669): [Android N-ify] [DEBUG] QSContainerHelper: height: 312
11-12 21:15:01.444 I/Xposed  ( 4669): [Android N-ify] [DEBUG] QSContainerHelper: height: 312
11-12 21:15:01.445 I/Xposed  ( 4669): [Android N-ify] [DEBUG] QSContainerHelper: height: 312
11-12 21:15:01.446 I/Xposed  ( 4669): [Android N-ify] [DEBUG] QSContainerHelper: height: 312
11-12 21:15:01.526 I/Xposed  ( 4669): [Android N-ify] [DEBUG] QSContainerHelper: height: 312
11-12 21:15:01.527 I/Xposed  ( 4669): [Android N-ify] [DEBUG] QSContainerHelper: height: 312
11-12 21:15:01.535 I/Xposed  ( 4669): [Android N-ify] [DEBUG] QSContainerHelper: height: 312
11-12 21:15:01.549 I/Xposed  ( 4669): [Android N-ify] [DEBUG] QSContainerHelper: height: 312
11-12 21:15:01.550 I/Xposed  ( 4669): [Android N-ify] [DEBUG] QSContainerHelper: height: 312
11-12 21:15:01.551 I/Xposed  ( 4669): [Android N-ify] [DEBUG] QSContainerHelper: height: 312
11-12 21:15:01.575 I/Xposed  ( 4669): [Android N-ify] [DEBUG] QSContainerHelper: height: 312
11-12 21:15:01.576 I/Xposed  ( 4669): [Android N-ify] [DEBUG] QSContainerHelper: height: 312
11-12 21:15:01.577 I/Xposed  ( 4669): [Android N-ify] [DEBUG] QSContainerHelper: height: 312
11-12 21:15:01.601 I/Xposed  ( 4669): [Android N-ify] [DEBUG] QSContainerHelper: height: 312
11-12 21:15:01.606 I/Xposed  ( 4669): [Android N-ify] [DEBUG] QSContainerHelper: height: 312
11-12 21:15:01.608 I/Xposed  ( 4669): [Android N-ify] [DEBUG] QSContainerHelper: height: 312
11-12 21:15:01.608 I/Xposed  ( 4669): [Android N-ify] [DEBUG] QSContainerHelper: height: 312
11-12 21:15:01.626 I/Xposed  ( 5906): cusor is null
11-12 21:15:03.214 I/Xposed  ( 4669): [Android N-ify] [DEBUG] QSContainerHelper: height: 312
11-12 21:15:03.218 I/Xposed  ( 4669): [Android N-ify] [DEBUG] QSContainerHelper: height: 312
11-12 21:15:03.220 I/Xposed  ( 4669): [Android N-ify] [DEBUG] QSContainerHelper: height: 312
11-12 21:15:03.220 I/Xposed  ( 4669): [Android N-ify] [DEBUG] QSContainerHelper: height: 312
11-12 21:15:03.507 I/Xposed  ( 4669): [Android N-ify] [DEBUG] QSContainerHelper: height: 312
11-12 21:15:03.508 I/Xposed  ( 4669): [Android N-ify] [DEBUG] QSContainerHelper: height: 312
11-12 21:15:03.509 I/Xposed  ( 4669): [Android N-ify] [DEBUG] QSContainerHelper: height: 312
11-12 21:15:03.509 I/Xposed  ( 4669): [Android N-ify] [DEBUG] QSContainerHelper: height: 312
11-12 21:15:03.531 I/Xposed  ( 4669): [Android N-ify] [DEBUG] QSContainerHelper: height: 312
11-12 21:15:03.533 I/Xposed  ( 4669): [Android N-ify] [DEBUG] QSContainerHelper: height: 312
11-12 21:15:03.533 I/Xposed  ( 4669): [Android N-ify] [DEBUG] QSContainerHelper: height: 312
11-12 21:15:03.534 I/Xposed  ( 4669): [Android N-ify] [DEBUG] QSContainerHelper: height: 312
11-12 21:15:03.601 I/Xposed  ( 4669): [Android N-ify] [DEBUG] QSContainerHelper: height: 312
11-12 21:15:03.602 I/Xposed  ( 4669): [Android N-ify] [DEBUG] QSContainerHelper: height: 312
11-12 21:15:03.602 I/Xposed  ( 4669): [Android N-ify] [DEBUG] QSContainerHelper: height: 312
11-12 21:15:03.603 I/Xposed  ( 4669): [Android N-ify] [DEBUG] QSContainerHelper: height: 312
11-12 21:15:03.610 I/Xposed  ( 4669): [Android N-ify] [DEBUG] QSContainerHelper: height: 312
11-12 21:15:03.611 I/Xposed  ( 4669): [Android N-ify] [DEBUG] QSContainerHelper: height: 312
11-12 21:15:03.612 I/Xposed  ( 4669): [Android N-ify] [DEBUG] QSContainerHelper: height: 312
11-12 21:15:03.612 I/Xposed  ( 4669): [Android N-ify] [DEBUG] QSContainerHelper: height: 312
11-12 21:15:03.637 I/Xposed  ( 4669): [Android N-ify] [DEBUG] QSContainerHelper: height: 312
11-12 21:15:03.638 I/Xposed  ( 4669): [Android N-ify] [DEBUG] QSContainerHelper: height: 312
11-12 21:15:03.638 I/Xposed  ( 4669): [Android N-ify] [DEBUG] QSContainerHelper: height: 312
11-12 21:15:03.655 I/Xposed  ( 4669): [Android N-ify] [DEBUG] QSContainerHelper: height: 312
11-12 21:15:03.656 I/Xposed  ( 4669): [Android N-ify] [DEBUG] QSContainerHelper: height: 312
11-12 21:15:03.657 I/Xposed  ( 4669): [Android N-ify] [DEBUG] QSContainerHelper: height: 312
11-12 21:15:03.657 I/Xposed  ( 4669): [Android N-ify] [DEBUG] QSContainerHelper: height: 312
11-12 21:15:03.796 I/Xposed  ( 4669): [Android N-ify] [DEBUG] QSContainerHelper: height: 312
11-12 21:15:03.798 I/Xposed  ( 4669): [Android N-ify] [DEBUG] QSContainerHelper: height: 312
11-12 21:15:03.798 I/Xposed  ( 4669): [Android N-ify] [DEBUG] QSContainerHelper: height: 312
11-12 21:15:03.798 I/Xposed  ( 4669): [Android N-ify] [DEBUG] QSContainerHelper: height: 312
11-12 21:15:03.850 I/Xposed  ( 6769): cusor is null
11-12 21:15:03.850 I/Xposed  ( 6769): com.tencent.mm,hook;false
11-12 21:15:04.074 I/Xposed  ( 4669): [Android N-ify] [DEBUG] QSContainerHelper: height: 312
11-12 21:15:04.076 I/Xposed  ( 4669): [Android N-ify] [DEBUG] QSContainerHelper: height: 312
11-12 21:15:04.077 I/Xposed  ( 4669): [Android N-ify] [DEBUG] QSContainerHelper: height: 312
11-12 21:15:04.078 I/Xposed  ( 4669): [Android N-ify] [DEBUG] QSContainerHelper: height: 312
11-12 21:15:04.519 I/Xposed  ( 4669): [Android N-ify] [DEBUG] QSContainerHelper: height: 312
11-12 21:15:04.534 I/Xposed  ( 4669): [Android N-ify] [DEBUG] QSContainerHelper: height: 312
11-12 21:15:04.550 I/Xposed  ( 4669): [Android N-ify] [DEBUG] QSContainerHelper: height: 312
11-12 21:15:04.567 I/Xposed  ( 4669): [Android N-ify] [DEBUG] QSContainerHelper: height: 312
11-12 21:15:04.584 I/Xposed  ( 4669): [Android N-ify] [DEBUG] QSContainerHelper: height: 312
11-12 21:15:04.600 I/Xposed  ( 4669): [Android N-ify] [DEBUG] QSContainerHelper: height: 312
11-12 21:15:04.617 I/Xposed  ( 4669): [Android N-ify] [DEBUG] QSContainerHelper: height: 312
11-12 21:15:04.624 I/Xposed  ( 4669): [Android N-ify] [DEBUG] QSContainerHelper: height: 312
11-12 21:15:04.629 I/Xposed  ( 4669): [Android N-ify] [DEBUG] QSContainerHelper: height: 312
11-12 21:15:04.633 I/Xposed  ( 4669): [Android N-ify] [DEBUG] QSContainerHelper: height: 312
11-12 21:15:04.649 I/Xposed  ( 4669): [Android N-ify] [DEBUG] QSContainerHelper: height: 312
11-12 21:15:04.667 I/Xposed  ( 4669): [Android N-ify] [DEBUG] QSContainerHelper: height: 312
11-12 21:15:04.683 I/Xposed  ( 4669): [Android N-ify] [DEBUG] QSContainerHelper: height: 312
11-12 21:15:04.700 I/Xposed  ( 4669): [Android N-ify] [DEBUG] QSContainerHelper: height: 312
11-12 21:15:04.724 I/Xposed  ( 4669): [Android N-ify] [DEBUG] QSContainerHelper: height: 312
11-12 21:15:04.725 I/Xposed  ( 4669): [Android N-ify] [DEBUG] QSContainerHelper: height: 312
11-12 21:15:04.726 I/Xposed  ( 4669): [Android N-ify] [DEBUG] QSContainerHelper: height: 312
11-12 21:15:04.727 I/Xposed  ( 4669): [Android N-ify] [DEBUG] QSContainerHelper: height: 312
11-12 21:15:04.729 I/Xposed  ( 4669): [Android N-ify] [DEBUG] QSContainerHelper: height: 312
11-12 21:15:04.730 I/Xposed  ( 4669): [Android N-ify] [DEBUG] QSContainerHelper: height: 312
11-12 21:15:04.731 I/Xposed  ( 4669): [Android N-ify] [DEBUG] QSContainerHelper: height: 312
11-12 21:15:04.766 I/Xposed  ( 4669): [Android N-ify] [DEBUG] QSContainerHelper: height: 312
11-12 21:15:04.773 I/Xposed  ( 4669): [Android N-ify] [DEBUG] NotificationPanelHooks: setBarStateHook: Setting state to 0
11-12 21:15:04.916 I/Xposed  ( 4669): [Android N-ify] [DEBUG] QSContainerHelper: height: 0
11-12 21:15:04.917 I/Xposed  ( 4669): [Android N-ify] [DEBUG] QSContainerHelper: height: 0
11-12 21:15:04.918 I/Xposed  ( 4669): [Android N-ify] [DEBUG] QSContainerHelper: height: 0
11-12 21:15:05.044 I/Xposed  ( 4669): [Android N-ify] [DEBUG] QSContainerHelper: height: 0
11-12 21:15:05.046 I/Xposed  ( 4669): [Android N-ify] [DEBUG] QSContainerHelper: height: 0
11-12 21:15:05.047 I/Xposed  ( 4669): [Android N-ify] [DEBUG] QSContainerHelper: height: 0
11-12 21:15:05.048 I/Xposed  ( 4669): [Android N-ify] [DEBUG] QSContainerHelper: height: 0
11-12 21:15:05.145 I/Xposed  ( 4669): [Android N-ify] [DEBUG] QSContainerHelper: height: 0
11-12 21:15:05.177 I/Xposed  ( 4669): [Android N-ify] [DEBUG] QSContainerHelper: height: 0
11-12 21:15:05.180 I/Xposed  ( 4669): [Android N-ify] [DEBUG] QSContainerHelper: height: 0
11-12 21:15:05.180 I/Xposed  ( 4669): [Android N-ify] [DEBUG] QSContainerHelper: height: 0
11-12 21:15:05.181 I/Xposed  ( 4669): [Android N-ify] [DEBUG] QSContainerHelper: height: 0
11-12 21:15:05.183 I/Xposed  ( 4669): [Android N-ify] [DEBUG] QSContainerHelper: height: 312
11-12 21:15:05.219 I/Xposed  ( 4669): [Android N-ify] [DEBUG] QSContainerHelper: height: 312
11-12 21:15:05.484 I/Xposed  ( 4669): [Android N-ify] [DEBUG] QSContainerHelper: height: 312
11-12 21:15:05.486 I/Xposed  ( 4669): [Android N-ify] [DEBUG] QSContainerHelper: height: 312
11-12 21:15:05.486 I/Xposed  ( 4669): [Android N-ify] [DEBUG] QSContainerHelper: height: 312
11-12 21:15:05.487 I/Xposed  ( 4669): [Android N-ify] [DEBUG] QSContainerHelper: height: 312
11-12 21:15:05.764 I/Xposed  ( 4669): [Android N-ify] [DEBUG] QSContainerHelper: height: 312
11-12 21:15:05.780 I/Xposed  ( 4669): [Android N-ify] [DEBUG] QSContainerHelper: height: 312
11-12 21:15:05.796 I/Xposed  ( 4669): [Android N-ify] [DEBUG] QSContainerHelper: height: 312
11-12 21:15:05.807 I/Xposed  ( 4669): [Android N-ify] [DEBUG] QSContainerHelper: height: 312
11-12 21:15:05.807 I/Xposed  ( 4669): [Android N-ify] [DEBUG] QSContainerHelper: height: 312
11-12 21:15:05.808 I/Xposed  ( 4669): [Android N-ify] [DEBUG] QSContainerHelper: height: 312
11-12 21:15:05.808 I/Xposed  ( 4669): [Android N-ify] [DEBUG] QSContainerHelper: height: 312
11-12 21:15:05.839 I/Xposed  ( 4669): [Android N-ify] [DEBUG] QSContainerHelper: height: 312
11-12 21:15:05.840 I/Xposed  ( 4669): [Android N-ify] [DEBUG] QSContainerHelper: height: 312
11-12 21:15:05.840 I/Xposed  ( 4669): [Android N-ify] [DEBUG] QSContainerHelper: height: 312
11-12 21:15:05.841 I/Xposed  ( 4669): [Android N-ify] [DEBUG] QSContainerHelper: height: 312
11-12 21:15:06.270 I/Xposed  ( 6965): cusor is null
11-12 21:15:06.271 I/Xposed  ( 6965): net.fypm.InstallerOpt,hook;false
11-12 21:15:06.585 I/Xposed  ( 4669): [Android N-ify] [DEBUG] QSContainerHelper: height: 312
11-12 21:15:06.604 I/Xposed  ( 4669): [Android N-ify] [DEBUG] QSContainerHelper: height: 312
11-12 21:15:06.605 I/Xposed  ( 4669): [Android N-ify] [DEBUG] QSContainerHelper: height: 312
11-12 21:15:06.606 I/Xposed  ( 4669): [Android N-ify] [DEBUG] QSContainerHelper: height: 312
11-12 21:15:06.606 I/Xposed  ( 4669): [Android N-ify] [DEBUG] QSContainerHelper: height: 312
11-12 21:15:06.623 I/Xposed  ( 4669): [Android N-ify] [DEBUG] QSContainerHelper: height: 312
11-12 21:15:06.624 I/Xposed  ( 4669): [Android N-ify] [DEBUG] QSContainerHelper: height: 312
11-12 21:15:06.674 I/Xposed  ( 4669): [Android N-ify] [DEBUG] QSContainerHelper: height: 312
11-12 21:15:06.682 I/Xposed  ( 4669): [Android N-ify] [DEBUG] QSContainerHelper: height: 312
11-12 21:15:06.687 I/Xposed  ( 4669): [Android N-ify] [DEBUG] QSContainerHelper: height: 312
11-12 21:15:06.688 I/Xposed  ( 4669): [Android N-ify] [DEBUG] QSContainerHelper: height: 312
11-12 21:15:06.688 I/Xposed  ( 4669): [Android N-ify] [DEBUG] QSContainerHelper: height: 312
11-12 21:15:06.689 I/Xposed  ( 4669): [Android N-ify] [DEBUG] QSContainerHelper: height: 312
11-12 21:15:06.696 I/Xposed  ( 4669): [Android N-ify] [DEBUG] QSContainerHelper: height: 312
11-12 21:15:06.996 I/Xposed  ( 4669): [Android N-ify] [DEBUG] QSContainerHelper: height: 312
11-12 21:15:07.019 I/Xposed  ( 4669): [Android N-ify] [DEBUG] QSContainerHelper: height: 312
11-12 21:15:07.021 I/Xposed  ( 4669): [Android N-ify] [DEBUG] QSContainerHelper: height: 403
11-12 21:15:07.026 I/Xposed  ( 4669): [Android N-ify] [DEBUG] QSContainerHelper: height: 403
11-12 21:15:07.026 I/Xposed  ( 4669): [Android N-ify] [DEBUG] QSContainerHelper: height: 403
11-12 21:15:07.035 I/Xposed  ( 4669): [Android N-ify] [DEBUG] QSContainerHelper: height: 573
11-12 21:15:07.036 I/Xposed  ( 4669): [Android N-ify] [DEBUG] QSContainerHelper: height: 656
11-12 21:15:07.038 I/Xposed  ( 4669): [Android N-ify] [DEBUG] QSContainerHelper: height: 656
11-12 21:15:07.039 I/Xposed  ( 4669): [Android N-ify] [DEBUG] QSContainerHelper: height: 656
11-12 21:15:07.048 I/Xposed  ( 4669): [Android N-ify] [DEBUG] QSContainerHelper: height: 946
11-12 21:15:07.063 I/Xposed  ( 4669): [Android N-ify] [DEBUG] QSContainerHelper: height: 1154
11-12 21:15:07.079 I/Xposed  ( 4669): [Android N-ify] [DEBUG] QSContainerHelper: height: 1293
11-12 21:15:07.099 I/Xposed  ( 4669): [Android N-ify] [DEBUG] QSContainerHelper: height: 1370
11-12 21:15:07.113 I/Xposed  ( 4669): [Android N-ify] [DEBUG] QSContainerHelper: height: 1402
11-12 21:15:07.130 I/Xposed  ( 4669): [Android N-ify] [DEBUG] QSContainerHelper: height: 1404
11-12 21:15:07.169 I/Xposed  ( 4669): [Android N-ify] [DEBUG] QSContainerHelper: height: 1404
11-12 21:15:07.170 I/Xposed  ( 4669): [Android N-ify] [DEBUG] QSContainerHelper: height: 1404
11-12 21:15:07.512 I/Xposed  ( 4669): [Android N-ify] [DEBUG] QSContainerHelper: height: 1404
11-12 21:15:07.533 I/Xposed  ( 4669): [Android N-ify] [DEBUG] QSContainerHelper: height: 1225
11-12 21:15:07.545 I/Xposed  ( 4669): [Android N-ify] [DEBUG] QSContainerHelper: height: 1007
11-12 21:15:07.554 I/Xposed  ( 4669): [Android N-ify] [DEBUG] QSContainerHelper: height: 952
11-12 21:15:07.555 I/Xposed  ( 4669): [Android N-ify] [DEBUG] QSContainerHelper: height: 952
11-12 21:15:07.561 I/Xposed  ( 4669): [Android N-ify] [DEBUG] QSContainerHelper: height: 952
11-12 21:15:07.578 I/Xposed  ( 4669): [Android N-ify] [DEBUG] QSContainerHelper: height: 579
11-12 21:15:07.595 I/Xposed  ( 4669): [Android N-ify] [DEBUG] QSContainerHelper: height: 394
11-12 21:15:07.612 I/Xposed  ( 4669): [Android N-ify] [DEBUG] QSContainerHelper: height: 315
11-12 21:15:07.631 I/Xposed  ( 4669): [Android N-ify] [DEBUG] QSContainerHelper: height: 315
11-12 21:15:07.632 I/Xposed  ( 4669): [Android N-ify] [DEBUG] QSContainerHelper: height: 312
11-12 21:15:07.632 I/Xposed  ( 4669): [Android N-ify] [DEBUG] QSContainerHelper: height: 312
11-12 21:15:07.635 I/Xposed  ( 4669): [Android N-ify] [DEBUG] QSContainerHelper: height: 312
11-12 21:15:07.635 I/Xposed  ( 4669): [Android N-ify] [DEBUG] QSContainerHelper: height: 312
11-12 21:15:07.636 I/Xposed  ( 4669): [Android N-ify] [DEBUG] QSContainerHelper: height: 312
11-12 21:15:07.641 I/Xposed  ( 4669): [Android N-ify] [DEBUG] StatusBarHeaderHooks: handleShowDetailImpl: hiding detail; expanding: true;
11-12 21:15:08.008 I/Xposed  ( 4669): [Android N-ify] [DEBUG] QSContainerHelper: height: 312
11-12 21:15:08.010 I/Xposed  ( 4669): [Android N-ify] [DEBUG] QSContainerHelper: height: 312
11-12 21:15:08.029 I/Xposed  ( 4669): [Android N-ify] [DEBUG] QSContainerHelper: height: 312
11-12 21:15:08.031 I/Xposed  ( 4669): [Android N-ify] [DEBUG] QSContainerHelper: height: 312
11-12 21:15:08.045 I/Xposed  ( 4669): [Android N-ify] [DEBUG] QSContainerHelper: height: 312
11-12 21:15:08.045 I/Xposed  ( 4669): [Android N-ify] [DEBUG] QSContainerHelper: height: 312
11-12 21:15:08.059 I/Xposed  ( 4669): [Android N-ify] [DEBUG] QSContainerHelper: height: 312
11-12 21:15:08.060 I/Xposed  ( 4669): [Android N-ify] [DEBUG] QSContainerHelper: height: 312
11-12 21:15:08.061 I/Xposed  ( 4669): [Android N-ify] [DEBUG] QSContainerHelper: height: 312
11-12 21:15:08.062 I/Xposed  ( 4669): [Android N-ify] [DEBUG] QSContainerHelper: height: 312
11-12 21:15:08.078 I/Xposed  ( 4669): [Android N-ify] [DEBUG] QSContainerHelper: height: 312
11-12 21:15:08.099 I/Xposed  ( 4669): [Android N-ify] [DEBUG] QSContainerHelper: height: 312
11-12 21:15:08.100 I/Xposed  ( 4669): [Android N-ify] [DEBUG] QSContainerHelper: height: 312
11-12 21:15:08.100 I/Xposed  ( 4669): [Android N-ify] [DEBUG] QSContainerHelper: height: 312
11-12 21:15:08.101 I/Xposed  ( 4669): [Android N-ify] [DEBUG] QSContainerHelper: height: 312
11-12 21:15:08.137 I/Xposed  ( 4669): [Android N-ify] [DEBUG] QSContainerHelper: height: 312
11-12 21:15:08.139 I/Xposed  ( 4669): [Android N-ify] [DEBUG] QSContainerHelper: height: 312
11-12 21:15:08.139 I/Xposed  ( 4669): [Android N-ify] [DEBUG] QSContainerHelper: height: 312
11-12 21:15:08.140 I/Xposed  ( 4669): [Android N-ify] [DEBUG] QSContainerHelper: height: 312
11-12 21:15:09.804 I/Xposed  ( 7062): cusor is null
11-12 21:15:09.805 I/Xposed  ( 7062): com.pluscubed.matlog,hook;false
11-12 21:15:10.388 I/Xposed  ( 4669): [Android N-ify] [DEBUG] QSContainerHelper: height: 312
11-12 21:15:10.406 I/Xposed  ( 4669): [Android N-ify] [DEBUG] QSContainerHelper: height: 312
11-12 21:15:10.412 I/Xposed  ( 4669): [Android N-ify] [DEBUG] QSContainerHelper: height: 312
11-12 21:15:10.413 I/Xposed  ( 4669): [Android N-ify] [DEBUG] QSContainerHelper: height: 312
11-12 21:15:10.414 I/Xposed  ( 4669): [Android N-ify] [DEBUG] QSContainerHelper: height: 312
11-12 21:15:10.441 I/Xposed  ( 4669): [Android N-ify] [DEBUG] QSContainerHelper: height: 312
11-12 21:15:10.446 I/Xposed  ( 4669): [Android N-ify] [DEBUG] QSContainerHelper: height: 312
11-12 21:15:10.534 I/Xposed  ( 4669): [Android N-ify] [DEBUG] QSContainerHelper: height: 312
11-12 21:15:10.549 I/Xposed  ( 4669): [Android N-ify] [DEBUG] QSContainerHelper: height: 312
11-12 21:15:10.572 I/Xposed  ( 4669): [Android N-ify] [DEBUG] QSContainerHelper: height: 312
11-12 21:15:10.580 I/Xposed  ( 4669): [Android N-ify] [DEBUG] QSContainerHelper: height: 312
11-12 21:15:10.588 I/Xposed  ( 4669): [Android N-ify] [DEBUG] QSContainerHelper: height: 312
11-12 21:15:10.591 I/Xposed  ( 4669): [Android N-ify] [DEBUG] QSContainerHelper: height: 312
11-12 21:15:10.592 I/Xposed  ( 4669): [Android N-ify] [DEBUG] QSContainerHelper: height: 312
11-12 21:15:10.593 I/Xposed  ( 4669): [Android N-ify] [DEBUG] QSContainerHelper: height: 312
11-12 21:15:10.686 I/Xposed  ( 4669): [Android N-ify] [DEBUG] QSContainerHelper: height: 312
11-12 21:15:10.688 I/Xposed  ( 4669): [Android N-ify] [DEBUG] QSContainerHelper: height: 312
11-12 21:15:10.711 I/Xposed  ( 4669): [Android N-ify] [DEBUG] QSContainerHelper: height: 312
11-12 21:15:10.713 I/Xposed  ( 4669): [Android N-ify] [DEBUG] QSContainerHelper: height: 312
11-12 21:15:10.725 I/Xposed  ( 4669): [Android N-ify] [DEBUG] QSContainerHelper: height: 312
11-12 21:15:10.726 I/Xposed  ( 4669): [Android N-ify] [DEBUG] QSContainerHelper: height: 312
11-12 21:15:10.729 I/Xposed  ( 4669): [Android N-ify] [DEBUG] QSContainerHelper: height: 312
11-12 21:15:10.731 I/Xposed  ( 4669): [Android N-ify] [DEBUG] QSContainerHelper: height: 312
11-12 21:15:10.745 I/Xposed  ( 4669): [Android N-ify] [DEBUG] QSContainerHelper: height: 312
11-12 21:15:10.819 I/Xposed  ( 4669): [Android N-ify] [DEBUG] QSContainerHelper: height: 312
11-12 21:15:10.820 I/Xposed  ( 4669): [Android N-ify] [DEBUG] QSContainerHelper: height: 312
11-12 21:15:10.820 I/Xposed  ( 4669): [Android N-ify] [DEBUG] QSContainerHelper: height: 312
11-12 21:15:10.821 I/Xposed  ( 4669): [Android N-ify] [DEBUG] QSContainerHelper: height: 312
11-12 21:15:10.853 I/Xposed  ( 4669): [Android N-ify] [DEBUG] QSContainerHelper: height: 312
11-12 21:15:10.854 I/Xposed  ( 4669): [Android N-ify] [DEBUG] QSContainerHelper: height: 312
11-12 21:15:10.854 I/Xposed  ( 4669): [Android N-ify] [DEBUG] QSContainerHelper: height: 312
11-12 21:15:10.855 I/Xposed  ( 4669): [Android N-ify] [DEBUG] QSContainerHelper: height: 312
11-12 21:15:23.352 I/Xposed  ( 6769): com.tencent.mm loading com.fkzhang.wechatcontactsmanager
11-12 21:15:23.560 I/Xposed  ( 7375): [ InstallerOpt Debug Start - initAppOpsDetailsHook ]
11-12 21:15:23.560 I/Xposed  ( 7375):      Method not found: java.lang.NoSuchMethodError: com.android.settings.applications.AppOpsDetails#isPlatformSigned()#exact
11-12 21:15:23.560 I/Xposed  ( 7375): [ InstallerOpt Debug End - initAppOpsDetailsHook ]
11-12 21:15:23.585 I/Xposed  ( 7375): Hook M constructor success
11-12 21:15:23.612 I/Xposed  ( 7375): cusor is null
11-12 21:15:24.640 I/Xposed  ( 7409): cusor is null
11-12 21:15:26.272 I/Xposed  ( 7455): cusor is null
11-12 21:15:26.272 I/Xposed  ( 7455): com.tencent.mm,hook;false
11-12 21:15:32.158 I/Xposed  ( 4669): [Android N-ify] [DEBUG] QSContainerHelper: height: 312
11-12 21:15:32.159 I/Xposed  ( 4669): [Android N-ify] [DEBUG] QSContainerHelper: height: 312
11-12 21:15:32.160 I/Xposed  ( 4669): [Android N-ify] [DEBUG] QSContainerHelper: height: 312
11-12 21:15:32.160 I/Xposed  ( 4669): [Android N-ify] [DEBUG] QSContainerHelper: height: 312
11-12 21:15:32.207 I/Xposed  ( 6769): WechatContactsManager (2.6.0)  Loaded app: com.tencent.mm 6.3.28
11-12 21:15:32.207 I/Xposed  ( 6769): com.tencent.mm loading com.fkzhang.wechatunrecalled
11-12 21:15:32.333 I/Xposed  ( 7621): cusor is null
11-12 21:15:32.543 I/Xposed  ( 4669): [Android N-ify] [DEBUG] QSContainerHelper: height: 312
11-12 21:15:32.543 I/Xposed  ( 4669): [Android N-ify] [DEBUG] QSContainerHelper: height: 312
11-12 21:15:32.544 I/Xposed  ( 4669): [Android N-ify] [DEBUG] QSContainerHelper: height: 312
11-12 21:15:32.546 I/Xposed  ( 4669): [Android N-ify] [DEBUG] QSContainerHelper: height: 312
11-12 21:15:32.547 I/Xposed  ( 4669): [Android N-ify] [DEBUG] QSContainerHelper: height: 312
11-12 21:15:32.548 I/Xposed  ( 4669): [Android N-ify] [DEBUG] QSContainerHelper: height: 312
11-12 21:15:32.548 I/Xposed  ( 4669): [Android N-ify] [DEBUG] QSContainerHelper: height: 312
11-12 21:15:33.192 I/Xposed  ( 7698): cusor is null
11-12 21:15:33.282 I/Xposed  ( 7714): cusor is null
11-12 21:15:33.282 I/Xposed  ( 7714): eu.chainfire.supersu,hook;false
11-12 21:15:34.576 I/Xposed  ( 7773): cusor is null
11-12 21:15:35.851 I/Xposed  ( 7844): cusor is null
11-12 21:15:35.851 I/Xposed  ( 7844): io.github.francoiscampbell.xposeddatausage,hook;false
11-12 21:15:36.532 I/Xposed  ( 7893): cusor is null
11-12 21:15:36.533 I/Xposed  ( 7893): de.andip71.boeffla_config_v2,hook;false
11-12 21:15:36.880 I/Xposed  ( 4669): [Android N-ify] [DEBUG] QSContainerHelper: height: 312
11-12 21:15:36.882 I/Xposed  ( 4669): [Android N-ify] [DEBUG] QSContainerHelper: height: 312
11-12 21:15:36.883 I/Xposed  ( 4669): [Android N-ify] [DEBUG] QSContainerHelper: height: 312
11-12 21:15:36.910 I/Xposed  ( 6769): WechatUnrecalled (2.6.0)  Loaded app: com.tencent.mm 6.3.28
11-12 21:15:36.911 I/Xposed  ( 6769): com.tencent.mm loading com.fkzhang.wechatforwarder
11-12 21:15:37.738 I/Xposed  ( 4669): [Android N-ify] [DEBUG] QSContainerHelper: height: 312
11-12 21:15:37.739 I/Xposed  ( 4669): [Android N-ify] [DEBUG] QSContainerHelper: height: 312
11-12 21:15:37.740 I/Xposed  ( 4669): [Android N-ify] [DEBUG] QSContainerHelper: height: 312
11-12 21:15:37.740 I/Xposed  ( 4669): [Android N-ify] [DEBUG] QSContainerHelper: height: 312
11-12 21:15:37.881 I/Xposed  ( 8005): cusor is null
11-12 21:15:38.291 I/Xposed  ( 8036): cusor is null
11-12 21:15:38.291 I/Xposed  ( 8036): de.robv.android.xposed.installer,hook;false
11-12 21:15:39.173 I/Xposed  ( 8148): cusor is null
11-12 21:15:40.338 I/Xposed  ( 3499): cusor is null
11-12 21:15:40.612 I/Xposed  ( 8258): cusor is null
11-12 21:15:42.686 I/Xposed  ( 8333): cusor is null
